2026-09-15 17:33:06,536 INFO run_daily: === Market Event Radar starting — 2026-09-15 ===
2026-09-15 17:33:06,538 INFO run_daily: Step 1: fetching earnings calendar
2026-09-15 17:33:19,173 INFO src.event_fetcher: nasdaq earnings: 69 entries across 7 days
2026-09-15 17:33:20,372 INFO src.event_fetcher: finnhub earnings: 57 entries
2026-09-15 17:33:20,372 INFO src.event_fetcher: merged earnings universe: 111 unique tickers
2026-09-15 17:33:20,372 INFO run_daily: Step 2: fetching 8-K filings
2026-09-15 17:33:20,995 INFO src.event_fetcher: edgar 8-K filings: 100
2026-09-15 17:33:21,219 INFO run_daily: Step 3: building universe
2026-09-15 17:33:21,219 INFO src.universe: universe: 35 tickers (10 watchlist, 25 discovered)
2026-09-15 17:33:21,219 INFO run_daily: Universe: 35 tickers
2026-09-15 17:33:21,219 INFO run_daily: Step 4: yfinance cross-check for 35 tickers
2026-09-15 17:33:32,643 ERROR yfinance: HTTP Error 404: {"quoteSummary":{"result":null,"error":{"code":"Not Found","description":"No fundamentals data found for symbol: WDSP"}}}
2026-09-15 17:33:33,715 INFO run_daily: Step 5: building earnings events
2026-09-15 17:33:33,716 INFO src.source_merger: earnings events built: 111
2026-09-15 17:33:33,716 INFO run_daily: Step 5b: building 8-K events
2026-09-15 17:33:33,718 INFO run_daily: Step 6: options filter (211 candidates)
2026-09-15 17:33:53,638 WARNING src.options_filter: RWWI: options data unavailable from all sources
2026-09-15 17:34:03,352 WARNING src.options_filter: CBIH: options data unavailable from all sources
2026-09-15 17:34:06,953 WARNING src.options_filter: COOT: options data unavailable from all sources
2026-09-15 17:34:10,547 WARNING src.options_filter: HCBC: options data unavailable from all sources
2026-09-15 17:34:14,149 WARNING src.options_filter: HLEO: options data unavailable from all sources
2026-09-15 17:34:17,731 WARNING src.options_filter: INM: options data unavailable from all sources
2026-09-15 17:34:21,347 WARNING src.options_filter: KCRD: options data unavailable from all sources
2026-09-15 17:34:24,982 WARNING src.options_filter: MSS: options data unavailable from all sources
2026-09-15 17:34:28,575 WARNING src.options_filter: NAMI: options data unavailable from all sources
2026-09-15 17:34:32,186 WARNING src.options_filter: NCPL: options data unavailable from all sources
2026-09-15 17:34:35,775 WARNING src.options_filter: PTN: options data unavailable from all sources
2026-09-15 17:34:36,083 ERROR yfinance: HTTP Error 404: {"quoteSummary":{"result":null,"error":{"code":"Not Found","description":"Quote not found for symbol: SBSAA"}}}
2026-09-15 17:34:36,311 ERROR yfinance: $SBSAA: No data found, symbol may be delisted
2026-09-15 17:34:40,432 WARNING src.options_filter: SBSAA: options data unavailable from all sources
2026-09-15 17:34:44,065 WARNING src.options_filter: TDTH: options data unavailable from all sources
2026-09-15 17:34:44,161 ERROR yfinance: $WDSP: possibly delisted; no price data found  (period=1mo)
2026-09-15 17:34:48,272 WARNING src.options_filter: WDSP: options data unavailable from all sources
2026-09-15 17:34:51,854 WARNING src.options_filter: AMEN: options data unavailable from all sources
2026-09-15 17:34:55,437 WARNING src.options_filter: BIOQ: options data unavailable from all sources
2026-09-15 17:34:59,053 WARNING src.options_filter: ESP: options data unavailable from all sources
2026-09-15 17:35:02,638 WARNING src.options_filter: GFLT: options data unavailable from all sources
2026-09-15 17:35:06,243 WARNING src.options_filter: GWOX: options data unavailable from all sources
2026-09-15 17:35:09,841 WARNING src.options_filter: HUHU: options data unavailable from all sources
2026-09-15 17:35:13,448 WARNING src.options_filter: INTE: options data unavailable from all sources
2026-09-15 17:35:17,086 WARNING src.options_filter: ITOX: options data unavailable from all sources
2026-09-15 17:35:20,709 WARNING src.options_filter: JF: options data unavailable from all sources
2026-09-15 17:35:24,293 WARNING src.options_filter: OWPC: options data unavailable from all sources
2026-09-15 17:35:27,889 WARNING src.options_filter: TRT: options data unavailable from all sources
2026-09-15 17:35:31,493 WARNING src.options_filter: DDDX: options data unavailable from all sources
2026-09-15 17:35:35,126 WARNING src.options_filter: HERE: options data unavailable from all sources
2026-09-15 17:35:38,714 WARNING src.options_filter: PLUR: options data unavailable from all sources
2026-09-15 17:35:42,299 WARNING src.options_filter: YI: options data unavailable from all sources
2026-09-15 17:35:45,897 WARNING src.options_filter: YYGH: options data unavailable from all sources
2026-09-15 17:35:49,499 WARNING src.options_filter: ALPS: options data unavailable from all sources
2026-09-15 17:35:53,086 WARNING src.options_filter: BRLS: options data unavailable from all sources
2026-09-15 17:35:56,679 WARNING src.options_filter: AAME: options data unavailable from all sources
2026-09-15 17:36:00,419 WARNING src.options_filter: SEGG: options data unavailable from all sources
2026-09-15 17:36:04,033 WARNING src.options_filter: BRTX: options data unavailable from all sources
2026-09-15 17:36:07,623 WARNING src.options_filter: SHPH: options data unavailable from all sources
2026-09-15 17:36:11,219 WARNING src.options_filter: GTEN: options data unavailable from all sources
2026-09-15 17:36:11,367 ERROR yfinance: $LEN.B: possibly delisted; no price data found  (period=1mo)
2026-09-15 17:36:15,487 WARNING src.options_filter: LEN.B: options data unavailable from all sources
2026-09-15 17:36:19,075 WARNING src.options_filter: SANG: options data unavailable from all sources
2026-09-15 17:36:22,664 WARNING src.options_filter: RYDE: options data unavailable from all sources
2026-09-15 17:36:26,248 WARNING src.options_filter: AACG: options data unavailable from all sources
2026-09-15 17:36:29,833 WARNING src.options_filter: DSWL: options data unavailable from all sources
2026-09-15 17:36:33,429 WARNING src.options_filter: SJ: options data unavailable from all sources
2026-09-15 17:36:37,049 WARNING src.options_filter: ATCH: options data unavailable from all sources
2026-09-15 17:36:40,631 WARNING src.options_filter: GAUZ: options data unavailable from all sources
2026-09-15 17:36:44,308 WARNING src.options_filter: GURE: options data unavailable from all sources
2026-09-15 17:36:47,901 WARNING src.options_filter: LKSP: options data unavailable from all sources
2026-09-15 17:36:51,499 WARNING src.options_filter: IPHA: options data unavailable from all sources
2026-09-15 17:36:55,086 WARNING src.options_filter: IH: options data unavailable from all sources
2026-09-15 17:36:58,681 WARNING src.options_filter: EONR: options data unavailable from all sources
2026-09-15 17:37:02,307 WARNING src.options_filter: CMMB: options data unavailable from all sources
2026-09-15 17:37:05,921 WARNING src.options_filter: ALAR: options data unavailable from all sources
2026-09-15 17:37:09,514 WARNING src.options_filter: SMXT: options data unavailable from all sources
2026-09-15 17:37:13,097 WARNING src.options_filter: BTTC: options data unavailable from all sources
2026-09-15 17:37:16,680 WARNING src.options_filter: IPST: options data unavailable from all sources
2026-09-15 17:37:20,292 WARNING src.options_filter: SNYR: options data unavailable from all sources
2026-09-15 17:37:23,888 WARNING src.options_filter: HTLM: options data unavailable from all sources
2026-09-15 17:37:27,474 WARNING src.options_filter: ZONE: options data unavailable from all sources
2026-09-15 17:37:31,706 WARNING src.options_filter: IHT: options data unavailable from all sources
2026-09-15 17:37:41,256 WARNING src.options_filter: CHRN: options data unavailable from all sources
2026-09-15 17:37:44,839 WARNING src.options_filter: CURR: options data unavailable from all sources
2026-09-15 17:37:49,027 WARNING src.options_filter: YYAI: options data unavailable from all sources
2026-09-15 17:37:52,622 WARNING src.options_filter: FRGT: options data unavailable from all sources
2026-09-15 17:37:52,945 ERROR yfinance: HTTP Error 404: {"quoteSummary":{"result":null,"error":{"code":"Not Found","description":"Quote not found for symbol: UNKNOWN"}}}
2026-09-15 17:37:53,177 ERROR yfinance: $UNKNOWN: No data found, symbol may be delisted
2026-09-15 17:37:57,259 WARNING src.options_filter: UNKNOWN: options data unavailable from all sources
2026-09-15 17:37:57,440 ERROR yfinance: $UNKNOWN: No data found, symbol may be delisted
2026-09-15 17:38:01,521 WARNING src.options_filter: UNKNOWN: options data unavailable from all sources
2026-09-15 17:38:01,635 ERROR yfinance: $UNKNOWN: No data found, symbol may be delisted
2026-09-15 17:38:05,737 WARNING src.options_filter: UNKNOWN: options data unavailable from all sources
2026-09-15 17:38:05,850 ERROR yfinance: $UNKNOWN: No data found, symbol may be delisted
2026-09-15 17:38:10,005 WARNING src.options_filter: UNKNOWN: options data unavailable from all sources
2026-09-15 17:38:10,188 ERROR yfinance: $UNKNOWN: No data found, symbol may be delisted
2026-09-15 17:38:14,286 WARNING src.options_filter: UNKNOWN: options data unavailable from all sources
2026-09-15 17:38:14,439 ERROR yfinance: $UNKNOWN: No data found, symbol may be delisted
2026-09-15 17:38:18,548 WARNING src.options_filter: UNKNOWN: options data unavailable from all sources
2026-09-15 17:38:18,972 ERROR yfinance: $UNKNOWN: No data found, symbol may be delisted
2026-09-15 17:38:23,057 WARNING src.options_filter: UNKNOWN: options data unavailable from all sources
2026-09-15 17:38:23,168 ERROR yfinance: $UNKNOWN: No data found, symbol may be delisted
2026-09-15 17:38:27,284 WARNING src.options_filter: UNKNOWN: options data unavailable from all sources
2026-09-15 17:38:27,418 ERROR yfinance: $UNKNOWN: No data found, symbol may be delisted
2026-09-15 17:38:31,516 WARNING src.options_filter: UNKNOWN: options data unavailable from all sources
2026-09-15 17:38:35,083 ERROR yfinance: $UNKNOWN: No data found, symbol may be delisted
2026-09-15 17:38:39,197 WARNING src.options_filter: UNKNOWN: options data unavailable from all sources
2026-09-15 17:38:39,327 ERROR yfinance: $UNKNOWN: No data found, symbol may be delisted
2026-09-15 17:38:43,442 WARNING src.options_filter: UNKNOWN: options data unavailable from all sources
2026-09-15 17:38:43,618 ERROR yfinance: $UNKNOWN: No data found, symbol may be delisted
2026-09-15 17:38:47,708 WARNING src.options_filter: UNKNOWN: options data unavailable from all sources
2026-09-15 17:38:47,898 ERROR yfinance: $UNKNOWN: No data found, symbol may be delisted
2026-09-15 17:38:51,997 WARNING src.options_filter: UNKNOWN: options data unavailable from all sources
2026-09-15 17:38:52,187 ERROR yfinance: $UNKNOWN: No data found, symbol may be delisted
2026-09-15 17:38:56,308 WARNING src.options_filter: UNKNOWN: options data unavailable from all sources
2026-09-15 17:38:56,460 ERROR yfinance: $UNKNOWN: No data found, symbol may be delisted
2026-09-15 17:39:00,546 WARNING src.options_filter: UNKNOWN: options data unavailable from all sources
2026-09-15 17:39:00,696 ERROR yfinance: $UNKNOWN: No data found, symbol may be delisted
2026-09-15 17:39:04,786 WARNING src.options_filter: UNKNOWN: options data unavailable from all sources
2026-09-15 17:39:04,909 ERROR yfinance: $UNKNOWN: No data found, symbol may be delisted
2026-09-15 17:39:09,228 WARNING src.options_filter: UNKNOWN: options data unavailable from all sources
2026-09-15 17:39:13,532 WARNING src.options_filter: CURLF: options data unavailable from all sources
2026-09-15 17:39:13,690 ERROR yfinance: $UNKNOWN: No data found, symbol may be delisted
2026-09-15 17:39:17,805 WARNING src.options_filter: UNKNOWN: options data unavailable from all sources
2026-09-15 17:39:17,956 ERROR yfinance: $UNKNOWN: No data found, symbol may be delisted
2026-09-15 17:39:22,044 WARNING src.options_filter: UNKNOWN: options data unavailable from all sources
2026-09-15 17:39:22,200 ERROR yfinance: $UNKNOWN: No data found, symbol may be delisted
2026-09-15 17:39:26,296 WARNING src.options_filter: UNKNOWN: options data unavailable from all sources
2026-09-15 17:39:26,423 ERROR yfinance: $UNKNOWN: No data found, symbol may be delisted
2026-09-15 17:39:30,504 WARNING src.options_filter: UNKNOWN: options data unavailable from all sources
2026-09-15 17:39:30,670 ERROR yfinance: $UNKNOWN: No data found, symbol may be delisted
2026-09-15 17:39:34,751 WARNING src.options_filter: UNKNOWN: options data unavailable from all sources
2026-09-15 17:39:34,890 ERROR yfinance: $UNKNOWN: No data found, symbol may be delisted
2026-09-15 17:39:38,971 WARNING src.options_filter: UNKNOWN: options data unavailable from all sources
2026-09-15 17:39:39,135 ERROR yfinance: $UNKNOWN: No data found, symbol may be delisted
2026-09-15 17:39:43,262 WARNING src.options_filter: UNKNOWN: options data unavailable from all sources
2026-09-15 17:39:43,436 ERROR yfinance: $UNKNOWN: No data found, symbol may be delisted
2026-09-15 17:39:47,519 WARNING src.options_filter: UNKNOWN: options data unavailable from all sources
2026-09-15 17:39:47,701 ERROR yfinance: $UNKNOWN: No data found, symbol may be delisted
2026-09-15 17:39:51,922 WARNING src.options_filter: UNKNOWN: options data unavailable from all sources
2026-09-15 17:39:56,081 WARNING src.options_filter: QVCG: options data unavailable from all sources
2026-09-15 17:39:59,132 ERROR yfinance: $UNKNOWN: No data found, symbol may be delisted
2026-09-15 17:40:03,230 WARNING src.options_filter: UNKNOWN: options data unavailable from all sources
2026-09-15 17:40:03,357 ERROR yfinance: $UNKNOWN: No data found, symbol may be delisted
2026-09-15 17:40:07,476 WARNING src.options_filter: UNKNOWN: options data unavailable from all sources
2026-09-15 17:40:07,822 ERROR yfinance: $UNKNOWN: No data found, symbol may be delisted
2026-09-15 17:40:11,933 WARNING src.options_filter: UNKNOWN: options data unavailable from all sources
2026-09-15 17:40:18,794 ERROR yfinance: $UNKNOWN: No data found, symbol may be delisted
2026-09-15 17:40:22,880 WARNING src.options_filter: UNKNOWN: options data unavailable from all sources
2026-09-15 17:40:23,138 ERROR yfinance: $UNKNOWN: No data found, symbol may be delisted
2026-09-15 17:40:27,226 WARNING src.options_filter: UNKNOWN: options data unavailable from all sources
2026-09-15 17:40:27,452 ERROR yfinance: $UNKNOWN: No data found, symbol may be delisted
2026-09-15 17:40:31,554 WARNING src.options_filter: UNKNOWN: options data unavailable from all sources
2026-09-15 17:40:31,668 ERROR yfinance: $UNKNOWN: No data found, symbol may be delisted
2026-09-15 17:40:35,759 WARNING src.options_filter: UNKNOWN: options data unavailable from all sources
2026-09-15 17:40:35,922 ERROR yfinance: $UNKNOWN: No data found, symbol may be delisted
2026-09-15 17:40:40,003 WARNING src.options_filter: UNKNOWN: options data unavailable from all sources
2026-09-15 17:40:40,242 ERROR yfinance: $UNKNOWN: No data found, symbol may be delisted
2026-09-15 17:40:44,338 WARNING src.options_filter: UNKNOWN: options data unavailable from all sources
2026-09-15 17:40:44,518 ERROR yfinance: $UNKNOWN: No data found, symbol may be delisted
2026-09-15 17:40:48,713 WARNING src.options_filter: UNKNOWN: options data unavailable from all sources
2026-09-15 17:40:49,016 ERROR yfinance: $UNKNOWN: No data found, symbol may be delisted
2026-09-15 17:40:53,103 WARNING src.options_filter: UNKNOWN: options data unavailable from all sources
2026-09-15 17:40:53,217 ERROR yfinance: $UNKNOWN: No data found, symbol may be delisted
2026-09-15 17:40:57,346 WARNING src.options_filter: UNKNOWN: options data unavailable from all sources
2026-09-15 17:41:00,100 ERROR yfinance: $UNKNOWN: No data found, symbol may be delisted
2026-09-15 17:41:04,196 WARNING src.options_filter: UNKNOWN: options data unavailable from all sources
2026-09-15 17:41:04,347 ERROR yfinance: $UNKNOWN: No data found, symbol may be delisted
2026-09-15 17:41:08,435 WARNING src.options_filter: UNKNOWN: options data unavailable from all sources
2026-09-15 17:41:08,652 ERROR yfinance: $UNKNOWN: No data found, symbol may be delisted
2026-09-15 17:41:12,734 WARNING src.options_filter: UNKNOWN: options data unavailable from all sources
2026-09-15 17:41:12,910 ERROR yfinance: $UNKNOWN: No data found, symbol may be delisted
2026-09-15 17:41:17,116 WARNING src.options_filter: UNKNOWN: options data unavailable from all sources
2026-09-15 17:41:17,269 ERROR yfinance: $UNKNOWN: No data found, symbol may be delisted
2026-09-15 17:41:21,362 WARNING src.options_filter: UNKNOWN: options data unavailable from all sources
2026-09-15 17:41:21,477 ERROR yfinance: $UNKNOWN: No data found, symbol may be delisted
2026-09-15 17:41:25,714 WARNING src.options_filter: UNKNOWN: options data unavailable from all sources
2026-09-15 17:41:25,837 ERROR yfinance: $UNKNOWN: No data found, symbol may be delisted
2026-09-15 17:41:29,927 WARNING src.options_filter: UNKNOWN: options data unavailable from all sources
2026-09-15 17:41:30,070 ERROR yfinance: $UNKNOWN: No data found, symbol may be delisted
2026-09-15 17:41:34,161 WARNING src.options_filter: UNKNOWN: options data unavailable from all sources
2026-09-15 17:41:37,722 ERROR yfinance: $UNKNOWN: No data found, symbol may be delisted
2026-09-15 17:41:41,808 WARNING src.options_filter: UNKNOWN: options data unavailable from all sources
2026-09-15 17:41:41,934 ERROR yfinance: $UNKNOWN: No data found, symbol may be delisted
2026-09-15 17:41:46,028 WARNING src.options_filter: UNKNOWN: options data unavailable from all sources
2026-09-15 17:41:50,248 WARNING src.options_filter: ASB-PF: options data unavailable from all sources
2026-09-15 17:41:50,394 ERROR yfinance: $UNKNOWN: No data found, symbol may be delisted
2026-09-15 17:41:54,484 WARNING src.options_filter: UNKNOWN: options data unavailable from all sources
2026-09-15 17:41:54,635 ERROR yfinance: $UNKNOWN: No data found, symbol may be delisted
2026-09-15 17:41:58,762 WARNING src.options_filter: UNKNOWN: options data unavailable from all sources
2026-09-15 17:41:58,888 ERROR yfinance: $UNKNOWN: No data found, symbol may be delisted
2026-09-15 17:42:03,001 WARNING src.options_filter: UNKNOWN: options data unavailable from all sources
2026-09-15 17:42:03,159 ERROR yfinance: $UNKNOWN: No data found, symbol may be delisted
2026-09-15 17:42:07,277 WARNING src.options_filter: UNKNOWN: options data unavailable from all sources
2026-09-15 17:42:07,489 ERROR yfinance: $UNKNOWN: No data found, symbol may be delisted
2026-09-15 17:42:11,574 WARNING src.options_filter: UNKNOWN: options data unavailable from all sources
2026-09-15 17:42:11,697 ERROR yfinance: $UNKNOWN: No data found, symbol may be delisted
2026-09-15 17:42:15,783 WARNING src.options_filter: UNKNOWN: options data unavailable from all sources
2026-09-15 17:42:15,922 ERROR yfinance: $UNKNOWN: No data found, symbol may be delisted
2026-09-15 17:42:20,011 WARNING src.options_filter: UNKNOWN: options data unavailable from all sources
2026-09-15 17:42:20,165 ERROR yfinance: $UNKNOWN: No data found, symbol may be delisted
2026-09-15 17:42:24,271 WARNING src.options_filter: UNKNOWN: options data unavailable from all sources
2026-09-15 17:42:28,026 ERROR yfinance: $UNKNOWN: No data found, symbol may be delisted
2026-09-15 17:42:32,125 WARNING src.options_filter: UNKNOWN: options data unavailable from all sources
2026-09-15 17:42:32,270 ERROR yfinance: $UNKNOWN: No data found, symbol may be delisted
2026-09-15 17:42:36,362 WARNING src.options_filter: UNKNOWN: options data unavailable from all sources
2026-09-15 17:42:36,490 ERROR yfinance: $UNKNOWN: No data found, symbol may be delisted
2026-09-15 17:42:40,616 WARNING src.options_filter: UNKNOWN: options data unavailable from all sources
2026-09-15 17:42:44,205 WARNING src.options_filter: TWOH: options data unavailable from all sources
2026-09-15 17:42:44,380 ERROR yfinance: $UNKNOWN: No data found, symbol may be delisted
2026-09-15 17:42:48,465 WARNING src.options_filter: UNKNOWN: options data unavailable from all sources
2026-09-15 17:42:48,956 ERROR yfinance: $UNKNOWN: No data found, symbol may be delisted
2026-09-15 17:42:53,089 WARNING src.options_filter: UNKNOWN: options data unavailable from all sources
2026-09-15 17:42:53,202 ERROR yfinance: $UNKNOWN: No data found, symbol may be delisted
2026-09-15 17:42:57,331 WARNING src.options_filter: UNKNOWN: options data unavailable from all sources
2026-09-15 17:42:57,504 ERROR yfinance: $UNKNOWN: No data found, symbol may be delisted
2026-09-15 17:43:01,593 WARNING src.options_filter: UNKNOWN: options data unavailable from all sources
2026-09-15 17:43:01,764 ERROR yfinance: $UNKNOWN: No data found, symbol may be delisted
2026-09-15 17:43:05,851 WARNING src.options_filter: UNKNOWN: options data unavailable from all sources
2026-09-15 17:43:05,998 ERROR yfinance: $UNKNOWN: No data found, symbol may be delisted
2026-09-15 17:43:10,112 WARNING src.options_filter: UNKNOWN: options data unavailable from all sources
2026-09-15 17:43:10,520 ERROR yfinance: $UNKNOWN: No data found, symbol may be delisted
2026-09-15 17:43:14,638 WARNING src.options_filter: UNKNOWN: options data unavailable from all sources
2026-09-15 17:43:14,750 ERROR yfinance: $UNKNOWN: No data found, symbol may be delisted
2026-09-15 17:43:18,963 WARNING src.options_filter: UNKNOWN: options data unavailable from all sources
2026-09-15 17:43:19,163 ERROR yfinance: $UNKNOWN: No data found, symbol may be delisted
2026-09-15 17:43:23,268 WARNING src.options_filter: UNKNOWN: options data unavailable from all sources
2026-09-15 17:43:23,448 ERROR yfinance: $UNKNOWN: No data found, symbol may be delisted
2026-09-15 17:43:27,537 WARNING src.options_filter: UNKNOWN: options data unavailable from all sources
2026-09-15 17:43:27,829 ERROR yfinance: $UNKNOWN: No data found, symbol may be delisted
2026-09-15 17:43:31,923 WARNING src.options_filter: UNKNOWN: options data unavailable from all sources
2026-09-15 17:43:32,083 ERROR yfinance: $UNKNOWN: No data found, symbol may be delisted
2026-09-15 17:43:36,174 WARNING src.options_filter: UNKNOWN: options data unavailable from all sources
2026-09-15 17:43:36,311 ERROR yfinance: $UNKNOWN: No data found, symbol may be delisted
2026-09-15 17:43:40,412 WARNING src.options_filter: UNKNOWN: options data unavailable from all sources
2026-09-15 17:43:40,534 ERROR yfinance: $UNKNOWN: No data found, symbol may be delisted
2026-09-15 17:43:44,628 WARNING src.options_filter: UNKNOWN: options data unavailable from all sources
2026-09-15 17:43:44,757 ERROR yfinance: $UNKNOWN: No data found, symbol may be delisted
2026-09-15 17:43:48,845 WARNING src.options_filter: UNKNOWN: options data unavailable from all sources
2026-09-15 17:43:49,251 ERROR yfinance: $NWSLL: No data found, symbol may be delisted
2026-09-15 17:43:53,346 WARNING src.options_filter: NWSLL: options data unavailable from all sources
2026-09-15 17:43:53,465 ERROR yfinance: $UNKNOWN: No data found, symbol may be delisted
2026-09-15 17:43:57,591 WARNING src.options_filter: UNKNOWN: options data unavailable from all sources
2026-09-15 17:43:57,734 ERROR yfinance: $UNKNOWN: No data found, symbol may be delisted
2026-09-15 17:44:01,827 WARNING src.options_filter: UNKNOWN: options data unavailable from all sources
2026-09-15 17:44:01,946 ERROR yfinance: $UNKNOWN: No data found, symbol may be delisted
2026-09-15 17:44:06,041 WARNING src.options_filter: UNKNOWN: options data unavailable from all sources
2026-09-15 17:44:06,202 ERROR yfinance: $UNKNOWN: No data found, symbol may be delisted
2026-09-15 17:44:10,287 WARNING src.options_filter: UNKNOWN: options data unavailable from all sources
2026-09-15 17:44:10,444 ERROR yfinance: $UNKNOWN: No data found, symbol may be delisted
2026-09-15 17:44:14,564 WARNING src.options_filter: UNKNOWN: options data unavailable from all sources
2026-09-15 17:44:14,704 ERROR yfinance: $UNKNOWN: No data found, symbol may be delisted
2026-09-15 17:44:18,807 WARNING src.options_filter: UNKNOWN: options data unavailable from all sources
2026-09-15 17:44:18,947 ERROR yfinance: $UNKNOWN: No data found, symbol may be delisted
2026-09-15 17:44:23,029 WARNING src.options_filter: UNKNOWN: options data unavailable from all sources
2026-09-15 17:44:23,147 ERROR yfinance: $UNKNOWN: No data found, symbol may be delisted
2026-09-15 17:44:27,244 WARNING src.options_filter: UNKNOWN: options data unavailable from all sources
2026-09-15 17:44:27,385 ERROR yfinance: $UNKNOWN: No data found, symbol may be delisted
2026-09-15 17:44:31,467 WARNING src.options_filter: UNKNOWN: options data unavailable from all sources
2026-09-15 17:44:31,467 INFO run_daily: Passed options gate: 25 events
2026-09-15 17:44:31,467 INFO run_daily: Step 7: enriching 25 events
2026-09-15 17:44:44,566 INFO run_daily: Step 8: dedup
2026-09-15 17:44:44,566 INFO run_daily: Step 9: ranking
2026-09-15 17:44:44,566 INFO run_daily: Step 10: writing digest
2026-09-15 17:44:44,602 INFO src.digest_writer: digest written: output/market_radar_2026-09-15.html
2026-09-15 17:44:44,603 INFO run_daily: === Done: output/market_radar_2026-09-15.html ===
