2026-08-31 19:56:34,551 INFO run_daily: === Market Event Radar starting — 2026-08-31 ===
2026-08-31 19:56:34,553 INFO run_daily: Step 1: fetching earnings calendar
2026-08-31 19:56:47,257 INFO src.event_fetcher: nasdaq earnings: 151 entries across 7 days
2026-08-31 19:56:48,543 INFO src.event_fetcher: finnhub earnings: 198 entries
2026-08-31 19:56:48,544 INFO src.event_fetcher: merged earnings universe: 266 unique tickers
2026-08-31 19:56:48,544 INFO run_daily: Step 2: fetching 8-K filings
2026-08-31 19:56:49,371 INFO src.event_fetcher: edgar 8-K filings: 100
2026-08-31 19:56:49,640 INFO run_daily: Step 3: building universe
2026-08-31 19:56:49,641 INFO src.universe: universe: 35 tickers (10 watchlist, 25 discovered)
2026-08-31 19:56:49,641 INFO run_daily: Universe: 35 tickers
2026-08-31 19:56:49,641 INFO run_daily: Step 4: yfinance cross-check for 35 tickers
2026-08-31 19:56:56,741 ERROR yfinance: HTTP Error 404: {"quoteSummary":{"result":null,"error":{"code":"Not Found","description":"No fundamentals data found for symbol: HZRBY"}}}
2026-08-31 19:57:02,430 INFO run_daily: Step 5: building earnings events
2026-08-31 19:57:02,431 INFO src.source_merger: earnings events built: 266
2026-08-31 19:57:02,431 INFO run_daily: Step 5b: building 8-K events
2026-08-31 19:57:02,433 INFO run_daily: Step 6: options filter (366 candidates)
2026-08-31 19:57:06,312 WARNING src.options_filter: ALOT: options data unavailable from all sources
2026-08-31 19:57:09,926 WARNING src.options_filter: BNR: options data unavailable from all sources
2026-08-31 19:57:13,536 WARNING src.options_filter: BWTL: options data unavailable from all sources
2026-08-31 19:57:17,147 WARNING src.options_filter: FFA: options data unavailable from all sources
2026-08-31 19:57:20,795 WARNING src.options_filter: GLU: options data unavailable from all sources
2026-08-31 19:57:24,419 WARNING src.options_filter: IFN: options data unavailable from all sources
2026-08-31 19:57:28,213 WARNING src.options_filter: LITB: options data unavailable from all sources
2026-08-31 19:57:31,834 WARNING src.options_filter: MPV: options data unavailable from all sources
2026-08-31 19:57:35,459 WARNING src.options_filter: NTRB: options data unavailable from all sources
2026-08-31 19:57:39,109 WARNING src.options_filter: RCG: options data unavailable from all sources
2026-08-31 19:57:39,981 ERROR yfinance: $SBOX: No data found, symbol may be delisted
2026-08-31 19:57:44,097 WARNING src.options_filter: SBOX: options data unavailable from all sources
2026-08-31 19:57:47,710 WARNING src.options_filter: SKIL: options data unavailable from all sources
2026-08-31 19:57:51,326 WARNING src.options_filter: SOR: options data unavailable from all sources
2026-08-31 19:57:54,943 WARNING src.options_filter: SWVL: options data unavailable from all sources
2026-08-31 19:57:58,618 WARNING src.options_filter: RFMZ: options data unavailable from all sources
2026-08-31 19:58:02,292 WARNING src.options_filter: ARDC: options data unavailable from all sources
2026-08-31 19:58:05,950 WARNING src.options_filter: BDJ: options data unavailable from all sources
2026-08-31 19:58:09,561 WARNING src.options_filter: HURC: options data unavailable from all sources
2026-08-31 19:58:13,219 WARNING src.options_filter: PAXS: options data unavailable from all sources
2026-08-31 19:58:16,832 WARNING src.options_filter: ASG: options data unavailable from all sources
2026-08-31 19:58:20,472 WARNING src.options_filter: AUSI: options data unavailable from all sources
2026-08-31 19:58:24,150 WARNING src.options_filter: FOF: options data unavailable from all sources
2026-08-31 19:58:27,775 WARNING src.options_filter: GLCP: options data unavailable from all sources
2026-08-31 19:58:31,388 WARNING src.options_filter: GTIJF: options data unavailable from all sources
2026-08-31 19:58:34,995 WARNING src.options_filter: HGTXU: options data unavailable from all sources
2026-08-31 19:58:38,602 WARNING src.options_filter: IBIO: options data unavailable from all sources
2026-08-31 19:58:42,261 WARNING src.options_filter: JCE: options data unavailable from all sources
2026-08-31 19:58:45,875 WARNING src.options_filter: OPP: options data unavailable from all sources
2026-08-31 19:58:49,488 WARNING src.options_filter: PCM: options data unavailable from all sources
2026-08-31 19:58:53,092 WARNING src.options_filter: PCQ: options data unavailable from all sources
2026-08-31 19:58:56,695 WARNING src.options_filter: PDI: options data unavailable from all sources
2026-08-31 19:59:00,332 WARNING src.options_filter: PDO: options data unavailable from all sources
2026-08-31 19:59:04,082 WARNING src.options_filter: PDX: options data unavailable from all sources
2026-08-31 19:59:08,074 WARNING src.options_filter: PFL: options data unavailable from all sources
2026-08-31 19:59:11,798 WARNING src.options_filter: PGP: options data unavailable from all sources
2026-08-31 19:59:15,466 WARNING src.options_filter: PHK: options data unavailable from all sources
2026-08-31 19:59:19,159 WARNING src.options_filter: PNI: options data unavailable from all sources
2026-08-31 19:59:22,803 WARNING src.options_filter: PSF: options data unavailable from all sources
2026-08-31 19:59:26,436 WARNING src.options_filter: RFI: options data unavailable from all sources
2026-08-31 19:59:30,111 WARNING src.options_filter: RQI: options data unavailable from all sources
2026-08-31 19:59:33,767 WARNING src.options_filter: USA: options data unavailable from all sources
2026-08-31 19:59:37,445 WARNING src.options_filter: UTF: options data unavailable from all sources
2026-08-31 19:59:41,105 WARNING src.options_filter: BBN: options data unavailable from all sources
2026-08-31 19:59:44,842 WARNING src.options_filter: BCAT: options data unavailable from all sources
2026-08-31 19:59:44,980 ERROR yfinance: $BF.B: possibly delisted; no price data found  (period=1mo)
2026-08-31 19:59:49,244 WARNING src.options_filter: BF.B: options data unavailable from all sources
2026-08-31 19:59:53,027 WARNING src.options_filter: BGR: options data unavailable from all sources
2026-08-31 19:59:56,825 WARNING src.options_filter: BGT: options data unavailable from all sources
2026-08-31 20:00:00,680 WARNING src.options_filter: BGY: options data unavailable from all sources
2026-08-31 20:00:04,508 WARNING src.options_filter: BIT: options data unavailable from all sources
2026-08-31 20:00:08,164 WARNING src.options_filter: BKT: options data unavailable from all sources
2026-08-31 20:00:11,860 WARNING src.options_filter: BME: options data unavailable from all sources
2026-08-31 20:00:15,598 WARNING src.options_filter: BMEZ: options data unavailable from all sources
2026-08-31 20:00:19,221 WARNING src.options_filter: BST: options data unavailable from all sources
2026-08-31 20:00:22,847 WARNING src.options_filter: BSTZ: options data unavailable from all sources
2026-08-31 20:00:26,491 WARNING src.options_filter: BTX: options data unavailable from all sources
2026-08-31 20:00:30,120 WARNING src.options_filter: CII: options data unavailable from all sources
2026-08-31 20:00:33,734 WARNING src.options_filter: DDC: options data unavailable from all sources
2026-08-31 20:00:37,426 WARNING src.options_filter: DSU: options data unavailable from all sources
2026-08-31 20:00:41,048 WARNING src.options_filter: ECAT: options data unavailable from all sources
2026-08-31 20:00:44,696 WARNING src.options_filter: FRA: options data unavailable from all sources
2026-08-31 20:00:48,322 WARNING src.options_filter: GAB: options data unavailable from all sources
2026-08-31 20:00:51,930 WARNING src.options_filter: GF: options data unavailable from all sources
2026-08-31 20:00:55,543 WARNING src.options_filter: GGT: options data unavailable from all sources
2026-08-31 20:00:59,198 WARNING src.options_filter: PDEX: options data unavailable from all sources
2026-08-31 20:01:02,822 WARNING src.options_filter: PML: options data unavailable from all sources
2026-08-31 20:01:06,474 WARNING src.options_filter: RNP: options data unavailable from all sources
2026-08-31 20:01:10,168 WARNING src.options_filter: TSI: options data unavailable from all sources
2026-08-31 20:01:13,788 WARNING src.options_filter: ABLT: options data unavailable from all sources
2026-08-31 20:01:14,244 ERROR yfinance: HTTP Error 404: {"quoteSummary":{"result":null,"error":{"code":"Not Found","description":"Quote not found for symbol: BASE"}}}
2026-08-31 20:01:14,606 ERROR yfinance: $BASE: No data found, symbol may be delisted
2026-08-31 20:01:18,724 WARNING src.options_filter: BASE: options data unavailable from all sources
2026-08-31 20:01:22,392 WARNING src.options_filter: BOE: options data unavailable from all sources
2026-08-31 20:01:26,041 WARNING src.options_filter: CIK: options data unavailable from all sources
2026-08-31 20:01:29,679 WARNING src.options_filter: COE: options data unavailable from all sources
2026-08-31 20:01:33,321 WARNING src.options_filter: GGN: options data unavailable from all sources
2026-08-31 20:01:36,967 WARNING src.options_filter: GGZ: options data unavailable from all sources
2026-08-31 20:01:40,644 WARNING src.options_filter: GUT: options data unavailable from all sources
2026-08-31 20:01:44,277 WARNING src.options_filter: HMR: options data unavailable from all sources
2026-08-31 20:01:47,958 WARNING src.options_filter: JILL: options data unavailable from all sources
2026-08-31 20:01:51,560 WARNING src.options_filter: LDP: options data unavailable from all sources
2026-08-31 20:01:55,218 WARNING src.options_filter: LQWC: options data unavailable from all sources
2026-08-31 20:01:58,822 WARNING src.options_filter: MACT: options data unavailable from all sources
2026-08-31 20:02:02,430 WARNING src.options_filter: MCN: options data unavailable from all sources
2026-08-31 20:02:06,044 WARNING src.options_filter: PFN: options data unavailable from all sources
2026-08-31 20:02:09,808 WARNING src.options_filter: RGS: options data unavailable from all sources
2026-08-31 20:02:13,436 WARNING src.options_filter: STK: options data unavailable from all sources
2026-08-31 20:02:17,046 WARNING src.options_filter: TY: options data unavailable from all sources
2026-08-31 20:02:20,687 WARNING src.options_filter: AIJTY: options data unavailable from all sources
2026-08-31 20:02:24,396 WARNING src.options_filter: CANG: options data unavailable from all sources
2026-08-31 20:02:28,059 WARNING src.options_filter: CCG: options data unavailable from all sources
2026-08-31 20:02:31,692 WARNING src.options_filter: CISS: options data unavailable from all sources
2026-08-31 20:02:31,985 ERROR yfinance: $HZRBY: No data found, symbol may be delisted
2026-08-31 20:02:36,096 WARNING src.options_filter: HZRBY: options data unavailable from all sources
2026-08-31 20:02:39,702 WARNING src.options_filter: INTJ: options data unavailable from all sources
2026-08-31 20:02:43,307 WARNING src.options_filter: JGH: options data unavailable from all sources
2026-08-31 20:02:46,947 WARNING src.options_filter: JMM: options data unavailable from all sources
2026-08-31 20:02:50,589 WARNING src.options_filter: JRS: options data unavailable from all sources
2026-08-31 20:02:54,195 WARNING src.options_filter: KF: options data unavailable from all sources
2026-08-31 20:02:54,295 ERROR yfinance: $LDXC: possibly delisted; no price data found  (period=1mo)
2026-08-31 20:02:58,399 WARNING src.options_filter: LDXC: options data unavailable from all sources
2026-08-31 20:03:02,004 WARNING src.options_filter: NPCT: options data unavailable from all sources
2026-08-31 20:03:05,648 WARNING src.options_filter: PCN: options data unavailable from all sources
2026-08-31 20:03:09,293 WARNING src.options_filter: PNBI: options data unavailable from all sources
2026-08-31 20:03:12,897 WARNING src.options_filter: PXS: options data unavailable from all sources
2026-08-31 20:03:16,666 WARNING src.options_filter: QQQX: options data unavailable from all sources
2026-08-31 20:03:20,283 WARNING src.options_filter: RCS: options data unavailable from all sources
2026-08-31 20:03:23,894 WARNING src.options_filter: RMM: options data unavailable from all sources
2026-08-31 20:03:27,559 WARNING src.options_filter: SCGY: options data unavailable from all sources
2026-08-31 20:03:31,180 WARNING src.options_filter: SPXX: options data unavailable from all sources
2026-08-31 20:03:31,284 ERROR yfinance: $WDSP: possibly delisted; no price data found  (period=1mo)
2026-08-31 20:03:35,403 WARNING src.options_filter: WDSP: options data unavailable from all sources
2026-08-31 20:03:39,063 WARNING src.options_filter: CHRN: options data unavailable from all sources
2026-08-31 20:03:42,683 WARNING src.options_filter: CURR: options data unavailable from all sources
2026-08-31 20:03:46,340 WARNING src.options_filter: FRGT: options data unavailable from all sources
2026-08-31 20:03:49,952 WARNING src.options_filter: ALPS: options data unavailable from all sources
2026-08-31 20:03:53,597 WARNING src.options_filter: AAME: options data unavailable from all sources
2026-08-31 20:03:57,210 WARNING src.options_filter: BRLS: options data unavailable from all sources
2026-08-31 20:04:00,825 WARNING src.options_filter: SEGG: options data unavailable from all sources
2026-08-31 20:04:04,444 WARNING src.options_filter: BRTX: options data unavailable from all sources
2026-08-31 20:04:08,070 WARNING src.options_filter: SHPH: options data unavailable from all sources
2026-08-31 20:04:11,682 WARNING src.options_filter: FLYE: options data unavailable from all sources
2026-08-31 20:04:15,327 WARNING src.options_filter: GTEN: options data unavailable from all sources
2026-08-31 20:04:15,723 ERROR yfinance: $BF.A: No data found, symbol may be delisted
2026-08-31 20:04:19,840 WARNING src.options_filter: BF.A: options data unavailable from all sources
2026-08-31 20:04:23,458 WARNING src.options_filter: YB: options data unavailable from all sources
2026-08-31 20:04:27,071 WARNING src.options_filter: RYDE: options data unavailable from all sources
2026-08-31 20:04:30,695 WARNING src.options_filter: AACG: options data unavailable from all sources
2026-08-31 20:04:34,309 WARNING src.options_filter: SJ: options data unavailable from all sources
2026-08-31 20:04:37,921 WARNING src.options_filter: ATCH: options data unavailable from all sources
2026-08-31 20:04:41,543 WARNING src.options_filter: PTN: options data unavailable from all sources
2026-08-31 20:04:45,156 WARNING src.options_filter: GAUZ: options data unavailable from all sources
2026-08-31 20:04:48,771 WARNING src.options_filter: GURE: options data unavailable from all sources
2026-08-31 20:04:52,394 WARNING src.options_filter: LKSP: options data unavailable from all sources
2026-08-31 20:04:56,039 WARNING src.options_filter: WLYB: options data unavailable from all sources
2026-08-31 20:04:59,666 WARNING src.options_filter: LND: options data unavailable from all sources
2026-08-31 20:05:03,321 WARNING src.options_filter: EONR: options data unavailable from all sources
2026-08-31 20:05:06,935 WARNING src.options_filter: CRMT: options data unavailable from all sources
2026-08-31 20:05:10,592 WARNING src.options_filter: CMMB: options data unavailable from all sources
2026-08-31 20:05:14,214 WARNING src.options_filter: SMXT: options data unavailable from all sources
2026-08-31 20:05:17,939 WARNING src.options_filter: REBN: options data unavailable from all sources
2026-08-31 20:05:21,574 WARNING src.options_filter: BTTC: options data unavailable from all sources
2026-08-31 20:05:25,186 WARNING src.options_filter: IPST: options data unavailable from all sources
2026-08-31 20:05:28,797 WARNING src.options_filter: SNYR: options data unavailable from all sources
2026-08-31 20:05:32,404 WARNING src.options_filter: HTLM: options data unavailable from all sources
2026-08-31 20:05:36,011 WARNING src.options_filter: BMRA: options data unavailable from all sources
2026-08-31 20:05:39,620 WARNING src.options_filter: GITS: options data unavailable from all sources
2026-08-31 20:05:39,969 ERROR yfinance: $UNKNOWN: No data found, symbol may be delisted
2026-08-31 20:05:44,116 WARNING src.options_filter: UNKNOWN: options data unavailable from all sources
2026-08-31 20:05:44,254 ERROR yfinance: $UNKNOWN: No data found, symbol may be delisted
2026-08-31 20:05:48,399 WARNING src.options_filter: UNKNOWN: options data unavailable from all sources
2026-08-31 20:05:48,566 ERROR yfinance: $UNKNOWN: No data found, symbol may be delisted
2026-08-31 20:05:52,674 WARNING src.options_filter: UNKNOWN: options data unavailable from all sources
2026-08-31 20:05:52,802 ERROR yfinance: $UNKNOWN: No data found, symbol may be delisted
2026-08-31 20:05:56,934 WARNING src.options_filter: UNKNOWN: options data unavailable from all sources
2026-08-31 20:05:57,105 ERROR yfinance: $UNKNOWN: No data found, symbol may be delisted
2026-08-31 20:06:01,217 WARNING src.options_filter: UNKNOWN: options data unavailable from all sources
2026-08-31 20:06:01,413 ERROR yfinance: $UNKNOWN: No data found, symbol may be delisted
2026-08-31 20:06:05,520 WARNING src.options_filter: UNKNOWN: options data unavailable from all sources
2026-08-31 20:06:05,700 ERROR yfinance: $UNKNOWN: No data found, symbol may be delisted
2026-08-31 20:06:09,804 WARNING src.options_filter: UNKNOWN: options data unavailable from all sources
2026-08-31 20:06:10,017 ERROR yfinance: $UNKNOWN: No data found, symbol may be delisted
2026-08-31 20:06:14,144 WARNING src.options_filter: UNKNOWN: options data unavailable from all sources
2026-08-31 20:06:17,193 ERROR yfinance: $UNKNOWN: No data found, symbol may be delisted
2026-08-31 20:06:21,298 WARNING src.options_filter: UNKNOWN: options data unavailable from all sources
2026-08-31 20:06:21,461 ERROR yfinance: $UNKNOWN: No data found, symbol may be delisted
2026-08-31 20:06:25,574 WARNING src.options_filter: UNKNOWN: options data unavailable from all sources
2026-08-31 20:06:25,842 ERROR yfinance: $UNKNOWN: No data found, symbol may be delisted
2026-08-31 20:06:29,982 WARNING src.options_filter: UNKNOWN: options data unavailable from all sources
2026-08-31 20:06:30,190 ERROR yfinance: $UNKNOWN: No data found, symbol may be delisted
2026-08-31 20:06:34,308 WARNING src.options_filter: UNKNOWN: options data unavailable from all sources
2026-08-31 20:06:34,529 ERROR yfinance: $UNKNOWN: No data found, symbol may be delisted
2026-08-31 20:06:38,665 WARNING src.options_filter: UNKNOWN: options data unavailable from all sources
2026-08-31 20:06:38,808 ERROR yfinance: $UNKNOWN: No data found, symbol may be delisted
2026-08-31 20:06:42,911 WARNING src.options_filter: UNKNOWN: options data unavailable from all sources
2026-08-31 20:06:43,087 ERROR yfinance: $UNKNOWN: No data found, symbol may be delisted
2026-08-31 20:06:47,210 WARNING src.options_filter: UNKNOWN: options data unavailable from all sources
2026-08-31 20:06:47,382 ERROR yfinance: $UNKNOWN: No data found, symbol may be delisted
2026-08-31 20:06:51,528 WARNING src.options_filter: UNKNOWN: options data unavailable from all sources
2026-08-31 20:06:51,853 ERROR yfinance: $UNKNOWN: No data found, symbol may be delisted
2026-08-31 20:06:56,012 WARNING src.options_filter: UNKNOWN: options data unavailable from all sources
2026-08-31 20:06:56,141 ERROR yfinance: $UNKNOWN: No data found, symbol may be delisted
2026-08-31 20:07:00,271 WARNING src.options_filter: UNKNOWN: options data unavailable from all sources
2026-08-31 20:07:00,488 ERROR yfinance: $UNKNOWN: No data found, symbol may be delisted
2026-08-31 20:07:04,591 WARNING src.options_filter: UNKNOWN: options data unavailable from all sources
2026-08-31 20:07:04,729 ERROR yfinance: $UNKNOWN: No data found, symbol may be delisted
2026-08-31 20:07:08,838 WARNING src.options_filter: UNKNOWN: options data unavailable from all sources
2026-08-31 20:07:12,441 WARNING src.options_filter: GME-WT: options data unavailable from all sources
2026-08-31 20:07:12,684 ERROR yfinance: $UNKNOWN: No data found, symbol may be delisted
2026-08-31 20:07:16,804 WARNING src.options_filter: UNKNOWN: options data unavailable from all sources
2026-08-31 20:07:17,037 ERROR yfinance: $UNKNOWN: No data found, symbol may be delisted
2026-08-31 20:07:21,151 WARNING src.options_filter: UNKNOWN: options data unavailable from all sources
2026-08-31 20:07:21,320 ERROR yfinance: $UNKNOWN: No data found, symbol may be delisted
2026-08-31 20:07:25,457 WARNING src.options_filter: UNKNOWN: options data unavailable from all sources
2026-08-31 20:07:25,634 ERROR yfinance: $UNKNOWN: No data found, symbol may be delisted
2026-08-31 20:07:29,763 WARNING src.options_filter: UNKNOWN: options data unavailable from all sources
2026-08-31 20:07:29,887 ERROR yfinance: $UNKNOWN: No data found, symbol may be delisted
2026-08-31 20:07:34,021 WARNING src.options_filter: UNKNOWN: options data unavailable from all sources
2026-08-31 20:07:34,194 ERROR yfinance: $UNKNOWN: No data found, symbol may be delisted
2026-08-31 20:07:38,397 WARNING src.options_filter: UNKNOWN: options data unavailable from all sources
2026-08-31 20:07:38,526 ERROR yfinance: $UNKNOWN: No data found, symbol may be delisted
2026-08-31 20:07:42,634 WARNING src.options_filter: UNKNOWN: options data unavailable from all sources
2026-08-31 20:07:46,243 WARNING src.options_filter: GME-WT: options data unavailable from all sources
2026-08-31 20:07:46,368 ERROR yfinance: $UNKNOWN: No data found, symbol may be delisted
2026-08-31 20:07:50,523 WARNING src.options_filter: UNKNOWN: options data unavailable from all sources
2026-08-31 20:07:50,685 ERROR yfinance: $UNKNOWN: No data found, symbol may be delisted
2026-08-31 20:07:54,809 WARNING src.options_filter: UNKNOWN: options data unavailable from all sources
2026-08-31 20:07:54,935 ERROR yfinance: $UNKNOWN: No data found, symbol may be delisted
2026-08-31 20:07:59,061 WARNING src.options_filter: UNKNOWN: options data unavailable from all sources
2026-08-31 20:07:59,201 ERROR yfinance: $UNKNOWN: No data found, symbol may be delisted
2026-08-31 20:08:03,321 WARNING src.options_filter: UNKNOWN: options data unavailable from all sources
2026-08-31 20:08:03,494 ERROR yfinance: $UNKNOWN: No data found, symbol may be delisted
2026-08-31 20:08:07,665 WARNING src.options_filter: UNKNOWN: options data unavailable from all sources
2026-08-31 20:08:07,887 ERROR yfinance: $UNKNOWN: No data found, symbol may be delisted
2026-08-31 20:08:11,994 WARNING src.options_filter: UNKNOWN: options data unavailable from all sources
2026-08-31 20:08:12,154 ERROR yfinance: $UNKNOWN: No data found, symbol may be delisted
2026-08-31 20:08:16,261 WARNING src.options_filter: UNKNOWN: options data unavailable from all sources
2026-08-31 20:08:16,470 ERROR yfinance: $UNKNOWN: No data found, symbol may be delisted
2026-08-31 20:08:20,595 WARNING src.options_filter: UNKNOWN: options data unavailable from all sources
2026-08-31 20:08:20,743 ERROR yfinance: $UNKNOWN: No data found, symbol may be delisted
2026-08-31 20:08:24,888 WARNING src.options_filter: UNKNOWN: options data unavailable from all sources
2026-08-31 20:08:25,114 ERROR yfinance: $UNKNOWN: No data found, symbol may be delisted
2026-08-31 20:08:29,230 WARNING src.options_filter: UNKNOWN: options data unavailable from all sources
2026-08-31 20:08:29,374 ERROR yfinance: $UNKNOWN: No data found, symbol may be delisted
2026-08-31 20:08:33,497 WARNING src.options_filter: UNKNOWN: options data unavailable from all sources
2026-08-31 20:08:33,658 ERROR yfinance: $UNKNOWN: No data found, symbol may be delisted
2026-08-31 20:08:37,773 WARNING src.options_filter: UNKNOWN: options data unavailable from all sources
2026-08-31 20:08:37,908 ERROR yfinance: $UNKNOWN: No data found, symbol may be delisted
2026-08-31 20:08:42,059 WARNING src.options_filter: UNKNOWN: options data unavailable from all sources
2026-08-31 20:08:42,156 ERROR yfinance: $INVLW: possibly delisted; no price data found  (period=1mo)
2026-08-31 20:08:46,281 WARNING src.options_filter: INVLW: options data unavailable from all sources
2026-08-31 20:08:46,417 ERROR yfinance: $UNKNOWN: No data found, symbol may be delisted
2026-08-31 20:08:50,524 WARNING src.options_filter: UNKNOWN: options data unavailable from all sources
2026-08-31 20:08:50,727 ERROR yfinance: $UNKNOWN: No data found, symbol may be delisted
2026-08-31 20:08:54,873 WARNING src.options_filter: UNKNOWN: options data unavailable from all sources
2026-08-31 20:08:55,003 ERROR yfinance: $UNKNOWN: No data found, symbol may be delisted
2026-08-31 20:08:59,181 WARNING src.options_filter: UNKNOWN: options data unavailable from all sources
2026-08-31 20:08:59,369 ERROR yfinance: $UNKNOWN: No data found, symbol may be delisted
2026-08-31 20:09:03,479 WARNING src.options_filter: UNKNOWN: options data unavailable from all sources
2026-08-31 20:09:03,649 ERROR yfinance: $UNKNOWN: No data found, symbol may be delisted
2026-08-31 20:09:07,791 WARNING src.options_filter: UNKNOWN: options data unavailable from all sources
2026-08-31 20:09:07,965 ERROR yfinance: $UNKNOWN: No data found, symbol may be delisted
2026-08-31 20:09:12,074 WARNING src.options_filter: UNKNOWN: options data unavailable from all sources
2026-08-31 20:09:12,522 ERROR yfinance: $UNKNOWN: No data found, symbol may be delisted
2026-08-31 20:09:16,670 WARNING src.options_filter: UNKNOWN: options data unavailable from all sources
2026-08-31 20:09:16,833 ERROR yfinance: $UNKNOWN: No data found, symbol may be delisted
2026-08-31 20:09:20,944 WARNING src.options_filter: UNKNOWN: options data unavailable from all sources
2026-08-31 20:09:21,292 ERROR yfinance: $UNKNOWN: No data found, symbol may be delisted
2026-08-31 20:09:25,449 WARNING src.options_filter: UNKNOWN: options data unavailable from all sources
2026-08-31 20:09:25,632 ERROR yfinance: $UNKNOWN: No data found, symbol may be delisted
2026-08-31 20:09:29,741 WARNING src.options_filter: UNKNOWN: options data unavailable from all sources
2026-08-31 20:09:29,908 ERROR yfinance: $UNKNOWN: No data found, symbol may be delisted
2026-08-31 20:09:34,027 WARNING src.options_filter: UNKNOWN: options data unavailable from all sources
2026-08-31 20:09:37,667 WARNING src.options_filter: NC: options data unavailable from all sources
2026-08-31 20:09:37,808 ERROR yfinance: $UNKNOWN: No data found, symbol may be delisted
2026-08-31 20:09:41,928 WARNING src.options_filter: UNKNOWN: options data unavailable from all sources
2026-08-31 20:09:42,095 ERROR yfinance: $UNKNOWN: No data found, symbol may be delisted
2026-08-31 20:09:46,207 WARNING src.options_filter: UNKNOWN: options data unavailable from all sources
2026-08-31 20:09:46,348 ERROR yfinance: $UNKNOWN: No data found, symbol may be delisted
2026-08-31 20:09:50,465 WARNING src.options_filter: UNKNOWN: options data unavailable from all sources
2026-08-31 20:09:50,594 ERROR yfinance: $UNKNOWN: No data found, symbol may be delisted
2026-08-31 20:09:54,742 WARNING src.options_filter: UNKNOWN: options data unavailable from all sources
2026-08-31 20:09:54,944 ERROR yfinance: $UNKNOWN: No data found, symbol may be delisted
2026-08-31 20:09:59,092 WARNING src.options_filter: UNKNOWN: options data unavailable from all sources
2026-08-31 20:09:59,245 ERROR yfinance: $UNKNOWN: No data found, symbol may be delisted
2026-08-31 20:10:03,485 WARNING src.options_filter: UNKNOWN: options data unavailable from all sources
2026-08-31 20:10:03,619 ERROR yfinance: $UNKNOWN: No data found, symbol may be delisted
2026-08-31 20:10:07,734 WARNING src.options_filter: UNKNOWN: options data unavailable from all sources
2026-08-31 20:10:07,902 ERROR yfinance: $UNKNOWN: No data found, symbol may be delisted
2026-08-31 20:10:12,008 WARNING src.options_filter: UNKNOWN: options data unavailable from all sources
2026-08-31 20:10:12,190 ERROR yfinance: $UNKNOWN: No data found, symbol may be delisted
2026-08-31 20:10:16,337 WARNING src.options_filter: UNKNOWN: options data unavailable from all sources
2026-08-31 20:10:19,670 ERROR yfinance: $UNKNOWN: No data found, symbol may be delisted
2026-08-31 20:10:23,779 WARNING src.options_filter: UNKNOWN: options data unavailable from all sources
2026-08-31 20:10:24,016 ERROR yfinance: $UNKNOWN: No data found, symbol may be delisted
2026-08-31 20:10:28,169 WARNING src.options_filter: UNKNOWN: options data unavailable from all sources
2026-08-31 20:10:28,323 ERROR yfinance: $UNKNOWN: No data found, symbol may be delisted
2026-08-31 20:10:32,439 WARNING src.options_filter: UNKNOWN: options data unavailable from all sources
2026-08-31 20:10:32,614 ERROR yfinance: $UNKNOWN: No data found, symbol may be delisted
2026-08-31 20:10:36,732 WARNING src.options_filter: UNKNOWN: options data unavailable from all sources
2026-08-31 20:10:36,914 ERROR yfinance: $UNKNOWN: No data found, symbol may be delisted
2026-08-31 20:10:41,029 WARNING src.options_filter: UNKNOWN: options data unavailable from all sources
2026-08-31 20:10:41,211 ERROR yfinance: $UNKNOWN: No data found, symbol may be delisted
2026-08-31 20:10:45,329 WARNING src.options_filter: UNKNOWN: options data unavailable from all sources
2026-08-31 20:10:45,469 ERROR yfinance: $UNKNOWN: No data found, symbol may be delisted
2026-08-31 20:10:49,577 WARNING src.options_filter: UNKNOWN: options data unavailable from all sources
2026-08-31 20:10:49,769 ERROR yfinance: $UNKNOWN: No data found, symbol may be delisted
2026-08-31 20:10:53,886 WARNING src.options_filter: UNKNOWN: options data unavailable from all sources
2026-08-31 20:10:54,044 ERROR yfinance: $UNKNOWN: No data found, symbol may be delisted
2026-08-31 20:10:58,158 WARNING src.options_filter: UNKNOWN: options data unavailable from all sources
2026-08-31 20:10:58,292 ERROR yfinance: $UNKNOWN: No data found, symbol may be delisted
2026-08-31 20:11:02,419 WARNING src.options_filter: UNKNOWN: options data unavailable from all sources
2026-08-31 20:11:02,614 ERROR yfinance: $UNKNOWN: No data found, symbol may be delisted
2026-08-31 20:11:06,763 WARNING src.options_filter: UNKNOWN: options data unavailable from all sources
2026-08-31 20:11:06,908 ERROR yfinance: $UNKNOWN: No data found, symbol may be delisted
2026-08-31 20:11:11,020 WARNING src.options_filter: UNKNOWN: options data unavailable from all sources
2026-08-31 20:11:14,629 WARNING src.options_filter: NC: options data unavailable from all sources
2026-08-31 20:11:14,825 ERROR yfinance: $UNKNOWN: No data found, symbol may be delisted
2026-08-31 20:11:18,939 WARNING src.options_filter: UNKNOWN: options data unavailable from all sources
2026-08-31 20:11:18,979 ERROR yfinance: $INVLW: possibly delisted; no price data found  (period=1mo)
2026-08-31 20:11:23,090 WARNING src.options_filter: INVLW: options data unavailable from all sources
2026-08-31 20:11:23,370 ERROR yfinance: $UNKNOWN: No data found, symbol may be delisted
2026-08-31 20:11:27,511 WARNING src.options_filter: UNKNOWN: options data unavailable from all sources
2026-08-31 20:11:27,711 ERROR yfinance: $UNKNOWN: No data found, symbol may be delisted
2026-08-31 20:11:31,820 WARNING src.options_filter: UNKNOWN: options data unavailable from all sources
2026-08-31 20:11:32,005 ERROR yfinance: $UNKNOWN: No data found, symbol may be delisted
2026-08-31 20:11:36,159 WARNING src.options_filter: UNKNOWN: options data unavailable from all sources
2026-08-31 20:11:36,316 ERROR yfinance: $UNKNOWN: No data found, symbol may be delisted
2026-08-31 20:11:40,420 WARNING src.options_filter: UNKNOWN: options data unavailable from all sources
2026-08-31 20:11:40,589 ERROR yfinance: $UNKNOWN: No data found, symbol may be delisted
2026-08-31 20:11:44,710 WARNING src.options_filter: UNKNOWN: options data unavailable from all sources
2026-08-31 20:11:44,884 ERROR yfinance: $UNKNOWN: No data found, symbol may be delisted
2026-08-31 20:11:49,003 WARNING src.options_filter: UNKNOWN: options data unavailable from all sources
2026-08-31 20:11:49,207 ERROR yfinance: $UNKNOWN: No data found, symbol may be delisted
2026-08-31 20:11:53,312 WARNING src.options_filter: UNKNOWN: options data unavailable from all sources
2026-08-31 20:11:53,482 ERROR yfinance: $UNKNOWN: No data found, symbol may be delisted
2026-08-31 20:11:57,628 WARNING src.options_filter: UNKNOWN: options data unavailable from all sources
2026-08-31 20:11:57,854 ERROR yfinance: $UNKNOWN: No data found, symbol may be delisted
2026-08-31 20:12:01,979 WARNING src.options_filter: UNKNOWN: options data unavailable from all sources
2026-08-31 20:12:02,164 ERROR yfinance: $UNKNOWN: No data found, symbol may be delisted
2026-08-31 20:12:06,271 WARNING src.options_filter: UNKNOWN: options data unavailable from all sources
2026-08-31 20:12:06,442 ERROR yfinance: $UNKNOWN: No data found, symbol may be delisted
2026-08-31 20:12:10,560 WARNING src.options_filter: UNKNOWN: options data unavailable from all sources
2026-08-31 20:12:10,708 ERROR yfinance: $UNKNOWN: No data found, symbol may be delisted
2026-08-31 20:12:14,868 WARNING src.options_filter: UNKNOWN: options data unavailable from all sources
2026-08-31 20:12:15,086 ERROR yfinance: $UNKNOWN: No data found, symbol may be delisted
2026-08-31 20:12:19,205 WARNING src.options_filter: UNKNOWN: options data unavailable from all sources
2026-08-31 20:12:19,205 INFO run_daily: Passed options gate: 54 events
2026-08-31 20:12:19,205 INFO run_daily: Step 7: enriching 54 events
2026-08-31 20:12:21,698 INFO run_daily: Step 8: dedup
2026-08-31 20:12:21,699 INFO run_daily: Step 9: ranking
2026-08-31 20:12:21,699 INFO run_daily: Step 10: writing digest
2026-08-31 20:12:21,737 INFO src.digest_writer: digest written: output/market_radar_2026-08-31.html
2026-08-31 20:12:21,738 INFO run_daily: === Done: output/market_radar_2026-08-31.html ===
