2026-09-02 17:50:18,620 INFO run_daily: === Market Event Radar starting — 2026-09-02 ===
2026-09-02 17:50:18,623 INFO run_daily: Step 1: fetching earnings calendar
2026-09-02 17:50:31,368 INFO src.event_fetcher: nasdaq earnings: 145 entries across 7 days
2026-09-02 17:50:32,930 INFO src.event_fetcher: finnhub earnings: 190 entries
2026-09-02 17:50:32,930 INFO src.event_fetcher: merged earnings universe: 259 unique tickers
2026-09-02 17:50:32,930 INFO run_daily: Step 2: fetching 8-K filings
2026-09-02 17:50:33,438 INFO src.event_fetcher: edgar 8-K filings: 100
2026-09-02 17:50:33,750 INFO run_daily: Step 3: building universe
2026-09-02 17:50:33,751 INFO src.universe: universe: 35 tickers (10 watchlist, 25 discovered)
2026-09-02 17:50:33,751 INFO run_daily: Universe: 35 tickers
2026-09-02 17:50:33,751 INFO run_daily: Step 4: yfinance cross-check for 35 tickers
2026-09-02 17:50:45,266 INFO run_daily: Step 5: building earnings events
2026-09-02 17:50:45,267 INFO src.source_merger: earnings events built: 259
2026-09-02 17:50:45,268 INFO run_daily: Step 5b: building 8-K events
2026-09-02 17:50:45,269 INFO run_daily: Step 6: options filter (359 candidates)
2026-09-02 17:50:48,935 WARNING src.options_filter: CYTOF: options data unavailable from all sources
2026-09-02 17:50:52,582 WARNING src.options_filter: HIHO: options data unavailable from all sources
2026-09-02 17:50:56,426 WARNING src.options_filter: IDWM: options data unavailable from all sources
2026-09-02 17:51:00,045 WARNING src.options_filter: JOCM: options data unavailable from all sources
2026-09-02 17:51:03,632 WARNING src.options_filter: KEQU: options data unavailable from all sources
2026-09-02 17:51:03,758 ERROR yfinance: $SBSAA: possibly delisted; no price data found  (period=1mo)
2026-09-02 17:51:07,884 WARNING src.options_filter: SBSAA: options data unavailable from all sources
2026-09-02 17:51:11,512 WARNING src.options_filter: AEF: options data unavailable from all sources
2026-09-02 17:51:15,117 WARNING src.options_filter: ALZN: options data unavailable from all sources
2026-09-02 17:51:18,716 WARNING src.options_filter: GMHS: options data unavailable from all sources
2026-09-02 17:51:22,310 WARNING src.options_filter: HTOO: options data unavailable from all sources
2026-09-02 17:51:25,898 WARNING src.options_filter: IFBD: options data unavailable from all sources
2026-09-02 17:51:29,503 WARNING src.options_filter: MIND: options data unavailable from all sources
2026-09-02 17:51:33,130 WARNING src.options_filter: MLGO: options data unavailable from all sources
2026-09-02 17:51:36,778 WARNING src.options_filter: SHMP: options data unavailable from all sources
2026-09-02 17:51:40,372 WARNING src.options_filter: VNCE: options data unavailable from all sources
2026-09-02 17:51:43,964 WARNING src.options_filter: WDH: options data unavailable from all sources
2026-09-02 17:51:47,545 WARNING src.options_filter: ALOT: options data unavailable from all sources
2026-09-02 17:51:51,163 WARNING src.options_filter: BNR: options data unavailable from all sources
2026-09-02 17:51:54,793 WARNING src.options_filter: BWTL: options data unavailable from all sources
2026-09-02 17:51:58,385 WARNING src.options_filter: FFA: options data unavailable from all sources
2026-09-02 17:52:02,011 WARNING src.options_filter: GLU: options data unavailable from all sources
2026-09-02 17:52:05,610 WARNING src.options_filter: IFN: options data unavailable from all sources
2026-09-02 17:52:09,213 WARNING src.options_filter: LITB: options data unavailable from all sources
2026-09-02 17:52:12,838 WARNING src.options_filter: MPV: options data unavailable from all sources
2026-09-02 17:52:16,436 WARNING src.options_filter: NTRB: options data unavailable from all sources
2026-09-02 17:52:20,064 WARNING src.options_filter: RCG: options data unavailable from all sources
2026-09-02 17:52:20,691 ERROR yfinance: $SBOX: No data found, symbol may be delisted
2026-09-02 17:52:24,824 WARNING src.options_filter: SBOX: options data unavailable from all sources
2026-09-02 17:52:28,505 WARNING src.options_filter: SKIL: options data unavailable from all sources
2026-09-02 17:52:32,103 WARNING src.options_filter: SOR: options data unavailable from all sources
2026-09-02 17:52:35,717 WARNING src.options_filter: SWVL: options data unavailable from all sources
2026-09-02 17:52:39,317 WARNING src.options_filter: RFMZ: options data unavailable from all sources
2026-09-02 17:52:42,913 WARNING src.options_filter: ARDC: options data unavailable from all sources
2026-09-02 17:52:46,495 WARNING src.options_filter: BDJ: options data unavailable from all sources
2026-09-02 17:52:50,166 WARNING src.options_filter: HURC: options data unavailable from all sources
2026-09-02 17:52:53,751 WARNING src.options_filter: PAXS: options data unavailable from all sources
2026-09-02 17:52:57,338 WARNING src.options_filter: ASG: options data unavailable from all sources
2026-09-02 17:53:00,932 WARNING src.options_filter: AUSI: options data unavailable from all sources
2026-09-02 17:53:04,528 WARNING src.options_filter: FOF: options data unavailable from all sources
2026-09-02 17:53:08,118 WARNING src.options_filter: GLCP: options data unavailable from all sources
2026-09-02 17:53:11,704 WARNING src.options_filter: GTIJF: options data unavailable from all sources
2026-09-02 17:53:15,296 WARNING src.options_filter: HGTXU: options data unavailable from all sources
2026-09-02 17:53:18,880 WARNING src.options_filter: IBIO: options data unavailable from all sources
2026-09-02 17:53:22,508 WARNING src.options_filter: JCE: options data unavailable from all sources
2026-09-02 17:53:26,108 WARNING src.options_filter: OPP: options data unavailable from all sources
2026-09-02 17:53:29,712 WARNING src.options_filter: PCM: options data unavailable from all sources
2026-09-02 17:53:33,320 WARNING src.options_filter: PCQ: options data unavailable from all sources
2026-09-02 17:53:36,902 WARNING src.options_filter: PDI: options data unavailable from all sources
2026-09-02 17:53:40,506 WARNING src.options_filter: PDO: options data unavailable from all sources
2026-09-02 17:53:44,099 WARNING src.options_filter: PDX: options data unavailable from all sources
2026-09-02 17:53:47,686 WARNING src.options_filter: PFL: options data unavailable from all sources
2026-09-02 17:53:51,276 WARNING src.options_filter: PGP: options data unavailable from all sources
2026-09-02 17:53:54,870 WARNING src.options_filter: PHK: options data unavailable from all sources
2026-09-02 17:53:58,515 WARNING src.options_filter: PNI: options data unavailable from all sources
2026-09-02 17:54:02,118 WARNING src.options_filter: PSF: options data unavailable from all sources
2026-09-02 17:54:05,726 WARNING src.options_filter: RFI: options data unavailable from all sources
2026-09-02 17:54:09,319 WARNING src.options_filter: RQI: options data unavailable from all sources
2026-09-02 17:54:12,921 WARNING src.options_filter: USA: options data unavailable from all sources
2026-09-02 17:54:16,526 WARNING src.options_filter: UTF: options data unavailable from all sources
2026-09-02 17:54:20,226 WARNING src.options_filter: BBN: options data unavailable from all sources
2026-09-02 17:54:23,818 WARNING src.options_filter: BCAT: options data unavailable from all sources
2026-09-02 17:54:23,935 ERROR yfinance: $BF.B: possibly delisted; no price data found  (period=1mo)
2026-09-02 17:54:28,125 WARNING src.options_filter: BF.B: options data unavailable from all sources
2026-09-02 17:54:31,719 WARNING src.options_filter: BGR: options data unavailable from all sources
2026-09-02 17:54:35,307 WARNING src.options_filter: BGT: options data unavailable from all sources
2026-09-02 17:54:38,910 WARNING src.options_filter: BGY: options data unavailable from all sources
2026-09-02 17:54:42,499 WARNING src.options_filter: BIT: options data unavailable from all sources
2026-09-02 17:54:46,137 WARNING src.options_filter: BKT: options data unavailable from all sources
2026-09-02 17:54:49,847 WARNING src.options_filter: BME: options data unavailable from all sources
2026-09-02 17:54:53,435 WARNING src.options_filter: BMEZ: options data unavailable from all sources
2026-09-02 17:54:57,019 WARNING src.options_filter: BST: options data unavailable from all sources
2026-09-02 17:55:00,608 WARNING src.options_filter: BSTZ: options data unavailable from all sources
2026-09-02 17:55:04,267 WARNING src.options_filter: BTX: options data unavailable from all sources
2026-09-02 17:55:07,861 WARNING src.options_filter: CII: options data unavailable from all sources
2026-09-02 17:55:11,494 WARNING src.options_filter: DDC: options data unavailable from all sources
2026-09-02 17:55:15,931 WARNING src.options_filter: DSU: options data unavailable from all sources
2026-09-02 17:55:19,522 WARNING src.options_filter: ECAT: options data unavailable from all sources
2026-09-02 17:55:23,146 WARNING src.options_filter: FRA: options data unavailable from all sources
2026-09-02 17:55:26,804 WARNING src.options_filter: GAB: options data unavailable from all sources
2026-09-02 17:55:30,473 WARNING src.options_filter: GF: options data unavailable from all sources
2026-09-02 17:55:34,144 WARNING src.options_filter: GGT: options data unavailable from all sources
2026-09-02 17:55:37,783 WARNING src.options_filter: PDEX: options data unavailable from all sources
2026-09-02 17:55:41,415 WARNING src.options_filter: PML: options data unavailable from all sources
2026-09-02 17:55:45,158 WARNING src.options_filter: RNP: options data unavailable from all sources
2026-09-02 17:55:48,892 WARNING src.options_filter: TSI: options data unavailable from all sources
2026-09-02 17:55:52,598 WARNING src.options_filter: YB: options data unavailable from all sources
2026-09-02 17:55:56,201 WARNING src.options_filter: RYDE: options data unavailable from all sources
2026-09-02 17:55:59,803 WARNING src.options_filter: COE: options data unavailable from all sources
2026-09-02 17:56:03,407 WARNING src.options_filter: AACG: options data unavailable from all sources
2026-09-02 17:56:07,040 WARNING src.options_filter: SJ: options data unavailable from all sources
2026-09-02 17:56:10,789 WARNING src.options_filter: ATCH: options data unavailable from all sources
2026-09-02 17:56:15,039 WARNING src.options_filter: PTN: options data unavailable from all sources
2026-09-02 17:56:18,638 WARNING src.options_filter: GAUZ: options data unavailable from all sources
2026-09-02 17:56:22,238 WARNING src.options_filter: GURE: options data unavailable from all sources
2026-09-02 17:56:25,950 WARNING src.options_filter: LKSP: options data unavailable from all sources
2026-09-02 17:56:29,587 WARNING src.options_filter: WLYB: options data unavailable from all sources
2026-09-02 17:56:33,179 WARNING src.options_filter: LND: options data unavailable from all sources
2026-09-02 17:56:36,788 WARNING src.options_filter: EONR: options data unavailable from all sources
2026-09-02 17:56:40,380 WARNING src.options_filter: CMMB: options data unavailable from all sources
2026-09-02 17:56:43,989 WARNING src.options_filter: CRMT: options data unavailable from all sources
2026-09-02 17:56:47,609 WARNING src.options_filter: SMXT: options data unavailable from all sources
2026-09-02 17:56:51,201 WARNING src.options_filter: ALAR: options data unavailable from all sources
2026-09-02 17:56:54,961 WARNING src.options_filter: REBN: options data unavailable from all sources
2026-09-02 17:56:58,593 WARNING src.options_filter: BTTC: options data unavailable from all sources
2026-09-02 17:57:02,209 WARNING src.options_filter: GLMD: options data unavailable from all sources
2026-09-02 17:57:05,840 WARNING src.options_filter: IPST: options data unavailable from all sources
2026-09-02 17:57:09,478 WARNING src.options_filter: SNYR: options data unavailable from all sources
2026-09-02 17:57:13,086 WARNING src.options_filter: HTLM: options data unavailable from all sources
2026-09-02 17:57:16,688 WARNING src.options_filter: ZONE: options data unavailable from all sources
2026-09-02 17:57:20,309 WARNING src.options_filter: GITS: options data unavailable from all sources
2026-09-02 17:57:23,923 WARNING src.options_filter: CHRN: options data unavailable from all sources
2026-09-02 17:57:27,544 WARNING src.options_filter: CURR: options data unavailable from all sources
2026-09-02 17:57:31,140 WARNING src.options_filter: FRGT: options data unavailable from all sources
2026-09-02 17:57:34,764 WARNING src.options_filter: AXR: options data unavailable from all sources
2026-09-02 17:57:38,445 WARNING src.options_filter: ALPS: options data unavailable from all sources
2026-09-02 17:57:42,053 WARNING src.options_filter: AAME: options data unavailable from all sources
2026-09-02 17:57:45,649 WARNING src.options_filter: BRLS: options data unavailable from all sources
2026-09-02 17:57:49,251 WARNING src.options_filter: SEGG: options data unavailable from all sources
2026-09-02 17:57:52,881 WARNING src.options_filter: BRTX: options data unavailable from all sources
2026-09-02 17:57:56,491 WARNING src.options_filter: SHPH: options data unavailable from all sources
2026-09-02 17:58:00,138 WARNING src.options_filter: GTEN: options data unavailable from all sources
2026-09-02 17:58:03,764 WARNING src.options_filter: RGS: options data unavailable from all sources
2026-09-02 17:58:04,222 ERROR yfinance: HTTP Error 404: {"quoteSummary":{"result":null,"error":{"code":"Not Found","description":"Quote not found for symbol: UNKNOWN"}}}
2026-09-02 17:58:04,483 ERROR yfinance: $UNKNOWN: No data found, symbol may be delisted
2026-09-02 17:58:08,583 WARNING src.options_filter: UNKNOWN: options data unavailable from all sources
2026-09-02 17:58:08,717 ERROR yfinance: $UNKNOWN: No data found, symbol may be delisted
2026-09-02 17:58:12,844 WARNING src.options_filter: UNKNOWN: options data unavailable from all sources
2026-09-02 17:58:13,074 ERROR yfinance: $UNKNOWN: No data found, symbol may be delisted
2026-09-02 17:58:17,173 WARNING src.options_filter: UNKNOWN: options data unavailable from all sources
2026-09-02 17:58:17,477 ERROR yfinance: $UNKNOWN: No data found, symbol may be delisted
2026-09-02 17:58:21,587 WARNING src.options_filter: UNKNOWN: options data unavailable from all sources
2026-09-02 17:58:21,736 ERROR yfinance: $UNKNOWN: No data found, symbol may be delisted
2026-09-02 17:58:25,831 WARNING src.options_filter: UNKNOWN: options data unavailable from all sources
2026-09-02 17:58:25,949 ERROR yfinance: $UNKNOWN: No data found, symbol may be delisted
2026-09-02 17:58:30,047 WARNING src.options_filter: UNKNOWN: options data unavailable from all sources
2026-09-02 17:58:30,216 ERROR yfinance: $UNKNOWN: No data found, symbol may be delisted
2026-09-02 17:58:34,354 WARNING src.options_filter: UNKNOWN: options data unavailable from all sources
2026-09-02 17:58:34,679 ERROR yfinance: $UNKNOWN: No data found, symbol may be delisted
2026-09-02 17:58:38,791 WARNING src.options_filter: UNKNOWN: options data unavailable from all sources
2026-09-02 17:58:38,988 ERROR yfinance: $UNKNOWN: No data found, symbol may be delisted
2026-09-02 17:58:43,082 WARNING src.options_filter: UNKNOWN: options data unavailable from all sources
2026-09-02 17:58:43,252 ERROR yfinance: $UNKNOWN: No data found, symbol may be delisted
2026-09-02 17:58:47,350 WARNING src.options_filter: UNKNOWN: options data unavailable from all sources
2026-09-02 17:58:47,558 ERROR yfinance: $UNKNOWN: No data found, symbol may be delisted
2026-09-02 17:58:51,660 WARNING src.options_filter: UNKNOWN: options data unavailable from all sources
2026-09-02 17:58:51,846 ERROR yfinance: $UNKNOWN: No data found, symbol may be delisted
2026-09-02 17:58:55,953 WARNING src.options_filter: UNKNOWN: options data unavailable from all sources
2026-09-02 17:58:56,121 ERROR yfinance: $UNKNOWN: No data found, symbol may be delisted
2026-09-02 17:59:00,225 WARNING src.options_filter: UNKNOWN: options data unavailable from all sources
2026-09-02 17:59:00,377 ERROR yfinance: $UNKNOWN: No data found, symbol may be delisted
2026-09-02 17:59:04,546 WARNING src.options_filter: UNKNOWN: options data unavailable from all sources
2026-09-02 17:59:04,721 ERROR yfinance: $UNKNOWN: No data found, symbol may be delisted
2026-09-02 17:59:08,855 WARNING src.options_filter: UNKNOWN: options data unavailable from all sources
2026-09-02 17:59:09,085 ERROR yfinance: $UNKNOWN: No data found, symbol may be delisted
2026-09-02 17:59:13,187 WARNING src.options_filter: UNKNOWN: options data unavailable from all sources
2026-09-02 17:59:13,378 ERROR yfinance: $UNKNOWN: No data found, symbol may be delisted
2026-09-02 17:59:17,502 WARNING src.options_filter: UNKNOWN: options data unavailable from all sources
2026-09-02 17:59:17,692 ERROR yfinance: $UNKNOWN: No data found, symbol may be delisted
2026-09-02 17:59:21,881 WARNING src.options_filter: UNKNOWN: options data unavailable from all sources
2026-09-02 17:59:22,042 ERROR yfinance: $UNKNOWN: No data found, symbol may be delisted
2026-09-02 17:59:26,171 WARNING src.options_filter: UNKNOWN: options data unavailable from all sources
2026-09-02 17:59:26,318 ERROR yfinance: $UNKNOWN: No data found, symbol may be delisted
2026-09-02 17:59:30,416 WARNING src.options_filter: UNKNOWN: options data unavailable from all sources
2026-09-02 17:59:30,656 ERROR yfinance: $UNKNOWN: No data found, symbol may be delisted
2026-09-02 17:59:35,064 WARNING src.options_filter: UNKNOWN: options data unavailable from all sources
2026-09-02 17:59:35,276 ERROR yfinance: $UNKNOWN: No data found, symbol may be delisted
2026-09-02 17:59:39,379 WARNING src.options_filter: UNKNOWN: options data unavailable from all sources
2026-09-02 17:59:39,535 ERROR yfinance: $UNKNOWN: No data found, symbol may be delisted
2026-09-02 17:59:43,667 WARNING src.options_filter: UNKNOWN: options data unavailable from all sources
2026-09-02 17:59:43,798 ERROR yfinance: $UNKNOWN: No data found, symbol may be delisted
2026-09-02 17:59:47,919 WARNING src.options_filter: UNKNOWN: options data unavailable from all sources
2026-09-02 17:59:48,075 ERROR yfinance: $UNKNOWN: No data found, symbol may be delisted
2026-09-02 17:59:52,189 WARNING src.options_filter: UNKNOWN: options data unavailable from all sources
2026-09-02 17:59:52,371 ERROR yfinance: $UNKNOWN: No data found, symbol may be delisted
2026-09-02 17:59:56,493 WARNING src.options_filter: UNKNOWN: options data unavailable from all sources
2026-09-02 17:59:56,664 ERROR yfinance: $UNKNOWN: No data found, symbol may be delisted
2026-09-02 18:00:00,796 WARNING src.options_filter: UNKNOWN: options data unavailable from all sources
2026-09-02 18:00:00,981 ERROR yfinance: $UNKNOWN: No data found, symbol may be delisted
2026-09-02 18:00:05,110 WARNING src.options_filter: UNKNOWN: options data unavailable from all sources
2026-09-02 18:00:05,265 ERROR yfinance: $UNKNOWN: No data found, symbol may be delisted
2026-09-02 18:00:09,371 WARNING src.options_filter: UNKNOWN: options data unavailable from all sources
2026-09-02 18:00:09,503 ERROR yfinance: $UNKNOWN: No data found, symbol may be delisted
2026-09-02 18:00:13,694 WARNING src.options_filter: UNKNOWN: options data unavailable from all sources
2026-09-02 18:00:13,813 ERROR yfinance: $UNKNOWN: No data found, symbol may be delisted
2026-09-02 18:00:17,926 WARNING src.options_filter: UNKNOWN: options data unavailable from all sources
2026-09-02 18:00:18,059 ERROR yfinance: $UNKNOWN: No data found, symbol may be delisted
2026-09-02 18:00:22,230 WARNING src.options_filter: UNKNOWN: options data unavailable from all sources
2026-09-02 18:00:22,350 ERROR yfinance: $UNKNOWN: No data found, symbol may be delisted
2026-09-02 18:00:26,502 WARNING src.options_filter: UNKNOWN: options data unavailable from all sources
2026-09-02 18:00:26,648 ERROR yfinance: $UNKNOWN: No data found, symbol may be delisted
2026-09-02 18:00:31,192 WARNING src.options_filter: UNKNOWN: options data unavailable from all sources
2026-09-02 18:00:31,382 ERROR yfinance: $UNKNOWN: No data found, symbol may be delisted
2026-09-02 18:00:35,479 WARNING src.options_filter: UNKNOWN: options data unavailable from all sources
2026-09-02 18:00:35,670 ERROR yfinance: $UNKNOWN: No data found, symbol may be delisted
2026-09-02 18:00:39,817 WARNING src.options_filter: UNKNOWN: options data unavailable from all sources
2026-09-02 18:00:40,079 ERROR yfinance: $UNKNOWN: No data found, symbol may be delisted
2026-09-02 18:00:44,230 WARNING src.options_filter: UNKNOWN: options data unavailable from all sources
2026-09-02 18:00:44,377 ERROR yfinance: $UNKNOWN: No data found, symbol may be delisted
2026-09-02 18:00:48,553 WARNING src.options_filter: UNKNOWN: options data unavailable from all sources
2026-09-02 18:00:49,054 ERROR yfinance: $UNKNOWN: No data found, symbol may be delisted
2026-09-02 18:00:53,156 WARNING src.options_filter: UNKNOWN: options data unavailable from all sources
2026-09-02 18:00:53,295 ERROR yfinance: $UNKNOWN: No data found, symbol may be delisted
2026-09-02 18:00:57,439 WARNING src.options_filter: UNKNOWN: options data unavailable from all sources
2026-09-02 18:00:57,554 ERROR yfinance: $UNKNOWN: No data found, symbol may be delisted
2026-09-02 18:01:01,734 WARNING src.options_filter: UNKNOWN: options data unavailable from all sources
2026-09-02 18:01:01,898 ERROR yfinance: $UNKNOWN: No data found, symbol may be delisted
2026-09-02 18:01:06,019 WARNING src.options_filter: UNKNOWN: options data unavailable from all sources
2026-09-02 18:01:06,233 ERROR yfinance: $UNKNOWN: No data found, symbol may be delisted
2026-09-02 18:01:10,360 WARNING src.options_filter: UNKNOWN: options data unavailable from all sources
2026-09-02 18:01:10,501 ERROR yfinance: $UNKNOWN: No data found, symbol may be delisted
2026-09-02 18:01:14,597 WARNING src.options_filter: UNKNOWN: options data unavailable from all sources
2026-09-02 18:01:14,849 ERROR yfinance: $UNKNOWN: No data found, symbol may be delisted
2026-09-02 18:01:19,042 WARNING src.options_filter: UNKNOWN: options data unavailable from all sources
2026-09-02 18:01:19,203 ERROR yfinance: $UNKNOWN: No data found, symbol may be delisted
2026-09-02 18:01:23,321 WARNING src.options_filter: UNKNOWN: options data unavailable from all sources
2026-09-02 18:01:23,496 ERROR yfinance: $UNKNOWN: No data found, symbol may be delisted
2026-09-02 18:01:27,709 WARNING src.options_filter: UNKNOWN: options data unavailable from all sources
2026-09-02 18:01:27,834 ERROR yfinance: $UNKNOWN: No data found, symbol may be delisted
2026-09-02 18:01:31,933 WARNING src.options_filter: UNKNOWN: options data unavailable from all sources
2026-09-02 18:01:32,055 ERROR yfinance: $UNKNOWN: No data found, symbol may be delisted
2026-09-02 18:01:36,176 WARNING src.options_filter: UNKNOWN: options data unavailable from all sources
2026-09-02 18:01:36,382 ERROR yfinance: $UNKNOWN: No data found, symbol may be delisted
2026-09-02 18:01:40,500 WARNING src.options_filter: UNKNOWN: options data unavailable from all sources
2026-09-02 18:01:40,716 ERROR yfinance: $UNKNOWN: No data found, symbol may be delisted
2026-09-02 18:01:44,890 WARNING src.options_filter: UNKNOWN: options data unavailable from all sources
2026-09-02 18:01:45,053 ERROR yfinance: $UNKNOWN: No data found, symbol may be delisted
2026-09-02 18:01:49,177 WARNING src.options_filter: UNKNOWN: options data unavailable from all sources
2026-09-02 18:01:49,320 ERROR yfinance: $UNKNOWN: No data found, symbol may be delisted
2026-09-02 18:01:53,524 WARNING src.options_filter: UNKNOWN: options data unavailable from all sources
2026-09-02 18:01:53,647 ERROR yfinance: $UNKNOWN: No data found, symbol may be delisted
2026-09-02 18:01:57,816 WARNING src.options_filter: UNKNOWN: options data unavailable from all sources
2026-09-02 18:01:57,947 ERROR yfinance: $UNKNOWN: No data found, symbol may be delisted
2026-09-02 18:02:02,053 WARNING src.options_filter: UNKNOWN: options data unavailable from all sources
2026-09-02 18:02:02,176 ERROR yfinance: $UNKNOWN: No data found, symbol may be delisted
2026-09-02 18:02:06,546 WARNING src.options_filter: UNKNOWN: options data unavailable from all sources
2026-09-02 18:02:06,790 ERROR yfinance: $UNKNOWN: No data found, symbol may be delisted
2026-09-02 18:02:10,898 WARNING src.options_filter: UNKNOWN: options data unavailable from all sources
2026-09-02 18:02:11,074 ERROR yfinance: $UNKNOWN: No data found, symbol may be delisted
2026-09-02 18:02:15,190 WARNING src.options_filter: UNKNOWN: options data unavailable from all sources
2026-09-02 18:02:15,318 ERROR yfinance: $UNKNOWN: No data found, symbol may be delisted
2026-09-02 18:02:19,459 WARNING src.options_filter: UNKNOWN: options data unavailable from all sources
2026-09-02 18:02:19,590 ERROR yfinance: $UNKNOWN: No data found, symbol may be delisted
2026-09-02 18:02:23,705 WARNING src.options_filter: UNKNOWN: options data unavailable from all sources
2026-09-02 18:02:23,888 ERROR yfinance: $UNKNOWN: No data found, symbol may be delisted
2026-09-02 18:02:27,980 WARNING src.options_filter: UNKNOWN: options data unavailable from all sources
2026-09-02 18:02:28,218 ERROR yfinance: $UNKNOWN: No data found, symbol may be delisted
2026-09-02 18:02:32,323 WARNING src.options_filter: UNKNOWN: options data unavailable from all sources
2026-09-02 18:02:32,518 ERROR yfinance: $UNKNOWN: No data found, symbol may be delisted
2026-09-02 18:02:36,646 WARNING src.options_filter: UNKNOWN: options data unavailable from all sources
2026-09-02 18:02:36,779 ERROR yfinance: $UNKNOWN: No data found, symbol may be delisted
2026-09-02 18:02:40,871 WARNING src.options_filter: UNKNOWN: options data unavailable from all sources
2026-09-02 18:02:41,015 ERROR yfinance: $UNKNOWN: No data found, symbol may be delisted
2026-09-02 18:02:45,155 WARNING src.options_filter: UNKNOWN: options data unavailable from all sources
2026-09-02 18:02:45,280 ERROR yfinance: $UNKNOWN: No data found, symbol may be delisted
2026-09-02 18:02:49,382 WARNING src.options_filter: UNKNOWN: options data unavailable from all sources
2026-09-02 18:02:49,533 ERROR yfinance: $UNKNOWN: No data found, symbol may be delisted
2026-09-02 18:02:53,649 WARNING src.options_filter: UNKNOWN: options data unavailable from all sources
2026-09-02 18:02:53,922 ERROR yfinance: $UNKNOWN: No data found, symbol may be delisted
2026-09-02 18:02:58,005 WARNING src.options_filter: UNKNOWN: options data unavailable from all sources
2026-09-02 18:02:58,130 ERROR yfinance: $UNKNOWN: No data found, symbol may be delisted
2026-09-02 18:03:02,220 WARNING src.options_filter: UNKNOWN: options data unavailable from all sources
2026-09-02 18:03:02,337 ERROR yfinance: $UNKNOWN: No data found, symbol may be delisted
2026-09-02 18:03:06,428 WARNING src.options_filter: UNKNOWN: options data unavailable from all sources
2026-09-02 18:03:06,737 ERROR yfinance: $UNKNOWN: No data found, symbol may be delisted
2026-09-02 18:03:10,866 WARNING src.options_filter: UNKNOWN: options data unavailable from all sources
2026-09-02 18:03:10,984 ERROR yfinance: $UNKNOWN: No data found, symbol may be delisted
2026-09-02 18:03:15,192 WARNING src.options_filter: UNKNOWN: options data unavailable from all sources
2026-09-02 18:03:15,383 ERROR yfinance: $UNKNOWN: No data found, symbol may be delisted
2026-09-02 18:03:19,474 WARNING src.options_filter: UNKNOWN: options data unavailable from all sources
2026-09-02 18:03:19,646 ERROR yfinance: $UNKNOWN: No data found, symbol may be delisted
2026-09-02 18:03:23,793 WARNING src.options_filter: UNKNOWN: options data unavailable from all sources
2026-09-02 18:03:23,947 ERROR yfinance: $UNKNOWN: No data found, symbol may be delisted
2026-09-02 18:03:28,113 WARNING src.options_filter: UNKNOWN: options data unavailable from all sources
2026-09-02 18:03:28,243 ERROR yfinance: $UNKNOWN: No data found, symbol may be delisted
2026-09-02 18:03:32,408 WARNING src.options_filter: UNKNOWN: options data unavailable from all sources
2026-09-02 18:03:32,556 ERROR yfinance: $UNKNOWN: No data found, symbol may be delisted
2026-09-02 18:03:36,645 WARNING src.options_filter: UNKNOWN: options data unavailable from all sources
2026-09-02 18:03:36,891 ERROR yfinance: $UNKNOWN: No data found, symbol may be delisted
2026-09-02 18:03:40,998 WARNING src.options_filter: UNKNOWN: options data unavailable from all sources
2026-09-02 18:03:41,129 ERROR yfinance: $UNKNOWN: No data found, symbol may be delisted
2026-09-02 18:03:45,247 WARNING src.options_filter: UNKNOWN: options data unavailable from all sources
2026-09-02 18:03:45,441 ERROR yfinance: $UNKNOWN: No data found, symbol may be delisted
2026-09-02 18:03:49,560 WARNING src.options_filter: UNKNOWN: options data unavailable from all sources
2026-09-02 18:03:49,713 ERROR yfinance: $UNKNOWN: No data found, symbol may be delisted
2026-09-02 18:03:53,914 WARNING src.options_filter: UNKNOWN: options data unavailable from all sources
2026-09-02 18:03:54,075 ERROR yfinance: $UNKNOWN: No data found, symbol may be delisted
2026-09-02 18:03:58,200 WARNING src.options_filter: UNKNOWN: options data unavailable from all sources
2026-09-02 18:03:58,354 ERROR yfinance: $UNKNOWN: No data found, symbol may be delisted
2026-09-02 18:04:02,449 WARNING src.options_filter: UNKNOWN: options data unavailable from all sources
2026-09-02 18:04:02,449 INFO run_daily: Passed options gate: 68 events
2026-09-02 18:04:02,449 INFO run_daily: Step 7: enriching 68 events
2026-09-02 18:04:17,231 INFO run_daily: Step 8: dedup
2026-09-02 18:04:17,232 INFO run_daily: Step 9: ranking
2026-09-02 18:04:17,233 INFO run_daily: Step 10: writing digest
2026-09-02 18:04:17,267 INFO src.digest_writer: digest written: output/market_radar_2026-09-02.html
2026-09-02 18:04:17,268 INFO run_daily: === Done: output/market_radar_2026-09-02.html ===
