2026-07-28 15:23:36,796 INFO run_daily: === Market Event Radar starting — 2026-07-28 ===
2026-07-28 15:23:36,798 INFO run_daily: Step 1: fetching earnings calendar
2026-07-28 15:23:48,448 INFO src.event_fetcher: nasdaq earnings: 937 entries across 7 days
2026-07-28 15:23:49,780 INFO src.event_fetcher: finnhub earnings: 1500 entries
2026-07-28 15:23:49,780 INFO src.event_fetcher: merged earnings universe: 1647 unique tickers
2026-07-28 15:23:49,781 INFO run_daily: Step 2: fetching 8-K filings
2026-07-28 15:23:50,423 INFO src.event_fetcher: edgar 8-K filings: 100
2026-07-28 15:23:50,638 INFO run_daily: Step 3: building universe
2026-07-28 15:23:50,640 INFO src.universe: universe: 35 tickers (10 watchlist, 25 discovered)
2026-07-28 15:23:50,640 INFO run_daily: Universe: 35 tickers
2026-07-28 15:23:50,640 INFO run_daily: Step 4: yfinance cross-check for 35 tickers
2026-07-28 15:24:01,865 ERROR yfinance: HTTP Error 404: {"quoteSummary":{"result":null,"error":{"code":"Not Found","description":"Quote not found for symbol: STR"}}}
2026-07-28 15:24:04,012 INFO run_daily: Step 5: building earnings events
2026-07-28 15:24:04,016 INFO src.source_merger: earnings events built: 1647
2026-07-28 15:24:04,016 INFO run_daily: Step 5b: building 8-K events
2026-07-28 15:24:04,018 INFO run_daily: Step 6: options filter (1747 candidates)
2026-07-28 15:24:08,743 WARNING src.options_filter: AACG: options data unavailable from all sources
2026-07-28 15:24:12,158 ERROR yfinance: HTTP Error 404: {"quoteSummary":{"result":null,"error":{"code":"Not Found","description":"Quote not found for symbol: AC"}}}
2026-07-28 15:24:12,398 ERROR yfinance: $AC: possibly delisted; no price data found  (period=1mo) (Yahoo error = "No data found, symbol may be delisted")
2026-07-28 15:24:16,712 WARNING src.options_filter: AC: options data unavailable from all sources
2026-07-28 15:24:29,333 WARNING src.options_filter: ACMTA: options data unavailable from all sources
2026-07-28 15:24:39,224 WARNING src.options_filter: ACUT: options data unavailable from all sources
2026-07-28 15:25:08,186 WARNING src.options_filter: ALGS: options data unavailable from all sources
2026-07-28 15:25:44,201 WARNING src.options_filter: AOMR: options data unavailable from all sources
2026-07-28 15:26:27,572 WARNING src.options_filter: ATXG: options data unavailable from all sources
2026-07-28 15:26:34,571 WARNING src.options_filter: AUST: options data unavailable from all sources
2026-07-28 15:26:34,875 ERROR yfinance: HTTP Error 404: {"quoteSummary":{"result":null,"error":{"code":"Not Found","description":"Quote not found for symbol: AVDX"}}}
2026-07-28 15:26:35,172 ERROR yfinance: $AVDX: possibly delisted; no price data found  (period=1mo) (Yahoo error = "No data found, symbol may be delisted")
2026-07-28 15:26:39,438 WARNING src.options_filter: AVDX: options data unavailable from all sources
2026-07-28 15:26:49,563 ERROR yfinance: $BFIN: possibly delisted; no price data found  (period=1mo)
2026-07-28 15:26:53,850 WARNING src.options_filter: BFIN: options data unavailable from all sources
2026-07-28 15:27:20,465 WARNING src.options_filter: BOW: options data unavailable from all sources
2026-07-28 15:27:32,796 ERROR yfinance: $BRY: possibly delisted; no price data found  (period=1mo) (Yahoo error = "No data found, symbol may be delisted")
2026-07-28 15:27:37,066 WARNING src.options_filter: BRY: options data unavailable from all sources
2026-07-28 15:27:49,591 WARNING src.options_filter: BXDC: options data unavailable from all sources
2026-07-28 15:28:18,260 WARNING src.options_filter: CHKR: options data unavailable from all sources
2026-07-28 15:28:24,720 ERROR yfinance: $CIVI: possibly delisted; no price data found  (period=1mo) (Yahoo error = "No data found, symbol may be delisted")
2026-07-28 15:28:29,028 WARNING src.options_filter: CIVI: options data unavailable from all sources
2026-07-28 15:28:33,520 WARNING src.options_filter: CIX: options data unavailable from all sources
2026-07-28 15:28:43,794 WARNING src.options_filter: CMT: options data unavailable from all sources
2026-07-28 15:29:01,024 ERROR yfinance: $CRGX: possibly delisted; no price data found  (period=1mo) (Yahoo error = "No data found, symbol may be delisted")
2026-07-28 15:29:05,292 WARNING src.options_filter: CRGX: options data unavailable from all sources
2026-07-28 15:29:09,691 WARNING src.options_filter: CRMZ: options data unavailable from all sources
2026-07-28 15:29:16,150 ERROR yfinance: $CSGS: possibly delisted; no price data found  (period=1mo) (Yahoo error = "No data found, symbol may be delisted")
2026-07-28 15:29:20,409 WARNING src.options_filter: CSGS: options data unavailable from all sources
2026-07-28 15:29:35,792 WARNING src.options_filter: CYAN: options data unavailable from all sources
2026-07-28 15:29:40,161 WARNING src.options_filter: CYN: options data unavailable from all sources
2026-07-28 15:29:40,491 ERROR yfinance: $DAY: possibly delisted; no price data found  (period=1mo) (Yahoo error = "No data found, symbol may be delisted")
2026-07-28 15:29:44,743 WARNING src.options_filter: DAY: options data unavailable from all sources
2026-07-28 15:30:26,401 WARNING src.options_filter: ECOR: options data unavailable from all sources
2026-07-28 15:30:29,300 ERROR yfinance: $EHAB: possibly delisted; no price data found  (period=1mo) (Yahoo error = "No data found, symbol may be delisted")
2026-07-28 15:30:33,642 WARNING src.options_filter: EHAB: options data unavailable from all sources
2026-07-28 15:31:03,678 ERROR yfinance: $EXAS: possibly delisted; no price data found  (period=1mo) (Yahoo error = "No data found, symbol may be delisted")
2026-07-28 15:31:07,948 WARNING src.options_filter: EXAS: options data unavailable from all sources
2026-07-28 15:31:17,774 WARNING src.options_filter: FALC: options data unavailable from all sources
2026-07-28 15:31:25,270 WARNING src.options_filter: FCT: options data unavailable from all sources
2026-07-28 15:31:33,034 WARNING src.options_filter: FLYE: options data unavailable from all sources
2026-07-28 15:31:40,002 WARNING src.options_filter: FRPH: options data unavailable from all sources
2026-07-28 15:31:47,698 WARNING src.options_filter: FTCO: options data unavailable from all sources
2026-07-28 15:31:54,853 WARNING src.options_filter: FTHY: options data unavailable from all sources
2026-07-28 15:32:02,776 WARNING src.options_filter: FUND: options data unavailable from all sources
2026-07-28 15:32:11,376 ERROR yfinance: $GIFI: possibly delisted; no price data found  (period=1mo) (Yahoo error = "No data found, symbol may be delisted")
2026-07-28 15:32:15,843 WARNING src.options_filter: GIFI: options data unavailable from all sources
2026-07-28 15:32:28,582 WARNING src.options_filter: GNRV: options data unavailable from all sources
2026-07-28 15:33:04,574 WARNING src.options_filter: HNNA: options data unavailable from all sources
2026-07-28 15:33:49,845 ERROR yfinance: $ITOS: possibly delisted; no price data found  (period=1mo) (Yahoo error = "No data found, symbol may be delisted")
2026-07-28 15:33:54,108 WARNING src.options_filter: ITOS: options data unavailable from all sources
2026-07-28 15:34:24,215 WARNING src.options_filter: KPLT: options data unavailable from all sources
2026-07-28 15:34:32,737 ERROR yfinance: $KW: possibly delisted; no price data found  (period=1mo)
2026-07-28 15:34:37,029 WARNING src.options_filter: KW: options data unavailable from all sources
2026-07-28 15:34:54,258 ERROR yfinance: $LNW: possibly delisted; no price data found  (period=1mo)
2026-07-28 15:34:58,528 WARNING src.options_filter: LNW: options data unavailable from all sources
2026-07-28 15:35:12,325 WARNING src.options_filter: LSF: options data unavailable from all sources
2026-07-28 15:35:32,268 WARNING src.options_filter: MCBK: options data unavailable from all sources
2026-07-28 15:36:05,356 WARNING src.options_filter: MLEC: options data unavailable from all sources
2026-07-28 15:36:50,136 WARNING src.options_filter: NASB: options data unavailable from all sources
2026-07-28 15:36:50,537 ERROR yfinance: $NDOI: possibly delisted; no price data found  (period=1mo) (Yahoo error = "No data found, symbol may be delisted")
2026-07-28 15:36:54,788 WARNING src.options_filter: NDOI: options data unavailable from all sources
2026-07-28 15:37:01,781 WARNING src.options_filter: NOTV: options data unavailable from all sources
2026-07-28 15:37:17,211 WARNING src.options_filter: NSTM: options data unavailable from all sources
2026-07-28 15:37:30,103 WARNING src.options_filter: NXL: options data unavailable from all sources
2026-07-28 15:37:32,682 ERROR yfinance: $ODP: possibly delisted; no price data found  (period=1mo) (Yahoo error = "No data found, symbol may be delisted")
2026-07-28 15:37:36,949 WARNING src.options_filter: ODP: options data unavailable from all sources
2026-07-28 15:37:41,315 WARNING src.options_filter: OESX: options data unavailable from all sources
2026-07-28 15:38:00,042 WARNING src.options_filter: OTCM: options data unavailable from all sources
2026-07-28 15:38:07,849 WARNING src.options_filter: PAVS: options data unavailable from all sources
2026-07-28 15:38:08,169 ERROR yfinance: $PBPB: possibly delisted; no price data found  (period=1mo) (Yahoo error = "No data found, symbol may be delisted")
2026-07-28 15:38:12,447 WARNING src.options_filter: PBPB: options data unavailable from all sources
2026-07-28 15:38:30,039 WARNING src.options_filter: PFX: options data unavailable from all sources
2026-07-28 15:38:37,416 WARNING src.options_filter: PHBI: options data unavailable from all sources
2026-07-28 15:38:41,072 ERROR yfinance: $PLYM: possibly delisted; no price data found  (period=1mo) (Yahoo error = "No data found, symbol may be delisted")
2026-07-28 15:38:45,333 WARNING src.options_filter: PLYM: options data unavailable from all sources
2026-07-28 15:39:15,411 WARNING src.options_filter: PULM: options data unavailable from all sources
2026-07-28 15:39:28,615 WARNING src.options_filter: RCMT: options data unavailable from all sources
2026-07-28 15:39:39,034 WARNING src.options_filter: REEMF: options data unavailable from all sources
2026-07-28 15:40:17,360 WARNING src.options_filter: SEAT: options data unavailable from all sources
2026-07-28 15:40:21,787 WARNING src.options_filter: SEB: options data unavailable from all sources
2026-07-28 15:40:39,211 WARNING src.options_filter: SILA: options data unavailable from all sources
2026-07-28 15:40:58,267 WARNING src.options_filter: SLNG: options data unavailable from all sources
2026-07-28 15:41:09,657 WARNING src.options_filter: SOUB: options data unavailable from all sources
2026-07-28 15:41:27,164 WARNING src.options_filter: SSII: options data unavailable from all sources
2026-07-28 15:41:37,645 WARNING src.options_filter: STEW: options data unavailable from all sources
2026-07-28 15:41:44,967 WARNING src.options_filter: SUJA: options data unavailable from all sources
2026-07-28 15:42:53,247 ERROR yfinance: $TRUE: possibly delisted; no price data found  (period=1mo) (Yahoo error = "No data found, symbol may be delisted")
2026-07-28 15:42:57,521 WARNING src.options_filter: TRUE: options data unavailable from all sources
2026-07-28 15:42:57,913 ERROR yfinance: $TRVR: possibly delisted; no price data found  (period=1mo) (Yahoo error = "No data found, symbol may be delisted")
2026-07-28 15:43:02,214 WARNING src.options_filter: TRVR: options data unavailable from all sources
2026-07-28 15:43:19,386 WARNING src.options_filter: TYGO: options data unavailable from all sources
2026-07-28 15:43:26,393 WARNING src.options_filter: UONEK: options data unavailable from all sources
2026-07-28 15:43:39,554 WARNING src.options_filter: USEA: options data unavailable from all sources
2026-07-28 15:43:58,718 ERROR yfinance: $VRNA: possibly delisted; no price data found  (period=1mo) (Yahoo error = "No data found, symbol may be delisted")
2026-07-28 15:44:03,010 WARNING src.options_filter: VRNA: options data unavailable from all sources
2026-07-28 15:44:03,363 ERROR yfinance: $VSTA: possibly delisted; no price data found  (period=1mo) (Yahoo error = "No data found, symbol may be delisted")
2026-07-28 15:44:07,648 WARNING src.options_filter: VSTA: options data unavailable from all sources
2026-07-28 15:44:07,968 ERROR yfinance: $VTLE: possibly delisted; no price data found  (period=1mo) (Yahoo error = "No data found, symbol may be delisted")
2026-07-28 15:44:12,215 WARNING src.options_filter: VTLE: options data unavailable from all sources
2026-07-28 15:44:25,666 WARNING src.options_filter: WEYS: options data unavailable from all sources
2026-07-28 15:44:36,766 WARNING src.options_filter: WLFC: options data unavailable from all sources
2026-07-28 15:45:04,212 WARNING src.options_filter: XPL: options data unavailable from all sources
2026-07-28 15:45:17,711 WARNING src.options_filter: ZOMDF: options data unavailable from all sources
2026-07-28 15:45:21,578 WARNING src.options_filter: AACB: options data unavailable from all sources
2026-07-28 15:45:27,989 WARNING src.options_filter: AILLP: options data unavailable from all sources
2026-07-28 15:45:30,977 ERROR yfinance: $AL: possibly delisted; no price data found  (period=1mo) (Yahoo error = "No data found, symbol may be delisted")
2026-07-28 15:45:35,317 WARNING src.options_filter: AL: options data unavailable from all sources
2026-07-28 15:45:39,098 WARNING src.options_filter: ALX: options data unavailable from all sources
2026-07-28 15:45:42,940 WARNING src.options_filter: AMBO: options data unavailable from all sources
2026-07-28 15:45:46,736 WARNING src.options_filter: AQB: options data unavailable from all sources
2026-07-28 15:45:54,678 WARNING src.options_filter: BBLR: options data unavailable from all sources
2026-07-28 15:46:06,176 WARNING src.options_filter: BKOR: options data unavailable from all sources
2026-07-28 15:46:09,960 WARNING src.options_filter: BLD: options data unavailable from all sources
2026-07-28 15:46:17,721 WARNING src.options_filter: BODI: options data unavailable from all sources
2026-07-28 15:46:22,092 WARNING src.options_filter: BOLD: options data unavailable from all sources
2026-07-28 15:46:26,491 WARNING src.options_filter: BOTJ: options data unavailable from all sources
2026-07-28 15:46:26,755 ERROR yfinance: $BRK.A: possibly delisted; no price data found  (period=1mo) (Yahoo error = "No data found, symbol may be delisted")
2026-07-28 15:46:31,022 WARNING src.options_filter: BRK.A: options data unavailable from all sources
2026-07-28 15:46:31,289 ERROR yfinance: $BTM: possibly delisted; no price data found  (period=1mo) (Yahoo error = "No data found, symbol may be delisted")
2026-07-28 15:46:35,570 WARNING src.options_filter: BTM: options data unavailable from all sources
2026-07-28 15:46:39,364 WARNING src.options_filter: BYOC: options data unavailable from all sources
2026-07-28 15:46:43,139 WARNING src.options_filter: CATV: options data unavailable from all sources
2026-07-28 15:46:47,536 WARNING src.options_filter: CMDB: options data unavailable from all sources
2026-07-28 15:46:51,479 WARNING src.options_filter: CNDA: options data unavailable from all sources
2026-07-28 15:46:55,836 WARNING src.options_filter: CNTX: options data unavailable from all sources
2026-07-28 15:47:02,142 ERROR yfinance: $CRD.B: possibly delisted; no price data found  (period=1mo) (Yahoo error = "No data found, symbol may be delisted")
2026-07-28 15:47:06,443 WARNING src.options_filter: CRD.B: options data unavailable from all sources
2026-07-28 15:47:10,213 WARNING src.options_filter: CRIS: options data unavailable from all sources
2026-07-28 15:47:14,059 ERROR yfinance: $CTHR: possibly delisted; no price data found  (period=1mo) (Yahoo error = "No data found, symbol may be delisted")
2026-07-28 15:47:18,491 WARNING src.options_filter: CTHR: options data unavailable from all sources
2026-07-28 15:47:21,816 ERROR yfinance: $CTRA: possibly delisted; no price data found  (period=1mo) (Yahoo error = "No data found, symbol may be delisted")
2026-07-28 15:47:26,074 WARNING src.options_filter: CTRA: options data unavailable from all sources
2026-07-28 15:47:30,435 WARNING src.options_filter: CURR: options data unavailable from all sources
2026-07-28 15:47:30,750 ERROR yfinance: $CYBR: possibly delisted; no price data found  (period=1mo) (Yahoo error = "No data found, symbol may be delisted")
2026-07-28 15:47:35,011 WARNING src.options_filter: CYBR: options data unavailable from all sources
2026-07-28 15:47:38,771 WARNING src.options_filter: CYCN: options data unavailable from all sources
2026-07-28 15:47:39,046 ERROR yfinance: $DENN: possibly delisted; no price data found  (period=1mo) (Yahoo error = "No data found, symbol may be delisted")
2026-07-28 15:47:43,315 WARNING src.options_filter: DENN: options data unavailable from all sources
2026-07-28 15:47:47,077 WARNING src.options_filter: DMAA: options data unavailable from all sources
2026-07-28 15:47:51,474 WARNING src.options_filter: DMRA: options data unavailable from all sources
2026-07-28 15:47:56,171 WARNING src.options_filter: DRCT: options data unavailable from all sources
2026-07-28 15:47:59,922 WARNING src.options_filter: EEX: options data unavailable from all sources
2026-07-28 15:48:03,728 WARNING src.options_filter: ESPR: options data unavailable from all sources
2026-07-28 15:48:08,175 WARNING src.options_filter: FACO: options data unavailable from all sources
2026-07-28 15:48:11,946 WARNING src.options_filter: FERAU: options data unavailable from all sources
2026-07-28 15:48:17,892 WARNING src.options_filter: FNFI: options data unavailable from all sources
2026-07-28 15:48:22,256 WARNING src.options_filter: FTH: options data unavailable from all sources
2026-07-28 15:48:26,017 WARNING src.options_filter: GAMI: options data unavailable from all sources
2026-07-28 15:48:38,985 WARNING src.options_filter: GECC: options data unavailable from all sources
2026-07-28 15:48:43,345 WARNING src.options_filter: GENK: options data unavailable from all sources
2026-07-28 15:48:43,604 ERROR yfinance: $GLDD: possibly delisted; no price data found  (period=1mo) (Yahoo error = "No data found, symbol may be delisted")
2026-07-28 15:48:47,866 WARNING src.options_filter: GLDD: options data unavailable from all sources
2026-07-28 15:48:54,709 WARNING src.options_filter: GOF: options data unavailable from all sources
2026-07-28 15:49:05,138 WARNING src.options_filter: GSUN: options data unavailable from all sources
2026-07-28 15:49:08,900 WARNING src.options_filter: GTIJF: options data unavailable from all sources
2026-07-28 15:49:13,453 WARNING src.options_filter: HDRN: options data unavailable from all sources
2026-07-28 15:49:16,506 ERROR yfinance: $HSII: possibly delisted; no price data found  (period=1mo) (Yahoo error = "No data found, symbol may be delisted")
2026-07-28 15:49:20,757 WARNING src.options_filter: HSII: options data unavailable from all sources
2026-07-28 15:49:30,102 WARNING src.options_filter: ICCM: options data unavailable from all sources
2026-07-28 15:49:37,471 WARNING src.options_filter: IMNN: options data unavailable from all sources
2026-07-28 15:49:46,151 WARNING src.options_filter: ITRMF: options data unavailable from all sources
2026-07-28 15:49:50,005 WARNING src.options_filter: JENA: options data unavailable from all sources
2026-07-28 15:49:53,760 WARNING src.options_filter: JSHG: options data unavailable from all sources
2026-07-28 15:49:57,547 ERROR yfinance: $KLG: possibly delisted; no price data found  (period=1mo) (Yahoo error = "No data found, symbol may be delisted")
2026-07-28 15:50:01,805 WARNING src.options_filter: KLG: options data unavailable from all sources
2026-07-28 15:50:09,017 WARNING src.options_filter: LIFE: options data unavailable from all sources
2026-07-28 15:50:12,782 WARNING src.options_filter: LPCN: options data unavailable from all sources
2026-07-28 15:50:12,874 ERROR yfinance: $MASI: possibly delisted; no price data found  (period=1mo)
2026-07-28 15:50:17,195 WARNING src.options_filter: MASI: options data unavailable from all sources
2026-07-28 15:50:23,790 WARNING src.options_filter: MCOM: options data unavailable from all sources
2026-07-28 15:50:24,058 ERROR yfinance: $ME: possibly delisted; no price data found  (period=1mo) (Yahoo error = "No data found, symbol may be delisted")
2026-07-28 15:50:28,309 WARNING src.options_filter: ME: options data unavailable from all sources
2026-07-28 15:50:32,719 WARNING src.options_filter: MLAB: options data unavailable from all sources
2026-07-28 15:50:36,328 ERROR yfinance: $MRUS: possibly delisted; no price data found  (period=1mo) (Yahoo error = "No data found, symbol may be delisted")
2026-07-28 15:50:40,590 WARNING src.options_filter: MRUS: options data unavailable from all sources
2026-07-28 15:50:44,359 WARNING src.options_filter: MSC: options data unavailable from all sources
2026-07-28 15:50:53,287 WARNING src.options_filter: NPV: options data unavailable from all sources
2026-07-28 15:50:57,046 WARNING src.options_filter: NSARO: options data unavailable from all sources
2026-07-28 15:51:02,176 ERROR yfinance: $NVEE: possibly delisted; no price data found  (period=1mo) (Yahoo error = "No data found, symbol may be delisted")
2026-07-28 15:51:06,453 WARNING src.options_filter: NVEE: options data unavailable from all sources
2026-07-28 15:51:15,776 ERROR yfinance: $OLO: possibly delisted; no price data found  (period=1mo) (Yahoo error = "No data found, symbol may be delisted")
2026-07-28 15:51:20,032 WARNING src.options_filter: OLO: options data unavailable from all sources
2026-07-28 15:51:23,843 WARNING src.options_filter: OSBK: options data unavailable from all sources
2026-07-28 15:51:28,224 WARNING src.options_filter: OXBC: options data unavailable from all sources
2026-07-28 15:51:31,981 WARNING src.options_filter: OZ: options data unavailable from all sources
2026-07-28 15:51:35,806 WARNING src.options_filter: PBHC: options data unavailable from all sources
2026-07-28 15:51:42,222 WARNING src.options_filter: PLSH: options data unavailable from all sources
2026-07-28 15:51:45,973 WARNING src.options_filter: PRA: options data unavailable from all sources
2026-07-28 15:51:58,646 WARNING src.options_filter: PW: options data unavailable from all sources
2026-07-28 15:51:58,971 ERROR yfinance: $QLUNF: possibly delisted; no price data found  (period=1mo) (Yahoo error = "No data found, symbol may be delisted")
2026-07-28 15:52:03,251 WARNING src.options_filter: QLUNF: options data unavailable from all sources
2026-07-28 15:52:13,695 WARNING src.options_filter: RVRF: options data unavailable from all sources
2026-07-28 15:52:23,583 WARNING src.options_filter: SANW: options data unavailable from all sources
2026-07-28 15:52:27,343 WARNING src.options_filter: SCOR: options data unavailable from all sources
2026-07-28 15:52:27,675 ERROR yfinance: $SEE: possibly delisted; no price data found  (period=1mo) (Yahoo error = "No data found, symbol may be delisted")
2026-07-28 15:52:31,937 WARNING src.options_filter: SEE: options data unavailable from all sources
2026-07-28 15:52:32,262 ERROR yfinance: $SEMR: possibly delisted; no price data found  (period=1mo) (Yahoo error = "No data found, symbol may be delisted")
2026-07-28 15:52:36,511 WARNING src.options_filter: SEMR: options data unavailable from all sources
2026-07-28 15:52:40,886 WARNING src.options_filter: SER: options data unavailable from all sources
2026-07-28 15:52:50,964 WARNING src.options_filter: SINC: options data unavailable from all sources
2026-07-28 15:52:53,884 ERROR yfinance: $SMLR: possibly delisted; no price data found  (period=1mo) (Yahoo error = "No data found, symbol may be delisted")
2026-07-28 15:52:58,150 WARNING src.options_filter: SMLR: options data unavailable from all sources
2026-07-28 15:53:05,292 WARNING src.options_filter: SNTI: options data unavailable from all sources
2026-07-28 15:53:05,568 ERROR yfinance: $SPLP: possibly delisted; no price data found  (period=1mo) (Yahoo error = "No data found, symbol may be delisted")
2026-07-28 15:53:09,817 WARNING src.options_filter: SPLP: options data unavailable from all sources
2026-07-28 15:53:15,770 WARNING src.options_filter: SRV: options data unavailable from all sources
2026-07-28 15:53:21,196 ERROR yfinance: $STR: possibly delisted; no price data found  (period=1mo) (Yahoo error = "No data found, symbol may be delisted")
2026-07-28 15:53:25,456 WARNING src.options_filter: STR: options data unavailable from all sources
2026-07-28 15:53:29,275 WARNING src.options_filter: SUIC: options data unavailable from all sources
2026-07-28 15:53:33,047 WARNING src.options_filter: SWRD: options data unavailable from all sources
2026-07-28 15:53:36,765 ERROR yfinance: $TERN: possibly delisted; no price data found  (period=1mo) (Yahoo error = "No data found, symbol may be delisted")
2026-07-28 15:53:41,017 WARNING src.options_filter: TERN: options data unavailable from all sources
2026-07-28 15:53:55,246 WARNING src.options_filter: TPHS: options data unavailable from all sources
2026-07-28 15:53:59,155 WARNING src.options_filter: TYG: options data unavailable from all sources
2026-07-28 15:54:05,608 WARNING src.options_filter: USBC: options data unavailable from all sources
2026-07-28 15:54:09,409 WARNING src.options_filter: VATE: options data unavailable from all sources
2026-07-28 15:54:09,749 ERROR yfinance: $VMEO: possibly delisted; no price data found  (period=1mo) (Yahoo error = "No data found, symbol may be delisted")
2026-07-28 15:54:13,995 WARNING src.options_filter: VMEO: options data unavailable from all sources
2026-07-28 15:54:17,753 WARNING src.options_filter: VPLM: options data unavailable from all sources
2026-07-28 15:54:27,015 ERROR yfinance: $VTYX: possibly delisted; no price data found  (period=1mo) (Yahoo error = "No data found, symbol may be delisted")
2026-07-28 15:54:31,324 WARNING src.options_filter: VTYX: options data unavailable from all sources
2026-07-28 15:54:35,081 WARNING src.options_filter: WDLF: options data unavailable from all sources
2026-07-28 15:54:38,850 WARNING src.options_filter: WHLR: options data unavailable from all sources
2026-07-28 15:54:45,519 WARNING src.options_filter: GCL: options data unavailable from all sources
2026-07-28 15:54:49,168 ERROR yfinance: $MOG.A: possibly delisted; no price data found  (period=1mo) (Yahoo error = "No data found, symbol may be delisted")
2026-07-28 15:54:53,426 WARNING src.options_filter: MOG.A: options data unavailable from all sources
2026-07-28 15:54:57,183 WARNING src.options_filter: NATH: options data unavailable from all sources
2026-07-28 15:55:00,936 WARNING src.options_filter: TCBS: options data unavailable from all sources
2026-07-28 15:55:05,313 WARNING src.options_filter: ACCS: options data unavailable from all sources
2026-07-28 15:55:09,163 WARNING src.options_filter: ADNH: options data unavailable from all sources
2026-07-28 15:55:12,929 WARNING src.options_filter: AHRO: options data unavailable from all sources
2026-07-28 15:55:20,301 WARNING src.options_filter: ALCO: options data unavailable from all sources
2026-07-28 15:55:26,627 WARNING src.options_filter: AQMS: options data unavailable from all sources
2026-07-28 15:55:30,405 WARNING src.options_filter: AUSI: options data unavailable from all sources
2026-07-28 15:55:34,161 WARNING src.options_filter: BAFN: options data unavailable from all sources
2026-07-28 15:55:37,924 WARNING src.options_filter: CDRO: options data unavailable from all sources
2026-07-28 15:55:44,281 WARNING src.options_filter: CZFS: options data unavailable from all sources
2026-07-28 15:55:44,586 ERROR yfinance: $DFCO: possibly delisted; no price data found  (period=1mo) (Yahoo error = "No data found, symbol may be delisted")
2026-07-28 15:55:48,838 WARNING src.options_filter: DFCO: options data unavailable from all sources
2026-07-28 15:55:52,595 WARNING src.options_filter: ELC: options data unavailable from all sources
2026-07-28 15:55:56,347 WARNING src.options_filter: ERKH: options data unavailable from all sources
2026-07-28 15:56:00,105 WARNING src.options_filter: FATN: options data unavailable from all sources
2026-07-28 15:56:03,868 WARNING src.options_filter: FBLG: options data unavailable from all sources
2026-07-28 15:56:10,342 WARNING src.options_filter: FSHP: options data unavailable from all sources
2026-07-28 15:56:17,127 WARNING src.options_filter: GOAI: options data unavailable from all sources
2026-07-28 15:56:23,851 WARNING src.options_filter: GVFF: options data unavailable from all sources
2026-07-28 15:56:27,613 WARNING src.options_filter: HYI: options data unavailable from all sources
2026-07-28 15:56:31,598 WARNING src.options_filter: JANL: options data unavailable from all sources
2026-07-28 15:56:35,949 WARNING src.options_filter: JSDA: options data unavailable from all sources
2026-07-28 15:56:39,763 WARNING src.options_filter: KCLI: options data unavailable from all sources
2026-07-28 15:56:50,175 WARNING src.options_filter: MDRX: options data unavailable from all sources
2026-07-28 15:56:54,097 WARNING src.options_filter: NCSM: options data unavailable from all sources
2026-07-28 15:56:57,843 WARNING src.options_filter: NLST: options data unavailable from all sources
2026-07-28 15:57:01,641 WARNING src.options_filter: NRSN: options data unavailable from all sources
2026-07-28 15:57:11,983 WARNING src.options_filter: PFO: options data unavailable from all sources
2026-07-28 15:57:17,652 ERROR yfinance: $SBSAA: possibly delisted; no price data found  (period=1mo)
2026-07-28 15:57:21,958 WARNING src.options_filter: SBSAA: options data unavailable from all sources
2026-07-28 15:57:25,725 WARNING src.options_filter: SCIA: options data unavailable from all sources
2026-07-28 15:57:29,476 WARNING src.options_filter: SCKT: options data unavailable from all sources
2026-07-28 15:57:29,973 ERROR yfinance: $SNCY: possibly delisted; no price data found  (period=1mo) (Yahoo error = "No data found, symbol may be delisted")
2026-07-28 15:57:34,250 WARNING src.options_filter: SNCY: options data unavailable from all sources
2026-07-28 15:57:46,614 ERROR yfinance: $TRTN PR A: possibly delisted; no price data found  (period=1mo) (Yahoo error = "No data found, symbol may be delisted")
2026-07-28 15:57:50,863 WARNING src.options_filter: TRTN PR A: options data unavailable from all sources
2026-07-28 15:57:56,932 WARNING src.options_filter: VRTS: options data unavailable from all sources
2026-07-28 15:58:00,685 WARNING src.options_filter: VXRT: options data unavailable from all sources
2026-07-28 15:58:04,459 WARNING src.options_filter: VYST: options data unavailable from all sources
2026-07-28 15:58:08,821 WARNING src.options_filter: XTNT: options data unavailable from all sources
2026-07-28 15:58:15,248 WARNING src.options_filter: ALPIB: options data unavailable from all sources
2026-07-28 15:58:15,537 ERROR yfinance: $APLS: possibly delisted; no price data found  (period=1mo) (Yahoo error = "No data found, symbol may be delisted")
2026-07-28 15:58:19,789 WARNING src.options_filter: APLS: options data unavailable from all sources
2026-07-28 15:58:23,555 WARNING src.options_filter: ASIC: options data unavailable from all sources
2026-07-28 15:58:27,315 WARNING src.options_filter: ATGN: options data unavailable from all sources
2026-07-28 15:58:31,063 WARNING src.options_filter: AURX: options data unavailable from all sources
2026-07-28 15:58:34,864 WARNING src.options_filter: BBOT: options data unavailable from all sources
2026-07-28 15:58:38,614 WARNING src.options_filter: BELFA: options data unavailable from all sources
2026-07-28 15:58:42,367 WARNING src.options_filter: BIOF: options data unavailable from all sources
2026-07-28 15:58:46,117 WARNING src.options_filter: BORT: options data unavailable from all sources
2026-07-28 15:58:49,886 WARNING src.options_filter: BSFO: options data unavailable from all sources
2026-07-28 15:58:53,634 WARNING src.options_filter: BYFC: options data unavailable from all sources
2026-07-28 15:58:57,411 WARNING src.options_filter: CCZ: options data unavailable from all sources
2026-07-28 15:59:01,165 WARNING src.options_filter: CFFI: options data unavailable from all sources
2026-07-28 15:59:01,556 ERROR yfinance: $CIO: possibly delisted; no price data found  (period=1mo) (Yahoo error = "No data found, symbol may be delisted")
2026-07-28 15:59:05,948 WARNING src.options_filter: CIO: options data unavailable from all sources
2026-07-28 15:59:09,715 WARNING src.options_filter: CLMB: options data unavailable from all sources
2026-07-28 15:59:09,991 ERROR yfinance: $CMS PR B: possibly delisted; no price data found  (period=1mo) (Yahoo error = "No data found, symbol may be delisted")
2026-07-28 15:59:14,254 WARNING src.options_filter: CMS PR B: options data unavailable from all sources
2026-07-28 15:59:14,537 ERROR yfinance: $CRAWA: possibly delisted; no price data found  (period=1mo) (Yahoo error = "No data found, symbol may be delisted")
2026-07-28 15:59:18,796 WARNING src.options_filter: CRAWA: options data unavailable from all sources
2026-07-28 15:59:22,549 WARNING src.options_filter: CULL: options data unavailable from all sources
2026-07-28 15:59:26,299 WARNING src.options_filter: CWBK: options data unavailable from all sources
2026-07-28 15:59:26,573 ERROR yfinance: $DAWN: possibly delisted; no price data found  (period=1mo) (Yahoo error = "No data found, symbol may be delisted")
2026-07-28 15:59:30,837 WARNING src.options_filter: DAWN: options data unavailable from all sources
2026-07-28 15:59:34,931 WARNING src.options_filter: FDBC: options data unavailable from all sources
2026-07-28 15:59:38,686 WARNING src.options_filter: FFC: options data unavailable from all sources
2026-07-28 15:59:39,009 ERROR yfinance: $FFWM: possibly delisted; no price data found  (period=1mo) (Yahoo error = "No data found, symbol may be delisted")
2026-07-28 15:59:43,263 WARNING src.options_filter: FFWM: options data unavailable from all sources
2026-07-28 15:59:47,016 WARNING src.options_filter: FINW: options data unavailable from all sources
2026-07-28 15:59:50,764 WARNING src.options_filter: FLC: options data unavailable from all sources
2026-07-28 15:59:54,515 WARNING src.options_filter: FNMA: options data unavailable from all sources
2026-07-28 15:59:58,272 WARNING src.options_filter: FNWD: options data unavailable from all sources
2026-07-28 15:59:58,549 ERROR yfinance: $FOLD: possibly delisted; no price data found  (period=1mo) (Yahoo error = "No data found, symbol may be delisted")
2026-07-28 16:00:02,933 WARNING src.options_filter: FOLD: options data unavailable from all sources
2026-07-28 16:00:06,701 WARNING src.options_filter: FUSB: options data unavailable from all sources
2026-07-28 16:00:10,481 WARNING src.options_filter: FXNC: options data unavailable from all sources
2026-07-28 16:00:14,298 WARNING src.options_filter: GSIW: options data unavailable from all sources
2026-07-28 16:00:18,065 WARNING src.options_filter: GWOX: options data unavailable from all sources
2026-07-28 16:00:21,844 WARNING src.options_filter: HGYN: options data unavailable from all sources
2026-07-28 16:00:22,217 ERROR yfinance: $IGMS: possibly delisted; no price data found  (period=1mo) (Yahoo error = "No data found, symbol may be delisted")
2026-07-28 16:00:26,555 WARNING src.options_filter: IGMS: options data unavailable from all sources
2026-07-28 16:00:30,427 WARNING src.options_filter: JHG: options data unavailable from all sources
2026-07-28 16:00:30,813 ERROR yfinance: $JNPR: possibly delisted; no price data found  (period=1mo) (Yahoo error = "No data found, symbol may be delisted")
2026-07-28 16:00:35,079 WARNING src.options_filter: JNPR: options data unavailable from all sources
2026-07-28 16:00:35,344 ERROR yfinance: $K: possibly delisted; no price data found  (period=1mo) (Yahoo error = "No data found, symbol may be delisted")
2026-07-28 16:00:39,610 WARNING src.options_filter: K: options data unavailable from all sources
2026-07-28 16:00:43,370 WARNING src.options_filter: LARK: options data unavailable from all sources
2026-07-28 16:00:47,120 WARNING src.options_filter: LSBK: options data unavailable from all sources
2026-07-28 16:00:53,205 WARNING src.options_filter: NACB: options data unavailable from all sources
2026-07-28 16:01:00,569 WARNING src.options_filter: NBND: options data unavailable from all sources
2026-07-28 16:01:04,322 WARNING src.options_filter: NWPP: options data unavailable from all sources
2026-07-28 16:01:04,750 ERROR yfinance: $PCG PR A: possibly delisted; no price data found  (period=1mo) (Yahoo error = "No data found, symbol may be delisted")
2026-07-28 16:01:09,033 WARNING src.options_filter: PCG PR A: options data unavailable from all sources
2026-07-28 16:01:12,837 WARNING src.options_filter: PFHO: options data unavailable from all sources
2026-07-28 16:01:16,606 WARNING src.options_filter: PFIS: options data unavailable from all sources
2026-07-28 16:01:16,937 ERROR yfinance: $PRO: possibly delisted; no price data found  (period=1mo) (Yahoo error = "No data found, symbol may be delisted")
2026-07-28 16:01:21,209 WARNING src.options_filter: PRO: options data unavailable from all sources
2026-07-28 16:01:25,069 WARNING src.options_filter: QNTO: options data unavailable from all sources
2026-07-28 16:01:28,821 WARNING src.options_filter: RECT: options data unavailable from all sources
2026-07-28 16:01:32,574 WARNING src.options_filter: RMBI: options data unavailable from all sources
2026-07-28 16:01:36,328 WARNING src.options_filter: SCD: options data unavailable from all sources
2026-07-28 16:01:40,146 WARNING src.options_filter: SEM: options data unavailable from all sources
2026-07-28 16:01:43,899 WARNING src.options_filter: SFBC: options data unavailable from all sources
2026-07-28 16:01:47,664 WARNING src.options_filter: SILC: options data unavailable from all sources
2026-07-28 16:01:52,238 WARNING src.options_filter: SOMC: options data unavailable from all sources
2026-07-28 16:01:56,047 WARNING src.options_filter: TAKD: options data unavailable from all sources
2026-07-28 16:01:56,322 ERROR yfinance: $THS: possibly delisted; no price data found  (period=1mo) (Yahoo error = "No data found, symbol may be delisted")
2026-07-28 16:02:00,588 WARNING src.options_filter: THS: options data unavailable from all sources
2026-07-28 16:02:04,337 WARNING src.options_filter: UBCP: options data unavailable from all sources
2026-07-28 16:02:10,745 WARNING src.options_filter: WELX: options data unavailable from all sources
2026-07-28 16:02:11,019 ERROR yfinance: $ZEUS: possibly delisted; no price data found  (period=1mo) (Yahoo error = "No data found, symbol may be delisted")
2026-07-28 16:02:15,268 WARNING src.options_filter: ZEUS: options data unavailable from all sources
2026-07-28 16:02:15,538 ERROR yfinance: $ZYXI: possibly delisted; no price data found  (period=1mo) (Yahoo error = "No data found, symbol may be delisted")
2026-07-28 16:02:19,795 WARNING src.options_filter: ZYXI: options data unavailable from all sources
2026-07-28 16:02:20,169 ERROR yfinance: $CFLT: possibly delisted; no price data found  (period=1mo) (Yahoo error = "No data found, symbol may be delisted")
2026-07-28 16:02:24,418 WARNING src.options_filter: CFLT: options data unavailable from all sources
2026-07-28 16:02:28,228 WARNING src.options_filter: CHR: options data unavailable from all sources
2026-07-28 16:02:31,984 WARNING src.options_filter: CLRI: options data unavailable from all sources
2026-07-28 16:02:32,311 ERROR yfinance: $DALN: possibly delisted; no price data found  (period=1mo) (Yahoo error = "No data found, symbol may be delisted")
2026-07-28 16:02:36,582 WARNING src.options_filter: DALN: options data unavailable from all sources
2026-07-28 16:02:40,935 WARNING src.options_filter: EDVR: options data unavailable from all sources
2026-07-28 16:02:44,704 WARNING src.options_filter: EMO: options data unavailable from all sources
2026-07-28 16:02:48,458 WARNING src.options_filter: FATAQ: options data unavailable from all sources
2026-07-28 16:02:52,210 WARNING src.options_filter: FKYS: options data unavailable from all sources
2026-07-28 16:02:55,963 WARNING src.options_filter: FMBM: options data unavailable from all sources
2026-07-28 16:02:56,282 ERROR yfinance: $HES: possibly delisted; no price data found  (period=1mo) (Yahoo error = "No data found, symbol may be delisted")
2026-07-28 16:03:00,543 WARNING src.options_filter: HES: options data unavailable from all sources
2026-07-28 16:03:00,923 ERROR yfinance: $HOLX: possibly delisted; no price data found  (period=1mo) (Yahoo error = "No data found, symbol may be delisted")
2026-07-28 16:03:05,229 WARNING src.options_filter: HOLX: options data unavailable from all sources
2026-07-28 16:03:08,983 WARNING src.options_filter: LKNCY: options data unavailable from all sources
2026-07-28 16:03:12,739 WARNING src.options_filter: MATH: options data unavailable from all sources
2026-07-28 16:03:12,834 ERROR yfinance: $MCW: possibly delisted; no price data found  (period=1mo)
2026-07-28 16:03:17,144 WARNING src.options_filter: MCW: options data unavailable from all sources
2026-07-28 16:03:20,898 WARNING src.options_filter: MIMI: options data unavailable from all sources
2026-07-28 16:03:24,655 WARNING src.options_filter: MMU: options data unavailable from all sources
2026-07-28 16:03:28,408 WARNING src.options_filter: OFLX: options data unavailable from all sources
2026-07-28 16:03:32,167 WARNING src.options_filter: OPI: options data unavailable from all sources
2026-07-28 16:03:32,531 ERROR yfinance: $OPOF: possibly delisted; no price data found  (period=1mo) (Yahoo error = "No data found, symbol may be delisted")
2026-07-28 16:03:36,801 WARNING src.options_filter: OPOF: options data unavailable from all sources
2026-07-28 16:03:37,131 ERROR yfinance: $PGRE: possibly delisted; no price data found  (period=1mo) (Yahoo error = "No data found, symbol may be delisted")
2026-07-28 16:03:41,396 WARNING src.options_filter: PGRE: options data unavailable from all sources
2026-07-28 16:03:45,157 WARNING src.options_filter: PLPC: options data unavailable from all sources
2026-07-28 16:03:48,934 WARNING src.options_filter: PPBN: options data unavailable from all sources
2026-07-28 16:03:52,703 WARNING src.options_filter: PROV: options data unavailable from all sources
2026-07-28 16:03:56,463 WARNING src.options_filter: PSHG: options data unavailable from all sources
2026-07-28 16:04:00,218 WARNING src.options_filter: PTBS: options data unavailable from all sources
2026-07-28 16:04:03,989 WARNING src.options_filter: RCKY: options data unavailable from all sources
2026-07-28 16:04:07,750 WARNING src.options_filter: RRBI: options data unavailable from all sources
2026-07-28 16:04:08,074 ERROR yfinance: $SAGE: possibly delisted; no price data found  (period=1mo) (Yahoo error = "No data found, symbol may be delisted")
2026-07-28 16:04:12,606 WARNING src.options_filter: SAGE: options data unavailable from all sources
2026-07-28 16:04:16,389 WARNING src.options_filter: SFDL: options data unavailable from all sources
2026-07-28 16:04:20,231 WARNING src.options_filter: SPWR: options data unavailable from all sources
2026-07-28 16:04:39,289 WARNING src.options_filter: RUSHB: options data unavailable from all sources
2026-07-28 16:04:39,384 ERROR yfinance: $GEF.B: possibly delisted; no price data found  (period=1mo)
2026-07-28 16:04:43,670 WARNING src.options_filter: GEF.B: options data unavailable from all sources
2026-07-28 16:04:50,440 WARNING src.options_filter: OXLC: options data unavailable from all sources
2026-07-28 16:04:55,592 ERROR yfinance: $WSO.B: possibly delisted; no price data found  (period=1mo) (Yahoo error = "No data found, symbol may be delisted")
2026-07-28 16:04:59,869 WARNING src.options_filter: WSO.B: options data unavailable from all sources
2026-07-28 16:05:03,682 WARNING src.options_filter: GHC: options data unavailable from all sources
2026-07-28 16:05:07,528 WARNING src.options_filter: SIM: options data unavailable from all sources
2026-07-28 16:05:11,327 WARNING src.options_filter: OBT: options data unavailable from all sources
2026-07-28 16:05:11,605 ERROR yfinance: $HVT.A: possibly delisted; no price data found  (period=1mo) (Yahoo error = "No data found, symbol may be delisted")
2026-07-28 16:05:15,876 WARNING src.options_filter: HVT.A: options data unavailable from all sources
2026-07-28 16:05:19,657 WARNING src.options_filter: HWBK: options data unavailable from all sources
2026-07-28 16:05:23,491 WARNING src.options_filter: AHT: options data unavailable from all sources
2026-07-28 16:05:27,305 WARNING src.options_filter: SVCC: options data unavailable from all sources
2026-07-28 16:05:31,081 WARNING src.options_filter: TLK: options data unavailable from all sources
2026-07-28 16:05:34,863 WARNING src.options_filter: FRBT: options data unavailable from all sources
2026-07-28 16:05:38,619 WARNING src.options_filter: PHAR: options data unavailable from all sources
2026-07-28 16:05:42,382 WARNING src.options_filter: RJET: options data unavailable from all sources
2026-07-28 16:05:46,157 WARNING src.options_filter: DGICB: options data unavailable from all sources
2026-07-28 16:05:49,951 WARNING src.options_filter: METCB: options data unavailable from all sources
2026-07-28 16:05:54,338 WARNING src.options_filter: MRBK: options data unavailable from all sources
2026-07-28 16:05:58,134 WARNING src.options_filter: SRBK: options data unavailable from all sources
2026-07-28 16:06:01,915 WARNING src.options_filter: BSBK: options data unavailable from all sources
2026-07-28 16:06:05,704 WARNING src.options_filter: FNWB: options data unavailable from all sources
2026-07-28 16:06:10,075 WARNING src.options_filter: CLST: options data unavailable from all sources
2026-07-28 16:06:13,831 WARNING src.options_filter: SLSN: options data unavailable from all sources
2026-07-28 16:06:18,214 WARNING src.options_filter: IMA: options data unavailable from all sources
2026-07-28 16:06:21,985 WARNING src.options_filter: COCH: options data unavailable from all sources
2026-07-28 16:06:25,791 WARNING src.options_filter: COHN: options data unavailable from all sources
2026-07-28 16:06:29,622 WARNING src.options_filter: GIGM: options data unavailable from all sources
2026-07-28 16:06:33,288 ERROR yfinance: $MOG.B: possibly delisted; no price data found  (period=1mo) (Yahoo error = "No data found, symbol may be delisted")
2026-07-28 16:06:37,567 WARNING src.options_filter: MOG.B: options data unavailable from all sources
2026-07-28 16:06:44,677 WARNING src.options_filter: BXBL: options data unavailable from all sources
2026-07-28 16:06:49,034 WARNING src.options_filter: PAMT: options data unavailable from all sources
2026-07-28 16:06:53,585 WARNING src.options_filter: AFBI: options data unavailable from all sources
2026-07-28 16:06:57,354 WARNING src.options_filter: AUC: options data unavailable from all sources
2026-07-28 16:07:01,109 WARNING src.options_filter: DIT: options data unavailable from all sources
2026-07-28 16:07:15,920 ERROR yfinance: $CRD.A: possibly delisted; no price data found  (period=1mo) (Yahoo error = "No data found, symbol may be delisted")
2026-07-28 16:07:20,168 WARNING src.options_filter: CRD.A: options data unavailable from all sources
2026-07-28 16:07:24,608 WARNING src.options_filter: ARTNA: options data unavailable from all sources
2026-07-28 16:07:31,243 WARNING src.options_filter: CFBK: options data unavailable from all sources
2026-07-28 16:07:37,295 WARNING src.options_filter: HIT: options data unavailable from all sources
2026-07-28 16:07:41,650 WARNING src.options_filter: CTNT: options data unavailable from all sources
2026-07-28 16:07:46,019 WARNING src.options_filter: ELOX: options data unavailable from all sources
2026-07-28 16:07:46,431 ERROR yfinance: $UNKNOWN: possibly delisted; no price data found  (period=1mo) (Yahoo error = "No data found, symbol may be delisted")
2026-07-28 16:07:50,672 WARNING src.options_filter: UNKNOWN: options data unavailable from all sources
2026-07-28 16:07:50,872 ERROR yfinance: $UNKNOWN: possibly delisted; no price data found  (period=1mo) (Yahoo error = "No data found, symbol may be delisted")
2026-07-28 16:07:55,122 WARNING src.options_filter: UNKNOWN: options data unavailable from all sources
2026-07-28 16:07:58,895 WARNING src.options_filter: BOH-PB: options data unavailable from all sources
2026-07-28 16:07:59,030 ERROR yfinance: $UNKNOWN: possibly delisted; no price data found  (period=1mo) (Yahoo error = "No data found, symbol may be delisted")
2026-07-28 16:08:03,280 WARNING src.options_filter: UNKNOWN: options data unavailable from all sources
2026-07-28 16:08:03,462 ERROR yfinance: $UNKNOWN: possibly delisted; no price data found  (period=1mo) (Yahoo error = "No data found, symbol may be delisted")
2026-07-28 16:08:07,727 WARNING src.options_filter: UNKNOWN: options data unavailable from all sources
2026-07-28 16:08:07,889 ERROR yfinance: $UNKNOWN: possibly delisted; no price data found  (period=1mo) (Yahoo error = "No data found, symbol may be delisted")
2026-07-28 16:08:12,144 WARNING src.options_filter: UNKNOWN: options data unavailable from all sources
2026-07-28 16:08:12,323 ERROR yfinance: $UNKNOWN: possibly delisted; no price data found  (period=1mo) (Yahoo error = "No data found, symbol may be delisted")
2026-07-28 16:08:16,575 WARNING src.options_filter: UNKNOWN: options data unavailable from all sources
2026-07-28 16:08:16,712 ERROR yfinance: $UNKNOWN: possibly delisted; no price data found  (period=1mo) (Yahoo error = "No data found, symbol may be delisted")
2026-07-28 16:08:20,958 WARNING src.options_filter: UNKNOWN: options data unavailable from all sources
2026-07-28 16:08:21,123 ERROR yfinance: $UNKNOWN: possibly delisted; no price data found  (period=1mo) (Yahoo error = "No data found, symbol may be delisted")
2026-07-28 16:08:25,369 WARNING src.options_filter: UNKNOWN: options data unavailable from all sources
2026-07-28 16:08:29,109 ERROR yfinance: $UNKNOWN: possibly delisted; no price data found  (period=1mo) (Yahoo error = "No data found, symbol may be delisted")
2026-07-28 16:08:33,362 WARNING src.options_filter: UNKNOWN: options data unavailable from all sources
2026-07-28 16:08:33,547 ERROR yfinance: $UNKNOWN: possibly delisted; no price data found  (period=1mo) (Yahoo error = "No data found, symbol may be delisted")
2026-07-28 16:08:37,809 WARNING src.options_filter: UNKNOWN: options data unavailable from all sources
2026-07-28 16:08:37,975 ERROR yfinance: $UNKNOWN: possibly delisted; no price data found  (period=1mo) (Yahoo error = "No data found, symbol may be delisted")
2026-07-28 16:08:42,234 WARNING src.options_filter: UNKNOWN: options data unavailable from all sources
2026-07-28 16:08:42,417 ERROR yfinance: $UNKNOWN: possibly delisted; no price data found  (period=1mo) (Yahoo error = "No data found, symbol may be delisted")
2026-07-28 16:08:46,665 WARNING src.options_filter: UNKNOWN: options data unavailable from all sources
2026-07-28 16:08:46,849 ERROR yfinance: $UNKNOWN: possibly delisted; no price data found  (period=1mo) (Yahoo error = "No data found, symbol may be delisted")
2026-07-28 16:08:51,106 WARNING src.options_filter: UNKNOWN: options data unavailable from all sources
2026-07-28 16:08:51,370 ERROR yfinance: $UNKNOWN: possibly delisted; no price data found  (period=1mo) (Yahoo error = "No data found, symbol may be delisted")
2026-07-28 16:08:55,619 WARNING src.options_filter: UNKNOWN: options data unavailable from all sources
2026-07-28 16:08:55,763 ERROR yfinance: $UNKNOWN: possibly delisted; no price data found  (period=1mo) (Yahoo error = "No data found, symbol may be delisted")
2026-07-28 16:09:00,017 WARNING src.options_filter: UNKNOWN: options data unavailable from all sources
2026-07-28 16:09:00,157 ERROR yfinance: $UNKNOWN: possibly delisted; no price data found  (period=1mo) (Yahoo error = "No data found, symbol may be delisted")
2026-07-28 16:09:04,443 WARNING src.options_filter: UNKNOWN: options data unavailable from all sources
2026-07-28 16:09:06,939 ERROR yfinance: $UNKNOWN: possibly delisted; no price data found  (period=1mo) (Yahoo error = "No data found, symbol may be delisted")
2026-07-28 16:09:11,264 WARNING src.options_filter: UNKNOWN: options data unavailable from all sources
2026-07-28 16:09:15,645 WARNING src.options_filter: NE-WT: options data unavailable from all sources
2026-07-28 16:09:15,833 ERROR yfinance: $UNKNOWN: possibly delisted; no price data found  (period=1mo) (Yahoo error = "No data found, symbol may be delisted")
2026-07-28 16:09:20,092 WARNING src.options_filter: UNKNOWN: options data unavailable from all sources
2026-07-28 16:09:20,281 ERROR yfinance: $UNKNOWN: possibly delisted; no price data found  (period=1mo) (Yahoo error = "No data found, symbol may be delisted")
2026-07-28 16:09:24,551 WARNING src.options_filter: UNKNOWN: options data unavailable from all sources
2026-07-28 16:09:24,732 ERROR yfinance: $UNKNOWN: possibly delisted; no price data found  (period=1mo) (Yahoo error = "No data found, symbol may be delisted")
2026-07-28 16:09:28,982 WARNING src.options_filter: UNKNOWN: options data unavailable from all sources
2026-07-28 16:09:29,121 ERROR yfinance: $UNKNOWN: possibly delisted; no price data found  (period=1mo) (Yahoo error = "No data found, symbol may be delisted")
2026-07-28 16:09:33,385 WARNING src.options_filter: UNKNOWN: options data unavailable from all sources
2026-07-28 16:09:33,528 ERROR yfinance: $UNKNOWN: possibly delisted; no price data found  (period=1mo) (Yahoo error = "No data found, symbol may be delisted")
2026-07-28 16:09:37,787 WARNING src.options_filter: UNKNOWN: options data unavailable from all sources
2026-07-28 16:09:37,983 ERROR yfinance: $UNKNOWN: possibly delisted; no price data found  (period=1mo) (Yahoo error = "No data found, symbol may be delisted")
2026-07-28 16:09:42,536 WARNING src.options_filter: UNKNOWN: options data unavailable from all sources
2026-07-28 16:09:42,683 ERROR yfinance: $UNKNOWN: possibly delisted; no price data found  (period=1mo) (Yahoo error = "No data found, symbol may be delisted")
2026-07-28 16:09:46,931 WARNING src.options_filter: UNKNOWN: options data unavailable from all sources
2026-07-28 16:09:47,114 ERROR yfinance: $UNKNOWN: possibly delisted; no price data found  (period=1mo) (Yahoo error = "No data found, symbol may be delisted")
2026-07-28 16:09:51,362 WARNING src.options_filter: UNKNOWN: options data unavailable from all sources
2026-07-28 16:09:51,498 ERROR yfinance: $UNKNOWN: possibly delisted; no price data found  (period=1mo) (Yahoo error = "No data found, symbol may be delisted")
2026-07-28 16:09:55,756 WARNING src.options_filter: UNKNOWN: options data unavailable from all sources
2026-07-28 16:09:55,889 ERROR yfinance: $UNKNOWN: possibly delisted; no price data found  (period=1mo) (Yahoo error = "No data found, symbol may be delisted")
2026-07-28 16:10:00,138 WARNING src.options_filter: UNKNOWN: options data unavailable from all sources
2026-07-28 16:10:00,374 ERROR yfinance: $UNKNOWN: possibly delisted; no price data found  (period=1mo) (Yahoo error = "No data found, symbol may be delisted")
2026-07-28 16:10:04,659 WARNING src.options_filter: UNKNOWN: options data unavailable from all sources
2026-07-28 16:10:04,841 ERROR yfinance: $UNKNOWN: possibly delisted; no price data found  (period=1mo) (Yahoo error = "No data found, symbol may be delisted")
2026-07-28 16:10:09,097 WARNING src.options_filter: UNKNOWN: options data unavailable from all sources
2026-07-28 16:10:11,511 ERROR yfinance: $UNKNOWN: possibly delisted; no price data found  (period=1mo) (Yahoo error = "No data found, symbol may be delisted")
2026-07-28 16:10:15,816 WARNING src.options_filter: UNKNOWN: options data unavailable from all sources
2026-07-28 16:10:16,007 ERROR yfinance: $UNKNOWN: possibly delisted; no price data found  (period=1mo) (Yahoo error = "No data found, symbol may be delisted")
2026-07-28 16:10:20,269 WARNING src.options_filter: UNKNOWN: options data unavailable from all sources
2026-07-28 16:10:20,482 ERROR yfinance: $UNKNOWN: possibly delisted; no price data found  (period=1mo) (Yahoo error = "No data found, symbol may be delisted")
2026-07-28 16:10:24,743 WARNING src.options_filter: UNKNOWN: options data unavailable from all sources
2026-07-28 16:10:25,189 ERROR yfinance: $NWSLL: possibly delisted; no price data found  (period=1mo) (Yahoo error = "No data found, symbol may be delisted")
2026-07-28 16:10:29,444 WARNING src.options_filter: NWSLL: options data unavailable from all sources
2026-07-28 16:10:33,129 ERROR yfinance: $UNKNOWN: possibly delisted; no price data found  (period=1mo) (Yahoo error = "No data found, symbol may be delisted")
2026-07-28 16:10:37,381 WARNING src.options_filter: UNKNOWN: options data unavailable from all sources
2026-07-28 16:10:37,509 ERROR yfinance: $UNKNOWN: possibly delisted; no price data found  (period=1mo) (Yahoo error = "No data found, symbol may be delisted")
2026-07-28 16:10:41,777 WARNING src.options_filter: UNKNOWN: options data unavailable from all sources
2026-07-28 16:10:41,921 ERROR yfinance: $UNKNOWN: possibly delisted; no price data found  (period=1mo) (Yahoo error = "No data found, symbol may be delisted")
2026-07-28 16:10:46,178 WARNING src.options_filter: UNKNOWN: options data unavailable from all sources
2026-07-28 16:10:46,355 ERROR yfinance: $UNKNOWN: possibly delisted; no price data found  (period=1mo) (Yahoo error = "No data found, symbol may be delisted")
2026-07-28 16:10:50,615 WARNING src.options_filter: UNKNOWN: options data unavailable from all sources
2026-07-28 16:10:50,748 ERROR yfinance: $UNKNOWN: possibly delisted; no price data found  (period=1mo) (Yahoo error = "No data found, symbol may be delisted")
2026-07-28 16:10:55,016 WARNING src.options_filter: UNKNOWN: options data unavailable from all sources
2026-07-28 16:10:55,185 ERROR yfinance: $UNKNOWN: possibly delisted; no price data found  (period=1mo) (Yahoo error = "No data found, symbol may be delisted")
2026-07-28 16:10:59,436 WARNING src.options_filter: UNKNOWN: options data unavailable from all sources
2026-07-28 16:10:59,571 ERROR yfinance: $UNKNOWN: possibly delisted; no price data found  (period=1mo) (Yahoo error = "No data found, symbol may be delisted")
2026-07-28 16:11:03,829 WARNING src.options_filter: UNKNOWN: options data unavailable from all sources
2026-07-28 16:11:03,961 ERROR yfinance: $UNKNOWN: possibly delisted; no price data found  (period=1mo) (Yahoo error = "No data found, symbol may be delisted")
2026-07-28 16:11:08,241 WARNING src.options_filter: UNKNOWN: options data unavailable from all sources
2026-07-28 16:11:08,387 ERROR yfinance: $UNKNOWN: possibly delisted; no price data found  (period=1mo) (Yahoo error = "No data found, symbol may be delisted")
2026-07-28 16:11:12,637 WARNING src.options_filter: UNKNOWN: options data unavailable from all sources
2026-07-28 16:11:16,302 ERROR yfinance: $UNKNOWN: possibly delisted; no price data found  (period=1mo) (Yahoo error = "No data found, symbol may be delisted")
2026-07-28 16:11:20,558 WARNING src.options_filter: UNKNOWN: options data unavailable from all sources
2026-07-28 16:11:20,744 ERROR yfinance: $UNKNOWN: possibly delisted; no price data found  (period=1mo) (Yahoo error = "No data found, symbol may be delisted")
2026-07-28 16:11:25,016 WARNING src.options_filter: UNKNOWN: options data unavailable from all sources
2026-07-28 16:11:25,151 ERROR yfinance: $UNKNOWN: possibly delisted; no price data found  (period=1mo) (Yahoo error = "No data found, symbol may be delisted")
2026-07-28 16:11:29,415 WARNING src.options_filter: UNKNOWN: options data unavailable from all sources
2026-07-28 16:11:29,605 ERROR yfinance: $UNKNOWN: possibly delisted; no price data found  (period=1mo) (Yahoo error = "No data found, symbol may be delisted")
2026-07-28 16:11:33,867 WARNING src.options_filter: UNKNOWN: options data unavailable from all sources
2026-07-28 16:11:34,056 ERROR yfinance: $UNKNOWN: possibly delisted; no price data found  (period=1mo) (Yahoo error = "No data found, symbol may be delisted")
2026-07-28 16:11:38,309 WARNING src.options_filter: UNKNOWN: options data unavailable from all sources
2026-07-28 16:11:38,442 ERROR yfinance: $UNKNOWN: possibly delisted; no price data found  (period=1mo) (Yahoo error = "No data found, symbol may be delisted")
2026-07-28 16:11:42,698 WARNING src.options_filter: UNKNOWN: options data unavailable from all sources
2026-07-28 16:11:42,944 ERROR yfinance: $UNKNOWN: possibly delisted; no price data found  (period=1mo) (Yahoo error = "No data found, symbol may be delisted")
2026-07-28 16:11:47,193 WARNING src.options_filter: UNKNOWN: options data unavailable from all sources
2026-07-28 16:11:47,332 ERROR yfinance: $UNKNOWN: possibly delisted; no price data found  (period=1mo) (Yahoo error = "No data found, symbol may be delisted")
2026-07-28 16:11:51,598 WARNING src.options_filter: UNKNOWN: options data unavailable from all sources
2026-07-28 16:11:51,746 ERROR yfinance: $UNKNOWN: possibly delisted; no price data found  (period=1mo) (Yahoo error = "No data found, symbol may be delisted")
2026-07-28 16:11:56,002 WARNING src.options_filter: UNKNOWN: options data unavailable from all sources
2026-07-28 16:11:56,191 ERROR yfinance: $UNKNOWN: possibly delisted; no price data found  (period=1mo) (Yahoo error = "No data found, symbol may be delisted")
2026-07-28 16:12:00,444 WARNING src.options_filter: UNKNOWN: options data unavailable from all sources
2026-07-28 16:12:00,586 ERROR yfinance: $UNKNOWN: possibly delisted; no price data found  (period=1mo) (Yahoo error = "No data found, symbol may be delisted")
2026-07-28 16:12:04,846 WARNING src.options_filter: UNKNOWN: options data unavailable from all sources
2026-07-28 16:12:04,988 ERROR yfinance: $UNKNOWN: possibly delisted; no price data found  (period=1mo) (Yahoo error = "No data found, symbol may be delisted")
2026-07-28 16:12:09,253 WARNING src.options_filter: UNKNOWN: options data unavailable from all sources
2026-07-28 16:12:09,396 ERROR yfinance: $UNKNOWN: possibly delisted; no price data found  (period=1mo) (Yahoo error = "No data found, symbol may be delisted")
2026-07-28 16:12:13,652 WARNING src.options_filter: UNKNOWN: options data unavailable from all sources
2026-07-28 16:12:13,791 ERROR yfinance: $UNKNOWN: possibly delisted; no price data found  (period=1mo) (Yahoo error = "No data found, symbol may be delisted")
2026-07-28 16:12:18,048 WARNING src.options_filter: UNKNOWN: options data unavailable from all sources
2026-07-28 16:12:18,180 ERROR yfinance: $NWSLL: possibly delisted; no price data found  (period=1mo) (Yahoo error = "No data found, symbol may be delisted")
2026-07-28 16:12:22,610 WARNING src.options_filter: NWSLL: options data unavailable from all sources
2026-07-28 16:12:22,798 ERROR yfinance: $UNKNOWN: possibly delisted; no price data found  (period=1mo) (Yahoo error = "No data found, symbol may be delisted")
2026-07-28 16:12:27,063 WARNING src.options_filter: UNKNOWN: options data unavailable from all sources
2026-07-28 16:12:27,313 ERROR yfinance: $UNKNOWN: possibly delisted; no price data found  (period=1mo) (Yahoo error = "No data found, symbol may be delisted")
2026-07-28 16:12:31,567 WARNING src.options_filter: UNKNOWN: options data unavailable from all sources
2026-07-28 16:12:31,751 ERROR yfinance: $UNKNOWN: possibly delisted; no price data found  (period=1mo) (Yahoo error = "No data found, symbol may be delisted")
2026-07-28 16:12:36,023 WARNING src.options_filter: UNKNOWN: options data unavailable from all sources
2026-07-28 16:12:36,164 ERROR yfinance: $UNKNOWN: possibly delisted; no price data found  (period=1mo) (Yahoo error = "No data found, symbol may be delisted")
2026-07-28 16:12:40,420 WARNING src.options_filter: UNKNOWN: options data unavailable from all sources
2026-07-28 16:12:42,972 ERROR yfinance: $UNKNOWN: possibly delisted; no price data found  (period=1mo) (Yahoo error = "No data found, symbol may be delisted")
2026-07-28 16:12:47,222 WARNING src.options_filter: UNKNOWN: options data unavailable from all sources
2026-07-28 16:12:47,422 ERROR yfinance: $UNKNOWN: possibly delisted; no price data found  (period=1mo) (Yahoo error = "No data found, symbol may be delisted")
2026-07-28 16:12:51,703 WARNING src.options_filter: UNKNOWN: options data unavailable from all sources
2026-07-28 16:12:51,920 ERROR yfinance: $UNKNOWN: possibly delisted; no price data found  (period=1mo) (Yahoo error = "No data found, symbol may be delisted")
2026-07-28 16:12:56,171 WARNING src.options_filter: UNKNOWN: options data unavailable from all sources
2026-07-28 16:12:56,320 ERROR yfinance: $UNKNOWN: possibly delisted; no price data found  (period=1mo) (Yahoo error = "No data found, symbol may be delisted")
2026-07-28 16:13:00,575 WARNING src.options_filter: UNKNOWN: options data unavailable from all sources
2026-07-28 16:13:04,951 WARNING src.options_filter: EFSCP: options data unavailable from all sources
2026-07-28 16:13:05,142 ERROR yfinance: $UNKNOWN: possibly delisted; no price data found  (period=1mo) (Yahoo error = "No data found, symbol may be delisted")
2026-07-28 16:13:09,398 WARNING src.options_filter: UNKNOWN: options data unavailable from all sources
2026-07-28 16:13:09,398 INFO run_daily: Passed options gate: 684 events
2026-07-28 16:13:09,398 INFO run_daily: Step 7: enriching 684 events
2026-07-28 16:15:42,339 INFO run_daily: Step 8: dedup
2026-07-28 16:15:42,341 INFO run_daily: Step 9: ranking
2026-07-28 16:15:42,342 INFO run_daily: Step 10: writing digest
2026-07-28 16:15:42,420 INFO src.digest_writer: digest written: output/market_radar_2026-07-28.html
2026-07-28 16:15:42,421 INFO run_daily: === Done: output/market_radar_2026-07-28.html ===
