2026-09-01 17:46:50,434 INFO run_daily: === Market Event Radar starting — 2026-09-01 ===
2026-09-01 17:46:50,437 INFO run_daily: Step 1: fetching earnings calendar
2026-09-01 17:47:03,293 INFO src.event_fetcher: nasdaq earnings: 148 entries across 7 days
2026-09-01 17:47:04,666 INFO src.event_fetcher: finnhub earnings: 192 entries
2026-09-01 17:47:04,667 INFO src.event_fetcher: merged earnings universe: 261 unique tickers
2026-09-01 17:47:04,667 INFO run_daily: Step 2: fetching 8-K filings
2026-09-01 17:47:05,098 INFO src.event_fetcher: edgar 8-K filings: 100
2026-09-01 17:47:05,397 INFO run_daily: Step 3: building universe
2026-09-01 17:47:05,398 INFO src.universe: universe: 35 tickers (10 watchlist, 25 discovered)
2026-09-01 17:47:05,398 INFO run_daily: Universe: 35 tickers
2026-09-01 17:47:05,398 INFO run_daily: Step 4: yfinance cross-check for 35 tickers
2026-09-01 17:47:18,653 INFO run_daily: Step 5: building earnings events
2026-09-01 17:47:18,654 INFO src.source_merger: earnings events built: 261
2026-09-01 17:47:18,654 INFO run_daily: Step 5b: building 8-K events
2026-09-01 17:47:18,656 INFO run_daily: Step 6: options filter (361 candidates)
2026-09-01 17:47:22,328 WARNING src.options_filter: AEF: options data unavailable from all sources
2026-09-01 17:47:25,961 WARNING src.options_filter: ALZN: options data unavailable from all sources
2026-09-01 17:47:29,557 WARNING src.options_filter: GMHS: options data unavailable from all sources
2026-09-01 17:47:33,181 WARNING src.options_filter: HTOO: options data unavailable from all sources
2026-09-01 17:47:36,790 WARNING src.options_filter: IFBD: options data unavailable from all sources
2026-09-01 17:47:40,389 WARNING src.options_filter: MIND: options data unavailable from all sources
2026-09-01 17:47:43,984 WARNING src.options_filter: MLGO: options data unavailable from all sources
2026-09-01 17:47:47,588 WARNING src.options_filter: SHMP: options data unavailable from all sources
2026-09-01 17:47:51,221 WARNING src.options_filter: VNCE: options data unavailable from all sources
2026-09-01 17:47:54,858 WARNING src.options_filter: WDH: options data unavailable from all sources
2026-09-01 17:47:58,470 WARNING src.options_filter: ALOT: options data unavailable from all sources
2026-09-01 17:48:02,091 WARNING src.options_filter: BNR: options data unavailable from all sources
2026-09-01 17:48:05,723 WARNING src.options_filter: BWTL: options data unavailable from all sources
2026-09-01 17:48:09,334 WARNING src.options_filter: FFA: options data unavailable from all sources
2026-09-01 17:48:12,932 WARNING src.options_filter: GLU: options data unavailable from all sources
2026-09-01 17:48:16,530 WARNING src.options_filter: IFN: options data unavailable from all sources
2026-09-01 17:48:20,130 WARNING src.options_filter: LITB: options data unavailable from all sources
2026-09-01 17:48:23,745 WARNING src.options_filter: MPV: options data unavailable from all sources
2026-09-01 17:48:27,351 WARNING src.options_filter: NTRB: options data unavailable from all sources
2026-09-01 17:48:30,951 WARNING src.options_filter: RCG: options data unavailable from all sources
2026-09-01 17:48:31,469 ERROR yfinance: $SBOX: No data found, symbol may be delisted
2026-09-01 17:48:35,612 WARNING src.options_filter: SBOX: options data unavailable from all sources
2026-09-01 17:48:39,210 WARNING src.options_filter: SKIL: options data unavailable from all sources
2026-09-01 17:48:43,181 WARNING src.options_filter: SOR: options data unavailable from all sources
2026-09-01 17:48:46,790 WARNING src.options_filter: SWVL: options data unavailable from all sources
2026-09-01 17:48:50,391 WARNING src.options_filter: RFMZ: options data unavailable from all sources
2026-09-01 17:48:54,022 WARNING src.options_filter: ARDC: options data unavailable from all sources
2026-09-01 17:48:57,647 WARNING src.options_filter: BDJ: options data unavailable from all sources
2026-09-01 17:49:01,244 WARNING src.options_filter: HURC: options data unavailable from all sources
2026-09-01 17:49:04,840 WARNING src.options_filter: PAXS: options data unavailable from all sources
2026-09-01 17:49:08,453 WARNING src.options_filter: ASG: options data unavailable from all sources
2026-09-01 17:49:12,062 WARNING src.options_filter: AUSI: options data unavailable from all sources
2026-09-01 17:49:15,704 WARNING src.options_filter: FOF: options data unavailable from all sources
2026-09-01 17:49:19,377 WARNING src.options_filter: GLCP: options data unavailable from all sources
2026-09-01 17:49:23,302 WARNING src.options_filter: GTIJF: options data unavailable from all sources
2026-09-01 17:49:26,901 WARNING src.options_filter: HGTXU: options data unavailable from all sources
2026-09-01 17:49:30,555 WARNING src.options_filter: IBIO: options data unavailable from all sources
2026-09-01 17:49:34,183 WARNING src.options_filter: JCE: options data unavailable from all sources
2026-09-01 17:49:37,794 WARNING src.options_filter: OPP: options data unavailable from all sources
2026-09-01 17:49:41,400 WARNING src.options_filter: PCM: options data unavailable from all sources
2026-09-01 17:49:45,002 WARNING src.options_filter: PCQ: options data unavailable from all sources
2026-09-01 17:49:48,604 WARNING src.options_filter: PDI: options data unavailable from all sources
2026-09-01 17:49:52,207 WARNING src.options_filter: PDO: options data unavailable from all sources
2026-09-01 17:49:55,850 WARNING src.options_filter: PDX: options data unavailable from all sources
2026-09-01 17:49:59,494 WARNING src.options_filter: PFL: options data unavailable from all sources
2026-09-01 17:50:03,099 WARNING src.options_filter: PGP: options data unavailable from all sources
2026-09-01 17:50:06,708 WARNING src.options_filter: PHK: options data unavailable from all sources
2026-09-01 17:50:10,310 WARNING src.options_filter: PNI: options data unavailable from all sources
2026-09-01 17:50:14,063 WARNING src.options_filter: PSF: options data unavailable from all sources
2026-09-01 17:50:17,712 WARNING src.options_filter: RFI: options data unavailable from all sources
2026-09-01 17:50:21,337 WARNING src.options_filter: RQI: options data unavailable from all sources
2026-09-01 17:50:24,964 WARNING src.options_filter: USA: options data unavailable from all sources
2026-09-01 17:50:28,667 WARNING src.options_filter: UTF: options data unavailable from all sources
2026-09-01 17:50:32,283 WARNING src.options_filter: BBN: options data unavailable from all sources
2026-09-01 17:50:35,893 WARNING src.options_filter: BCAT: options data unavailable from all sources
2026-09-01 17:50:35,990 ERROR yfinance: $BF.B: possibly delisted; no price data found  (period=1mo)
2026-09-01 17:50:40,154 WARNING src.options_filter: BF.B: options data unavailable from all sources
2026-09-01 17:50:43,775 WARNING src.options_filter: BGR: options data unavailable from all sources
2026-09-01 17:50:47,385 WARNING src.options_filter: BGT: options data unavailable from all sources
2026-09-01 17:50:51,024 WARNING src.options_filter: BGY: options data unavailable from all sources
2026-09-01 17:50:54,640 WARNING src.options_filter: BIT: options data unavailable from all sources
2026-09-01 17:50:58,241 WARNING src.options_filter: BKT: options data unavailable from all sources
2026-09-01 17:51:01,851 WARNING src.options_filter: BME: options data unavailable from all sources
2026-09-01 17:51:05,461 WARNING src.options_filter: BMEZ: options data unavailable from all sources
2026-09-01 17:51:09,071 WARNING src.options_filter: BST: options data unavailable from all sources
2026-09-01 17:51:12,681 WARNING src.options_filter: BSTZ: options data unavailable from all sources
2026-09-01 17:51:16,304 WARNING src.options_filter: BTX: options data unavailable from all sources
2026-09-01 17:51:19,904 WARNING src.options_filter: CII: options data unavailable from all sources
2026-09-01 17:51:23,630 WARNING src.options_filter: DDC: options data unavailable from all sources
2026-09-01 17:51:27,252 WARNING src.options_filter: DSU: options data unavailable from all sources
2026-09-01 17:51:30,862 WARNING src.options_filter: ECAT: options data unavailable from all sources
2026-09-01 17:51:34,698 WARNING src.options_filter: FRA: options data unavailable from all sources
2026-09-01 17:51:38,308 WARNING src.options_filter: GAB: options data unavailable from all sources
2026-09-01 17:51:41,915 WARNING src.options_filter: GF: options data unavailable from all sources
2026-09-01 17:51:45,535 WARNING src.options_filter: GGT: options data unavailable from all sources
2026-09-01 17:51:49,159 WARNING src.options_filter: PDEX: options data unavailable from all sources
2026-09-01 17:51:52,768 WARNING src.options_filter: PML: options data unavailable from all sources
2026-09-01 17:51:56,378 WARNING src.options_filter: RNP: options data unavailable from all sources
2026-09-01 17:52:00,051 WARNING src.options_filter: TSI: options data unavailable from all sources
2026-09-01 17:52:03,668 WARNING src.options_filter: ABLT: options data unavailable from all sources
2026-09-01 17:52:03,989 ERROR yfinance: HTTP Error 404: {"quoteSummary":{"result":null,"error":{"code":"Not Found","description":"Quote not found for symbol: BASE"}}}
2026-09-01 17:52:04,335 ERROR yfinance: $BASE: No data found, symbol may be delisted
2026-09-01 17:52:08,447 WARNING src.options_filter: BASE: options data unavailable from all sources
2026-09-01 17:52:12,100 WARNING src.options_filter: BOE: options data unavailable from all sources
2026-09-01 17:52:15,716 WARNING src.options_filter: CIK: options data unavailable from all sources
2026-09-01 17:52:19,335 WARNING src.options_filter: COE: options data unavailable from all sources
2026-09-01 17:52:22,948 WARNING src.options_filter: GGN: options data unavailable from all sources
2026-09-01 17:52:26,583 WARNING src.options_filter: GGZ: options data unavailable from all sources
2026-09-01 17:52:30,190 WARNING src.options_filter: GUT: options data unavailable from all sources
2026-09-01 17:52:33,801 WARNING src.options_filter: HMR: options data unavailable from all sources
2026-09-01 17:52:37,401 WARNING src.options_filter: JILL: options data unavailable from all sources
2026-09-01 17:52:41,005 WARNING src.options_filter: LDP: options data unavailable from all sources
2026-09-01 17:52:44,611 WARNING src.options_filter: LQWC: options data unavailable from all sources
2026-09-01 17:52:48,219 WARNING src.options_filter: MACT: options data unavailable from all sources
2026-09-01 17:52:51,869 WARNING src.options_filter: MCN: options data unavailable from all sources
2026-09-01 17:52:55,547 WARNING src.options_filter: PFN: options data unavailable from all sources
2026-09-01 17:52:59,174 WARNING src.options_filter: RGS: options data unavailable from all sources
2026-09-01 17:53:02,791 WARNING src.options_filter: STK: options data unavailable from all sources
2026-09-01 17:53:06,397 WARNING src.options_filter: TY: options data unavailable from all sources
2026-09-01 17:53:10,025 WARNING src.options_filter: ALPS: options data unavailable from all sources
2026-09-01 17:53:13,647 WARNING src.options_filter: AAME: options data unavailable from all sources
2026-09-01 17:53:17,250 WARNING src.options_filter: BRLS: options data unavailable from all sources
2026-09-01 17:53:20,855 WARNING src.options_filter: SEGG: options data unavailable from all sources
2026-09-01 17:53:24,468 WARNING src.options_filter: BRTX: options data unavailable from all sources
2026-09-01 17:53:28,180 WARNING src.options_filter: SHPH: options data unavailable from all sources
2026-09-01 17:53:31,799 WARNING src.options_filter: FLYE: options data unavailable from all sources
2026-09-01 17:53:35,402 WARNING src.options_filter: GTEN: options data unavailable from all sources
2026-09-01 17:53:35,679 ERROR yfinance: $BF.A: No data found, symbol may be delisted
2026-09-01 17:53:39,787 WARNING src.options_filter: BF.A: options data unavailable from all sources
2026-09-01 17:53:43,404 WARNING src.options_filter: YB: options data unavailable from all sources
2026-09-01 17:53:47,012 WARNING src.options_filter: RYDE: options data unavailable from all sources
2026-09-01 17:53:50,618 WARNING src.options_filter: AACG: options data unavailable from all sources
2026-09-01 17:53:54,222 WARNING src.options_filter: SJ: options data unavailable from all sources
2026-09-01 17:53:57,825 WARNING src.options_filter: ATCH: options data unavailable from all sources
2026-09-01 17:54:01,449 WARNING src.options_filter: PTN: options data unavailable from all sources
2026-09-01 17:54:05,108 WARNING src.options_filter: GAUZ: options data unavailable from all sources
2026-09-01 17:54:08,712 WARNING src.options_filter: GURE: options data unavailable from all sources
2026-09-01 17:54:12,322 WARNING src.options_filter: LKSP: options data unavailable from all sources
2026-09-01 17:54:15,949 WARNING src.options_filter: WLYB: options data unavailable from all sources
2026-09-01 17:54:19,551 WARNING src.options_filter: LND: options data unavailable from all sources
2026-09-01 17:54:23,210 WARNING src.options_filter: EONR: options data unavailable from all sources
2026-09-01 17:54:26,852 WARNING src.options_filter: CRMT: options data unavailable from all sources
2026-09-01 17:54:30,491 WARNING src.options_filter: CMMB: options data unavailable from all sources
2026-09-01 17:54:34,099 WARNING src.options_filter: SMXT: options data unavailable from all sources
2026-09-01 17:54:37,785 WARNING src.options_filter: ALAR: options data unavailable from all sources
2026-09-01 17:54:41,387 WARNING src.options_filter: REBN: options data unavailable from all sources
2026-09-01 17:54:44,991 WARNING src.options_filter: BTTC: options data unavailable from all sources
2026-09-01 17:54:48,646 WARNING src.options_filter: GLMD: options data unavailable from all sources
2026-09-01 17:54:52,253 WARNING src.options_filter: IPST: options data unavailable from all sources
2026-09-01 17:54:55,858 WARNING src.options_filter: SNYR: options data unavailable from all sources
2026-09-01 17:54:59,473 WARNING src.options_filter: HTLM: options data unavailable from all sources
2026-09-01 17:55:03,080 WARNING src.options_filter: ZONE: options data unavailable from all sources
2026-09-01 17:55:06,701 WARNING src.options_filter: GITS: options data unavailable from all sources
2026-09-01 17:55:10,311 WARNING src.options_filter: CHRN: options data unavailable from all sources
2026-09-01 17:55:13,927 WARNING src.options_filter: CURR: options data unavailable from all sources
2026-09-01 17:55:17,530 WARNING src.options_filter: FRGT: options data unavailable from all sources
2026-09-01 17:55:17,867 ERROR yfinance: $UNKNOWN: No data found, symbol may be delisted
2026-09-01 17:55:22,014 WARNING src.options_filter: UNKNOWN: options data unavailable from all sources
2026-09-01 17:55:22,190 ERROR yfinance: $UNKNOWN: No data found, symbol may be delisted
2026-09-01 17:55:26,304 WARNING src.options_filter: UNKNOWN: options data unavailable from all sources
2026-09-01 17:55:26,435 ERROR yfinance: $UNKNOWN: No data found, symbol may be delisted
2026-09-01 17:55:30,617 WARNING src.options_filter: UNKNOWN: options data unavailable from all sources
2026-09-01 17:55:30,777 ERROR yfinance: $UNKNOWN: No data found, symbol may be delisted
2026-09-01 17:55:34,884 WARNING src.options_filter: UNKNOWN: options data unavailable from all sources
2026-09-01 17:55:35,071 ERROR yfinance: $UNKNOWN: No data found, symbol may be delisted
2026-09-01 17:55:39,184 WARNING src.options_filter: UNKNOWN: options data unavailable from all sources
2026-09-01 17:55:42,786 WARNING src.options_filter: RGS: options data unavailable from all sources
2026-09-01 17:55:42,967 ERROR yfinance: $UNKNOWN: No data found, symbol may be delisted
2026-09-01 17:55:47,090 WARNING src.options_filter: UNKNOWN: options data unavailable from all sources
2026-09-01 17:55:47,255 ERROR yfinance: $UNKNOWN: No data found, symbol may be delisted
2026-09-01 17:55:51,353 WARNING src.options_filter: UNKNOWN: options data unavailable from all sources
2026-09-01 17:55:51,506 ERROR yfinance: $UNKNOWN: No data found, symbol may be delisted
2026-09-01 17:55:55,606 WARNING src.options_filter: UNKNOWN: options data unavailable from all sources
2026-09-01 17:55:55,785 ERROR yfinance: $UNKNOWN: No data found, symbol may be delisted
2026-09-01 17:55:59,888 WARNING src.options_filter: UNKNOWN: options data unavailable from all sources
2026-09-01 17:56:00,035 ERROR yfinance: $UNKNOWN: No data found, symbol may be delisted
2026-09-01 17:56:04,193 WARNING src.options_filter: UNKNOWN: options data unavailable from all sources
2026-09-01 17:56:04,385 ERROR yfinance: $UNKNOWN: No data found, symbol may be delisted
2026-09-01 17:56:08,506 WARNING src.options_filter: UNKNOWN: options data unavailable from all sources
2026-09-01 17:56:08,659 ERROR yfinance: $UNKNOWN: No data found, symbol may be delisted
2026-09-01 17:56:12,772 WARNING src.options_filter: UNKNOWN: options data unavailable from all sources
2026-09-01 17:56:13,001 ERROR yfinance: $UNKNOWN: No data found, symbol may be delisted
2026-09-01 17:56:17,153 WARNING src.options_filter: UNKNOWN: options data unavailable from all sources
2026-09-01 17:56:17,325 ERROR yfinance: $UNKNOWN: No data found, symbol may be delisted
2026-09-01 17:56:21,450 WARNING src.options_filter: UNKNOWN: options data unavailable from all sources
2026-09-01 17:56:21,621 ERROR yfinance: $UNKNOWN: No data found, symbol may be delisted
2026-09-01 17:56:25,796 WARNING src.options_filter: UNKNOWN: options data unavailable from all sources
2026-09-01 17:56:25,963 ERROR yfinance: $UNKNOWN: No data found, symbol may be delisted
2026-09-01 17:56:30,096 WARNING src.options_filter: UNKNOWN: options data unavailable from all sources
2026-09-01 17:56:30,244 ERROR yfinance: $UNKNOWN: No data found, symbol may be delisted
2026-09-01 17:56:34,354 WARNING src.options_filter: UNKNOWN: options data unavailable from all sources
2026-09-01 17:56:34,474 ERROR yfinance: $UNKNOWN: No data found, symbol may be delisted
2026-09-01 17:56:38,583 WARNING src.options_filter: UNKNOWN: options data unavailable from all sources
2026-09-01 17:56:38,760 ERROR yfinance: $UNKNOWN: No data found, symbol may be delisted
2026-09-01 17:56:42,899 WARNING src.options_filter: UNKNOWN: options data unavailable from all sources
2026-09-01 17:56:43,042 ERROR yfinance: $UNKNOWN: No data found, symbol may be delisted
2026-09-01 17:56:47,145 WARNING src.options_filter: UNKNOWN: options data unavailable from all sources
2026-09-01 17:56:47,385 ERROR yfinance: $UNKNOWN: No data found, symbol may be delisted
2026-09-01 17:56:51,499 WARNING src.options_filter: UNKNOWN: options data unavailable from all sources
2026-09-01 17:56:51,714 ERROR yfinance: $UNKNOWN: No data found, symbol may be delisted
2026-09-01 17:56:55,819 WARNING src.options_filter: UNKNOWN: options data unavailable from all sources
2026-09-01 17:56:55,961 ERROR yfinance: $UNKNOWN: No data found, symbol may be delisted
2026-09-01 17:57:00,101 WARNING src.options_filter: UNKNOWN: options data unavailable from all sources
2026-09-01 17:57:00,295 ERROR yfinance: $UNKNOWN: No data found, symbol may be delisted
2026-09-01 17:57:04,394 WARNING src.options_filter: UNKNOWN: options data unavailable from all sources
2026-09-01 17:57:04,823 ERROR yfinance: $UNKNOWN: No data found, symbol may be delisted
2026-09-01 17:57:09,097 WARNING src.options_filter: UNKNOWN: options data unavailable from all sources
2026-09-01 17:57:09,236 ERROR yfinance: $UNKNOWN: No data found, symbol may be delisted
2026-09-01 17:57:13,361 WARNING src.options_filter: UNKNOWN: options data unavailable from all sources
2026-09-01 17:57:13,527 ERROR yfinance: $UNKNOWN: No data found, symbol may be delisted
2026-09-01 17:57:17,654 WARNING src.options_filter: UNKNOWN: options data unavailable from all sources
2026-09-01 17:57:17,787 ERROR yfinance: $UNKNOWN: No data found, symbol may be delisted
2026-09-01 17:57:21,917 WARNING src.options_filter: UNKNOWN: options data unavailable from all sources
2026-09-01 17:57:22,067 ERROR yfinance: $UNKNOWN: No data found, symbol may be delisted
2026-09-01 17:57:26,172 WARNING src.options_filter: UNKNOWN: options data unavailable from all sources
2026-09-01 17:57:26,359 ERROR yfinance: $UNKNOWN: No data found, symbol may be delisted
2026-09-01 17:57:30,479 WARNING src.options_filter: UNKNOWN: options data unavailable from all sources
2026-09-01 17:57:30,649 ERROR yfinance: $UNKNOWN: No data found, symbol may be delisted
2026-09-01 17:57:34,752 WARNING src.options_filter: UNKNOWN: options data unavailable from all sources
2026-09-01 17:57:34,895 ERROR yfinance: $UNKNOWN: No data found, symbol may be delisted
2026-09-01 17:57:38,999 WARNING src.options_filter: UNKNOWN: options data unavailable from all sources
2026-09-01 17:57:39,191 ERROR yfinance: $UNKNOWN: No data found, symbol may be delisted
2026-09-01 17:57:43,294 WARNING src.options_filter: UNKNOWN: options data unavailable from all sources
2026-09-01 17:57:43,545 ERROR yfinance: $UNKNOWN: No data found, symbol may be delisted
2026-09-01 17:57:47,674 WARNING src.options_filter: UNKNOWN: options data unavailable from all sources
2026-09-01 17:57:47,799 ERROR yfinance: $UNKNOWN: No data found, symbol may be delisted
2026-09-01 17:57:52,430 WARNING src.options_filter: UNKNOWN: options data unavailable from all sources
2026-09-01 17:57:52,562 ERROR yfinance: $UNKNOWN: No data found, symbol may be delisted
2026-09-01 17:57:56,704 WARNING src.options_filter: UNKNOWN: options data unavailable from all sources
2026-09-01 17:57:56,932 ERROR yfinance: $UNKNOWN: No data found, symbol may be delisted
2026-09-01 17:58:01,215 WARNING src.options_filter: UNKNOWN: options data unavailable from all sources
2026-09-01 17:58:01,369 ERROR yfinance: $UNKNOWN: No data found, symbol may be delisted
2026-09-01 17:58:05,505 WARNING src.options_filter: UNKNOWN: options data unavailable from all sources
2026-09-01 17:58:05,672 ERROR yfinance: $UNKNOWN: No data found, symbol may be delisted
2026-09-01 17:58:09,786 WARNING src.options_filter: UNKNOWN: options data unavailable from all sources
2026-09-01 17:58:09,918 ERROR yfinance: $UNKNOWN: No data found, symbol may be delisted
2026-09-01 17:58:14,023 WARNING src.options_filter: UNKNOWN: options data unavailable from all sources
2026-09-01 17:58:14,227 ERROR yfinance: $UNKNOWN: No data found, symbol may be delisted
2026-09-01 17:58:18,328 WARNING src.options_filter: UNKNOWN: options data unavailable from all sources
2026-09-01 17:58:18,592 ERROR yfinance: $UNKNOWN: No data found, symbol may be delisted
2026-09-01 17:58:22,702 WARNING src.options_filter: UNKNOWN: options data unavailable from all sources
2026-09-01 17:58:22,866 ERROR yfinance: $UNKNOWN: No data found, symbol may be delisted
2026-09-01 17:58:27,017 WARNING src.options_filter: UNKNOWN: options data unavailable from all sources
2026-09-01 17:58:27,207 ERROR yfinance: $UNKNOWN: No data found, symbol may be delisted
2026-09-01 17:58:31,310 WARNING src.options_filter: UNKNOWN: options data unavailable from all sources
2026-09-01 17:58:31,441 ERROR yfinance: $UNKNOWN: No data found, symbol may be delisted
2026-09-01 17:58:35,546 WARNING src.options_filter: UNKNOWN: options data unavailable from all sources
2026-09-01 17:58:35,689 ERROR yfinance: $UNKNOWN: No data found, symbol may be delisted
2026-09-01 17:58:39,797 WARNING src.options_filter: UNKNOWN: options data unavailable from all sources
2026-09-01 17:58:40,038 ERROR yfinance: $UNKNOWN: No data found, symbol may be delisted
2026-09-01 17:58:44,140 WARNING src.options_filter: UNKNOWN: options data unavailable from all sources
2026-09-01 17:58:44,353 ERROR yfinance: $UNKNOWN: No data found, symbol may be delisted
2026-09-01 17:58:48,495 WARNING src.options_filter: UNKNOWN: options data unavailable from all sources
2026-09-01 17:58:48,659 ERROR yfinance: $UNKNOWN: No data found, symbol may be delisted
2026-09-01 17:58:52,810 WARNING src.options_filter: UNKNOWN: options data unavailable from all sources
2026-09-01 17:58:52,946 ERROR yfinance: $UNKNOWN: No data found, symbol may be delisted
2026-09-01 17:58:57,099 WARNING src.options_filter: UNKNOWN: options data unavailable from all sources
2026-09-01 17:59:00,776 WARNING src.options_filter: GME-WT: options data unavailable from all sources
2026-09-01 17:59:00,932 ERROR yfinance: $UNKNOWN: No data found, symbol may be delisted
2026-09-01 17:59:05,046 WARNING src.options_filter: UNKNOWN: options data unavailable from all sources
2026-09-01 17:59:05,244 ERROR yfinance: $UNKNOWN: No data found, symbol may be delisted
2026-09-01 17:59:09,473 WARNING src.options_filter: UNKNOWN: options data unavailable from all sources
2026-09-01 17:59:09,856 ERROR yfinance: $UNKNOWN: No data found, symbol may be delisted
2026-09-01 17:59:13,971 WARNING src.options_filter: UNKNOWN: options data unavailable from all sources
2026-09-01 17:59:14,175 ERROR yfinance: $UNKNOWN: No data found, symbol may be delisted
2026-09-01 17:59:18,275 WARNING src.options_filter: UNKNOWN: options data unavailable from all sources
2026-09-01 17:59:18,417 ERROR yfinance: $UNKNOWN: No data found, symbol may be delisted
2026-09-01 17:59:22,521 WARNING src.options_filter: UNKNOWN: options data unavailable from all sources
2026-09-01 17:59:22,713 ERROR yfinance: $UNKNOWN: No data found, symbol may be delisted
2026-09-01 17:59:26,852 WARNING src.options_filter: UNKNOWN: options data unavailable from all sources
2026-09-01 17:59:26,998 ERROR yfinance: $UNKNOWN: No data found, symbol may be delisted
2026-09-01 17:59:31,105 WARNING src.options_filter: UNKNOWN: options data unavailable from all sources
2026-09-01 17:59:31,235 ERROR yfinance: $UNKNOWN: No data found, symbol may be delisted
2026-09-01 17:59:35,355 WARNING src.options_filter: UNKNOWN: options data unavailable from all sources
2026-09-01 17:59:35,513 ERROR yfinance: $UNKNOWN: No data found, symbol may be delisted
2026-09-01 17:59:39,631 WARNING src.options_filter: UNKNOWN: options data unavailable from all sources
2026-09-01 17:59:39,792 ERROR yfinance: $UNKNOWN: No data found, symbol may be delisted
2026-09-01 17:59:43,898 WARNING src.options_filter: UNKNOWN: options data unavailable from all sources
2026-09-01 17:59:44,030 ERROR yfinance: $UNKNOWN: No data found, symbol may be delisted
2026-09-01 17:59:48,141 WARNING src.options_filter: UNKNOWN: options data unavailable from all sources
2026-09-01 17:59:48,352 ERROR yfinance: $UNKNOWN: No data found, symbol may be delisted
2026-09-01 17:59:52,463 WARNING src.options_filter: UNKNOWN: options data unavailable from all sources
2026-09-01 17:59:56,072 WARNING src.options_filter: BAFN: options data unavailable from all sources
2026-09-01 17:59:56,209 ERROR yfinance: $UNKNOWN: No data found, symbol may be delisted
2026-09-01 18:00:00,334 WARNING src.options_filter: UNKNOWN: options data unavailable from all sources
2026-09-01 18:00:00,502 ERROR yfinance: $UNKNOWN: No data found, symbol may be delisted
2026-09-01 18:00:04,620 WARNING src.options_filter: UNKNOWN: options data unavailable from all sources
2026-09-01 18:00:04,800 ERROR yfinance: $UNKNOWN: No data found, symbol may be delisted
2026-09-01 18:00:08,934 WARNING src.options_filter: UNKNOWN: options data unavailable from all sources
2026-09-01 18:00:09,233 ERROR yfinance: $UNKNOWN: No data found, symbol may be delisted
2026-09-01 18:00:13,373 WARNING src.options_filter: UNKNOWN: options data unavailable from all sources
2026-09-01 18:00:13,544 ERROR yfinance: $UNKNOWN: No data found, symbol may be delisted
2026-09-01 18:00:17,774 WARNING src.options_filter: UNKNOWN: options data unavailable from all sources
2026-09-01 18:00:21,389 WARNING src.options_filter: GME-WT: options data unavailable from all sources
2026-09-01 18:00:21,522 ERROR yfinance: $UNKNOWN: No data found, symbol may be delisted
2026-09-01 18:00:25,633 WARNING src.options_filter: UNKNOWN: options data unavailable from all sources
2026-09-01 18:00:25,794 ERROR yfinance: $UNKNOWN: No data found, symbol may be delisted
2026-09-01 18:00:29,922 WARNING src.options_filter: UNKNOWN: options data unavailable from all sources
2026-09-01 18:00:30,105 ERROR yfinance: $UNKNOWN: No data found, symbol may be delisted
2026-09-01 18:00:34,217 WARNING src.options_filter: UNKNOWN: options data unavailable from all sources
2026-09-01 18:00:34,386 ERROR yfinance: $UNKNOWN: No data found, symbol may be delisted
2026-09-01 18:00:38,497 WARNING src.options_filter: UNKNOWN: options data unavailable from all sources
2026-09-01 18:00:38,670 ERROR yfinance: $UNKNOWN: No data found, symbol may be delisted
2026-09-01 18:00:42,781 WARNING src.options_filter: UNKNOWN: options data unavailable from all sources
2026-09-01 18:00:42,943 ERROR yfinance: $UNKNOWN: No data found, symbol may be delisted
2026-09-01 18:00:47,090 WARNING src.options_filter: UNKNOWN: options data unavailable from all sources
2026-09-01 18:00:47,239 ERROR yfinance: $UNKNOWN: No data found, symbol may be delisted
2026-09-01 18:00:51,356 WARNING src.options_filter: UNKNOWN: options data unavailable from all sources
2026-09-01 18:00:51,531 ERROR yfinance: $UNKNOWN: No data found, symbol may be delisted
2026-09-01 18:00:55,661 WARNING src.options_filter: UNKNOWN: options data unavailable from all sources
2026-09-01 18:00:55,848 ERROR yfinance: $UNKNOWN: No data found, symbol may be delisted
2026-09-01 18:00:59,962 WARNING src.options_filter: UNKNOWN: options data unavailable from all sources
2026-09-01 18:01:00,119 ERROR yfinance: $UNKNOWN: No data found, symbol may be delisted
2026-09-01 18:01:04,268 WARNING src.options_filter: UNKNOWN: options data unavailable from all sources
2026-09-01 18:01:04,401 ERROR yfinance: $UNKNOWN: No data found, symbol may be delisted
2026-09-01 18:01:08,520 WARNING src.options_filter: UNKNOWN: options data unavailable from all sources
2026-09-01 18:01:08,670 ERROR yfinance: $UNKNOWN: No data found, symbol may be delisted
2026-09-01 18:01:12,812 WARNING src.options_filter: UNKNOWN: options data unavailable from all sources
2026-09-01 18:01:12,986 ERROR yfinance: $UNKNOWN: No data found, symbol may be delisted
2026-09-01 18:01:17,097 WARNING src.options_filter: UNKNOWN: options data unavailable from all sources
2026-09-01 18:01:17,320 ERROR yfinance: $UNKNOWN: No data found, symbol may be delisted
2026-09-01 18:01:21,449 WARNING src.options_filter: UNKNOWN: options data unavailable from all sources
2026-09-01 18:01:21,449 INFO run_daily: Passed options gate: 62 events
2026-09-01 18:01:21,449 INFO run_daily: Step 7: enriching 62 events
2026-09-01 18:01:36,205 INFO run_daily: Step 8: dedup
2026-09-01 18:01:36,205 INFO run_daily: Step 9: ranking
2026-09-01 18:01:36,206 INFO run_daily: Step 10: writing digest
2026-09-01 18:01:36,241 INFO src.digest_writer: digest written: output/market_radar_2026-09-01.html
2026-09-01 18:01:36,241 INFO run_daily: === Done: output/market_radar_2026-09-01.html ===
