2026-08-28 23:30:55,744 INFO run_daily: === Market Event Radar starting — 2026-08-28 ===
2026-08-28 23:30:55,746 INFO run_daily: Step 1: fetching earnings calendar
2026-08-28 23:31:06,514 INFO src.event_fetcher: nasdaq earnings: 143 entries across 7 days
2026-08-28 23:31:07,960 INFO src.event_fetcher: finnhub earnings: 184 entries
2026-08-28 23:31:07,960 INFO src.event_fetcher: merged earnings universe: 246 unique tickers
2026-08-28 23:31:07,960 INFO run_daily: Step 2: fetching 8-K filings
2026-08-28 23:31:08,644 INFO src.event_fetcher: edgar 8-K filings: 100
2026-08-28 23:31:09,081 INFO run_daily: Step 3: building universe
2026-08-28 23:31:09,082 INFO src.universe: universe: 35 tickers (10 watchlist, 25 discovered)
2026-08-28 23:31:09,082 INFO run_daily: Universe: 35 tickers
2026-08-28 23:31:09,082 INFO run_daily: Step 4: yfinance cross-check for 35 tickers
2026-08-28 23:31:23,628 INFO run_daily: Step 5: building earnings events
2026-08-28 23:31:23,629 INFO src.source_merger: earnings events built: 246
2026-08-28 23:31:23,629 INFO run_daily: Step 5b: building 8-K events
2026-08-28 23:31:23,632 INFO run_daily: Step 6: options filter (346 candidates)
2026-08-28 23:31:27,543 WARNING src.options_filter: ARDC: options data unavailable from all sources
2026-08-28 23:31:31,325 WARNING src.options_filter: BDJ: options data unavailable from all sources
2026-08-28 23:31:35,084 WARNING src.options_filter: HURC: options data unavailable from all sources
2026-08-28 23:31:38,839 WARNING src.options_filter: PAXS: options data unavailable from all sources
2026-08-28 23:31:42,599 WARNING src.options_filter: ASG: options data unavailable from all sources
2026-08-28 23:31:46,371 WARNING src.options_filter: AUSI: options data unavailable from all sources
2026-08-28 23:31:50,118 WARNING src.options_filter: FOF: options data unavailable from all sources
2026-08-28 23:31:53,859 WARNING src.options_filter: GLCP: options data unavailable from all sources
2026-08-28 23:31:57,603 WARNING src.options_filter: GTIJF: options data unavailable from all sources
2026-08-28 23:32:01,354 WARNING src.options_filter: HGTXU: options data unavailable from all sources
2026-08-28 23:32:05,098 WARNING src.options_filter: IBIO: options data unavailable from all sources
2026-08-28 23:32:08,841 WARNING src.options_filter: JCE: options data unavailable from all sources
2026-08-28 23:32:12,584 WARNING src.options_filter: OPP: options data unavailable from all sources
2026-08-28 23:32:16,348 WARNING src.options_filter: PCM: options data unavailable from all sources
2026-08-28 23:32:20,095 WARNING src.options_filter: PCQ: options data unavailable from all sources
2026-08-28 23:32:23,834 WARNING src.options_filter: PDI: options data unavailable from all sources
2026-08-28 23:32:27,580 WARNING src.options_filter: PDO: options data unavailable from all sources
2026-08-28 23:32:31,328 WARNING src.options_filter: PDX: options data unavailable from all sources
2026-08-28 23:32:35,079 WARNING src.options_filter: PFL: options data unavailable from all sources
2026-08-28 23:32:38,826 WARNING src.options_filter: PGP: options data unavailable from all sources
2026-08-28 23:32:42,570 WARNING src.options_filter: PHK: options data unavailable from all sources
2026-08-28 23:32:46,315 WARNING src.options_filter: PNI: options data unavailable from all sources
2026-08-28 23:32:50,062 WARNING src.options_filter: PSF: options data unavailable from all sources
2026-08-28 23:32:53,805 WARNING src.options_filter: RFI: options data unavailable from all sources
2026-08-28 23:32:57,549 WARNING src.options_filter: RQI: options data unavailable from all sources
2026-08-28 23:33:01,302 WARNING src.options_filter: USA: options data unavailable from all sources
2026-08-28 23:33:05,048 WARNING src.options_filter: UTF: options data unavailable from all sources
2026-08-28 23:33:08,802 WARNING src.options_filter: BBN: options data unavailable from all sources
2026-08-28 23:33:12,547 WARNING src.options_filter: BCAT: options data unavailable from all sources
2026-08-28 23:33:12,743 ERROR yfinance: $BF.B: possibly delisted; no price data found  (period=1mo)
2026-08-28 23:33:16,985 WARNING src.options_filter: BF.B: options data unavailable from all sources
2026-08-28 23:33:20,734 WARNING src.options_filter: BGR: options data unavailable from all sources
2026-08-28 23:33:24,479 WARNING src.options_filter: BGT: options data unavailable from all sources
2026-08-28 23:33:28,251 WARNING src.options_filter: BGY: options data unavailable from all sources
2026-08-28 23:33:32,166 WARNING src.options_filter: BIT: options data unavailable from all sources
2026-08-28 23:33:35,915 WARNING src.options_filter: BKT: options data unavailable from all sources
2026-08-28 23:33:39,663 WARNING src.options_filter: BME: options data unavailable from all sources
2026-08-28 23:33:43,416 WARNING src.options_filter: BMEZ: options data unavailable from all sources
2026-08-28 23:33:47,167 WARNING src.options_filter: BST: options data unavailable from all sources
2026-08-28 23:33:50,916 WARNING src.options_filter: BSTZ: options data unavailable from all sources
2026-08-28 23:33:54,666 WARNING src.options_filter: BTX: options data unavailable from all sources
2026-08-28 23:33:58,411 WARNING src.options_filter: CII: options data unavailable from all sources
2026-08-28 23:34:02,158 WARNING src.options_filter: DDC: options data unavailable from all sources
2026-08-28 23:34:05,916 WARNING src.options_filter: DSU: options data unavailable from all sources
2026-08-28 23:34:09,702 WARNING src.options_filter: ECAT: options data unavailable from all sources
2026-08-28 23:34:13,449 WARNING src.options_filter: FRA: options data unavailable from all sources
2026-08-28 23:34:17,196 WARNING src.options_filter: GAB: options data unavailable from all sources
2026-08-28 23:34:20,943 WARNING src.options_filter: GF: options data unavailable from all sources
2026-08-28 23:34:24,697 WARNING src.options_filter: GGT: options data unavailable from all sources
2026-08-28 23:34:28,444 WARNING src.options_filter: PDEX: options data unavailable from all sources
2026-08-28 23:34:32,188 WARNING src.options_filter: PML: options data unavailable from all sources
2026-08-28 23:34:35,934 WARNING src.options_filter: RNP: options data unavailable from all sources
2026-08-28 23:34:39,707 WARNING src.options_filter: TSI: options data unavailable from all sources
2026-08-28 23:34:43,455 WARNING src.options_filter: ABLT: options data unavailable from all sources
2026-08-28 23:34:44,010 ERROR yfinance: HTTP Error 404: {"quoteSummary":{"result":null,"error":{"code":"Not Found","description":"Quote not found for symbol: BASE"}}}
2026-08-28 23:34:44,419 ERROR yfinance: $BASE: No data found, symbol may be delisted
2026-08-28 23:34:48,666 WARNING src.options_filter: BASE: options data unavailable from all sources
2026-08-28 23:34:52,410 WARNING src.options_filter: BOE: options data unavailable from all sources
2026-08-28 23:34:56,159 WARNING src.options_filter: CIK: options data unavailable from all sources
2026-08-28 23:34:59,909 WARNING src.options_filter: COE: options data unavailable from all sources
2026-08-28 23:35:03,658 WARNING src.options_filter: GGN: options data unavailable from all sources
2026-08-28 23:35:07,404 WARNING src.options_filter: GGZ: options data unavailable from all sources
2026-08-28 23:35:11,148 WARNING src.options_filter: GUT: options data unavailable from all sources
2026-08-28 23:35:15,011 WARNING src.options_filter: HMR: options data unavailable from all sources
2026-08-28 23:35:18,764 WARNING src.options_filter: JILL: options data unavailable from all sources
2026-08-28 23:35:22,516 WARNING src.options_filter: LDP: options data unavailable from all sources
2026-08-28 23:35:26,263 WARNING src.options_filter: LQWC: options data unavailable from all sources
2026-08-28 23:35:30,013 WARNING src.options_filter: MACT: options data unavailable from all sources
2026-08-28 23:35:33,759 WARNING src.options_filter: MCN: options data unavailable from all sources
2026-08-28 23:35:37,659 WARNING src.options_filter: PFN: options data unavailable from all sources
2026-08-28 23:35:41,405 WARNING src.options_filter: RGS: options data unavailable from all sources
2026-08-28 23:35:45,148 WARNING src.options_filter: STK: options data unavailable from all sources
2026-08-28 23:35:48,899 WARNING src.options_filter: TY: options data unavailable from all sources
2026-08-28 23:35:52,643 WARNING src.options_filter: AIJTY: options data unavailable from all sources
2026-08-28 23:35:56,387 WARNING src.options_filter: CANG: options data unavailable from all sources
2026-08-28 23:36:00,129 WARNING src.options_filter: CCG: options data unavailable from all sources
2026-08-28 23:36:03,872 WARNING src.options_filter: CISS: options data unavailable from all sources
2026-08-28 23:36:04,620 ERROR yfinance: $HZRBY: No data found, symbol may be delisted
2026-08-28 23:36:08,869 WARNING src.options_filter: HZRBY: options data unavailable from all sources
2026-08-28 23:36:12,636 WARNING src.options_filter: INTJ: options data unavailable from all sources
2026-08-28 23:36:16,376 WARNING src.options_filter: JGH: options data unavailable from all sources
2026-08-28 23:36:20,127 WARNING src.options_filter: JMM: options data unavailable from all sources
2026-08-28 23:36:23,882 WARNING src.options_filter: JRS: options data unavailable from all sources
2026-08-28 23:36:27,626 WARNING src.options_filter: KF: options data unavailable from all sources
2026-08-28 23:36:27,798 ERROR yfinance: $LDXC: possibly delisted; no price data found  (period=1mo)
2026-08-28 23:36:32,045 WARNING src.options_filter: LDXC: options data unavailable from all sources
2026-08-28 23:36:35,782 WARNING src.options_filter: NPCT: options data unavailable from all sources
2026-08-28 23:36:39,522 WARNING src.options_filter: PCN: options data unavailable from all sources
2026-08-28 23:36:43,264 WARNING src.options_filter: PNBI: options data unavailable from all sources
2026-08-28 23:36:47,004 WARNING src.options_filter: PXS: options data unavailable from all sources
2026-08-28 23:36:50,748 WARNING src.options_filter: QQQX: options data unavailable from all sources
2026-08-28 23:36:54,491 WARNING src.options_filter: RCS: options data unavailable from all sources
2026-08-28 23:36:58,245 WARNING src.options_filter: RMM: options data unavailable from all sources
2026-08-28 23:37:01,983 WARNING src.options_filter: SCGY: options data unavailable from all sources
2026-08-28 23:37:05,729 WARNING src.options_filter: SPXX: options data unavailable from all sources
2026-08-28 23:37:05,902 ERROR yfinance: $WDSP: possibly delisted; no price data found  (period=1mo)
2026-08-28 23:37:10,142 WARNING src.options_filter: WDSP: options data unavailable from all sources
2026-08-28 23:37:13,882 WARNING src.options_filter: BACK: options data unavailable from all sources
2026-08-28 23:37:17,626 WARNING src.options_filter: BLPG: options data unavailable from all sources
2026-08-28 23:37:21,368 WARNING src.options_filter: BZYR: options data unavailable from all sources
2026-08-28 23:37:25,110 WARNING src.options_filter: CHA: options data unavailable from all sources
2026-08-28 23:37:28,851 WARNING src.options_filter: UTSI: options data unavailable from all sources
2026-08-28 23:37:32,619 WARNING src.options_filter: BXBL: options data unavailable from all sources
2026-08-28 23:37:36,366 WARNING src.options_filter: ZONE: options data unavailable from all sources
2026-08-28 23:37:40,108 WARNING src.options_filter: GITS: options data unavailable from all sources
2026-08-28 23:37:43,919 WARNING src.options_filter: CHRN: options data unavailable from all sources
2026-08-28 23:37:47,967 WARNING src.options_filter: CURR: options data unavailable from all sources
2026-08-28 23:37:51,718 WARNING src.options_filter: FRGT: options data unavailable from all sources
2026-08-28 23:37:55,457 WARNING src.options_filter: ALPS: options data unavailable from all sources
2026-08-28 23:37:59,199 WARNING src.options_filter: AAME: options data unavailable from all sources
2026-08-28 23:38:02,938 WARNING src.options_filter: BRLS: options data unavailable from all sources
2026-08-28 23:38:06,686 WARNING src.options_filter: SEGG: options data unavailable from all sources
2026-08-28 23:38:10,429 WARNING src.options_filter: BRTX: options data unavailable from all sources
2026-08-28 23:38:14,173 WARNING src.options_filter: SHPH: options data unavailable from all sources
2026-08-28 23:38:17,938 WARNING src.options_filter: FLYE: options data unavailable from all sources
2026-08-28 23:38:21,683 WARNING src.options_filter: GTEN: options data unavailable from all sources
2026-08-28 23:38:22,305 ERROR yfinance: $BF.A: No data found, symbol may be delisted
2026-08-28 23:38:26,551 WARNING src.options_filter: BF.A: options data unavailable from all sources
2026-08-28 23:38:30,296 WARNING src.options_filter: RYDE: options data unavailable from all sources
2026-08-28 23:38:34,050 WARNING src.options_filter: AACG: options data unavailable from all sources
2026-08-28 23:38:37,796 WARNING src.options_filter: ATCH: options data unavailable from all sources
2026-08-28 23:38:41,542 WARNING src.options_filter: PTN: options data unavailable from all sources
2026-08-28 23:38:45,293 WARNING src.options_filter: GAUZ: options data unavailable from all sources
2026-08-28 23:38:49,037 WARNING src.options_filter: GURE: options data unavailable from all sources
2026-08-28 23:38:52,782 WARNING src.options_filter: LKSP: options data unavailable from all sources
2026-08-28 23:38:56,526 WARNING src.options_filter: WLYB: options data unavailable from all sources
2026-08-28 23:39:00,282 WARNING src.options_filter: LND: options data unavailable from all sources
2026-08-28 23:39:04,029 WARNING src.options_filter: EONR: options data unavailable from all sources
2026-08-28 23:39:07,781 WARNING src.options_filter: CRMT: options data unavailable from all sources
2026-08-28 23:39:11,533 WARNING src.options_filter: CMMB: options data unavailable from all sources
2026-08-28 23:39:15,279 WARNING src.options_filter: SMXT: options data unavailable from all sources
2026-08-28 23:39:19,029 WARNING src.options_filter: REBN: options data unavailable from all sources
2026-08-28 23:39:22,779 WARNING src.options_filter: BTTC: options data unavailable from all sources
2026-08-28 23:39:26,523 WARNING src.options_filter: IPST: options data unavailable from all sources
2026-08-28 23:39:30,272 WARNING src.options_filter: SNYR: options data unavailable from all sources
2026-08-28 23:39:30,839 ERROR yfinance: $UNKNOWN: No data found, symbol may be delisted
2026-08-28 23:39:35,088 WARNING src.options_filter: UNKNOWN: options data unavailable from all sources
2026-08-28 23:39:35,335 ERROR yfinance: $UNKNOWN: No data found, symbol may be delisted
2026-08-28 23:39:39,582 WARNING src.options_filter: UNKNOWN: options data unavailable from all sources
2026-08-28 23:39:43,336 WARNING src.options_filter: BEIGF: options data unavailable from all sources
2026-08-28 23:39:43,579 ERROR yfinance: $UNKNOWN: No data found, symbol may be delisted
2026-08-28 23:39:47,827 WARNING src.options_filter: UNKNOWN: options data unavailable from all sources
2026-08-28 23:39:48,064 ERROR yfinance: $UNKNOWN: No data found, symbol may be delisted
2026-08-28 23:39:52,336 WARNING src.options_filter: UNKNOWN: options data unavailable from all sources
2026-08-28 23:39:52,645 ERROR yfinance: $UNKNOWN: No data found, symbol may be delisted
2026-08-28 23:39:57,182 WARNING src.options_filter: UNKNOWN: options data unavailable from all sources
2026-08-28 23:39:57,424 ERROR yfinance: $UNKNOWN: No data found, symbol may be delisted
2026-08-28 23:40:01,674 WARNING src.options_filter: UNKNOWN: options data unavailable from all sources
2026-08-28 23:40:01,918 ERROR yfinance: $UNKNOWN: No data found, symbol may be delisted
2026-08-28 23:40:06,170 WARNING src.options_filter: UNKNOWN: options data unavailable from all sources
2026-08-28 23:40:06,423 ERROR yfinance: $UNKNOWN: No data found, symbol may be delisted
2026-08-28 23:40:10,672 WARNING src.options_filter: UNKNOWN: options data unavailable from all sources
2026-08-28 23:40:10,908 ERROR yfinance: $UNKNOWN: No data found, symbol may be delisted
2026-08-28 23:40:15,154 WARNING src.options_filter: UNKNOWN: options data unavailable from all sources
2026-08-28 23:40:15,394 ERROR yfinance: $UNKNOWN: No data found, symbol may be delisted
2026-08-28 23:40:19,642 WARNING src.options_filter: UNKNOWN: options data unavailable from all sources
2026-08-28 23:40:19,877 ERROR yfinance: $UNKNOWN: No data found, symbol may be delisted
2026-08-28 23:40:24,133 WARNING src.options_filter: UNKNOWN: options data unavailable from all sources
2026-08-28 23:40:24,377 ERROR yfinance: $UNKNOWN: No data found, symbol may be delisted
2026-08-28 23:40:28,661 WARNING src.options_filter: UNKNOWN: options data unavailable from all sources
2026-08-28 23:40:28,911 ERROR yfinance: $UNKNOWN: No data found, symbol may be delisted
2026-08-28 23:40:33,157 WARNING src.options_filter: UNKNOWN: options data unavailable from all sources
2026-08-28 23:40:33,400 ERROR yfinance: $UNKNOWN: No data found, symbol may be delisted
2026-08-28 23:40:37,647 WARNING src.options_filter: UNKNOWN: options data unavailable from all sources
2026-08-28 23:40:37,959 ERROR yfinance: $UNKNOWN: No data found, symbol may be delisted
2026-08-28 23:40:42,207 WARNING src.options_filter: UNKNOWN: options data unavailable from all sources
2026-08-28 23:40:42,439 ERROR yfinance: $UNKNOWN: No data found, symbol may be delisted
2026-08-28 23:40:46,684 WARNING src.options_filter: UNKNOWN: options data unavailable from all sources
2026-08-28 23:40:46,928 ERROR yfinance: $UNKNOWN: No data found, symbol may be delisted
2026-08-28 23:40:51,212 WARNING src.options_filter: UNKNOWN: options data unavailable from all sources
2026-08-28 23:40:51,477 ERROR yfinance: $UNKNOWN: No data found, symbol may be delisted
2026-08-28 23:40:55,727 WARNING src.options_filter: UNKNOWN: options data unavailable from all sources
2026-08-28 23:40:55,973 ERROR yfinance: $UNKNOWN: No data found, symbol may be delisted
2026-08-28 23:41:00,222 WARNING src.options_filter: UNKNOWN: options data unavailable from all sources
2026-08-28 23:41:00,468 ERROR yfinance: $UNKNOWN: No data found, symbol may be delisted
2026-08-28 23:41:04,723 WARNING src.options_filter: UNKNOWN: options data unavailable from all sources
2026-08-28 23:41:04,977 ERROR yfinance: $UNKNOWN: No data found, symbol may be delisted
2026-08-28 23:41:09,225 WARNING src.options_filter: UNKNOWN: options data unavailable from all sources
2026-08-28 23:41:09,471 ERROR yfinance: $UNKNOWN: No data found, symbol may be delisted
2026-08-28 23:41:13,745 WARNING src.options_filter: UNKNOWN: options data unavailable from all sources
2026-08-28 23:41:13,983 ERROR yfinance: $UNKNOWN: No data found, symbol may be delisted
2026-08-28 23:41:18,244 WARNING src.options_filter: UNKNOWN: options data unavailable from all sources
2026-08-28 23:41:18,487 ERROR yfinance: $UNKNOWN: No data found, symbol may be delisted
2026-08-28 23:41:22,739 WARNING src.options_filter: UNKNOWN: options data unavailable from all sources
2026-08-28 23:41:22,989 ERROR yfinance: $UNKNOWN: No data found, symbol may be delisted
2026-08-28 23:41:27,235 WARNING src.options_filter: UNKNOWN: options data unavailable from all sources
2026-08-28 23:41:27,481 ERROR yfinance: $UNKNOWN: No data found, symbol may be delisted
2026-08-28 23:41:31,734 WARNING src.options_filter: UNKNOWN: options data unavailable from all sources
2026-08-28 23:41:31,975 ERROR yfinance: $UNKNOWN: No data found, symbol may be delisted
2026-08-28 23:41:36,292 WARNING src.options_filter: UNKNOWN: options data unavailable from all sources
2026-08-28 23:41:36,561 ERROR yfinance: $UNKNOWN: No data found, symbol may be delisted
2026-08-28 23:41:40,806 WARNING src.options_filter: UNKNOWN: options data unavailable from all sources
2026-08-28 23:41:41,068 ERROR yfinance: $UNKNOWN: No data found, symbol may be delisted
2026-08-28 23:41:45,340 WARNING src.options_filter: UNKNOWN: options data unavailable from all sources
2026-08-28 23:41:45,584 ERROR yfinance: $UNKNOWN: No data found, symbol may be delisted
2026-08-28 23:41:49,829 WARNING src.options_filter: UNKNOWN: options data unavailable from all sources
2026-08-28 23:41:50,110 ERROR yfinance: $UNKNOWN: No data found, symbol may be delisted
2026-08-28 23:41:54,363 WARNING src.options_filter: UNKNOWN: options data unavailable from all sources
2026-08-28 23:41:54,631 ERROR yfinance: $UNKNOWN: No data found, symbol may be delisted
2026-08-28 23:41:58,883 WARNING src.options_filter: UNKNOWN: options data unavailable from all sources
2026-08-28 23:41:59,125 ERROR yfinance: $UNKNOWN: No data found, symbol may be delisted
2026-08-28 23:42:03,375 WARNING src.options_filter: UNKNOWN: options data unavailable from all sources
2026-08-28 23:42:03,614 ERROR yfinance: $UNKNOWN: No data found, symbol may be delisted
2026-08-28 23:42:07,867 WARNING src.options_filter: UNKNOWN: options data unavailable from all sources
2026-08-28 23:42:08,127 ERROR yfinance: $UNKNOWN: No data found, symbol may be delisted
2026-08-28 23:42:12,378 WARNING src.options_filter: UNKNOWN: options data unavailable from all sources
2026-08-28 23:42:16,127 WARNING src.options_filter: CORZR: options data unavailable from all sources
2026-08-28 23:42:16,370 ERROR yfinance: $UNKNOWN: No data found, symbol may be delisted
2026-08-28 23:42:20,622 WARNING src.options_filter: UNKNOWN: options data unavailable from all sources
2026-08-28 23:42:20,860 ERROR yfinance: $UNKNOWN: No data found, symbol may be delisted
2026-08-28 23:42:25,514 WARNING src.options_filter: UNKNOWN: options data unavailable from all sources
2026-08-28 23:42:25,758 ERROR yfinance: $UNKNOWN: No data found, symbol may be delisted
2026-08-28 23:42:30,010 WARNING src.options_filter: UNKNOWN: options data unavailable from all sources
2026-08-28 23:42:30,323 ERROR yfinance: $UNKNOWN: No data found, symbol may be delisted
2026-08-28 23:42:34,671 WARNING src.options_filter: UNKNOWN: options data unavailable from all sources
2026-08-28 23:42:38,419 WARNING src.options_filter: LTCH: options data unavailable from all sources
2026-08-28 23:42:38,671 ERROR yfinance: $UNKNOWN: No data found, symbol may be delisted
2026-08-28 23:42:42,933 WARNING src.options_filter: UNKNOWN: options data unavailable from all sources
2026-08-28 23:42:43,176 ERROR yfinance: $UNKNOWN: No data found, symbol may be delisted
2026-08-28 23:42:47,428 WARNING src.options_filter: UNKNOWN: options data unavailable from all sources
2026-08-28 23:42:47,668 ERROR yfinance: $UNKNOWN: No data found, symbol may be delisted
2026-08-28 23:42:51,914 WARNING src.options_filter: UNKNOWN: options data unavailable from all sources
2026-08-28 23:42:52,161 ERROR yfinance: $UNKNOWN: No data found, symbol may be delisted
2026-08-28 23:42:56,410 WARNING src.options_filter: UNKNOWN: options data unavailable from all sources
2026-08-28 23:42:56,651 ERROR yfinance: $UNKNOWN: No data found, symbol may be delisted
2026-08-28 23:43:00,900 WARNING src.options_filter: UNKNOWN: options data unavailable from all sources
2026-08-28 23:43:01,146 ERROR yfinance: $UNKNOWN: No data found, symbol may be delisted
2026-08-28 23:43:05,394 WARNING src.options_filter: UNKNOWN: options data unavailable from all sources
2026-08-28 23:43:05,662 ERROR yfinance: $UNKNOWN: No data found, symbol may be delisted
2026-08-28 23:43:09,912 WARNING src.options_filter: UNKNOWN: options data unavailable from all sources
2026-08-28 23:43:13,666 WARNING src.options_filter: KEQU: options data unavailable from all sources
2026-08-28 23:43:13,910 ERROR yfinance: $UNKNOWN: No data found, symbol may be delisted
2026-08-28 23:43:18,167 WARNING src.options_filter: UNKNOWN: options data unavailable from all sources
2026-08-28 23:43:18,432 ERROR yfinance: $UNKNOWN: No data found, symbol may be delisted
2026-08-28 23:43:22,681 WARNING src.options_filter: UNKNOWN: options data unavailable from all sources
2026-08-28 23:43:26,428 WARNING src.options_filter: NVVE: options data unavailable from all sources
2026-08-28 23:43:26,675 ERROR yfinance: $UNKNOWN: No data found, symbol may be delisted
2026-08-28 23:43:30,923 WARNING src.options_filter: UNKNOWN: options data unavailable from all sources
2026-08-28 23:43:31,168 ERROR yfinance: $UNKNOWN: No data found, symbol may be delisted
2026-08-28 23:43:35,417 WARNING src.options_filter: UNKNOWN: options data unavailable from all sources
2026-08-28 23:43:35,659 ERROR yfinance: $UNKNOWN: No data found, symbol may be delisted
2026-08-28 23:43:39,903 WARNING src.options_filter: UNKNOWN: options data unavailable from all sources
2026-08-28 23:43:43,651 WARNING src.options_filter: HTZWW: options data unavailable from all sources
2026-08-28 23:43:47,402 WARNING src.options_filter: DRCT: options data unavailable from all sources
2026-08-28 23:43:47,644 ERROR yfinance: $UNKNOWN: No data found, symbol may be delisted
2026-08-28 23:43:51,922 WARNING src.options_filter: UNKNOWN: options data unavailable from all sources
2026-08-28 23:43:52,164 ERROR yfinance: $UNKNOWN: No data found, symbol may be delisted
2026-08-28 23:43:56,411 WARNING src.options_filter: UNKNOWN: options data unavailable from all sources
2026-08-28 23:43:56,653 ERROR yfinance: $UNKNOWN: No data found, symbol may be delisted
2026-08-28 23:44:00,902 WARNING src.options_filter: UNKNOWN: options data unavailable from all sources
2026-08-28 23:44:04,667 WARNING src.options_filter: KEQU: options data unavailable from all sources
2026-08-28 23:44:04,926 ERROR yfinance: $UNKNOWN: No data found, symbol may be delisted
2026-08-28 23:44:09,171 WARNING src.options_filter: UNKNOWN: options data unavailable from all sources
2026-08-28 23:44:09,415 ERROR yfinance: $UNKNOWN: No data found, symbol may be delisted
2026-08-28 23:44:13,686 WARNING src.options_filter: UNKNOWN: options data unavailable from all sources
2026-08-28 23:44:13,924 ERROR yfinance: $UNKNOWN: No data found, symbol may be delisted
2026-08-28 23:44:18,174 WARNING src.options_filter: UNKNOWN: options data unavailable from all sources
2026-08-28 23:44:18,408 ERROR yfinance: $UNKNOWN: No data found, symbol may be delisted
2026-08-28 23:44:22,654 WARNING src.options_filter: UNKNOWN: options data unavailable from all sources
2026-08-28 23:44:22,895 ERROR yfinance: $UNKNOWN: No data found, symbol may be delisted
2026-08-28 23:44:27,154 WARNING src.options_filter: UNKNOWN: options data unavailable from all sources
2026-08-28 23:44:30,902 WARNING src.options_filter: AIRTP: options data unavailable from all sources
2026-08-28 23:44:31,147 ERROR yfinance: $UNKNOWN: No data found, symbol may be delisted
2026-08-28 23:44:35,406 WARNING src.options_filter: UNKNOWN: options data unavailable from all sources
2026-08-28 23:44:35,717 ERROR yfinance: $UNKNOWN: No data found, symbol may be delisted
2026-08-28 23:44:39,965 WARNING src.options_filter: UNKNOWN: options data unavailable from all sources
2026-08-28 23:44:40,202 ERROR yfinance: $UNKNOWN: No data found, symbol may be delisted
2026-08-28 23:44:44,453 WARNING src.options_filter: UNKNOWN: options data unavailable from all sources
2026-08-28 23:44:48,205 WARNING src.options_filter: SER: options data unavailable from all sources
2026-08-28 23:44:48,563 ERROR yfinance: $UNKNOWN: No data found, symbol may be delisted
2026-08-28 23:44:53,096 WARNING src.options_filter: UNKNOWN: options data unavailable from all sources
2026-08-28 23:44:53,347 ERROR yfinance: $UNKNOWN: No data found, symbol may be delisted
2026-08-28 23:44:57,641 WARNING src.options_filter: UNKNOWN: options data unavailable from all sources
2026-08-28 23:44:57,906 ERROR yfinance: $UNKNOWN: No data found, symbol may be delisted
2026-08-28 23:45:02,158 WARNING src.options_filter: UNKNOWN: options data unavailable from all sources
2026-08-28 23:45:02,460 ERROR yfinance: $UNKNOWN: No data found, symbol may be delisted
2026-08-28 23:45:06,703 WARNING src.options_filter: UNKNOWN: options data unavailable from all sources
2026-08-28 23:45:06,947 ERROR yfinance: $UNKNOWN: No data found, symbol may be delisted
2026-08-28 23:45:11,195 WARNING src.options_filter: UNKNOWN: options data unavailable from all sources
2026-08-28 23:45:11,436 ERROR yfinance: $UNKNOWN: No data found, symbol may be delisted
2026-08-28 23:45:15,683 WARNING src.options_filter: UNKNOWN: options data unavailable from all sources
2026-08-28 23:45:19,436 WARNING src.options_filter: NPB: options data unavailable from all sources
2026-08-28 23:45:19,673 ERROR yfinance: $UNKNOWN: No data found, symbol may be delisted
2026-08-28 23:45:23,929 WARNING src.options_filter: UNKNOWN: options data unavailable from all sources
2026-08-28 23:45:24,233 ERROR yfinance: $UNKNOWN: No data found, symbol may be delisted
2026-08-28 23:45:28,482 WARNING src.options_filter: UNKNOWN: options data unavailable from all sources
2026-08-28 23:45:28,729 ERROR yfinance: $UNKNOWN: No data found, symbol may be delisted
2026-08-28 23:45:32,991 WARNING src.options_filter: UNKNOWN: options data unavailable from all sources
2026-08-28 23:45:36,742 WARNING src.options_filter: PRTHU: options data unavailable from all sources
2026-08-28 23:45:36,742 INFO run_daily: Passed options gate: 56 events
2026-08-28 23:45:36,742 INFO run_daily: Step 7: enriching 56 events
2026-08-28 23:45:48,750 INFO run_daily: Step 8: dedup
2026-08-28 23:45:48,750 INFO run_daily: Step 9: ranking
2026-08-28 23:45:48,751 INFO run_daily: Step 10: writing digest
2026-08-28 23:45:48,785 INFO src.digest_writer: digest written: output/market_radar_2026-08-28.html
2026-08-28 23:45:48,785 INFO run_daily: === Done: output/market_radar_2026-08-28.html ===
