2026-08-03 15:45:30,441 INFO run_daily: === Market Event Radar starting — 2026-08-03 ===
2026-08-03 15:45:30,444 INFO run_daily: Step 1: fetching earnings calendar
2026-08-03 15:45:43,341 INFO src.event_fetcher: nasdaq earnings: 1596 entries across 7 days
2026-08-03 15:46:31,545 WARNING src.event_fetcher: Finnhub earnings failed: HTTPSConnectionPool(host='finnhub.io', port=443): Read timed out. (read timeout=15)
2026-08-03 15:46:31,548 INFO src.event_fetcher: merged earnings universe: 1596 unique tickers
2026-08-03 15:46:31,548 INFO run_daily: Step 2: fetching 8-K filings
2026-08-03 15:46:32,152 INFO src.event_fetcher: edgar 8-K filings: 100
2026-08-03 15:46:32,556 INFO run_daily: Step 3: building universe
2026-08-03 15:46:32,558 INFO src.universe: universe: 35 tickers (10 watchlist, 25 discovered)
2026-08-03 15:46:32,558 INFO run_daily: Universe: 35 tickers
2026-08-03 15:46:32,558 INFO run_daily: Step 4: yfinance cross-check for 35 tickers
2026-08-03 15:46:46,402 ERROR yfinance: HTTP Error 404: {"quoteSummary":{"result":null,"error":{"code":"Not Found","description":"No fundamentals data found for symbol: NWSLL"}}}
2026-08-03 15:46:53,161 INFO run_daily: Step 5: building earnings events
2026-08-03 15:46:53,164 INFO src.source_merger: earnings events built: 1596
2026-08-03 15:46:53,164 INFO run_daily: Step 5b: building 8-K events
2026-08-03 15:46:53,166 INFO run_daily: Step 6: options filter (1696 candidates)
2026-08-03 15:49:37,222 WARNING src.options_filter: CHRN: options data unavailable from all sources
2026-08-03 15:51:09,927 WARNING src.options_filter: ALX: options data unavailable from all sources
2026-08-03 15:51:14,207 WARNING src.options_filter: LIFE: options data unavailable from all sources
2026-08-03 15:52:00,329 ERROR yfinance: $CRD.A: possibly delisted; no price data found  (period=1mo) (Yahoo error = "No data found, symbol may be delisted")
2026-08-03 15:52:04,583 WARNING src.options_filter: CRD.A: options data unavailable from all sources
2026-08-03 15:52:05,262 ERROR yfinance: $CRD.B: possibly delisted; no price data found  (period=1mo) (Yahoo error = "No data found, symbol may be delisted")
2026-08-03 15:52:09,396 WARNING src.options_filter: CRD.B: options data unavailable from all sources
2026-08-03 15:52:25,674 WARNING src.options_filter: CURR: options data unavailable from all sources
2026-08-03 15:52:33,677 WARNING src.options_filter: ARTNA: options data unavailable from all sources
2026-08-03 15:53:03,725 WARNING src.options_filter: INHD: options data unavailable from all sources
2026-08-03 15:53:13,459 WARNING src.options_filter: HIT: options data unavailable from all sources
2026-08-03 15:53:17,749 WARNING src.options_filter: GECC: options data unavailable from all sources
2026-08-03 15:53:22,018 WARNING src.options_filter: ELOX: options data unavailable from all sources
2026-08-03 15:53:29,089 WARNING src.options_filter: COHN: options data unavailable from all sources
2026-08-03 15:53:37,986 WARNING src.options_filter: CTNT: options data unavailable from all sources
2026-08-03 15:58:56,403 ERROR yfinance: $BIO.B: possibly delisted; no price data found  (period=1mo)
2026-08-03 15:59:00,686 WARNING src.options_filter: BIO.B: options data unavailable from all sources
2026-08-03 16:01:31,311 WARNING src.options_filter: SEB: options data unavailable from all sources
2026-08-03 16:03:59,674 WARNING src.options_filter: IQMX: options data unavailable from all sources
2026-08-03 16:04:03,929 WARNING src.options_filter: LIME: options data unavailable from all sources
2026-08-03 16:04:20,420 WARNING src.options_filter: BXDC: options data unavailable from all sources
2026-08-03 16:04:33,789 WARNING src.options_filter: DMRA: options data unavailable from all sources
2026-08-03 16:04:41,620 WARNING src.options_filter: WLFC: options data unavailable from all sources
2026-08-03 16:06:02,149 WARNING src.options_filter: BOW: options data unavailable from all sources
2026-08-03 16:06:57,379 WARNING src.options_filter: FTH: options data unavailable from all sources
2026-08-03 16:07:34,606 WARNING src.options_filter: METCB: options data unavailable from all sources
2026-08-03 16:07:51,105 WARNING src.options_filter: MLAB: options data unavailable from all sources
2026-08-03 16:08:08,547 WARNING src.options_filter: URG: options data unavailable from all sources
2026-08-03 16:08:28,626 WARNING src.options_filter: FRPH: options data unavailable from all sources
2026-08-03 16:08:38,922 WARNING src.options_filter: SUJA: options data unavailable from all sources
2026-08-03 16:08:47,127 ERROR yfinance: $HVT.A: possibly delisted; no price data found  (period=1mo) (Yahoo error = "No data found, symbol may be delisted")
2026-08-03 16:08:51,264 WARNING src.options_filter: HVT.A: options data unavailable from all sources
2026-08-03 16:09:00,493 WARNING src.options_filter: WEYS: options data unavailable from all sources
2026-08-03 16:09:04,911 WARNING src.options_filter: CIX: options data unavailable from all sources
2026-08-03 16:09:45,843 WARNING src.options_filter: AOMR: options data unavailable from all sources
2026-08-03 16:09:55,375 WARNING src.options_filter: CMT: options data unavailable from all sources
2026-08-03 16:10:13,132 WARNING src.options_filter: OZ: options data unavailable from all sources
2026-08-03 16:10:25,599 WARNING src.options_filter: TYGO: options data unavailable from all sources
2026-08-03 16:10:34,732 WARNING src.options_filter: VATE: options data unavailable from all sources
2026-08-03 16:10:47,501 WARNING src.options_filter: SEAT: options data unavailable from all sources
2026-08-03 16:11:01,215 WARNING src.options_filter: WATT: options data unavailable from all sources
2026-08-03 16:11:14,813 WARNING src.options_filter: BOLD: options data unavailable from all sources
2026-08-03 16:11:29,518 WARNING src.options_filter: KPLT: options data unavailable from all sources
2026-08-03 16:11:35,416 WARNING src.options_filter: UONEK: options data unavailable from all sources
2026-08-03 16:11:41,265 WARNING src.options_filter: LPCN: options data unavailable from all sources
2026-08-03 16:11:45,468 WARNING src.options_filter: CYCN: options data unavailable from all sources
2026-08-03 16:11:49,778 WARNING src.options_filter: CRIS: options data unavailable from all sources
2026-08-03 16:11:54,127 WARNING src.options_filter: IMNN: options data unavailable from all sources
2026-08-03 16:11:58,365 WARNING src.options_filter: AMBO: options data unavailable from all sources
2026-08-03 16:12:02,578 WARNING src.options_filter: AQB: options data unavailable from all sources
2026-08-03 16:12:06,917 WARNING src.options_filter: PW: options data unavailable from all sources
2026-08-03 16:12:11,208 WARNING src.options_filter: DRCT: options data unavailable from all sources
2026-08-03 16:12:15,574 WARNING src.options_filter: WHLR: options data unavailable from all sources
2026-08-03 16:14:07,927 WARNING src.options_filter: BBDO: options data unavailable from all sources
2026-08-03 16:16:12,887 ERROR yfinance: $UHAL.B: possibly delisted; no price data found  (period=1mo)
2026-08-03 16:16:17,222 WARNING src.options_filter: UHAL.B: options data unavailable from all sources
2026-08-03 16:18:04,677 WARNING src.options_filter: ELPC: options data unavailable from all sources
2026-08-03 16:21:21,715 WARNING src.options_filter: OTF: options data unavailable from all sources
2026-08-03 16:25:04,612 WARNING src.options_filter: AAUC: options data unavailable from all sources
2026-08-03 16:26:18,005 WARNING src.options_filter: OPI: options data unavailable from all sources
2026-08-03 16:27:11,164 WARNING src.options_filter: TWFG: options data unavailable from all sources
2026-08-03 16:28:40,307 WARNING src.options_filter: AGBK: options data unavailable from all sources
2026-08-03 16:29:17,324 WARNING src.options_filter: DEC: options data unavailable from all sources
2026-08-03 16:29:51,908 WARNING src.options_filter: HMH: options data unavailable from all sources
2026-08-03 16:30:29,550 WARNING src.options_filter: GFR: options data unavailable from all sources
2026-08-03 16:31:23,704 WARNING src.options_filter: ITIC: options data unavailable from all sources
2026-08-03 16:31:47,845 WARNING src.options_filter: TATT: options data unavailable from all sources
2026-08-03 16:32:44,102 WARNING src.options_filter: GBLI: options data unavailable from all sources
2026-08-03 16:33:10,302 WARNING src.options_filter: NC: options data unavailable from all sources
2026-08-03 16:33:24,021 WARNING src.options_filter: CARL: options data unavailable from all sources
2026-08-03 16:33:46,374 WARNING src.options_filter: PSBD: options data unavailable from all sources
2026-08-03 16:34:00,780 WARNING src.options_filter: OFLX: options data unavailable from all sources
2026-08-03 16:34:51,702 WARNING src.options_filter: BDSX: options data unavailable from all sources
2026-08-03 16:35:01,173 WARNING src.options_filter: RCMT: options data unavailable from all sources
2026-08-03 16:35:52,246 WARNING src.options_filter: NINE: options data unavailable from all sources
2026-08-03 16:36:10,040 WARNING src.options_filter: RYDE: options data unavailable from all sources
2026-08-03 16:36:14,375 WARNING src.options_filter: AKA: options data unavailable from all sources
2026-08-03 16:36:24,889 WARNING src.options_filter: BTMD: options data unavailable from all sources
2026-08-03 16:36:29,177 WARNING src.options_filter: PFX: options data unavailable from all sources
2026-08-03 16:36:33,459 WARNING src.options_filter: HNNA: options data unavailable from all sources
2026-08-03 16:36:47,959 WARNING src.options_filter: XPL: options data unavailable from all sources
2026-08-03 16:36:52,229 WARNING src.options_filter: GENK: options data unavailable from all sources
2026-08-03 16:36:58,831 WARNING src.options_filter: AACG: options data unavailable from all sources
2026-08-03 16:37:03,317 WARNING src.options_filter: NYXH: options data unavailable from all sources
2026-08-03 16:37:07,703 WARNING src.options_filter: CNTX: options data unavailable from all sources
2026-08-03 16:37:17,514 WARNING src.options_filter: LSF: options data unavailable from all sources
2026-08-03 16:37:27,150 WARNING src.options_filter: OESX: options data unavailable from all sources
2026-08-03 16:37:34,182 WARNING src.options_filter: RAND: options data unavailable from all sources
2026-08-03 16:37:41,579 WARNING src.options_filter: AHT: options data unavailable from all sources
2026-08-03 16:37:45,923 WARNING src.options_filter: QNTM: options data unavailable from all sources
2026-08-03 16:37:50,342 WARNING src.options_filter: SST: options data unavailable from all sources
2026-08-03 16:37:54,711 WARNING src.options_filter: CYN: options data unavailable from all sources
2026-08-03 16:38:01,177 WARNING src.options_filter: AUST: options data unavailable from all sources
2026-08-03 16:38:08,263 WARNING src.options_filter: NXL: options data unavailable from all sources
2026-08-03 16:38:12,641 WARNING src.options_filter: SNES: options data unavailable from all sources
2026-08-03 16:38:16,888 WARNING src.options_filter: PULM: options data unavailable from all sources
2026-08-03 16:38:23,567 WARNING src.options_filter: SVCC: options data unavailable from all sources
2026-08-03 16:38:34,684 ERROR yfinance: $PBR.A: possibly delisted; no price data found  (period=1mo) (Yahoo error = "No data found, symbol may be delisted")
2026-08-03 16:38:38,824 WARNING src.options_filter: PBR.A: options data unavailable from all sources
2026-08-03 16:39:40,275 WARNING src.options_filter: IX: options data unavailable from all sources
2026-08-03 16:40:25,718 WARNING src.options_filter: AXIA: options data unavailable from all sources
2026-08-03 16:43:29,580 ERROR yfinance: $TAP.A: possibly delisted; no price data found  (period=1mo) (Yahoo error = "No data found, symbol may be delisted")
2026-08-03 16:43:33,919 WARNING src.options_filter: TAP.A: options data unavailable from all sources
2026-08-03 16:45:10,056 WARNING src.options_filter: WTM: options data unavailable from all sources
2026-08-03 16:50:05,993 WARNING src.options_filter: LCLN: options data unavailable from all sources
2026-08-03 16:50:55,471 WARNING src.options_filter: GENB: options data unavailable from all sources
2026-08-03 16:51:34,055 WARNING src.options_filter: RZC: options data unavailable from all sources
2026-08-03 16:51:59,358 WARNING src.options_filter: ATLC: options data unavailable from all sources
2026-08-03 16:52:26,564 WARNING src.options_filter: XZO: options data unavailable from all sources
2026-08-03 16:53:43,378 WARNING src.options_filter: SENEA: options data unavailable from all sources
2026-08-03 16:53:47,642 WARNING src.options_filter: SENEB: options data unavailable from all sources
2026-08-03 16:54:13,096 WARNING src.options_filter: RHLD: options data unavailable from all sources
2026-08-03 16:54:17,300 WARNING src.options_filter: NUTX: options data unavailable from all sources
2026-08-03 16:54:40,998 WARNING src.options_filter: GLIBA: options data unavailable from all sources
2026-08-03 16:54:57,778 WARNING src.options_filter: BAK: options data unavailable from all sources
2026-08-03 16:55:32,667 WARNING src.options_filter: KRT: options data unavailable from all sources
2026-08-03 16:55:39,624 WARNING src.options_filter: SSII: options data unavailable from all sources
2026-08-03 16:56:07,542 WARNING src.options_filter: SDHC: options data unavailable from all sources
2026-08-03 16:57:12,817 WARNING src.options_filter: NCDL: options data unavailable from all sources
2026-08-03 16:57:58,044 WARNING src.options_filter: KELYB: options data unavailable from all sources
2026-08-03 16:58:28,017 WARNING src.options_filter: SI: options data unavailable from all sources
2026-08-03 16:58:32,269 WARNING src.options_filter: FVR: options data unavailable from all sources
2026-08-03 16:58:39,156 WARNING src.options_filter: WRN: options data unavailable from all sources
2026-08-03 16:59:28,259 WARNING src.options_filter: VHI: options data unavailable from all sources
2026-08-03 16:59:50,447 WARNING src.options_filter: TCI: options data unavailable from all sources
2026-08-03 17:00:03,636 WARNING src.options_filter: CNCK: options data unavailable from all sources
2026-08-03 17:00:28,867 WARNING src.options_filter: MKTW: options data unavailable from all sources
2026-08-03 17:00:52,755 WARNING src.options_filter: TLSI: options data unavailable from all sources
2026-08-03 17:01:23,474 WARNING src.options_filter: APC: options data unavailable from all sources
2026-08-03 17:01:27,753 WARNING src.options_filter: SVCO: options data unavailable from all sources
2026-08-03 17:01:35,406 WARNING src.options_filter: ARL: options data unavailable from all sources
2026-08-03 17:01:35,409 ERROR yfinance: Failed to get ticker 'TBCH' reason: Failed to perform, curl: (16) . See https://curl.se/libcurl/c/libcurl-errors.html first for more details.
2026-08-03 17:01:48,873 WARNING src.options_filter: PMTS: options data unavailable from all sources
2026-08-03 17:01:56,628 WARNING src.options_filter: FRD: options data unavailable from all sources
2026-08-03 17:02:15,735 WARNING src.options_filter: CABO: options data unavailable from all sources
2026-08-03 17:02:40,111 WARNING src.options_filter: STRW: options data unavailable from all sources
2026-08-03 17:02:54,700 WARNING src.options_filter: MDV: options data unavailable from all sources
2026-08-03 17:03:11,472 WARNING src.options_filter: LEE: options data unavailable from all sources
2026-08-03 17:03:35,725 WARNING src.options_filter: CHCI: options data unavailable from all sources
2026-08-03 17:04:05,339 WARNING src.options_filter: BAER: options data unavailable from all sources
2026-08-03 17:04:34,522 WARNING src.options_filter: MHH: options data unavailable from all sources
2026-08-03 17:04:44,754 WARNING src.options_filter: VRCA: options data unavailable from all sources
2026-08-03 17:04:54,207 WARNING src.options_filter: IOR: options data unavailable from all sources
2026-08-03 17:05:01,182 WARNING src.options_filter: NMAD: options data unavailable from all sources
2026-08-03 17:05:08,054 WARNING src.options_filter: RLYB: options data unavailable from all sources
2026-08-03 17:05:15,138 WARNING src.options_filter: DTI: options data unavailable from all sources
2026-08-03 17:05:24,049 WARNING src.options_filter: CGTX: options data unavailable from all sources
2026-08-03 17:05:28,411 WARNING src.options_filter: CPHC: options data unavailable from all sources
2026-08-03 17:05:32,677 WARNING src.options_filter: EDRY: options data unavailable from all sources
2026-08-03 17:05:46,049 WARNING src.options_filter: CTM: options data unavailable from all sources
2026-08-03 17:05:50,425 WARNING src.options_filter: LONA: options data unavailable from all sources
2026-08-03 17:06:04,157 WARNING src.options_filter: IMA: options data unavailable from all sources
2026-08-03 17:06:11,718 WARNING src.options_filter: WFCF: options data unavailable from all sources
2026-08-03 17:06:20,410 WARNING src.options_filter: ECOR: options data unavailable from all sources
2026-08-03 17:06:24,740 WARNING src.options_filter: SNWV: options data unavailable from all sources
2026-08-03 17:06:29,075 WARNING src.options_filter: LIDR: options data unavailable from all sources
2026-08-03 17:06:36,102 WARNING src.options_filter: TCBS: options data unavailable from all sources
2026-08-03 17:06:47,466 WARNING src.options_filter: ACFN: options data unavailable from all sources
2026-08-03 17:07:07,861 WARNING src.options_filter: HGBL: options data unavailable from all sources
2026-08-03 17:07:12,133 WARNING src.options_filter: VRM: options data unavailable from all sources
2026-08-03 17:07:16,504 WARNING src.options_filter: NSYS: options data unavailable from all sources
2026-08-03 17:07:21,526 WARNING src.options_filter: QTI: options data unavailable from all sources
2026-08-03 17:07:25,781 WARNING src.options_filter: NEPH: options data unavailable from all sources
2026-08-03 17:07:30,107 WARNING src.options_filter: LIVE: options data unavailable from all sources
2026-08-03 17:07:36,774 WARNING src.options_filter: ALGS: options data unavailable from all sources
2026-08-03 17:07:41,125 WARNING src.options_filter: BRNS: options data unavailable from all sources
2026-08-03 17:07:50,973 WARNING src.options_filter: BIRD: options data unavailable from all sources
2026-08-03 17:07:55,315 WARNING src.options_filter: MDRR: options data unavailable from all sources
2026-08-03 17:07:59,667 WARNING src.options_filter: INUV: options data unavailable from all sources
2026-08-03 17:08:04,133 WARNING src.options_filter: HHS: options data unavailable from all sources
2026-08-03 17:08:10,670 WARNING src.options_filter: DFLI: options data unavailable from all sources
2026-08-03 17:08:15,126 WARNING src.options_filter: NXTC: options data unavailable from all sources
2026-08-03 17:08:24,547 WARNING src.options_filter: INTS: options data unavailable from all sources
2026-08-03 17:08:28,870 WARNING src.options_filter: SNTI: options data unavailable from all sources
2026-08-03 17:08:33,215 WARNING src.options_filter: INAB: options data unavailable from all sources
2026-08-03 17:08:40,339 WARNING src.options_filter: LSTA: options data unavailable from all sources
2026-08-03 17:08:44,664 WARNING src.options_filter: QNRX: options data unavailable from all sources
2026-08-03 17:08:48,891 WARNING src.options_filter: MTVA: options data unavailable from all sources
2026-08-03 17:08:53,214 WARNING src.options_filter: PCSA: options data unavailable from all sources
2026-08-03 17:08:57,474 WARNING src.options_filter: VEEE: options data unavailable from all sources
2026-08-03 17:09:03,850 WARNING src.options_filter: SNOA: options data unavailable from all sources
2026-08-03 17:09:08,199 WARNING src.options_filter: REVB: options data unavailable from all sources
2026-08-03 17:09:12,583 WARNING src.options_filter: SOBR: options data unavailable from all sources
2026-08-03 17:09:16,853 WARNING src.options_filter: BJDX: options data unavailable from all sources
2026-08-03 17:09:17,409 ERROR yfinance: $BRK.A: possibly delisted; no price data found  (period=1mo) (Yahoo error = "No data found, symbol may be delisted")
2026-08-03 17:09:21,577 WARNING src.options_filter: BRK.A: options data unavailable from all sources
2026-08-03 17:09:21,960 ERROR yfinance: $BRK.B: possibly delisted; no price data found  (period=1mo) (Yahoo error = "No data found, symbol may be delisted")
2026-08-03 17:09:26,175 WARNING src.options_filter: BRK.B: options data unavailable from all sources
2026-08-03 17:11:10,259 WARNING src.options_filter: BXBL: options data unavailable from all sources
2026-08-03 17:11:26,698 WARNING src.options_filter: JOUT: options data unavailable from all sources
2026-08-03 17:11:30,593 ERROR yfinance: $GTN.A: possibly delisted; no price data found  (period=1mo) (Yahoo error = "No data found, symbol may be delisted")
2026-08-03 17:11:34,755 WARNING src.options_filter: GTN.A: options data unavailable from all sources
2026-08-03 17:11:48,957 WARNING src.options_filter: PAMT: options data unavailable from all sources
2026-08-03 17:12:03,892 WARNING src.options_filter: RPID: options data unavailable from all sources
2026-08-03 17:12:08,512 WARNING src.options_filter: ULBI: options data unavailable from all sources
2026-08-03 17:12:12,805 WARNING src.options_filter: DIT: options data unavailable from all sources
2026-08-03 17:12:15,861 ERROR yfinance: $UNKNOWN: possibly delisted; no price data found  (period=1mo) (Yahoo error = "No data found, symbol may be delisted")
2026-08-03 17:12:20,001 WARNING src.options_filter: UNKNOWN: options data unavailable from all sources
2026-08-03 17:12:20,291 ERROR yfinance: $UNKNOWN: possibly delisted; no price data found  (period=1mo) (Yahoo error = "No data found, symbol may be delisted")
2026-08-03 17:12:24,505 WARNING src.options_filter: UNKNOWN: options data unavailable from all sources
2026-08-03 17:12:24,731 ERROR yfinance: $UNKNOWN: possibly delisted; no price data found  (period=1mo) (Yahoo error = "No data found, symbol may be delisted")
2026-08-03 17:12:28,874 WARNING src.options_filter: UNKNOWN: options data unavailable from all sources
2026-08-03 17:12:29,053 ERROR yfinance: $UNKNOWN: possibly delisted; no price data found  (period=1mo) (Yahoo error = "No data found, symbol may be delisted")
2026-08-03 17:12:33,222 WARNING src.options_filter: UNKNOWN: options data unavailable from all sources
2026-08-03 17:12:33,353 ERROR yfinance: $UNKNOWN: possibly delisted; no price data found  (period=1mo) (Yahoo error = "No data found, symbol may be delisted")
2026-08-03 17:12:37,500 WARNING src.options_filter: UNKNOWN: options data unavailable from all sources
2026-08-03 17:12:37,676 ERROR yfinance: $UNKNOWN: possibly delisted; no price data found  (period=1mo) (Yahoo error = "No data found, symbol may be delisted")
2026-08-03 17:12:41,823 WARNING src.options_filter: UNKNOWN: options data unavailable from all sources
2026-08-03 17:12:41,972 ERROR yfinance: $UNKNOWN: possibly delisted; no price data found  (period=1mo) (Yahoo error = "No data found, symbol may be delisted")
2026-08-03 17:12:46,104 WARNING src.options_filter: UNKNOWN: options data unavailable from all sources
2026-08-03 17:12:46,318 ERROR yfinance: $UNKNOWN: possibly delisted; no price data found  (period=1mo) (Yahoo error = "No data found, symbol may be delisted")
2026-08-03 17:12:50,446 WARNING src.options_filter: UNKNOWN: options data unavailable from all sources
2026-08-03 17:12:50,718 ERROR yfinance: $UNKNOWN: possibly delisted; no price data found  (period=1mo) (Yahoo error = "No data found, symbol may be delisted")
2026-08-03 17:12:55,032 WARNING src.options_filter: UNKNOWN: options data unavailable from all sources
2026-08-03 17:12:55,262 ERROR yfinance: $UNKNOWN: possibly delisted; no price data found  (period=1mo) (Yahoo error = "No data found, symbol may be delisted")
2026-08-03 17:12:59,451 WARNING src.options_filter: UNKNOWN: options data unavailable from all sources
2026-08-03 17:12:59,662 ERROR yfinance: $UNKNOWN: possibly delisted; no price data found  (period=1mo) (Yahoo error = "No data found, symbol may be delisted")
2026-08-03 17:13:03,800 WARNING src.options_filter: UNKNOWN: options data unavailable from all sources
2026-08-03 17:13:04,016 ERROR yfinance: $UNKNOWN: possibly delisted; no price data found  (period=1mo) (Yahoo error = "No data found, symbol may be delisted")
2026-08-03 17:13:08,143 WARNING src.options_filter: UNKNOWN: options data unavailable from all sources
2026-08-03 17:13:08,396 ERROR yfinance: $UNKNOWN: possibly delisted; no price data found  (period=1mo) (Yahoo error = "No data found, symbol may be delisted")
2026-08-03 17:13:12,533 WARNING src.options_filter: UNKNOWN: options data unavailable from all sources
2026-08-03 17:13:15,643 ERROR yfinance: $UNKNOWN: possibly delisted; no price data found  (period=1mo) (Yahoo error = "No data found, symbol may be delisted")
2026-08-03 17:13:19,769 WARNING src.options_filter: UNKNOWN: options data unavailable from all sources
2026-08-03 17:13:20,023 ERROR yfinance: $UNKNOWN: possibly delisted; no price data found  (period=1mo) (Yahoo error = "No data found, symbol may be delisted")
2026-08-03 17:13:24,155 WARNING src.options_filter: UNKNOWN: options data unavailable from all sources
2026-08-03 17:13:27,827 WARNING src.options_filter: VATE: options data unavailable from all sources
2026-08-03 17:13:28,033 ERROR yfinance: $UNKNOWN: possibly delisted; no price data found  (period=1mo) (Yahoo error = "No data found, symbol may be delisted")
2026-08-03 17:13:32,227 WARNING src.options_filter: UNKNOWN: options data unavailable from all sources
2026-08-03 17:13:32,485 ERROR yfinance: $UNKNOWN: possibly delisted; no price data found  (period=1mo) (Yahoo error = "No data found, symbol may be delisted")
2026-08-03 17:13:36,625 WARNING src.options_filter: UNKNOWN: options data unavailable from all sources
2026-08-03 17:13:36,889 ERROR yfinance: $UNKNOWN: possibly delisted; no price data found  (period=1mo) (Yahoo error = "No data found, symbol may be delisted")
2026-08-03 17:13:41,051 WARNING src.options_filter: UNKNOWN: options data unavailable from all sources
2026-08-03 17:13:41,258 ERROR yfinance: $UNKNOWN: possibly delisted; no price data found  (period=1mo) (Yahoo error = "No data found, symbol may be delisted")
2026-08-03 17:13:45,385 WARNING src.options_filter: UNKNOWN: options data unavailable from all sources
2026-08-03 17:13:45,564 ERROR yfinance: $UNKNOWN: possibly delisted; no price data found  (period=1mo) (Yahoo error = "No data found, symbol may be delisted")
2026-08-03 17:13:49,704 WARNING src.options_filter: UNKNOWN: options data unavailable from all sources
2026-08-03 17:13:49,858 ERROR yfinance: $UNKNOWN: possibly delisted; no price data found  (period=1mo) (Yahoo error = "No data found, symbol may be delisted")
2026-08-03 17:13:54,017 WARNING src.options_filter: UNKNOWN: options data unavailable from all sources
2026-08-03 17:13:57,138 ERROR yfinance: $UNKNOWN: possibly delisted; no price data found  (period=1mo) (Yahoo error = "No data found, symbol may be delisted")
2026-08-03 17:14:01,284 WARNING src.options_filter: UNKNOWN: options data unavailable from all sources
2026-08-03 17:14:01,564 ERROR yfinance: $UNKNOWN: possibly delisted; no price data found  (period=1mo) (Yahoo error = "No data found, symbol may be delisted")
2026-08-03 17:14:05,711 WARNING src.options_filter: UNKNOWN: options data unavailable from all sources
2026-08-03 17:14:05,831 ERROR yfinance: $UNKNOWN: possibly delisted; no price data found  (period=1mo) (Yahoo error = "No data found, symbol may be delisted")
2026-08-03 17:14:09,992 WARNING src.options_filter: UNKNOWN: options data unavailable from all sources
2026-08-03 17:14:13,748 ERROR yfinance: $UNKNOWN: possibly delisted; no price data found  (period=1mo) (Yahoo error = "No data found, symbol may be delisted")
2026-08-03 17:14:17,890 WARNING src.options_filter: UNKNOWN: options data unavailable from all sources
2026-08-03 17:14:18,032 ERROR yfinance: $UNKNOWN: possibly delisted; no price data found  (period=1mo) (Yahoo error = "No data found, symbol may be delisted")
2026-08-03 17:14:22,454 WARNING src.options_filter: UNKNOWN: options data unavailable from all sources
2026-08-03 17:14:22,594 ERROR yfinance: $UNKNOWN: possibly delisted; no price data found  (period=1mo) (Yahoo error = "No data found, symbol may be delisted")
2026-08-03 17:14:26,721 WARNING src.options_filter: UNKNOWN: options data unavailable from all sources
2026-08-03 17:14:26,947 ERROR yfinance: $UNKNOWN: possibly delisted; no price data found  (period=1mo) (Yahoo error = "No data found, symbol may be delisted")
2026-08-03 17:14:31,079 WARNING src.options_filter: UNKNOWN: options data unavailable from all sources
2026-08-03 17:14:31,389 ERROR yfinance: $UNKNOWN: possibly delisted; no price data found  (period=1mo) (Yahoo error = "No data found, symbol may be delisted")
2026-08-03 17:14:35,530 WARNING src.options_filter: UNKNOWN: options data unavailable from all sources
2026-08-03 17:14:35,674 ERROR yfinance: $UNKNOWN: possibly delisted; no price data found  (period=1mo) (Yahoo error = "No data found, symbol may be delisted")
2026-08-03 17:14:39,810 WARNING src.options_filter: UNKNOWN: options data unavailable from all sources
2026-08-03 17:14:40,015 ERROR yfinance: $UNKNOWN: possibly delisted; no price data found  (period=1mo) (Yahoo error = "No data found, symbol may be delisted")
2026-08-03 17:14:44,141 WARNING src.options_filter: UNKNOWN: options data unavailable from all sources
2026-08-03 17:14:44,326 ERROR yfinance: $UNKNOWN: possibly delisted; no price data found  (period=1mo) (Yahoo error = "No data found, symbol may be delisted")
2026-08-03 17:14:48,451 WARNING src.options_filter: UNKNOWN: options data unavailable from all sources
2026-08-03 17:14:48,643 ERROR yfinance: $UNKNOWN: possibly delisted; no price data found  (period=1mo) (Yahoo error = "No data found, symbol may be delisted")
2026-08-03 17:14:52,786 WARNING src.options_filter: UNKNOWN: options data unavailable from all sources
2026-08-03 17:14:53,221 ERROR yfinance: $UNKNOWN: possibly delisted; no price data found  (period=1mo) (Yahoo error = "No data found, symbol may be delisted")
2026-08-03 17:14:57,363 WARNING src.options_filter: UNKNOWN: options data unavailable from all sources
2026-08-03 17:14:57,645 ERROR yfinance: $UNKNOWN: possibly delisted; no price data found  (period=1mo) (Yahoo error = "No data found, symbol may be delisted")
2026-08-03 17:15:01,792 WARNING src.options_filter: UNKNOWN: options data unavailable from all sources
2026-08-03 17:15:02,069 ERROR yfinance: $UNKNOWN: possibly delisted; no price data found  (period=1mo) (Yahoo error = "No data found, symbol may be delisted")
2026-08-03 17:15:06,211 WARNING src.options_filter: UNKNOWN: options data unavailable from all sources
2026-08-03 17:15:06,327 ERROR yfinance: $UNKNOWN: possibly delisted; no price data found  (period=1mo) (Yahoo error = "No data found, symbol may be delisted")
2026-08-03 17:15:10,493 WARNING src.options_filter: UNKNOWN: options data unavailable from all sources
2026-08-03 17:15:14,128 WARNING src.options_filter: VATE: options data unavailable from all sources
2026-08-03 17:15:14,268 ERROR yfinance: $UNKNOWN: possibly delisted; no price data found  (period=1mo) (Yahoo error = "No data found, symbol may be delisted")
2026-08-03 17:15:18,392 WARNING src.options_filter: UNKNOWN: options data unavailable from all sources
2026-08-03 17:15:18,649 ERROR yfinance: $UNKNOWN: possibly delisted; no price data found  (period=1mo) (Yahoo error = "No data found, symbol may be delisted")
2026-08-03 17:15:22,829 WARNING src.options_filter: UNKNOWN: options data unavailable from all sources
2026-08-03 17:15:23,030 ERROR yfinance: $UNKNOWN: possibly delisted; no price data found  (period=1mo) (Yahoo error = "No data found, symbol may be delisted")
2026-08-03 17:15:27,191 WARNING src.options_filter: UNKNOWN: options data unavailable from all sources
2026-08-03 17:15:27,453 ERROR yfinance: $UNKNOWN: possibly delisted; no price data found  (period=1mo) (Yahoo error = "No data found, symbol may be delisted")
2026-08-03 17:15:31,654 WARNING src.options_filter: UNKNOWN: options data unavailable from all sources
2026-08-03 17:15:31,893 ERROR yfinance: $UNKNOWN: possibly delisted; no price data found  (period=1mo) (Yahoo error = "No data found, symbol may be delisted")
2026-08-03 17:15:36,016 WARNING src.options_filter: UNKNOWN: options data unavailable from all sources
2026-08-03 17:15:36,213 ERROR yfinance: $UNKNOWN: possibly delisted; no price data found  (period=1mo) (Yahoo error = "No data found, symbol may be delisted")
2026-08-03 17:15:40,359 WARNING src.options_filter: UNKNOWN: options data unavailable from all sources
2026-08-03 17:15:40,509 ERROR yfinance: $UNKNOWN: possibly delisted; no price data found  (period=1mo) (Yahoo error = "No data found, symbol may be delisted")
2026-08-03 17:15:44,677 WARNING src.options_filter: UNKNOWN: options data unavailable from all sources
2026-08-03 17:15:44,887 ERROR yfinance: $UNKNOWN: possibly delisted; no price data found  (period=1mo) (Yahoo error = "No data found, symbol may be delisted")
2026-08-03 17:15:49,039 WARNING src.options_filter: UNKNOWN: options data unavailable from all sources
2026-08-03 17:15:49,352 ERROR yfinance: $UNKNOWN: possibly delisted; no price data found  (period=1mo) (Yahoo error = "No data found, symbol may be delisted")
2026-08-03 17:15:53,495 WARNING src.options_filter: UNKNOWN: options data unavailable from all sources
2026-08-03 17:15:53,610 ERROR yfinance: $UNKNOWN: possibly delisted; no price data found  (period=1mo) (Yahoo error = "No data found, symbol may be delisted")
2026-08-03 17:15:57,756 WARNING src.options_filter: UNKNOWN: options data unavailable from all sources
2026-08-03 17:15:58,030 ERROR yfinance: $UNKNOWN: possibly delisted; no price data found  (period=1mo) (Yahoo error = "No data found, symbol may be delisted")
2026-08-03 17:16:02,158 WARNING src.options_filter: UNKNOWN: options data unavailable from all sources
2026-08-03 17:16:02,381 ERROR yfinance: $UNKNOWN: possibly delisted; no price data found  (period=1mo) (Yahoo error = "No data found, symbol may be delisted")
2026-08-03 17:16:06,547 WARNING src.options_filter: UNKNOWN: options data unavailable from all sources
2026-08-03 17:16:06,844 ERROR yfinance: $UNKNOWN: possibly delisted; no price data found  (period=1mo) (Yahoo error = "No data found, symbol may be delisted")
2026-08-03 17:16:11,010 WARNING src.options_filter: UNKNOWN: options data unavailable from all sources
2026-08-03 17:16:11,198 ERROR yfinance: $UNKNOWN: possibly delisted; no price data found  (period=1mo) (Yahoo error = "No data found, symbol may be delisted")
2026-08-03 17:16:15,341 WARNING src.options_filter: UNKNOWN: options data unavailable from all sources
2026-08-03 17:16:18,586 ERROR yfinance: $UNKNOWN: possibly delisted; no price data found  (period=1mo) (Yahoo error = "No data found, symbol may be delisted")
2026-08-03 17:16:22,732 WARNING src.options_filter: UNKNOWN: options data unavailable from all sources
2026-08-03 17:16:22,880 ERROR yfinance: $UNKNOWN: possibly delisted; no price data found  (period=1mo) (Yahoo error = "No data found, symbol may be delisted")
2026-08-03 17:16:27,055 WARNING src.options_filter: UNKNOWN: options data unavailable from all sources
2026-08-03 17:16:27,266 ERROR yfinance: $UNKNOWN: possibly delisted; no price data found  (period=1mo) (Yahoo error = "No data found, symbol may be delisted")
2026-08-03 17:16:31,401 WARNING src.options_filter: UNKNOWN: options data unavailable from all sources
2026-08-03 17:16:31,632 ERROR yfinance: $UNKNOWN: possibly delisted; no price data found  (period=1mo) (Yahoo error = "No data found, symbol may be delisted")
2026-08-03 17:16:35,777 WARNING src.options_filter: UNKNOWN: options data unavailable from all sources
2026-08-03 17:16:35,974 ERROR yfinance: $UNKNOWN: possibly delisted; no price data found  (period=1mo) (Yahoo error = "No data found, symbol may be delisted")
2026-08-03 17:16:40,136 WARNING src.options_filter: UNKNOWN: options data unavailable from all sources
2026-08-03 17:16:40,361 ERROR yfinance: $UNKNOWN: possibly delisted; no price data found  (period=1mo) (Yahoo error = "No data found, symbol may be delisted")
2026-08-03 17:16:44,486 WARNING src.options_filter: UNKNOWN: options data unavailable from all sources
2026-08-03 17:16:44,663 ERROR yfinance: $UNKNOWN: possibly delisted; no price data found  (period=1mo) (Yahoo error = "No data found, symbol may be delisted")
2026-08-03 17:16:48,916 WARNING src.options_filter: UNKNOWN: options data unavailable from all sources
2026-08-03 17:16:49,107 ERROR yfinance: $UNKNOWN: possibly delisted; no price data found  (period=1mo) (Yahoo error = "No data found, symbol may be delisted")
2026-08-03 17:16:53,286 WARNING src.options_filter: UNKNOWN: options data unavailable from all sources
2026-08-03 17:16:53,420 ERROR yfinance: $UNKNOWN: possibly delisted; no price data found  (period=1mo) (Yahoo error = "No data found, symbol may be delisted")
2026-08-03 17:16:57,607 WARNING src.options_filter: UNKNOWN: options data unavailable from all sources
2026-08-03 17:16:57,745 ERROR yfinance: $UNKNOWN: possibly delisted; no price data found  (period=1mo) (Yahoo error = "No data found, symbol may be delisted")
2026-08-03 17:17:01,874 WARNING src.options_filter: UNKNOWN: options data unavailable from all sources
2026-08-03 17:17:01,988 ERROR yfinance: $UNKNOWN: possibly delisted; no price data found  (period=1mo) (Yahoo error = "No data found, symbol may be delisted")
2026-08-03 17:17:06,117 WARNING src.options_filter: UNKNOWN: options data unavailable from all sources
2026-08-03 17:17:13,060 WARNING src.options_filter: GME-WT: options data unavailable from all sources
2026-08-03 17:17:13,287 ERROR yfinance: $UNKNOWN: possibly delisted; no price data found  (period=1mo) (Yahoo error = "No data found, symbol may be delisted")
2026-08-03 17:17:17,461 WARNING src.options_filter: UNKNOWN: options data unavailable from all sources
2026-08-03 17:17:17,841 ERROR yfinance: $UNKNOWN: possibly delisted; no price data found  (period=1mo) (Yahoo error = "No data found, symbol may be delisted")
2026-08-03 17:17:22,016 WARNING src.options_filter: UNKNOWN: options data unavailable from all sources
2026-08-03 17:17:22,129 ERROR yfinance: $UNKNOWN: possibly delisted; no price data found  (period=1mo) (Yahoo error = "No data found, symbol may be delisted")
2026-08-03 17:17:26,262 WARNING src.options_filter: UNKNOWN: options data unavailable from all sources
2026-08-03 17:17:26,489 ERROR yfinance: $UNKNOWN: possibly delisted; no price data found  (period=1mo) (Yahoo error = "No data found, symbol may be delisted")
2026-08-03 17:17:30,631 WARNING src.options_filter: UNKNOWN: options data unavailable from all sources
2026-08-03 17:17:31,226 ERROR yfinance: $NWSLL: possibly delisted; no price data found  (period=1mo) (Yahoo error = "No data found, symbol may be delisted")
2026-08-03 17:17:35,369 WARNING src.options_filter: NWSLL: options data unavailable from all sources
2026-08-03 17:17:35,717 ERROR yfinance: $UNKNOWN: possibly delisted; no price data found  (period=1mo) (Yahoo error = "No data found, symbol may be delisted")
2026-08-03 17:17:39,879 WARNING src.options_filter: UNKNOWN: options data unavailable from all sources
2026-08-03 17:17:40,091 ERROR yfinance: $UNKNOWN: possibly delisted; no price data found  (period=1mo) (Yahoo error = "No data found, symbol may be delisted")
2026-08-03 17:17:44,237 WARNING src.options_filter: UNKNOWN: options data unavailable from all sources
2026-08-03 17:17:44,493 ERROR yfinance: $UNKNOWN: possibly delisted; no price data found  (period=1mo) (Yahoo error = "No data found, symbol may be delisted")
2026-08-03 17:17:48,636 WARNING src.options_filter: UNKNOWN: options data unavailable from all sources
2026-08-03 17:17:48,794 ERROR yfinance: $UNKNOWN: possibly delisted; no price data found  (period=1mo) (Yahoo error = "No data found, symbol may be delisted")
2026-08-03 17:17:52,992 WARNING src.options_filter: UNKNOWN: options data unavailable from all sources
2026-08-03 17:17:53,170 ERROR yfinance: $UNKNOWN: possibly delisted; no price data found  (period=1mo) (Yahoo error = "No data found, symbol may be delisted")
2026-08-03 17:17:57,311 WARNING src.options_filter: UNKNOWN: options data unavailable from all sources
2026-08-03 17:17:57,447 ERROR yfinance: $UNKNOWN: possibly delisted; no price data found  (period=1mo) (Yahoo error = "No data found, symbol may be delisted")
2026-08-03 17:18:01,608 WARNING src.options_filter: UNKNOWN: options data unavailable from all sources
2026-08-03 17:18:01,836 ERROR yfinance: $UNKNOWN: possibly delisted; no price data found  (period=1mo) (Yahoo error = "No data found, symbol may be delisted")
2026-08-03 17:18:06,018 WARNING src.options_filter: UNKNOWN: options data unavailable from all sources
2026-08-03 17:18:06,229 ERROR yfinance: $UNKNOWN: possibly delisted; no price data found  (period=1mo) (Yahoo error = "No data found, symbol may be delisted")
2026-08-03 17:18:10,367 WARNING src.options_filter: UNKNOWN: options data unavailable from all sources
2026-08-03 17:18:10,367 INFO run_daily: Passed options gate: 738 events
2026-08-03 17:18:10,367 INFO run_daily: Step 7: enriching 738 events
2026-08-03 17:18:57,184 INFO run_daily: Step 8: dedup
2026-08-03 17:18:57,187 INFO run_daily: Step 9: ranking
2026-08-03 17:18:57,188 INFO run_daily: Step 10: writing digest
2026-08-03 17:18:57,265 INFO src.digest_writer: digest written: output/market_radar_2026-08-03.html
2026-08-03 17:18:57,266 INFO run_daily: === Done: output/market_radar_2026-08-03.html ===
