2026-09-08 17:07:24,270 INFO run_daily: === Market Event Radar starting — 2026-09-08 ===
2026-09-08 17:07:24,272 INFO run_daily: Step 1: fetching earnings calendar
2026-09-08 17:07:34,942 INFO src.event_fetcher: nasdaq earnings: 141 entries across 7 days
2026-09-08 17:07:36,212 INFO src.event_fetcher: finnhub earnings: 133 entries
2026-09-08 17:07:36,212 INFO src.event_fetcher: merged earnings universe: 207 unique tickers
2026-09-08 17:07:36,212 INFO run_daily: Step 2: fetching 8-K filings
2026-09-08 17:07:36,747 INFO src.event_fetcher: edgar 8-K filings: 100
2026-09-08 17:07:36,970 INFO run_daily: Step 3: building universe
2026-09-08 17:07:36,970 INFO src.universe: universe: 35 tickers (10 watchlist, 25 discovered)
2026-09-08 17:07:36,970 INFO run_daily: Universe: 35 tickers
2026-09-08 17:07:36,970 INFO run_daily: Step 4: yfinance cross-check for 35 tickers
2026-09-08 17:07:50,342 INFO run_daily: Step 5: building earnings events
2026-09-08 17:07:50,343 INFO src.source_merger: earnings events built: 207
2026-09-08 17:07:50,343 INFO run_daily: Step 5b: building 8-K events
2026-09-08 17:07:50,345 INFO run_daily: Step 6: options filter (307 candidates)
2026-09-08 17:07:54,465 WARNING src.options_filter: AXR: options data unavailable from all sources
2026-09-08 17:07:58,902 WARNING src.options_filter: DDDX: options data unavailable from all sources
2026-09-08 17:08:10,349 WARNING src.options_filter: HERE: options data unavailable from all sources
2026-09-08 17:08:21,584 WARNING src.options_filter: PLUR: options data unavailable from all sources
2026-09-08 17:08:31,215 WARNING src.options_filter: YI: options data unavailable from all sources
2026-09-08 17:08:35,581 WARNING src.options_filter: YYGH: options data unavailable from all sources
2026-09-08 17:08:39,392 WARNING src.options_filter: BRRE: options data unavailable from all sources
2026-09-08 17:08:39,883 ERROR yfinance: $CLSD: No data found, symbol may be delisted
2026-09-08 17:08:44,151 WARNING src.options_filter: CLSD: options data unavailable from all sources
2026-09-08 17:08:47,906 WARNING src.options_filter: CODA: options data unavailable from all sources
2026-09-08 17:08:51,664 WARNING src.options_filter: EBZT: options data unavailable from all sources
2026-09-08 17:08:55,421 WARNING src.options_filter: GFAI: options data unavailable from all sources
2026-09-08 17:08:59,174 WARNING src.options_filter: HYSR: options data unavailable from all sources
2026-09-08 17:09:02,927 WARNING src.options_filter: IVDN: options data unavailable from all sources
2026-09-08 17:09:06,685 WARNING src.options_filter: KARX: options data unavailable from all sources
2026-09-08 17:09:10,491 WARNING src.options_filter: KAVL: options data unavailable from all sources
2026-09-08 17:09:14,245 WARNING src.options_filter: KMTS: options data unavailable from all sources
2026-09-08 17:09:18,003 WARNING src.options_filter: KRKR: options data unavailable from all sources
2026-09-08 17:09:21,768 WARNING src.options_filter: PBSV: options data unavailable from all sources
2026-09-08 17:09:25,525 WARNING src.options_filter: SKKY: options data unavailable from all sources
2026-09-08 17:09:29,288 WARNING src.options_filter: TC: options data unavailable from all sources
2026-09-08 17:09:33,040 WARNING src.options_filter: VALU: options data unavailable from all sources
2026-09-08 17:09:36,801 WARNING src.options_filter: YIBO: options data unavailable from all sources
2026-09-08 17:09:40,556 WARNING src.options_filter: ZEOX: options data unavailable from all sources
2026-09-08 17:09:44,356 WARNING src.options_filter: BUKS: options data unavailable from all sources
2026-09-08 17:09:48,107 WARNING src.options_filter: CRMT: options data unavailable from all sources
2026-09-08 17:09:51,921 WARNING src.options_filter: RENT: options data unavailable from all sources
2026-09-08 17:09:55,727 WARNING src.options_filter: TMXN: options data unavailable from all sources
2026-09-08 17:09:59,485 WARNING src.options_filter: ADNH: options data unavailable from all sources
2026-09-08 17:10:03,285 WARNING src.options_filter: AENT: options data unavailable from all sources
2026-09-08 17:10:07,059 WARNING src.options_filter: BDRX: options data unavailable from all sources
2026-09-08 17:10:10,814 WARNING src.options_filter: EVI: options data unavailable from all sources
2026-09-08 17:10:14,581 WARNING src.options_filter: FGNV: options data unavailable from all sources
2026-09-08 17:10:18,332 WARNING src.options_filter: GWLL: options data unavailable from all sources
2026-09-08 17:10:22,421 WARNING src.options_filter: HEOL: options data unavailable from all sources
2026-09-08 17:10:26,193 WARNING src.options_filter: HUIZ: options data unavailable from all sources
2026-09-08 17:10:30,007 WARNING src.options_filter: IHT: options data unavailable from all sources
2026-09-08 17:10:33,819 WARNING src.options_filter: JVA: options data unavailable from all sources
2026-09-08 17:10:37,585 WARNING src.options_filter: KXIN: options data unavailable from all sources
2026-09-08 17:10:41,394 WARNING src.options_filter: LBSR: options data unavailable from all sources
2026-09-08 17:10:45,149 WARNING src.options_filter: NOBH: options data unavailable from all sources
2026-09-08 17:10:48,906 WARNING src.options_filter: OCCI: options data unavailable from all sources
2026-09-08 17:10:52,729 WARNING src.options_filter: RSKIA: options data unavailable from all sources
2026-09-08 17:10:56,478 WARNING src.options_filter: TBBA: options data unavailable from all sources
2026-09-08 17:11:00,236 WARNING src.options_filter: CYTOF: options data unavailable from all sources
2026-09-08 17:11:04,162 WARNING src.options_filter: HIHO: options data unavailable from all sources
2026-09-08 17:11:07,943 WARNING src.options_filter: IDWM: options data unavailable from all sources
2026-09-08 17:11:11,706 WARNING src.options_filter: JOCM: options data unavailable from all sources
2026-09-08 17:11:15,465 WARNING src.options_filter: KEQU: options data unavailable from all sources
2026-09-08 17:11:19,227 WARNING src.options_filter: OCC: options data unavailable from all sources
2026-09-08 17:11:22,984 WARNING src.options_filter: RSSS: options data unavailable from all sources
2026-09-08 17:11:23,078 ERROR yfinance: $SBSAA: possibly delisted; no price data found  (period=1mo)
2026-09-08 17:11:27,446 WARNING src.options_filter: SBSAA: options data unavailable from all sources
2026-09-08 17:11:31,209 WARNING src.options_filter: AEF: options data unavailable from all sources
2026-09-08 17:11:35,001 WARNING src.options_filter: ALZN: options data unavailable from all sources
2026-09-08 17:11:38,768 WARNING src.options_filter: GMHS: options data unavailable from all sources
2026-09-08 17:11:42,521 WARNING src.options_filter: HTOO: options data unavailable from all sources
2026-09-08 17:11:46,275 WARNING src.options_filter: IFBD: options data unavailable from all sources
2026-09-08 17:11:50,041 WARNING src.options_filter: MIND: options data unavailable from all sources
2026-09-08 17:11:53,799 WARNING src.options_filter: MLGO: options data unavailable from all sources
2026-09-08 17:11:57,556 WARNING src.options_filter: SHMP: options data unavailable from all sources
2026-09-08 17:12:01,364 WARNING src.options_filter: VNCE: options data unavailable from all sources
2026-09-08 17:12:05,147 WARNING src.options_filter: WDH: options data unavailable from all sources
2026-09-08 17:12:08,939 WARNING src.options_filter: ALPS: options data unavailable from all sources
2026-09-08 17:12:12,693 WARNING src.options_filter: BRLS: options data unavailable from all sources
2026-09-08 17:12:16,561 WARNING src.options_filter: AAME: options data unavailable from all sources
2026-09-08 17:12:20,319 WARNING src.options_filter: SEGG: options data unavailable from all sources
2026-09-08 17:12:24,081 WARNING src.options_filter: SHPH: options data unavailable from all sources
2026-09-08 17:12:28,002 WARNING src.options_filter: GTEN: options data unavailable from all sources
2026-09-08 17:12:31,745 WARNING src.options_filter: JILL: options data unavailable from all sources
2026-09-08 17:12:35,500 WARNING src.options_filter: RYDE: options data unavailable from all sources
2026-09-08 17:12:39,256 WARNING src.options_filter: COE: options data unavailable from all sources
2026-09-08 17:12:43,004 WARNING src.options_filter: SKIL: options data unavailable from all sources
2026-09-08 17:12:46,758 WARNING src.options_filter: AACG: options data unavailable from all sources
2026-09-08 17:12:50,536 WARNING src.options_filter: SJ: options data unavailable from all sources
2026-09-08 17:12:54,285 WARNING src.options_filter: ATCH: options data unavailable from all sources
2026-09-08 17:12:58,038 WARNING src.options_filter: PTN: options data unavailable from all sources
2026-09-08 17:13:01,785 WARNING src.options_filter: GAUZ: options data unavailable from all sources
2026-09-08 17:13:08,106 WARNING src.options_filter: GURE: options data unavailable from all sources
2026-09-08 17:13:11,884 WARNING src.options_filter: LKSP: options data unavailable from all sources
2026-09-08 17:13:18,614 WARNING src.options_filter: REF: options data unavailable from all sources
2026-09-08 17:13:25,041 WARNING src.options_filter: YB: options data unavailable from all sources
2026-09-08 17:13:31,343 WARNING src.options_filter: EONR: options data unavailable from all sources
2026-09-08 17:13:35,092 WARNING src.options_filter: CMMB: options data unavailable from all sources
2026-09-08 17:13:38,860 WARNING src.options_filter: HSCS: options data unavailable from all sources
2026-09-08 17:13:42,606 WARNING src.options_filter: SMXT: options data unavailable from all sources
2026-09-08 17:13:46,400 WARNING src.options_filter: ALAR: options data unavailable from all sources
2026-09-08 17:13:50,146 WARNING src.options_filter: REBN: options data unavailable from all sources
2026-09-08 17:13:53,902 WARNING src.options_filter: BTTC: options data unavailable from all sources
2026-09-08 17:13:57,705 WARNING src.options_filter: IPST: options data unavailable from all sources
2026-09-08 17:14:01,512 WARNING src.options_filter: CMND: options data unavailable from all sources
2026-09-08 17:14:05,268 WARNING src.options_filter: SNYR: options data unavailable from all sources
2026-09-08 17:14:12,248 WARNING src.options_filter: HTLM: options data unavailable from all sources
2026-09-08 17:14:18,663 WARNING src.options_filter: ZONE: options data unavailable from all sources
2026-09-08 17:14:30,113 WARNING src.options_filter: TPET: options data unavailable from all sources
2026-09-08 17:14:33,911 WARNING src.options_filter: GITS: options data unavailable from all sources
2026-09-08 17:14:37,725 WARNING src.options_filter: CHRN: options data unavailable from all sources
2026-09-08 17:14:41,521 WARNING src.options_filter: CURR: options data unavailable from all sources
2026-09-08 17:14:47,872 WARNING src.options_filter: BNR: options data unavailable from all sources
2026-09-08 17:14:51,651 WARNING src.options_filter: FRGT: options data unavailable from all sources
2026-09-08 17:14:51,958 ERROR yfinance: HTTP Error 404: {"quoteSummary":{"result":null,"error":{"code":"Not Found","description":"Quote not found for symbol: UNKNOWN"}}}
2026-09-08 17:14:52,233 ERROR yfinance: $UNKNOWN: No data found, symbol may be delisted
2026-09-08 17:14:56,488 WARNING src.options_filter: UNKNOWN: options data unavailable from all sources
2026-09-08 17:14:56,633 ERROR yfinance: $UNKNOWN: No data found, symbol may be delisted
2026-09-08 17:15:00,889 WARNING src.options_filter: UNKNOWN: options data unavailable from all sources
2026-09-08 17:15:01,024 ERROR yfinance: $UNKNOWN: No data found, symbol may be delisted
2026-09-08 17:15:05,490 WARNING src.options_filter: UNKNOWN: options data unavailable from all sources
2026-09-08 17:15:05,841 ERROR yfinance: $KPHMW: No data found, symbol may be delisted
2026-09-08 17:15:10,100 WARNING src.options_filter: KPHMW: options data unavailable from all sources
2026-09-08 17:15:10,288 ERROR yfinance: $UNKNOWN: No data found, symbol may be delisted
2026-09-08 17:15:14,547 WARNING src.options_filter: UNKNOWN: options data unavailable from all sources
2026-09-08 17:15:14,732 ERROR yfinance: $UNKNOWN: No data found, symbol may be delisted
2026-09-08 17:15:19,011 WARNING src.options_filter: UNKNOWN: options data unavailable from all sources
2026-09-08 17:15:22,689 ERROR yfinance: $UNKNOWN: No data found, symbol may be delisted
2026-09-08 17:15:26,945 WARNING src.options_filter: UNKNOWN: options data unavailable from all sources
2026-09-08 17:15:27,082 ERROR yfinance: $UNKNOWN: No data found, symbol may be delisted
2026-09-08 17:15:31,341 WARNING src.options_filter: UNKNOWN: options data unavailable from all sources
2026-09-08 17:15:31,662 ERROR yfinance: $NWSLL: No data found, symbol may be delisted
2026-09-08 17:15:35,939 WARNING src.options_filter: NWSLL: options data unavailable from all sources
2026-09-08 17:15:36,187 ERROR yfinance: $UNKNOWN: No data found, symbol may be delisted
2026-09-08 17:15:40,438 WARNING src.options_filter: UNKNOWN: options data unavailable from all sources
2026-09-08 17:15:40,645 ERROR yfinance: $UNKNOWN: No data found, symbol may be delisted
2026-09-08 17:15:44,902 WARNING src.options_filter: UNKNOWN: options data unavailable from all sources
2026-09-08 17:15:52,735 WARNING src.options_filter: GME-WT: options data unavailable from all sources
2026-09-08 17:15:57,119 WARNING src.options_filter: GRI: options data unavailable from all sources
2026-09-08 17:15:57,259 ERROR yfinance: $UNKNOWN: No data found, symbol may be delisted
2026-09-08 17:16:01,517 WARNING src.options_filter: UNKNOWN: options data unavailable from all sources
2026-09-08 17:16:01,707 ERROR yfinance: $UNKNOWN: No data found, symbol may be delisted
2026-09-08 17:16:05,968 WARNING src.options_filter: UNKNOWN: options data unavailable from all sources
2026-09-08 17:16:06,151 ERROR yfinance: $UNKNOWN: No data found, symbol may be delisted
2026-09-08 17:16:10,404 WARNING src.options_filter: UNKNOWN: options data unavailable from all sources
2026-09-08 17:16:10,542 ERROR yfinance: $UNKNOWN: No data found, symbol may be delisted
2026-09-08 17:16:14,803 WARNING src.options_filter: UNKNOWN: options data unavailable from all sources
2026-09-08 17:16:15,043 ERROR yfinance: $UNKNOWN: No data found, symbol may be delisted
2026-09-08 17:16:19,300 WARNING src.options_filter: UNKNOWN: options data unavailable from all sources
2026-09-08 17:16:19,493 ERROR yfinance: $UNKNOWN: No data found, symbol may be delisted
2026-09-08 17:16:23,740 WARNING src.options_filter: UNKNOWN: options data unavailable from all sources
2026-09-08 17:16:23,872 ERROR yfinance: $UNKNOWN: No data found, symbol may be delisted
2026-09-08 17:16:28,127 WARNING src.options_filter: UNKNOWN: options data unavailable from all sources
2026-09-08 17:16:28,273 ERROR yfinance: $UNKNOWN: No data found, symbol may be delisted
2026-09-08 17:16:32,528 WARNING src.options_filter: UNKNOWN: options data unavailable from all sources
2026-09-08 17:16:35,668 ERROR yfinance: $UNKNOWN: No data found, symbol may be delisted
2026-09-08 17:16:39,929 WARNING src.options_filter: UNKNOWN: options data unavailable from all sources
2026-09-08 17:16:40,067 ERROR yfinance: $UNKNOWN: No data found, symbol may be delisted
2026-09-08 17:16:44,326 WARNING src.options_filter: UNKNOWN: options data unavailable from all sources
2026-09-08 17:16:44,516 ERROR yfinance: $UNKNOWN: No data found, symbol may be delisted
2026-09-08 17:16:48,767 WARNING src.options_filter: UNKNOWN: options data unavailable from all sources
2026-09-08 17:16:52,159 ERROR yfinance: $UNKNOWN: No data found, symbol may be delisted
2026-09-08 17:16:56,412 WARNING src.options_filter: UNKNOWN: options data unavailable from all sources
2026-09-08 17:16:56,548 ERROR yfinance: $UNKNOWN: No data found, symbol may be delisted
2026-09-08 17:17:00,850 WARNING src.options_filter: UNKNOWN: options data unavailable from all sources
2026-09-08 17:17:01,035 ERROR yfinance: $UNKNOWN: No data found, symbol may be delisted
2026-09-08 17:17:05,296 WARNING src.options_filter: UNKNOWN: options data unavailable from all sources
2026-09-08 17:17:05,431 ERROR yfinance: $UNKNOWN: No data found, symbol may be delisted
2026-09-08 17:17:09,705 WARNING src.options_filter: UNKNOWN: options data unavailable from all sources
2026-09-08 17:17:09,897 ERROR yfinance: $UNKNOWN: No data found, symbol may be delisted
2026-09-08 17:17:14,257 WARNING src.options_filter: UNKNOWN: options data unavailable from all sources
2026-09-08 17:17:14,442 ERROR yfinance: $UNKNOWN: No data found, symbol may be delisted
2026-09-08 17:17:18,719 WARNING src.options_filter: UNKNOWN: options data unavailable from all sources
2026-09-08 17:17:18,915 ERROR yfinance: $UNKNOWN: No data found, symbol may be delisted
2026-09-08 17:17:23,183 WARNING src.options_filter: UNKNOWN: options data unavailable from all sources
2026-09-08 17:17:23,341 ERROR yfinance: $UNKNOWN: No data found, symbol may be delisted
2026-09-08 17:17:27,683 WARNING src.options_filter: UNKNOWN: options data unavailable from all sources
2026-09-08 17:17:27,815 ERROR yfinance: $UNKNOWN: No data found, symbol may be delisted
2026-09-08 17:17:32,074 WARNING src.options_filter: UNKNOWN: options data unavailable from all sources
2026-09-08 17:17:32,213 ERROR yfinance: $UNKNOWN: No data found, symbol may be delisted
2026-09-08 17:17:36,462 WARNING src.options_filter: UNKNOWN: options data unavailable from all sources
2026-09-08 17:17:36,647 ERROR yfinance: $UNKNOWN: No data found, symbol may be delisted
2026-09-08 17:17:40,905 WARNING src.options_filter: UNKNOWN: options data unavailable from all sources
2026-09-08 17:17:41,094 ERROR yfinance: $UNKNOWN: No data found, symbol may be delisted
2026-09-08 17:17:45,513 WARNING src.options_filter: UNKNOWN: options data unavailable from all sources
2026-09-08 17:17:45,862 ERROR yfinance: $UNKNOWN: No data found, symbol may be delisted
2026-09-08 17:17:50,121 WARNING src.options_filter: UNKNOWN: options data unavailable from all sources
2026-09-08 17:17:50,284 ERROR yfinance: $UNKNOWN: No data found, symbol may be delisted
2026-09-08 17:17:54,548 WARNING src.options_filter: UNKNOWN: options data unavailable from all sources
2026-09-08 17:17:57,267 ERROR yfinance: $UNKNOWN: No data found, symbol may be delisted
2026-09-08 17:18:01,526 WARNING src.options_filter: UNKNOWN: options data unavailable from all sources
2026-09-08 17:18:01,661 ERROR yfinance: $UNKNOWN: No data found, symbol may be delisted
2026-09-08 17:18:05,914 WARNING src.options_filter: UNKNOWN: options data unavailable from all sources
2026-09-08 17:18:06,058 ERROR yfinance: $UNKNOWN: No data found, symbol may be delisted
2026-09-08 17:18:10,341 WARNING src.options_filter: UNKNOWN: options data unavailable from all sources
2026-09-08 17:18:10,539 ERROR yfinance: $UNKNOWN: No data found, symbol may be delisted
2026-09-08 17:18:14,802 WARNING src.options_filter: UNKNOWN: options data unavailable from all sources
2026-09-08 17:18:14,987 ERROR yfinance: $UNKNOWN: No data found, symbol may be delisted
2026-09-08 17:18:19,238 WARNING src.options_filter: UNKNOWN: options data unavailable from all sources
2026-09-08 17:18:19,435 ERROR yfinance: $UNKNOWN: No data found, symbol may be delisted
2026-09-08 17:18:23,690 WARNING src.options_filter: UNKNOWN: options data unavailable from all sources
2026-09-08 17:18:23,830 ERROR yfinance: $UNKNOWN: No data found, symbol may be delisted
2026-09-08 17:18:28,115 WARNING src.options_filter: UNKNOWN: options data unavailable from all sources
2026-09-08 17:18:28,252 ERROR yfinance: $UNKNOWN: No data found, symbol may be delisted
2026-09-08 17:18:32,500 WARNING src.options_filter: UNKNOWN: options data unavailable from all sources
2026-09-08 17:18:32,640 ERROR yfinance: $UNKNOWN: No data found, symbol may be delisted
2026-09-08 17:18:36,893 WARNING src.options_filter: UNKNOWN: options data unavailable from all sources
2026-09-08 17:18:41,328 WARNING src.options_filter: WLFC: options data unavailable from all sources
2026-09-08 17:18:41,489 ERROR yfinance: $UNKNOWN: No data found, symbol may be delisted
2026-09-08 17:18:45,740 WARNING src.options_filter: UNKNOWN: options data unavailable from all sources
2026-09-08 17:18:45,874 ERROR yfinance: $UNKNOWN: No data found, symbol may be delisted
2026-09-08 17:18:50,131 WARNING src.options_filter: UNKNOWN: options data unavailable from all sources
2026-09-08 17:18:50,334 ERROR yfinance: $NWSLL: No data found, symbol may be delisted
2026-09-08 17:18:54,585 WARNING src.options_filter: NWSLL: options data unavailable from all sources
2026-09-08 17:18:54,737 ERROR yfinance: $UNKNOWN: No data found, symbol may be delisted
2026-09-08 17:18:59,008 WARNING src.options_filter: UNKNOWN: options data unavailable from all sources
2026-09-08 17:18:59,200 ERROR yfinance: $UNKNOWN: No data found, symbol may be delisted
2026-09-08 17:19:03,451 WARNING src.options_filter: UNKNOWN: options data unavailable from all sources
2026-09-08 17:19:03,589 ERROR yfinance: $UNKNOWN: No data found, symbol may be delisted
2026-09-08 17:19:07,854 WARNING src.options_filter: UNKNOWN: options data unavailable from all sources
2026-09-08 17:19:07,997 ERROR yfinance: $UNKNOWN: No data found, symbol may be delisted
2026-09-08 17:19:12,255 WARNING src.options_filter: UNKNOWN: options data unavailable from all sources
2026-09-08 17:19:12,445 ERROR yfinance: $UNKNOWN: No data found, symbol may be delisted
2026-09-08 17:19:16,781 WARNING src.options_filter: UNKNOWN: options data unavailable from all sources
2026-09-08 17:19:16,972 ERROR yfinance: $UNKNOWN: No data found, symbol may be delisted
2026-09-08 17:19:21,282 WARNING src.options_filter: UNKNOWN: options data unavailable from all sources
2026-09-08 17:19:21,417 ERROR yfinance: $UNKNOWN: No data found, symbol may be delisted
2026-09-08 17:19:25,668 WARNING src.options_filter: UNKNOWN: options data unavailable from all sources
2026-09-08 17:19:25,809 ERROR yfinance: $UNKNOWN: No data found, symbol may be delisted
2026-09-08 17:19:30,065 WARNING src.options_filter: UNKNOWN: options data unavailable from all sources
2026-09-08 17:19:30,249 ERROR yfinance: $UNKNOWN: No data found, symbol may be delisted
2026-09-08 17:19:34,535 WARNING src.options_filter: UNKNOWN: options data unavailable from all sources
2026-09-08 17:19:37,718 ERROR yfinance: $UNKNOWN: No data found, symbol may be delisted
2026-09-08 17:19:41,970 WARNING src.options_filter: UNKNOWN: options data unavailable from all sources
2026-09-08 17:19:42,162 ERROR yfinance: $UNKNOWN: No data found, symbol may be delisted
2026-09-08 17:19:46,413 WARNING src.options_filter: UNKNOWN: options data unavailable from all sources
2026-09-08 17:19:46,544 ERROR yfinance: $UNKNOWN: No data found, symbol may be delisted
2026-09-08 17:19:50,807 WARNING src.options_filter: UNKNOWN: options data unavailable from all sources
2026-09-08 17:19:50,946 ERROR yfinance: $UNKNOWN: No data found, symbol may be delisted
2026-09-08 17:19:55,199 WARNING src.options_filter: UNKNOWN: options data unavailable from all sources
2026-09-08 17:19:55,390 ERROR yfinance: $UNKNOWN: No data found, symbol may be delisted
2026-09-08 17:19:59,647 WARNING src.options_filter: UNKNOWN: options data unavailable from all sources
2026-09-08 17:20:00,107 ERROR yfinance: $UNKNOWN: No data found, symbol may be delisted
2026-09-08 17:20:04,384 WARNING src.options_filter: UNKNOWN: options data unavailable from all sources
2026-09-08 17:20:04,576 ERROR yfinance: $UNKNOWN: No data found, symbol may be delisted
2026-09-08 17:20:08,826 WARNING src.options_filter: UNKNOWN: options data unavailable from all sources
2026-09-08 17:20:08,985 ERROR yfinance: $UNKNOWN: No data found, symbol may be delisted
2026-09-08 17:20:13,239 WARNING src.options_filter: UNKNOWN: options data unavailable from all sources
2026-09-08 17:20:13,370 ERROR yfinance: $UNKNOWN: No data found, symbol may be delisted
2026-09-08 17:20:17,945 WARNING src.options_filter: UNKNOWN: options data unavailable from all sources
2026-09-08 17:20:18,129 ERROR yfinance: $UNKNOWN: No data found, symbol may be delisted
2026-09-08 17:20:22,441 WARNING src.options_filter: UNKNOWN: options data unavailable from all sources
2026-09-08 17:20:22,573 ERROR yfinance: $UNKNOWN: No data found, symbol may be delisted
2026-09-08 17:20:26,884 WARNING src.options_filter: UNKNOWN: options data unavailable from all sources
2026-09-08 17:20:30,637 WARNING src.options_filter: GRI: options data unavailable from all sources
2026-09-08 17:20:30,782 ERROR yfinance: $UNKNOWN: No data found, symbol may be delisted
2026-09-08 17:20:35,028 WARNING src.options_filter: UNKNOWN: options data unavailable from all sources
2026-09-08 17:20:35,223 ERROR yfinance: $KPHMW: No data found, symbol may be delisted
2026-09-08 17:20:39,554 WARNING src.options_filter: KPHMW: options data unavailable from all sources
2026-09-08 17:20:42,788 ERROR yfinance: $UNKNOWN: No data found, symbol may be delisted
2026-09-08 17:20:47,063 WARNING src.options_filter: UNKNOWN: options data unavailable from all sources
2026-09-08 17:20:51,423 WARNING src.options_filter: DFUKF: options data unavailable from all sources
2026-09-08 17:20:51,558 ERROR yfinance: $UNKNOWN: No data found, symbol may be delisted
2026-09-08 17:20:55,810 WARNING src.options_filter: UNKNOWN: options data unavailable from all sources
2026-09-08 17:20:55,954 ERROR yfinance: $UNKNOWN: No data found, symbol may be delisted
2026-09-08 17:21:00,219 WARNING src.options_filter: UNKNOWN: options data unavailable from all sources
2026-09-08 17:21:00,360 ERROR yfinance: $UNKNOWN: No data found, symbol may be delisted
2026-09-08 17:21:04,623 WARNING src.options_filter: UNKNOWN: options data unavailable from all sources
2026-09-08 17:21:04,768 ERROR yfinance: $UNKNOWN: No data found, symbol may be delisted
2026-09-08 17:21:09,026 WARNING src.options_filter: UNKNOWN: options data unavailable from all sources
2026-09-08 17:21:09,219 ERROR yfinance: $UNKNOWN: No data found, symbol may be delisted
2026-09-08 17:21:13,555 WARNING src.options_filter: UNKNOWN: options data unavailable from all sources
2026-09-08 17:21:13,706 ERROR yfinance: $UNKNOWN: No data found, symbol may be delisted
2026-09-08 17:21:17,968 WARNING src.options_filter: UNKNOWN: options data unavailable from all sources
2026-09-08 17:21:18,114 ERROR yfinance: $UNKNOWN: No data found, symbol may be delisted
2026-09-08 17:21:22,390 WARNING src.options_filter: UNKNOWN: options data unavailable from all sources
2026-09-08 17:21:22,603 ERROR yfinance: $UNKNOWN: No data found, symbol may be delisted
2026-09-08 17:21:26,868 WARNING src.options_filter: UNKNOWN: options data unavailable from all sources
2026-09-08 17:21:27,224 ERROR yfinance: $UNKNOWN: No data found, symbol may be delisted
2026-09-08 17:21:31,487 WARNING src.options_filter: UNKNOWN: options data unavailable from all sources
2026-09-08 17:21:31,651 ERROR yfinance: $UNKNOWN: No data found, symbol may be delisted
2026-09-08 17:21:35,915 WARNING src.options_filter: UNKNOWN: options data unavailable from all sources
2026-09-08 17:21:36,054 ERROR yfinance: $UNKNOWN: No data found, symbol may be delisted
2026-09-08 17:21:40,307 WARNING src.options_filter: UNKNOWN: options data unavailable from all sources
2026-09-08 17:21:40,307 INFO run_daily: Passed options gate: 46 events
2026-09-08 17:21:40,307 INFO run_daily: Step 7: enriching 46 events
2026-09-08 17:21:52,115 INFO run_daily: Step 8: dedup
2026-09-08 17:21:52,115 INFO run_daily: Step 9: ranking
2026-09-08 17:21:52,116 INFO run_daily: Step 10: writing digest
2026-09-08 17:21:52,153 INFO src.digest_writer: digest written: output/market_radar_2026-09-08.html
2026-09-08 17:21:52,153 INFO run_daily: === Done: output/market_radar_2026-09-08.html ===
