2026-09-28 20:30:05,519 INFO run_daily: === Market Event Radar starting — 2026-09-28 ===
2026-09-28 20:30:05,521 INFO run_daily: Step 1: fetching earnings calendar
2026-09-28 20:30:16,288 INFO src.event_fetcher: nasdaq earnings: 81 entries across 7 days
2026-09-28 20:30:17,639 INFO src.event_fetcher: finnhub earnings: 108 entries
2026-09-28 20:30:17,640 INFO src.event_fetcher: merged earnings universe: 163 unique tickers
2026-09-28 20:30:17,640 INFO run_daily: Step 2: fetching 8-K filings
2026-09-28 20:30:17,877 INFO src.event_fetcher: edgar 8-K filings: 100
2026-09-28 20:30:18,105 INFO run_daily: Step 3: building universe
2026-09-28 20:30:18,106 INFO src.universe: universe: 35 tickers (10 watchlist, 25 discovered)
2026-09-28 20:30:18,106 INFO run_daily: Universe: 35 tickers
2026-09-28 20:30:18,106 INFO run_daily: Step 4: yfinance cross-check for 35 tickers
2026-09-28 20:30:25,367 ERROR yfinance: HTTP Error 404: {"quoteSummary":{"result":null,"error":{"code":"Not Found","description":"Quote not found for symbol: MYD"}}}
2026-09-28 20:30:31,537 INFO run_daily: Step 5: building earnings events
2026-09-28 20:30:31,538 INFO src.source_merger: earnings events built: 163
2026-09-28 20:30:31,538 INFO run_daily: Step 5b: building 8-K events
2026-09-28 20:30:31,540 INFO run_daily: Step 6: options filter (263 candidates)
2026-09-28 20:30:35,196 WARNING src.options_filter: AIO: options data unavailable from all sources
2026-09-28 20:30:38,787 WARNING src.options_filter: EQFN: options data unavailable from all sources
2026-09-28 20:30:42,440 WARNING src.options_filter: MPCB: options data unavailable from all sources
2026-09-28 20:30:46,024 WARNING src.options_filter: MXE: options data unavailable from all sources
2026-09-28 20:30:49,612 WARNING src.options_filter: NCZ: options data unavailable from all sources
2026-09-28 20:30:53,229 WARNING src.options_filter: NFJ: options data unavailable from all sources
2026-09-28 20:30:57,010 WARNING src.options_filter: NIE: options data unavailable from all sources
2026-09-28 20:31:00,592 WARNING src.options_filter: SPPL: options data unavailable from all sources
2026-09-28 20:31:04,177 WARNING src.options_filter: VCIG: options data unavailable from all sources
2026-09-28 20:31:07,762 WARNING src.options_filter: VWFB: options data unavailable from all sources
2026-09-28 20:31:11,348 WARNING src.options_filter: WEBC: options data unavailable from all sources
2026-09-28 20:31:14,934 WARNING src.options_filter: BABB: options data unavailable from all sources
2026-09-28 20:31:18,518 WARNING src.options_filter: MDRX: options data unavailable from all sources
2026-09-28 20:31:19,034 ERROR yfinance: HTTP Error 404: {"quoteSummary":{"result":null,"error":{"code":"Not Found","description":"Quote not found for symbol: BFK"}}}
2026-09-28 20:31:19,278 ERROR yfinance: $BFK: No data found, symbol may be delisted
2026-09-28 20:31:23,356 WARNING src.options_filter: BFK: options data unavailable from all sources
2026-09-28 20:31:23,627 ERROR yfinance: HTTP Error 404: {"quoteSummary":{"result":null,"error":{"code":"Not Found","description":"Quote not found for symbol: BLE"}}}
2026-09-28 20:31:23,842 ERROR yfinance: $BLE: No data found, symbol may be delisted
2026-09-28 20:31:27,959 WARNING src.options_filter: BLE: options data unavailable from all sources
2026-09-28 20:31:31,548 WARNING src.options_filter: BTT: options data unavailable from all sources
2026-09-28 20:31:35,132 WARNING src.options_filter: JTBK: options data unavailable from all sources
2026-09-28 20:31:38,750 WARNING src.options_filter: MHD: options data unavailable from all sources
2026-09-28 20:31:42,392 WARNING src.options_filter: MIY: options data unavailable from all sources
2026-09-28 20:31:45,972 WARNING src.options_filter: MPA: options data unavailable from all sources
2026-09-28 20:31:46,339 ERROR yfinance: $MQT: No data found, symbol may be delisted
2026-09-28 20:31:50,420 WARNING src.options_filter: MQT: options data unavailable from all sources
2026-09-28 20:31:54,004 WARNING src.options_filter: MUA: options data unavailable from all sources
2026-09-28 20:31:54,232 ERROR yfinance: $MVT: No data found, symbol may be delisted
2026-09-28 20:31:58,353 WARNING src.options_filter: MVT: options data unavailable from all sources
2026-09-28 20:32:01,930 WARNING src.options_filter: MYI: options data unavailable from all sources
2026-09-28 20:32:05,513 WARNING src.options_filter: MYN: options data unavailable from all sources
2026-09-28 20:32:09,097 WARNING src.options_filter: SDHY: options data unavailable from all sources
2026-09-28 20:32:12,681 WARNING src.options_filter: HPF: options data unavailable from all sources
2026-09-28 20:32:16,271 WARNING src.options_filter: HPI: options data unavailable from all sources
2026-09-28 20:32:19,884 WARNING src.options_filter: INBP: options data unavailable from all sources
2026-09-28 20:32:23,498 WARNING src.options_filter: SENR: options data unavailable from all sources
2026-09-28 20:32:27,085 WARNING src.options_filter: XERI: options data unavailable from all sources
2026-09-28 20:32:27,399 ERROR yfinance: $BTM: No data found, symbol may be delisted
2026-09-28 20:32:31,511 WARNING src.options_filter: BTM: options data unavailable from all sources
2026-09-28 20:32:35,108 WARNING src.options_filter: MUC: options data unavailable from all sources
2026-09-28 20:32:38,801 WARNING src.options_filter: QTEX: options data unavailable from all sources
2026-09-28 20:32:42,443 WARNING src.options_filter: TAYD: options data unavailable from all sources
2026-09-28 20:32:46,058 WARNING src.options_filter: TRSG: options data unavailable from all sources
2026-09-28 20:32:49,638 WARNING src.options_filter: ZCMD: options data unavailable from all sources
2026-09-28 20:32:53,221 WARNING src.options_filter: ABLV: options data unavailable from all sources
2026-09-28 20:32:56,805 WARNING src.options_filter: AIIO: options data unavailable from all sources
2026-09-28 20:33:00,385 WARNING src.options_filter: ALP: options data unavailable from all sources
2026-09-28 20:33:03,969 WARNING src.options_filter: AMST: options data unavailable from all sources
2026-09-28 20:33:07,588 WARNING src.options_filter: ANEB: options data unavailable from all sources
2026-09-28 20:33:11,171 WARNING src.options_filter: AOREF: options data unavailable from all sources
2026-09-28 20:33:14,757 WARNING src.options_filter: ASPU: options data unavailable from all sources
2026-09-28 20:33:18,345 WARNING src.options_filter: ATGL: options data unavailable from all sources
2026-09-28 20:33:21,942 WARNING src.options_filter: ATGN: options data unavailable from all sources
2026-09-28 20:33:25,519 WARNING src.options_filter: BCRD: options data unavailable from all sources
2026-09-28 20:33:29,137 WARNING src.options_filter: BNET: options data unavailable from all sources
2026-09-28 20:33:32,757 WARNING src.options_filter: BON: options data unavailable from all sources
2026-09-28 20:33:36,367 WARNING src.options_filter: CVAT: options data unavailable from all sources
2026-09-28 20:33:39,961 WARNING src.options_filter: CYCA: options data unavailable from all sources
2026-09-28 20:33:43,551 WARNING src.options_filter: DMNIF: options data unavailable from all sources
2026-09-28 20:33:47,131 WARNING src.options_filter: EESE: options data unavailable from all sources
2026-09-28 20:33:50,757 WARNING src.options_filter: GDTC: options data unavailable from all sources
2026-09-28 20:33:54,379 WARNING src.options_filter: GHG: options data unavailable from all sources
2026-09-28 20:33:57,978 WARNING src.options_filter: INEO: options data unavailable from all sources
2026-09-28 20:34:01,561 WARNING src.options_filter: JFR: options data unavailable from all sources
2026-09-28 20:34:05,145 WARNING src.options_filter: JQC: options data unavailable from all sources
2026-09-28 20:34:05,616 ERROR yfinance: $LBUYD: No data found, symbol may be delisted
2026-09-28 20:34:09,700 WARNING src.options_filter: LBUYD: options data unavailable from all sources
2026-09-28 20:34:13,282 WARNING src.options_filter: LDDD: options data unavailable from all sources
2026-09-28 20:34:16,865 WARNING src.options_filter: LSE: options data unavailable from all sources
2026-09-28 20:34:20,479 WARNING src.options_filter: MARPS: options data unavailable from all sources
2026-09-28 20:34:24,058 WARNING src.options_filter: MFI: options data unavailable from all sources
2026-09-28 20:34:27,643 WARNING src.options_filter: MITQ: options data unavailable from all sources
2026-09-28 20:34:31,254 WARNING src.options_filter: MPU: options data unavailable from all sources
2026-09-28 20:34:34,897 WARNING src.options_filter: MSS: options data unavailable from all sources
2026-09-28 20:34:38,590 WARNING src.options_filter: MWAI: options data unavailable from all sources
2026-09-28 20:34:38,845 ERROR yfinance: $MYD: No data found, symbol may be delisted
2026-09-28 20:34:42,930 WARNING src.options_filter: MYD: options data unavailable from all sources
2026-09-28 20:34:46,520 WARNING src.options_filter: NTCL: options data unavailable from all sources
2026-09-28 20:34:50,111 WARNING src.options_filter: POCI: options data unavailable from all sources
2026-09-28 20:34:53,696 WARNING src.options_filter: SRXH: options data unavailable from all sources
2026-09-28 20:34:57,299 WARNING src.options_filter: SYNX: options data unavailable from all sources
2026-09-28 20:35:00,881 WARNING src.options_filter: TVTV: options data unavailable from all sources
2026-09-28 20:35:04,505 WARNING src.options_filter: VIVC: options data unavailable from all sources
2026-09-28 20:35:08,094 WARNING src.options_filter: VSEE: options data unavailable from all sources
2026-09-28 20:35:11,700 WARNING src.options_filter: ZKIN: options data unavailable from all sources
2026-09-28 20:35:15,293 WARNING src.options_filter: CHRN: options data unavailable from all sources
2026-09-28 20:35:18,884 WARNING src.options_filter: CURR: options data unavailable from all sources
2026-09-28 20:35:22,570 WARNING src.options_filter: AIAI: options data unavailable from all sources
2026-09-28 20:35:26,159 WARNING src.options_filter: SANG: options data unavailable from all sources
2026-09-28 20:35:29,752 WARNING src.options_filter: GNS: options data unavailable from all sources
2026-09-28 20:35:33,359 WARNING src.options_filter: PBM: options data unavailable from all sources
2026-09-28 20:35:36,946 WARNING src.options_filter: NCPL: options data unavailable from all sources
2026-09-28 20:35:40,528 WARNING src.options_filter: FRGT: options data unavailable from all sources
2026-09-28 20:35:44,113 WARNING src.options_filter: INTG: options data unavailable from all sources
2026-09-28 20:35:47,705 WARNING src.options_filter: ALPS: options data unavailable from all sources
2026-09-28 20:35:51,315 WARNING src.options_filter: BRLS: options data unavailable from all sources
2026-09-28 20:35:54,897 WARNING src.options_filter: AAME: options data unavailable from all sources
2026-09-28 20:35:58,484 WARNING src.options_filter: NAII: options data unavailable from all sources
2026-09-28 20:36:02,103 WARNING src.options_filter: SEGG: options data unavailable from all sources
2026-09-28 20:36:05,732 WARNING src.options_filter: BRTX: options data unavailable from all sources
2026-09-28 20:36:09,358 WARNING src.options_filter: GTEN: options data unavailable from all sources
2026-09-28 20:36:12,965 WARNING src.options_filter: RYDE: options data unavailable from all sources
2026-09-28 20:36:16,596 WARNING src.options_filter: AACG: options data unavailable from all sources
2026-09-28 20:36:20,186 WARNING src.options_filter: DSWL: options data unavailable from all sources
2026-09-28 20:36:23,779 WARNING src.options_filter: SJ: options data unavailable from all sources
2026-09-28 20:36:27,399 WARNING src.options_filter: PTN: options data unavailable from all sources
2026-09-28 20:36:31,011 WARNING src.options_filter: GAUZ: options data unavailable from all sources
2026-09-28 20:36:34,644 WARNING src.options_filter: GURE: options data unavailable from all sources
2026-09-28 20:36:38,237 WARNING src.options_filter: LKSP: options data unavailable from all sources
2026-09-28 20:36:38,514 ERROR yfinance: $MKC.V: No data found, symbol may be delisted
2026-09-28 20:36:42,632 WARNING src.options_filter: MKC.V: options data unavailable from all sources
2026-09-28 20:36:46,522 WARNING src.options_filter: IH: options data unavailable from all sources
2026-09-28 20:36:50,155 WARNING src.options_filter: EONR: options data unavailable from all sources
2026-09-28 20:36:53,740 WARNING src.options_filter: CMMB: options data unavailable from all sources
2026-09-28 20:36:57,317 WARNING src.options_filter: PBK: options data unavailable from all sources
2026-09-28 20:37:00,939 WARNING src.options_filter: ALAR: options data unavailable from all sources
2026-09-28 20:37:04,517 WARNING src.options_filter: SMXT: options data unavailable from all sources
2026-09-28 20:37:08,138 WARNING src.options_filter: BTTC: options data unavailable from all sources
2026-09-28 20:37:11,717 WARNING src.options_filter: VRAX: options data unavailable from all sources
2026-09-28 20:37:15,304 WARNING src.options_filter: IPST: options data unavailable from all sources
2026-09-28 20:37:18,886 WARNING src.options_filter: HTLM: options data unavailable from all sources
2026-09-28 20:37:22,464 WARNING src.options_filter: ZONE: options data unavailable from all sources
2026-09-28 20:37:22,724 ERROR yfinance: $UNKNOWN: No data found, symbol may be delisted
2026-09-28 20:37:26,820 WARNING src.options_filter: UNKNOWN: options data unavailable from all sources
2026-09-28 20:37:26,963 ERROR yfinance: $UNKNOWN: No data found, symbol may be delisted
2026-09-28 20:37:31,091 WARNING src.options_filter: UNKNOWN: options data unavailable from all sources
2026-09-28 20:37:31,205 ERROR yfinance: $UNKNOWN: No data found, symbol may be delisted
2026-09-28 20:37:35,304 WARNING src.options_filter: UNKNOWN: options data unavailable from all sources
2026-09-28 20:37:35,457 ERROR yfinance: $UNKNOWN: No data found, symbol may be delisted
2026-09-28 20:37:39,539 WARNING src.options_filter: UNKNOWN: options data unavailable from all sources
2026-09-28 20:37:39,685 ERROR yfinance: $UNKNOWN: No data found, symbol may be delisted
2026-09-28 20:37:43,783 WARNING src.options_filter: UNKNOWN: options data unavailable from all sources
2026-09-28 20:37:47,362 WARNING src.options_filter: CMT: options data unavailable from all sources
2026-09-28 20:37:47,472 ERROR yfinance: $UNKNOWN: No data found, symbol may be delisted
2026-09-28 20:37:51,551 WARNING src.options_filter: UNKNOWN: options data unavailable from all sources
2026-09-28 20:37:55,141 WARNING src.options_filter: EP-PC: options data unavailable from all sources
2026-09-28 20:37:55,284 ERROR yfinance: $UNKNOWN: No data found, symbol may be delisted
2026-09-28 20:37:59,434 WARNING src.options_filter: UNKNOWN: options data unavailable from all sources
2026-09-28 20:37:59,548 ERROR yfinance: $UNKNOWN: No data found, symbol may be delisted
2026-09-28 20:38:03,628 WARNING src.options_filter: UNKNOWN: options data unavailable from all sources
2026-09-28 20:38:03,767 ERROR yfinance: $UNKNOWN: No data found, symbol may be delisted
2026-09-28 20:38:07,862 WARNING src.options_filter: UNKNOWN: options data unavailable from all sources
2026-09-28 20:38:08,074 ERROR yfinance: $UNKNOWN: No data found, symbol may be delisted
2026-09-28 20:38:12,154 WARNING src.options_filter: UNKNOWN: options data unavailable from all sources
2026-09-28 20:38:12,499 ERROR yfinance: $UNKNOWN: No data found, symbol may be delisted
2026-09-28 20:38:16,576 WARNING src.options_filter: UNKNOWN: options data unavailable from all sources
2026-09-28 20:38:16,702 ERROR yfinance: $UNKNOWN: No data found, symbol may be delisted
2026-09-28 20:38:20,781 WARNING src.options_filter: UNKNOWN: options data unavailable from all sources
2026-09-28 20:38:20,898 ERROR yfinance: $UNKNOWN: No data found, symbol may be delisted
2026-09-28 20:38:24,986 WARNING src.options_filter: UNKNOWN: options data unavailable from all sources
2026-09-28 20:38:25,131 ERROR yfinance: $UNKNOWN: No data found, symbol may be delisted
2026-09-28 20:38:29,248 WARNING src.options_filter: UNKNOWN: options data unavailable from all sources
2026-09-28 20:38:29,465 ERROR yfinance: $UNKNOWN: No data found, symbol may be delisted
2026-09-28 20:38:33,543 WARNING src.options_filter: UNKNOWN: options data unavailable from all sources
2026-09-28 20:38:33,708 ERROR yfinance: $UNKNOWN: No data found, symbol may be delisted
2026-09-28 20:38:37,802 WARNING src.options_filter: UNKNOWN: options data unavailable from all sources
2026-09-28 20:38:37,917 ERROR yfinance: $UNKNOWN: No data found, symbol may be delisted
2026-09-28 20:38:42,013 WARNING src.options_filter: UNKNOWN: options data unavailable from all sources
2026-09-28 20:38:42,234 ERROR yfinance: $UNKNOWN: No data found, symbol may be delisted
2026-09-28 20:38:46,343 WARNING src.options_filter: UNKNOWN: options data unavailable from all sources
2026-09-28 20:38:46,462 ERROR yfinance: $UNKNOWN: No data found, symbol may be delisted
2026-09-28 20:38:50,542 WARNING src.options_filter: UNKNOWN: options data unavailable from all sources
2026-09-28 20:38:51,165 ERROR yfinance: $UNKNOWN: No data found, symbol may be delisted
2026-09-28 20:38:55,286 WARNING src.options_filter: UNKNOWN: options data unavailable from all sources
2026-09-28 20:38:55,397 ERROR yfinance: $UNKNOWN: No data found, symbol may be delisted
2026-09-28 20:38:59,486 WARNING src.options_filter: UNKNOWN: options data unavailable from all sources
2026-09-28 20:38:59,655 ERROR yfinance: $UNKNOWN: No data found, symbol may be delisted
2026-09-28 20:39:03,735 WARNING src.options_filter: UNKNOWN: options data unavailable from all sources
2026-09-28 20:39:03,850 ERROR yfinance: $UNKNOWN: No data found, symbol may be delisted
2026-09-28 20:39:07,954 WARNING src.options_filter: UNKNOWN: options data unavailable from all sources
2026-09-28 20:39:08,387 ERROR yfinance: $UNKNOWN: No data found, symbol may be delisted
2026-09-28 20:39:12,464 WARNING src.options_filter: UNKNOWN: options data unavailable from all sources
2026-09-28 20:39:12,583 ERROR yfinance: $UNKNOWN: No data found, symbol may be delisted
2026-09-28 20:39:16,666 WARNING src.options_filter: UNKNOWN: options data unavailable from all sources
2026-09-28 20:39:16,821 ERROR yfinance: $UNKNOWN: No data found, symbol may be delisted
2026-09-28 20:39:20,905 WARNING src.options_filter: UNKNOWN: options data unavailable from all sources
2026-09-28 20:39:21,038 ERROR yfinance: $UNKNOWN: No data found, symbol may be delisted
2026-09-28 20:39:25,114 WARNING src.options_filter: UNKNOWN: options data unavailable from all sources
2026-09-28 20:39:25,396 ERROR yfinance: $UNKNOWN: No data found, symbol may be delisted
2026-09-28 20:39:29,508 WARNING src.options_filter: UNKNOWN: options data unavailable from all sources
2026-09-28 20:39:29,622 ERROR yfinance: $UNKNOWN: No data found, symbol may be delisted
2026-09-28 20:39:33,708 WARNING src.options_filter: UNKNOWN: options data unavailable from all sources
2026-09-28 20:39:33,896 ERROR yfinance: $UNKNOWN: No data found, symbol may be delisted
2026-09-28 20:39:37,970 WARNING src.options_filter: UNKNOWN: options data unavailable from all sources
2026-09-28 20:39:38,091 ERROR yfinance: $UNKNOWN: No data found, symbol may be delisted
2026-09-28 20:39:42,168 WARNING src.options_filter: UNKNOWN: options data unavailable from all sources
2026-09-28 20:39:42,347 ERROR yfinance: $UNKNOWN: No data found, symbol may be delisted
2026-09-28 20:39:46,426 WARNING src.options_filter: UNKNOWN: options data unavailable from all sources
2026-09-28 20:39:46,575 ERROR yfinance: $UNKNOWN: No data found, symbol may be delisted
2026-09-28 20:39:50,691 WARNING src.options_filter: UNKNOWN: options data unavailable from all sources
2026-09-28 20:39:50,848 ERROR yfinance: $UNKNOWN: No data found, symbol may be delisted
2026-09-28 20:39:54,933 WARNING src.options_filter: UNKNOWN: options data unavailable from all sources
2026-09-28 20:39:55,117 ERROR yfinance: $UNKNOWN: No data found, symbol may be delisted
2026-09-28 20:39:59,196 WARNING src.options_filter: UNKNOWN: options data unavailable from all sources
2026-09-28 20:39:59,305 ERROR yfinance: $UNKNOWN: No data found, symbol may be delisted
2026-09-28 20:40:03,381 WARNING src.options_filter: UNKNOWN: options data unavailable from all sources
2026-09-28 20:40:03,524 ERROR yfinance: $UNKNOWN: No data found, symbol may be delisted
2026-09-28 20:40:07,608 WARNING src.options_filter: UNKNOWN: options data unavailable from all sources
2026-09-28 20:40:07,735 ERROR yfinance: $UNKNOWN: No data found, symbol may be delisted
2026-09-28 20:40:11,865 WARNING src.options_filter: UNKNOWN: options data unavailable from all sources
2026-09-28 20:40:11,999 ERROR yfinance: $UNKNOWN: No data found, symbol may be delisted
2026-09-28 20:40:16,087 WARNING src.options_filter: UNKNOWN: options data unavailable from all sources
2026-09-28 20:40:16,200 ERROR yfinance: $UNKNOWN: No data found, symbol may be delisted
2026-09-28 20:40:20,292 WARNING src.options_filter: UNKNOWN: options data unavailable from all sources
2026-09-28 20:40:20,447 ERROR yfinance: $UNKNOWN: No data found, symbol may be delisted
2026-09-28 20:40:24,525 WARNING src.options_filter: UNKNOWN: options data unavailable from all sources
2026-09-28 20:40:24,782 ERROR yfinance: $NWSLL: No data found, symbol may be delisted
2026-09-28 20:40:28,865 WARNING src.options_filter: NWSLL: options data unavailable from all sources
2026-09-28 20:40:29,051 ERROR yfinance: $UNKNOWN: No data found, symbol may be delisted
2026-09-28 20:40:33,142 WARNING src.options_filter: UNKNOWN: options data unavailable from all sources
2026-09-28 20:40:33,329 ERROR yfinance: $UNKNOWN: No data found, symbol may be delisted
2026-09-28 20:40:37,436 WARNING src.options_filter: UNKNOWN: options data unavailable from all sources
2026-09-28 20:40:37,551 ERROR yfinance: $UNKNOWN: No data found, symbol may be delisted
2026-09-28 20:40:41,664 WARNING src.options_filter: UNKNOWN: options data unavailable from all sources
2026-09-28 20:40:41,873 ERROR yfinance: $UNKNOWN: No data found, symbol may be delisted
2026-09-28 20:40:45,956 WARNING src.options_filter: UNKNOWN: options data unavailable from all sources
2026-09-28 20:40:49,557 WARNING src.options_filter: CMT: options data unavailable from all sources
2026-09-28 20:40:49,662 ERROR yfinance: $UNKNOWN: No data found, symbol may be delisted
2026-09-28 20:40:53,778 WARNING src.options_filter: UNKNOWN: options data unavailable from all sources
2026-09-28 20:40:53,940 ERROR yfinance: $UNKNOWN: No data found, symbol may be delisted
2026-09-28 20:40:58,030 WARNING src.options_filter: UNKNOWN: options data unavailable from all sources
2026-09-28 20:40:58,162 ERROR yfinance: $UNKNOWN: No data found, symbol may be delisted
2026-09-28 20:41:02,247 WARNING src.options_filter: UNKNOWN: options data unavailable from all sources
2026-09-28 20:41:02,403 ERROR yfinance: $UNKNOWN: No data found, symbol may be delisted
2026-09-28 20:41:06,524 WARNING src.options_filter: UNKNOWN: options data unavailable from all sources
2026-09-28 20:41:06,640 ERROR yfinance: $UNKNOWN: No data found, symbol may be delisted
2026-09-28 20:41:10,737 WARNING src.options_filter: UNKNOWN: options data unavailable from all sources
2026-09-28 20:41:11,027 ERROR yfinance: $UNKNOWN: No data found, symbol may be delisted
2026-09-28 20:41:15,183 WARNING src.options_filter: UNKNOWN: options data unavailable from all sources
2026-09-28 20:41:15,344 ERROR yfinance: $UNKNOWN: No data found, symbol may be delisted
2026-09-28 20:41:19,441 WARNING src.options_filter: UNKNOWN: options data unavailable from all sources
2026-09-28 20:41:19,557 ERROR yfinance: $UNKNOWN: No data found, symbol may be delisted
2026-09-28 20:41:23,659 WARNING src.options_filter: UNKNOWN: options data unavailable from all sources
2026-09-28 20:41:23,812 ERROR yfinance: $UNKNOWN: No data found, symbol may be delisted
2026-09-28 20:41:27,895 WARNING src.options_filter: UNKNOWN: options data unavailable from all sources
2026-09-28 20:41:28,045 ERROR yfinance: $UNKNOWN: No data found, symbol may be delisted
2026-09-28 20:41:32,134 WARNING src.options_filter: UNKNOWN: options data unavailable from all sources
2026-09-28 20:41:32,275 ERROR yfinance: $UNKNOWN: No data found, symbol may be delisted
2026-09-28 20:41:36,400 WARNING src.options_filter: UNKNOWN: options data unavailable from all sources
2026-09-28 20:41:36,509 ERROR yfinance: $NWSLL: No data found, symbol may be delisted
2026-09-28 20:41:40,601 WARNING src.options_filter: NWSLL: options data unavailable from all sources
2026-09-28 20:41:40,734 ERROR yfinance: $UNKNOWN: No data found, symbol may be delisted
2026-09-28 20:41:44,818 WARNING src.options_filter: UNKNOWN: options data unavailable from all sources
2026-09-28 20:41:44,968 ERROR yfinance: $UNKNOWN: No data found, symbol may be delisted
2026-09-28 20:41:49,050 WARNING src.options_filter: UNKNOWN: options data unavailable from all sources
2026-09-28 20:41:49,244 ERROR yfinance: $UNKNOWN: No data found, symbol may be delisted
2026-09-28 20:41:53,328 WARNING src.options_filter: UNKNOWN: options data unavailable from all sources
2026-09-28 20:41:53,428 ERROR yfinance: $UNKNOWN: No data found, symbol may be delisted
2026-09-28 20:41:57,561 WARNING src.options_filter: UNKNOWN: options data unavailable from all sources
2026-09-28 20:41:57,782 ERROR yfinance: $UNKNOWN: No data found, symbol may be delisted
2026-09-28 20:42:01,902 WARNING src.options_filter: UNKNOWN: options data unavailable from all sources
2026-09-28 20:42:02,057 ERROR yfinance: $UNKNOWN: No data found, symbol may be delisted
2026-09-28 20:42:06,145 WARNING src.options_filter: UNKNOWN: options data unavailable from all sources
2026-09-28 20:42:06,356 ERROR yfinance: $UNKNOWN: No data found, symbol may be delisted
2026-09-28 20:42:10,452 WARNING src.options_filter: UNKNOWN: options data unavailable from all sources
2026-09-28 20:42:10,647 ERROR yfinance: $UNKNOWN: No data found, symbol may be delisted
2026-09-28 20:42:14,783 WARNING src.options_filter: UNKNOWN: options data unavailable from all sources
2026-09-28 20:42:14,974 ERROR yfinance: $UNKNOWN: No data found, symbol may be delisted
2026-09-28 20:42:19,096 WARNING src.options_filter: UNKNOWN: options data unavailable from all sources
2026-09-28 20:42:19,237 ERROR yfinance: $UNKNOWN: No data found, symbol may be delisted
2026-09-28 20:42:23,360 WARNING src.options_filter: UNKNOWN: options data unavailable from all sources
2026-09-28 20:42:23,513 ERROR yfinance: $UNKNOWN: No data found, symbol may be delisted
2026-09-28 20:42:27,638 WARNING src.options_filter: UNKNOWN: options data unavailable from all sources
2026-09-28 20:42:27,748 ERROR yfinance: $UNKNOWN: No data found, symbol may be delisted
2026-09-28 20:42:31,827 WARNING src.options_filter: UNKNOWN: options data unavailable from all sources
2026-09-28 20:42:31,950 ERROR yfinance: $UNKNOWN: No data found, symbol may be delisted
2026-09-28 20:42:36,040 WARNING src.options_filter: UNKNOWN: options data unavailable from all sources
2026-09-28 20:42:36,218 ERROR yfinance: $UNKNOWN: No data found, symbol may be delisted
2026-09-28 20:42:40,297 WARNING src.options_filter: UNKNOWN: options data unavailable from all sources
2026-09-28 20:42:40,442 ERROR yfinance: $UNKNOWN: No data found, symbol may be delisted
2026-09-28 20:42:44,526 WARNING src.options_filter: UNKNOWN: options data unavailable from all sources
2026-09-28 20:42:44,640 ERROR yfinance: $UNKNOWN: No data found, symbol may be delisted
2026-09-28 20:42:48,734 WARNING src.options_filter: UNKNOWN: options data unavailable from all sources
2026-09-28 20:42:48,853 ERROR yfinance: $UNKNOWN: No data found, symbol may be delisted
2026-09-28 20:42:52,934 WARNING src.options_filter: UNKNOWN: options data unavailable from all sources
2026-09-28 20:42:53,054 ERROR yfinance: $UNKNOWN: No data found, symbol may be delisted
2026-09-28 20:42:57,139 WARNING src.options_filter: UNKNOWN: options data unavailable from all sources
2026-09-28 20:42:57,297 ERROR yfinance: $UNKNOWN: No data found, symbol may be delisted
2026-09-28 20:43:01,393 WARNING src.options_filter: UNKNOWN: options data unavailable from all sources
2026-09-28 20:43:04,975 WARNING src.options_filter: ONCY: options data unavailable from all sources
2026-09-28 20:43:05,140 ERROR yfinance: $UNKNOWN: No data found, symbol may be delisted
2026-09-28 20:43:09,223 WARNING src.options_filter: UNKNOWN: options data unavailable from all sources
2026-09-28 20:43:09,421 ERROR yfinance: $UNKNOWN: No data found, symbol may be delisted
2026-09-28 20:43:13,505 WARNING src.options_filter: UNKNOWN: options data unavailable from all sources
2026-09-28 20:43:13,634 ERROR yfinance: $UNKNOWN: No data found, symbol may be delisted
2026-09-28 20:43:17,719 WARNING src.options_filter: UNKNOWN: options data unavailable from all sources
2026-09-28 20:43:17,833 ERROR yfinance: $UNKNOWN: No data found, symbol may be delisted
2026-09-28 20:43:21,919 WARNING src.options_filter: UNKNOWN: options data unavailable from all sources
2026-09-28 20:43:22,034 ERROR yfinance: $UNKNOWN: No data found, symbol may be delisted
2026-09-28 20:43:26,116 WARNING src.options_filter: UNKNOWN: options data unavailable from all sources
2026-09-28 20:43:26,227 ERROR yfinance: $UNKNOWN: No data found, symbol may be delisted
2026-09-28 20:43:30,312 WARNING src.options_filter: UNKNOWN: options data unavailable from all sources
2026-09-28 20:43:30,465 ERROR yfinance: $UNKNOWN: No data found, symbol may be delisted
2026-09-28 20:43:34,566 WARNING src.options_filter: UNKNOWN: options data unavailable from all sources
2026-09-28 20:43:34,732 ERROR yfinance: $UNKNOWN: No data found, symbol may be delisted
2026-09-28 20:43:38,885 WARNING src.options_filter: UNKNOWN: options data unavailable from all sources
2026-09-28 20:43:39,100 ERROR yfinance: $UNKNOWN: No data found, symbol may be delisted
2026-09-28 20:43:43,208 WARNING src.options_filter: UNKNOWN: options data unavailable from all sources
2026-09-28 20:43:43,381 ERROR yfinance: $UNKNOWN: No data found, symbol may be delisted
2026-09-28 20:43:47,543 WARNING src.options_filter: UNKNOWN: options data unavailable from all sources
2026-09-28 20:43:47,663 ERROR yfinance: $UNKNOWN: No data found, symbol may be delisted
2026-09-28 20:43:51,776 WARNING src.options_filter: UNKNOWN: options data unavailable from all sources
2026-09-28 20:43:51,963 ERROR yfinance: $UNKNOWN: No data found, symbol may be delisted
2026-09-28 20:43:56,047 WARNING src.options_filter: UNKNOWN: options data unavailable from all sources
2026-09-28 20:43:56,198 ERROR yfinance: $UNKNOWN: No data found, symbol may be delisted
2026-09-28 20:44:00,284 WARNING src.options_filter: UNKNOWN: options data unavailable from all sources
2026-09-28 20:44:00,284 INFO run_daily: Passed options gate: 25 events
2026-09-28 20:44:00,284 INFO run_daily: Step 7: enriching 25 events
2026-09-28 20:44:04,141 INFO run_daily: Step 8: dedup
2026-09-28 20:44:04,142 INFO run_daily: Step 9: ranking
2026-09-28 20:44:04,143 INFO run_daily: Step 10: writing digest
2026-09-28 20:44:04,179 INFO src.digest_writer: digest written: output/market_radar_2026-09-28.html
2026-09-28 20:44:04,179 INFO run_daily: === Done: output/market_radar_2026-09-28.html ===
