2026-10-07 19:51:39,101 INFO run_daily: === Market Event Radar starting — 2026-10-07 ===
2026-10-07 19:51:39,103 INFO run_daily: Step 1: fetching earnings calendar
2026-10-07 19:51:49,833 INFO src.event_fetcher: nasdaq earnings: 35 entries across 7 days
2026-10-07 19:51:51,092 INFO src.event_fetcher: finnhub earnings: 87 entries
2026-10-07 19:51:51,092 INFO src.event_fetcher: merged earnings universe: 94 unique tickers
2026-10-07 19:51:51,092 INFO run_daily: Step 2: fetching 8-K filings
2026-10-07 19:51:51,742 INFO src.event_fetcher: edgar 8-K filings: 100
2026-10-07 19:51:52,021 INFO run_daily: Step 3: building universe
2026-10-07 19:51:52,021 INFO src.universe: universe: 35 tickers (10 watchlist, 25 discovered)
2026-10-07 19:51:52,021 INFO run_daily: Universe: 35 tickers
2026-10-07 19:51:52,022 INFO run_daily: Step 4: yfinance cross-check for 35 tickers
2026-10-07 19:51:57,250 ERROR yfinance: HTTP Error 404: {"quoteSummary":{"result":null,"error":{"code":"Not Found","description":"Quote not found for symbol: GLEI"}}}
2026-10-07 19:52:02,549 INFO run_daily: Step 5: building earnings events
2026-10-07 19:52:02,550 INFO src.source_merger: earnings events built: 94
2026-10-07 19:52:02,550 INFO run_daily: Step 5b: building 8-K events
2026-10-07 19:52:02,552 INFO run_daily: Step 6: options filter (194 candidates)
2026-10-07 19:52:06,471 WARNING src.options_filter: ARTW: options data unavailable from all sources
2026-10-07 19:52:10,237 WARNING src.options_filter: EDUC: options data unavailable from all sources
2026-10-07 19:52:13,972 WARNING src.options_filter: KARX: options data unavailable from all sources
2026-10-07 19:52:17,706 WARNING src.options_filter: THVB: options data unavailable from all sources
2026-10-07 19:52:21,435 WARNING src.options_filter: AMFC: options data unavailable from all sources
2026-10-07 19:52:25,159 WARNING src.options_filter: ANKM: options data unavailable from all sources
2026-10-07 19:52:28,895 WARNING src.options_filter: CAWW: options data unavailable from all sources
2026-10-07 19:52:32,632 WARNING src.options_filter: CHBH: options data unavailable from all sources
2026-10-07 19:52:36,403 WARNING src.options_filter: FRMO: options data unavailable from all sources
2026-10-07 19:52:40,136 WARNING src.options_filter: GLGI: options data unavailable from all sources
2026-10-07 19:52:43,877 WARNING src.options_filter: HARL: options data unavailable from all sources
2026-10-07 19:52:47,604 WARNING src.options_filter: HLFN: options data unavailable from all sources
2026-10-07 19:52:51,338 WARNING src.options_filter: LQWC: options data unavailable from all sources
2026-10-07 19:52:55,072 WARNING src.options_filter: NTRP: options data unavailable from all sources
2026-10-07 19:52:58,848 WARNING src.options_filter: OZVN: options data unavailable from all sources
2026-10-07 19:53:02,614 WARNING src.options_filter: PUBC: options data unavailable from all sources
2026-10-07 19:53:06,377 WARNING src.options_filter: SPRS: options data unavailable from all sources
2026-10-07 19:53:10,109 WARNING src.options_filter: UNTN: options data unavailable from all sources
2026-10-07 19:53:13,847 WARNING src.options_filter: VLGEA: options data unavailable from all sources
2026-10-07 19:53:14,045 ERROR yfinance: HTTP Error 404: {"quoteSummary":{"result":null,"error":{"code":"Not Found","description":"Quote not found for symbol: ACZT"}}}
2026-10-07 19:53:14,198 ERROR yfinance: $ACZT: No data found, symbol may be delisted
2026-10-07 19:53:18,460 WARNING src.options_filter: ACZT: options data unavailable from all sources
2026-10-07 19:53:22,194 WARNING src.options_filter: ALDS: options data unavailable from all sources
2026-10-07 19:53:25,933 WARNING src.options_filter: BMRA: options data unavailable from all sources
2026-10-07 19:53:29,661 WARNING src.options_filter: BZYR: options data unavailable from all sources
2026-10-07 19:53:29,841 ERROR yfinance: HTTP Error 404: {"quoteSummary":{"result":null,"error":{"code":"Not Found","description":"Quote not found for symbol: DYNT"}}}
2026-10-07 19:53:30,044 ERROR yfinance: $DYNT: No data found, symbol may be delisted
2026-10-07 19:53:34,303 WARNING src.options_filter: DYNT: options data unavailable from all sources
2026-10-07 19:53:38,027 WARNING src.options_filter: HFUS: options data unavailable from all sources
2026-10-07 19:53:41,764 WARNING src.options_filter: HWNI: options data unavailable from all sources
2026-10-07 19:53:45,491 WARNING src.options_filter: LQMT: options data unavailable from all sources
2026-10-07 19:53:49,219 WARNING src.options_filter: NAAS: options data unavailable from all sources
2026-10-07 19:53:52,946 WARNING src.options_filter: NGTF: options data unavailable from all sources
2026-10-07 19:53:56,674 WARNING src.options_filter: NRIS: options data unavailable from all sources
2026-10-07 19:54:00,476 WARNING src.options_filter: QNME: options data unavailable from all sources
2026-10-07 19:54:00,682 ERROR yfinance: $SOND: No data found, symbol may be delisted
2026-10-07 19:54:04,913 WARNING src.options_filter: SOND: options data unavailable from all sources
2026-10-07 19:54:08,673 WARNING src.options_filter: STME: options data unavailable from all sources
2026-10-07 19:54:12,666 WARNING src.options_filter: CCEL: options data unavailable from all sources
2026-10-07 19:54:12,886 ERROR yfinance: $CLSD: No data found, symbol may be delisted
2026-10-07 19:54:17,115 WARNING src.options_filter: CLSD: options data unavailable from all sources
2026-10-07 19:54:20,844 WARNING src.options_filter: HIFS: options data unavailable from all sources
2026-10-07 19:54:24,579 WARNING src.options_filter: HOVR: options data unavailable from all sources
2026-10-07 19:54:28,313 WARNING src.options_filter: MLGF: options data unavailable from all sources
2026-10-07 19:54:32,046 WARNING src.options_filter: PBNC: options data unavailable from all sources
2026-10-07 19:54:35,809 WARNING src.options_filter: AMBK: options data unavailable from all sources
2026-10-07 19:54:39,537 WARNING src.options_filter: CIBH: options data unavailable from all sources
2026-10-07 19:54:43,347 WARNING src.options_filter: CNBB: options data unavailable from all sources
2026-10-07 19:54:47,086 WARNING src.options_filter: CYDY: options data unavailable from all sources
2026-10-07 19:54:50,904 WARNING src.options_filter: INTG: options data unavailable from all sources
2026-10-07 19:54:54,702 WARNING src.options_filter: LOGN: options data unavailable from all sources
2026-10-07 19:54:58,446 WARNING src.options_filter: ODC: options data unavailable from all sources
2026-10-07 19:55:02,297 WARNING src.options_filter: SODI: options data unavailable from all sources
2026-10-07 19:55:06,231 WARNING src.options_filter: BKSC: options data unavailable from all sources
2026-10-07 19:55:06,429 ERROR yfinance: $GLEI: No data found, symbol may be delisted
2026-10-07 19:55:10,800 WARNING src.options_filter: GLEI: options data unavailable from all sources
2026-10-07 19:55:14,604 WARNING src.options_filter: LFS: options data unavailable from all sources
2026-10-07 19:55:18,415 WARNING src.options_filter: WELNF: options data unavailable from all sources
2026-10-07 19:55:22,236 WARNING src.options_filter: CMMB: options data unavailable from all sources
2026-10-07 19:55:26,071 WARNING src.options_filter: GLDG: options data unavailable from all sources
2026-10-07 19:55:29,840 WARNING src.options_filter: RMCF: options data unavailable from all sources
2026-10-07 19:55:33,601 WARNING src.options_filter: NCPL: options data unavailable from all sources
2026-10-07 19:55:37,343 WARNING src.options_filter: MSS: options data unavailable from all sources
2026-10-07 19:55:41,079 WARNING src.options_filter: SOTK: options data unavailable from all sources
2026-10-07 19:55:44,814 WARNING src.options_filter: WAFDP: options data unavailable from all sources
2026-10-07 19:55:45,065 ERROR yfinance: $UNKNOWN: No data found, symbol may be delisted
2026-10-07 19:55:49,314 WARNING src.options_filter: UNKNOWN: options data unavailable from all sources
2026-10-07 19:55:53,061 WARNING src.options_filter: DFUKF: options data unavailable from all sources
2026-10-07 19:55:53,139 ERROR yfinance: $UNKNOWN: No data found, symbol may be delisted
2026-10-07 19:55:57,371 WARNING src.options_filter: UNKNOWN: options data unavailable from all sources
2026-10-07 19:55:57,446 ERROR yfinance: $UNKNOWN: No data found, symbol may be delisted
2026-10-07 19:56:01,703 WARNING src.options_filter: UNKNOWN: options data unavailable from all sources
2026-10-07 19:56:01,781 ERROR yfinance: $UNKNOWN: No data found, symbol may be delisted
2026-10-07 19:56:06,066 WARNING src.options_filter: UNKNOWN: options data unavailable from all sources
2026-10-07 19:56:06,169 ERROR yfinance: $UNKNOWN: No data found, symbol may be delisted
2026-10-07 19:56:10,526 WARNING src.options_filter: UNKNOWN: options data unavailable from all sources
2026-10-07 19:56:10,614 ERROR yfinance: $UNKNOWN: No data found, symbol may be delisted
2026-10-07 19:56:14,852 WARNING src.options_filter: UNKNOWN: options data unavailable from all sources
2026-10-07 19:56:14,937 ERROR yfinance: $UNKNOWN: No data found, symbol may be delisted
2026-10-07 19:56:19,184 WARNING src.options_filter: UNKNOWN: options data unavailable from all sources
2026-10-07 19:56:19,275 ERROR yfinance: $UNKNOWN: No data found, symbol may be delisted
2026-10-07 19:56:23,907 WARNING src.options_filter: UNKNOWN: options data unavailable from all sources
2026-10-07 19:56:24,012 ERROR yfinance: $UNKNOWN: No data found, symbol may be delisted
2026-10-07 19:56:28,258 WARNING src.options_filter: UNKNOWN: options data unavailable from all sources
2026-10-07 19:56:28,335 ERROR yfinance: $UNKNOWN: No data found, symbol may be delisted
2026-10-07 19:56:32,579 WARNING src.options_filter: UNKNOWN: options data unavailable from all sources
2026-10-07 19:56:32,664 ERROR yfinance: $UNKNOWN: No data found, symbol may be delisted
2026-10-07 19:56:37,001 WARNING src.options_filter: UNKNOWN: options data unavailable from all sources
2026-10-07 19:56:37,089 ERROR yfinance: $UNKNOWN: No data found, symbol may be delisted
2026-10-07 19:56:41,330 WARNING src.options_filter: UNKNOWN: options data unavailable from all sources
2026-10-07 19:56:41,408 ERROR yfinance: $UNKNOWN: No data found, symbol may be delisted
2026-10-07 19:56:45,659 WARNING src.options_filter: UNKNOWN: options data unavailable from all sources
2026-10-07 19:56:45,792 ERROR yfinance: $UNKNOWN: No data found, symbol may be delisted
2026-10-07 19:56:50,030 WARNING src.options_filter: UNKNOWN: options data unavailable from all sources
2026-10-07 19:56:50,110 ERROR yfinance: $UNKNOWN: No data found, symbol may be delisted
2026-10-07 19:56:54,344 WARNING src.options_filter: UNKNOWN: options data unavailable from all sources
2026-10-07 19:56:54,434 ERROR yfinance: $UNKNOWN: No data found, symbol may be delisted
2026-10-07 19:56:58,767 WARNING src.options_filter: UNKNOWN: options data unavailable from all sources
2026-10-07 19:56:58,846 ERROR yfinance: $UNKNOWN: No data found, symbol may be delisted
2026-10-07 19:57:03,109 WARNING src.options_filter: UNKNOWN: options data unavailable from all sources
2026-10-07 19:57:03,193 ERROR yfinance: $UNKNOWN: No data found, symbol may be delisted
2026-10-07 19:57:07,456 WARNING src.options_filter: UNKNOWN: options data unavailable from all sources
2026-10-07 19:57:07,539 ERROR yfinance: $UNKNOWN: No data found, symbol may be delisted
2026-10-07 19:57:11,851 WARNING src.options_filter: UNKNOWN: options data unavailable from all sources
2026-10-07 19:57:11,937 ERROR yfinance: $UNKNOWN: No data found, symbol may be delisted
2026-10-07 19:57:16,199 WARNING src.options_filter: UNKNOWN: options data unavailable from all sources
2026-10-07 19:57:16,274 ERROR yfinance: $UNKNOWN: No data found, symbol may be delisted
2026-10-07 19:57:20,516 WARNING src.options_filter: UNKNOWN: options data unavailable from all sources
2026-10-07 19:57:20,621 ERROR yfinance: $UNKNOWN: No data found, symbol may be delisted
2026-10-07 19:57:24,948 WARNING src.options_filter: UNKNOWN: options data unavailable from all sources
2026-10-07 19:57:25,027 ERROR yfinance: $UNKNOWN: No data found, symbol may be delisted
2026-10-07 19:57:29,336 WARNING src.options_filter: UNKNOWN: options data unavailable from all sources
2026-10-07 19:57:29,465 ERROR yfinance: $UNKNOWN: No data found, symbol may be delisted
2026-10-07 19:57:33,707 WARNING src.options_filter: UNKNOWN: options data unavailable from all sources
2026-10-07 19:57:33,781 ERROR yfinance: $UNKNOWN: No data found, symbol may be delisted
2026-10-07 19:57:38,044 WARNING src.options_filter: UNKNOWN: options data unavailable from all sources
2026-10-07 19:57:38,124 ERROR yfinance: $UNKNOWN: No data found, symbol may be delisted
2026-10-07 19:57:42,392 WARNING src.options_filter: UNKNOWN: options data unavailable from all sources
2026-10-07 19:57:42,460 ERROR yfinance: $UNKNOWN: No data found, symbol may be delisted
2026-10-07 19:57:46,747 WARNING src.options_filter: UNKNOWN: options data unavailable from all sources
2026-10-07 19:57:46,840 ERROR yfinance: $UNKNOWN: No data found, symbol may be delisted
2026-10-07 19:57:51,108 WARNING src.options_filter: UNKNOWN: options data unavailable from all sources
2026-10-07 19:57:51,210 ERROR yfinance: $UNKNOWN: No data found, symbol may be delisted
2026-10-07 19:57:55,455 WARNING src.options_filter: UNKNOWN: options data unavailable from all sources
2026-10-07 19:57:55,533 ERROR yfinance: $UNKNOWN: No data found, symbol may be delisted
2026-10-07 19:57:59,829 WARNING src.options_filter: UNKNOWN: options data unavailable from all sources
2026-10-07 19:57:59,901 ERROR yfinance: $UNKNOWN: No data found, symbol may be delisted
2026-10-07 19:58:04,331 WARNING src.options_filter: UNKNOWN: options data unavailable from all sources
2026-10-07 19:58:04,420 ERROR yfinance: $UNKNOWN: No data found, symbol may be delisted
2026-10-07 19:58:08,731 WARNING src.options_filter: UNKNOWN: options data unavailable from all sources
2026-10-07 19:58:08,812 ERROR yfinance: $UNKNOWN: No data found, symbol may be delisted
2026-10-07 19:58:13,117 WARNING src.options_filter: UNKNOWN: options data unavailable from all sources
2026-10-07 19:58:13,236 ERROR yfinance: $UNKNOWN: No data found, symbol may be delisted
2026-10-07 19:58:17,521 WARNING src.options_filter: UNKNOWN: options data unavailable from all sources
2026-10-07 19:58:17,598 ERROR yfinance: $UNKNOWN: No data found, symbol may be delisted
2026-10-07 19:58:21,868 WARNING src.options_filter: UNKNOWN: options data unavailable from all sources
2026-10-07 19:58:21,946 ERROR yfinance: $UNKNOWN: No data found, symbol may be delisted
2026-10-07 19:58:26,262 WARNING src.options_filter: UNKNOWN: options data unavailable from all sources
2026-10-07 19:58:26,336 ERROR yfinance: $UNKNOWN: No data found, symbol may be delisted
2026-10-07 19:58:30,667 WARNING src.options_filter: UNKNOWN: options data unavailable from all sources
2026-10-07 19:58:30,786 ERROR yfinance: $UNKNOWN: No data found, symbol may be delisted
2026-10-07 19:58:35,112 WARNING src.options_filter: UNKNOWN: options data unavailable from all sources
2026-10-07 19:58:35,193 ERROR yfinance: $UNKNOWN: No data found, symbol may be delisted
2026-10-07 19:58:39,517 WARNING src.options_filter: UNKNOWN: options data unavailable from all sources
2026-10-07 19:58:39,598 ERROR yfinance: $UNKNOWN: No data found, symbol may be delisted
2026-10-07 19:58:43,894 WARNING src.options_filter: UNKNOWN: options data unavailable from all sources
2026-10-07 19:58:43,976 ERROR yfinance: $UNKNOWN: No data found, symbol may be delisted
2026-10-07 19:58:48,337 WARNING src.options_filter: UNKNOWN: options data unavailable from all sources
2026-10-07 19:58:48,459 ERROR yfinance: $UNKNOWN: No data found, symbol may be delisted
2026-10-07 19:58:52,976 WARNING src.options_filter: UNKNOWN: options data unavailable from all sources
2026-10-07 19:58:53,054 ERROR yfinance: $UNKNOWN: No data found, symbol may be delisted
2026-10-07 19:58:57,413 WARNING src.options_filter: UNKNOWN: options data unavailable from all sources
2026-10-07 19:58:57,511 ERROR yfinance: $UNKNOWN: No data found, symbol may be delisted
2026-10-07 19:59:01,931 WARNING src.options_filter: UNKNOWN: options data unavailable from all sources
2026-10-07 19:59:02,009 ERROR yfinance: $UNKNOWN: No data found, symbol may be delisted
2026-10-07 19:59:06,455 WARNING src.options_filter: UNKNOWN: options data unavailable from all sources
2026-10-07 19:59:10,354 WARNING src.options_filter: NFEGP: options data unavailable from all sources
2026-10-07 19:59:10,453 ERROR yfinance: $UNKNOWN: No data found, symbol may be delisted
2026-10-07 19:59:14,880 WARNING src.options_filter: UNKNOWN: options data unavailable from all sources
2026-10-07 19:59:14,962 ERROR yfinance: $UNKNOWN: No data found, symbol may be delisted
2026-10-07 19:59:19,374 WARNING src.options_filter: UNKNOWN: options data unavailable from all sources
2026-10-07 19:59:23,276 WARNING src.options_filter: XRN-PB: options data unavailable from all sources
2026-10-07 19:59:23,353 ERROR yfinance: $UNKNOWN: No data found, symbol may be delisted
2026-10-07 19:59:27,805 WARNING src.options_filter: UNKNOWN: options data unavailable from all sources
2026-10-07 19:59:27,882 ERROR yfinance: $UNKNOWN: No data found, symbol may be delisted
2026-10-07 19:59:32,326 WARNING src.options_filter: UNKNOWN: options data unavailable from all sources
2026-10-07 19:59:32,420 ERROR yfinance: $UNKNOWN: No data found, symbol may be delisted
2026-10-07 19:59:36,852 WARNING src.options_filter: UNKNOWN: options data unavailable from all sources
2026-10-07 19:59:36,928 ERROR yfinance: $UNKNOWN: No data found, symbol may be delisted
2026-10-07 19:59:41,466 WARNING src.options_filter: UNKNOWN: options data unavailable from all sources
2026-10-07 19:59:41,601 ERROR yfinance: $UNKNOWN: No data found, symbol may be delisted
2026-10-07 19:59:46,092 WARNING src.options_filter: UNKNOWN: options data unavailable from all sources
2026-10-07 19:59:46,173 ERROR yfinance: $UNKNOWN: No data found, symbol may be delisted
2026-10-07 19:59:50,671 WARNING src.options_filter: UNKNOWN: options data unavailable from all sources
2026-10-07 19:59:50,762 ERROR yfinance: $UNKNOWN: No data found, symbol may be delisted
2026-10-07 19:59:55,225 WARNING src.options_filter: UNKNOWN: options data unavailable from all sources
2026-10-07 19:59:55,308 ERROR yfinance: $UNKNOWN: No data found, symbol may be delisted
2026-10-07 19:59:59,758 WARNING src.options_filter: UNKNOWN: options data unavailable from all sources
2026-10-07 19:59:59,833 ERROR yfinance: $UNKNOWN: No data found, symbol may be delisted
2026-10-07 20:00:04,287 WARNING src.options_filter: UNKNOWN: options data unavailable from all sources
2026-10-07 20:00:04,373 ERROR yfinance: $UNKNOWN: No data found, symbol may be delisted
2026-10-07 20:00:08,786 WARNING src.options_filter: UNKNOWN: options data unavailable from all sources
2026-10-07 20:00:08,920 ERROR yfinance: $UNKNOWN: No data found, symbol may be delisted
2026-10-07 20:00:13,302 WARNING src.options_filter: UNKNOWN: options data unavailable from all sources
2026-10-07 20:00:13,380 ERROR yfinance: $UNKNOWN: No data found, symbol may be delisted
2026-10-07 20:00:17,716 WARNING src.options_filter: UNKNOWN: options data unavailable from all sources
2026-10-07 20:00:17,800 ERROR yfinance: $UNKNOWN: No data found, symbol may be delisted
2026-10-07 20:00:22,047 WARNING src.options_filter: UNKNOWN: options data unavailable from all sources
2026-10-07 20:00:22,151 ERROR yfinance: $UNKNOWN: No data found, symbol may be delisted
2026-10-07 20:00:26,389 WARNING src.options_filter: UNKNOWN: options data unavailable from all sources
2026-10-07 20:00:26,474 ERROR yfinance: $UNKNOWN: No data found, symbol may be delisted
2026-10-07 20:00:30,713 WARNING src.options_filter: UNKNOWN: options data unavailable from all sources
2026-10-07 20:00:30,796 ERROR yfinance: $UNKNOWN: No data found, symbol may be delisted
2026-10-07 20:00:35,022 WARNING src.options_filter: UNKNOWN: options data unavailable from all sources
2026-10-07 20:00:35,153 ERROR yfinance: $UNKNOWN: No data found, symbol may be delisted
2026-10-07 20:00:39,388 WARNING src.options_filter: UNKNOWN: options data unavailable from all sources
2026-10-07 20:00:39,465 ERROR yfinance: $UNKNOWN: No data found, symbol may be delisted
2026-10-07 20:00:43,705 WARNING src.options_filter: UNKNOWN: options data unavailable from all sources
2026-10-07 20:00:43,840 ERROR yfinance: $UNKNOWN: No data found, symbol may be delisted
2026-10-07 20:00:48,078 WARNING src.options_filter: UNKNOWN: options data unavailable from all sources
2026-10-07 20:00:48,192 ERROR yfinance: $UNKNOWN: No data found, symbol may be delisted
2026-10-07 20:00:52,422 WARNING src.options_filter: UNKNOWN: options data unavailable from all sources
2026-10-07 20:00:52,506 ERROR yfinance: $UNKNOWN: No data found, symbol may be delisted
2026-10-07 20:00:56,745 WARNING src.options_filter: UNKNOWN: options data unavailable from all sources
2026-10-07 20:00:56,822 ERROR yfinance: $UNKNOWN: No data found, symbol may be delisted
2026-10-07 20:01:01,061 WARNING src.options_filter: UNKNOWN: options data unavailable from all sources
2026-10-07 20:01:01,221 ERROR yfinance: $NWSLL: No data found, symbol may be delisted
2026-10-07 20:01:05,451 WARNING src.options_filter: NWSLL: options data unavailable from all sources
2026-10-07 20:01:05,528 ERROR yfinance: $UNKNOWN: No data found, symbol may be delisted
2026-10-07 20:01:09,766 WARNING src.options_filter: UNKNOWN: options data unavailable from all sources
2026-10-07 20:01:09,842 ERROR yfinance: $UNKNOWN: No data found, symbol may be delisted
2026-10-07 20:01:14,081 WARNING src.options_filter: UNKNOWN: options data unavailable from all sources
2026-10-07 20:01:14,164 ERROR yfinance: $UNKNOWN: No data found, symbol may be delisted
2026-10-07 20:01:18,599 WARNING src.options_filter: UNKNOWN: options data unavailable from all sources
2026-10-07 20:01:18,679 ERROR yfinance: $UNKNOWN: No data found, symbol may be delisted
2026-10-07 20:01:22,960 WARNING src.options_filter: UNKNOWN: options data unavailable from all sources
2026-10-07 20:01:23,069 ERROR yfinance: $UNKNOWN: No data found, symbol may be delisted
2026-10-07 20:01:27,307 WARNING src.options_filter: UNKNOWN: options data unavailable from all sources
2026-10-07 20:01:27,383 ERROR yfinance: $UNKNOWN: No data found, symbol may be delisted
2026-10-07 20:01:31,619 WARNING src.options_filter: UNKNOWN: options data unavailable from all sources
2026-10-07 20:01:31,791 ERROR yfinance: $UNKNOWN: No data found, symbol may be delisted
2026-10-07 20:01:36,019 WARNING src.options_filter: UNKNOWN: options data unavailable from all sources
2026-10-07 20:01:36,096 ERROR yfinance: $UNKNOWN: No data found, symbol may be delisted
2026-10-07 20:01:40,379 WARNING src.options_filter: UNKNOWN: options data unavailable from all sources
2026-10-07 20:01:40,460 ERROR yfinance: $UNKNOWN: No data found, symbol may be delisted
2026-10-07 20:01:44,691 WARNING src.options_filter: UNKNOWN: options data unavailable from all sources
2026-10-07 20:01:44,767 ERROR yfinance: $UNKNOWN: No data found, symbol may be delisted
2026-10-07 20:01:48,996 WARNING src.options_filter: UNKNOWN: options data unavailable from all sources
2026-10-07 20:01:49,070 ERROR yfinance: $UNKNOWN: No data found, symbol may be delisted
2026-10-07 20:01:53,345 WARNING src.options_filter: UNKNOWN: options data unavailable from all sources
2026-10-07 20:01:53,425 ERROR yfinance: $UNKNOWN: No data found, symbol may be delisted
2026-10-07 20:01:57,648 WARNING src.options_filter: UNKNOWN: options data unavailable from all sources
2026-10-07 20:01:57,746 ERROR yfinance: $UNKNOWN: No data found, symbol may be delisted
2026-10-07 20:02:01,979 WARNING src.options_filter: UNKNOWN: options data unavailable from all sources
2026-10-07 20:02:01,979 INFO run_daily: Passed options gate: 27 events
2026-10-07 20:02:01,979 INFO run_daily: Step 7: enriching 27 events
2026-10-07 20:02:08,097 INFO run_daily: Step 8: dedup
2026-10-07 20:02:08,098 INFO run_daily: Step 9: ranking
2026-10-07 20:02:08,098 INFO run_daily: Step 10: writing digest
2026-10-07 20:02:08,135 INFO src.digest_writer: digest written: output/market_radar_2026-10-07.html
2026-10-07 20:02:08,135 INFO run_daily: === Done: output/market_radar_2026-10-07.html ===
