2026-09-22 18:02:27,671 INFO run_daily: === Market Event Radar starting — 2026-09-22 ===
2026-09-22 18:02:27,673 INFO run_daily: Step 1: fetching earnings calendar
2026-09-22 18:02:40,319 INFO src.event_fetcher: nasdaq earnings: 91 entries across 7 days
2026-09-22 18:02:41,557 INFO src.event_fetcher: finnhub earnings: 99 entries
2026-09-22 18:02:41,558 INFO src.event_fetcher: merged earnings universe: 161 unique tickers
2026-09-22 18:02:41,558 INFO run_daily: Step 2: fetching 8-K filings
2026-09-22 18:02:42,213 INFO src.event_fetcher: edgar 8-K filings: 100
2026-09-22 18:02:42,438 INFO run_daily: Step 3: building universe
2026-09-22 18:02:42,439 INFO src.universe: universe: 35 tickers (10 watchlist, 25 discovered)
2026-09-22 18:02:42,439 INFO run_daily: Universe: 35 tickers
2026-09-22 18:02:42,439 INFO run_daily: Step 4: yfinance cross-check for 35 tickers
2026-09-22 18:02:54,876 INFO run_daily: Step 5: building earnings events
2026-09-22 18:02:54,877 INFO src.source_merger: earnings events built: 161
2026-09-22 18:02:54,877 INFO run_daily: Step 5b: building 8-K events
2026-09-22 18:02:54,879 INFO run_daily: Step 6: options filter (261 candidates)
2026-09-22 18:02:55,175 ERROR yfinance: HTTP Error 404: {"quoteSummary":{"result":null,"error":{"code":"Not Found","description":"Quote not found for symbol: BTM"}}}
2026-09-22 18:02:55,449 ERROR yfinance: $BTM: No data found, symbol may be delisted
2026-09-22 18:02:59,893 WARNING src.options_filter: BTM: options data unavailable from all sources
2026-09-22 18:03:03,652 WARNING src.options_filter: MUC: options data unavailable from all sources
2026-09-22 18:03:07,482 WARNING src.options_filter: QTEX: options data unavailable from all sources
2026-09-22 18:03:11,295 WARNING src.options_filter: TAYD: options data unavailable from all sources
2026-09-22 18:03:15,107 WARNING src.options_filter: TRSG: options data unavailable from all sources
2026-09-22 18:03:18,876 WARNING src.options_filter: ZCMD: options data unavailable from all sources
2026-09-22 18:03:22,654 WARNING src.options_filter: ABLV: options data unavailable from all sources
2026-09-22 18:03:26,461 WARNING src.options_filter: AIIO: options data unavailable from all sources
2026-09-22 18:03:30,228 WARNING src.options_filter: ALP: options data unavailable from all sources
2026-09-22 18:03:33,979 WARNING src.options_filter: AMST: options data unavailable from all sources
2026-09-22 18:03:37,733 WARNING src.options_filter: ANEB: options data unavailable from all sources
2026-09-22 18:03:41,484 WARNING src.options_filter: AOREF: options data unavailable from all sources
2026-09-22 18:03:45,236 WARNING src.options_filter: ASPU: options data unavailable from all sources
2026-09-22 18:03:49,018 WARNING src.options_filter: ATGL: options data unavailable from all sources
2026-09-22 18:03:52,769 WARNING src.options_filter: ATGN: options data unavailable from all sources
2026-09-22 18:03:56,533 WARNING src.options_filter: BCRD: options data unavailable from all sources
2026-09-22 18:04:00,287 WARNING src.options_filter: BNET: options data unavailable from all sources
2026-09-22 18:04:04,043 WARNING src.options_filter: BON: options data unavailable from all sources
2026-09-22 18:04:07,874 WARNING src.options_filter: CVAT: options data unavailable from all sources
2026-09-22 18:04:11,657 WARNING src.options_filter: CYCA: options data unavailable from all sources
2026-09-22 18:04:15,411 WARNING src.options_filter: DMNIF: options data unavailable from all sources
2026-09-22 18:04:19,175 WARNING src.options_filter: EESE: options data unavailable from all sources
2026-09-22 18:04:22,988 WARNING src.options_filter: GDTC: options data unavailable from all sources
2026-09-22 18:04:26,747 WARNING src.options_filter: GHG: options data unavailable from all sources
2026-09-22 18:04:30,520 WARNING src.options_filter: INEO: options data unavailable from all sources
2026-09-22 18:04:34,275 WARNING src.options_filter: JFR: options data unavailable from all sources
2026-09-22 18:04:38,033 WARNING src.options_filter: JQC: options data unavailable from all sources
2026-09-22 18:04:38,322 ERROR yfinance: HTTP Error 404: {"quoteSummary":{"result":null,"error":{"code":"Not Found","description":"Quote not found for symbol: LBUYD"}}}
2026-09-22 18:04:38,554 ERROR yfinance: $LBUYD: No data found, symbol may be delisted
2026-09-22 18:04:42,883 WARNING src.options_filter: LBUYD: options data unavailable from all sources
2026-09-22 18:04:46,639 WARNING src.options_filter: LDDD: options data unavailable from all sources
2026-09-22 18:04:50,399 WARNING src.options_filter: LSE: options data unavailable from all sources
2026-09-22 18:04:54,151 WARNING src.options_filter: MARPS: options data unavailable from all sources
2026-09-22 18:04:57,906 WARNING src.options_filter: MFI: options data unavailable from all sources
2026-09-22 18:05:01,664 WARNING src.options_filter: MPU: options data unavailable from all sources
2026-09-22 18:05:05,624 WARNING src.options_filter: MSS: options data unavailable from all sources
2026-09-22 18:05:09,382 WARNING src.options_filter: MWAI: options data unavailable from all sources
2026-09-22 18:05:09,649 ERROR yfinance: $MYD: No data found, symbol may be delisted
2026-09-22 18:05:13,895 WARNING src.options_filter: MYD: options data unavailable from all sources
2026-09-22 18:05:17,645 WARNING src.options_filter: NTCL: options data unavailable from all sources
2026-09-22 18:05:21,396 WARNING src.options_filter: RYSMF: options data unavailable from all sources
2026-09-22 18:05:25,144 WARNING src.options_filter: SRXH: options data unavailable from all sources
2026-09-22 18:05:28,901 WARNING src.options_filter: SYNX: options data unavailable from all sources
2026-09-22 18:05:32,702 WARNING src.options_filter: TVTV: options data unavailable from all sources
2026-09-22 18:05:36,450 WARNING src.options_filter: VIVC: options data unavailable from all sources
2026-09-22 18:05:40,195 WARNING src.options_filter: VSEE: options data unavailable from all sources
2026-09-22 18:05:43,971 WARNING src.options_filter: ZKIN: options data unavailable from all sources
2026-09-22 18:05:47,719 WARNING src.options_filter: FGPR: options data unavailable from all sources
2026-09-22 18:05:51,526 WARNING src.options_filter: TBN: options data unavailable from all sources
2026-09-22 18:05:55,277 WARNING src.options_filter: AFB: options data unavailable from all sources
2026-09-22 18:05:59,077 WARNING src.options_filter: BTOC: options data unavailable from all sources
2026-09-22 18:06:02,831 WARNING src.options_filter: LGCY: options data unavailable from all sources
2026-09-22 18:06:06,634 WARNING src.options_filter: LVVV: options data unavailable from all sources
2026-09-22 18:06:10,399 WARNING src.options_filter: MITQ: options data unavailable from all sources
2026-09-22 18:06:14,174 WARNING src.options_filter: MTEK: options data unavailable from all sources
2026-09-22 18:06:17,930 WARNING src.options_filter: PCLA: options data unavailable from all sources
2026-09-22 18:06:21,680 WARNING src.options_filter: POCI: options data unavailable from all sources
2026-09-22 18:06:25,447 WARNING src.options_filter: QH: options data unavailable from all sources
2026-09-22 18:06:29,200 WARNING src.options_filter: SOS: options data unavailable from all sources
2026-09-22 18:06:32,957 WARNING src.options_filter: AGSS: options data unavailable from all sources
2026-09-22 18:06:36,719 WARNING src.options_filter: ASTC: options data unavailable from all sources
2026-09-22 18:06:36,979 ERROR yfinance: $CLRC: No data found, symbol may be delisted
2026-09-22 18:06:41,226 WARNING src.options_filter: CLRC: options data unavailable from all sources
2026-09-22 18:06:44,979 WARNING src.options_filter: GLNS: options data unavailable from all sources
2026-09-22 18:06:48,726 WARNING src.options_filter: MGLD: options data unavailable from all sources
2026-09-22 18:06:52,473 WARNING src.options_filter: NAII: options data unavailable from all sources
2026-09-22 18:06:56,277 WARNING src.options_filter: YDES: options data unavailable from all sources
2026-09-22 18:07:00,031 WARNING src.options_filter: AYTU: options data unavailable from all sources
2026-09-22 18:07:03,784 WARNING src.options_filter: RWWI: options data unavailable from all sources
2026-09-22 18:07:07,536 WARNING src.options_filter: ESP: options data unavailable from all sources
2026-09-22 18:07:11,449 WARNING src.options_filter: ALPS: options data unavailable from all sources
2026-09-22 18:07:15,202 WARNING src.options_filter: BRLS: options data unavailable from all sources
2026-09-22 18:07:18,955 WARNING src.options_filter: AAME: options data unavailable from all sources
2026-09-22 18:07:22,726 WARNING src.options_filter: SEGG: options data unavailable from all sources
2026-09-22 18:07:26,477 WARNING src.options_filter: BRTX: options data unavailable from all sources
2026-09-22 18:07:30,296 WARNING src.options_filter: SHPH: options data unavailable from all sources
2026-09-22 18:07:34,059 WARNING src.options_filter: GTEN: options data unavailable from all sources
2026-09-22 18:07:37,884 WARNING src.options_filter: RYDE: options data unavailable from all sources
2026-09-22 18:07:41,640 WARNING src.options_filter: SANG: options data unavailable from all sources
2026-09-22 18:07:45,414 WARNING src.options_filter: AACG: options data unavailable from all sources
2026-09-22 18:07:49,172 WARNING src.options_filter: DSWL: options data unavailable from all sources
2026-09-22 18:07:52,929 WARNING src.options_filter: SJ: options data unavailable from all sources
2026-09-22 18:07:56,725 WARNING src.options_filter: ATCH: options data unavailable from all sources
2026-09-22 18:08:00,479 WARNING src.options_filter: PTN: options data unavailable from all sources
2026-09-22 18:08:04,258 WARNING src.options_filter: GAUZ: options data unavailable from all sources
2026-09-22 18:08:08,023 WARNING src.options_filter: GURE: options data unavailable from all sources
2026-09-22 18:08:11,782 WARNING src.options_filter: LKSP: options data unavailable from all sources
2026-09-22 18:08:15,583 WARNING src.options_filter: UXIN: options data unavailable from all sources
2026-09-22 18:08:19,336 WARNING src.options_filter: IH: options data unavailable from all sources
2026-09-22 18:08:23,104 WARNING src.options_filter: EONR: options data unavailable from all sources
2026-09-22 18:08:26,864 WARNING src.options_filter: CMMB: options data unavailable from all sources
2026-09-22 18:08:30,627 WARNING src.options_filter: ALAR: options data unavailable from all sources
2026-09-22 18:08:34,379 WARNING src.options_filter: BTTC: options data unavailable from all sources
2026-09-22 18:08:38,139 WARNING src.options_filter: SMXT: options data unavailable from all sources
2026-09-22 18:08:41,908 WARNING src.options_filter: IPST: options data unavailable from all sources
2026-09-22 18:08:45,665 WARNING src.options_filter: HTLM: options data unavailable from all sources
2026-09-22 18:08:49,418 WARNING src.options_filter: TRT: options data unavailable from all sources
2026-09-22 18:08:53,221 WARNING src.options_filter: ZONE: options data unavailable from all sources
2026-09-22 18:08:57,065 WARNING src.options_filter: CHRN: options data unavailable from all sources
2026-09-22 18:09:00,823 WARNING src.options_filter: CURR: options data unavailable from all sources
2026-09-22 18:09:04,624 WARNING src.options_filter: AIAI: options data unavailable from all sources
2026-09-22 18:09:08,375 WARNING src.options_filter: GNS: options data unavailable from all sources
2026-09-22 18:09:12,135 WARNING src.options_filter: PBM: options data unavailable from all sources
2026-09-22 18:09:15,898 WARNING src.options_filter: NCPL: options data unavailable from all sources
2026-09-22 18:09:19,977 WARNING src.options_filter: FRGT: options data unavailable from all sources
2026-09-22 18:09:20,252 ERROR yfinance: $UNKNOWN: No data found, symbol may be delisted
2026-09-22 18:09:24,511 WARNING src.options_filter: UNKNOWN: options data unavailable from all sources
2026-09-22 18:09:24,644 ERROR yfinance: $UNKNOWN: No data found, symbol may be delisted
2026-09-22 18:09:28,897 WARNING src.options_filter: UNKNOWN: options data unavailable from all sources
2026-09-22 18:09:29,028 ERROR yfinance: $UNKNOWN: No data found, symbol may be delisted
2026-09-22 18:09:33,285 WARNING src.options_filter: UNKNOWN: options data unavailable from all sources
2026-09-22 18:09:33,415 ERROR yfinance: $UNKNOWN: No data found, symbol may be delisted
2026-09-22 18:09:37,722 WARNING src.options_filter: UNKNOWN: options data unavailable from all sources
2026-09-22 18:09:37,860 ERROR yfinance: $UNKNOWN: No data found, symbol may be delisted
2026-09-22 18:09:42,116 WARNING src.options_filter: UNKNOWN: options data unavailable from all sources
2026-09-22 18:09:42,254 ERROR yfinance: $UNKNOWN: No data found, symbol may be delisted
2026-09-22 18:09:46,510 WARNING src.options_filter: UNKNOWN: options data unavailable from all sources
2026-09-22 18:09:46,643 ERROR yfinance: $UNKNOWN: No data found, symbol may be delisted
2026-09-22 18:09:50,898 WARNING src.options_filter: UNKNOWN: options data unavailable from all sources
2026-09-22 18:09:51,074 ERROR yfinance: $UNKNOWN: No data found, symbol may be delisted
2026-09-22 18:09:55,327 WARNING src.options_filter: UNKNOWN: options data unavailable from all sources
2026-09-22 18:09:55,462 ERROR yfinance: $UNKNOWN: No data found, symbol may be delisted
2026-09-22 18:09:59,749 WARNING src.options_filter: UNKNOWN: options data unavailable from all sources
2026-09-22 18:09:59,886 ERROR yfinance: $UNKNOWN: No data found, symbol may be delisted
2026-09-22 18:10:04,157 WARNING src.options_filter: UNKNOWN: options data unavailable from all sources
2026-09-22 18:10:04,290 ERROR yfinance: $UNKNOWN: No data found, symbol may be delisted
2026-09-22 18:10:08,614 WARNING src.options_filter: UNKNOWN: options data unavailable from all sources
2026-09-22 18:10:08,759 ERROR yfinance: $UNKNOWN: No data found, symbol may be delisted
2026-09-22 18:10:13,016 WARNING src.options_filter: UNKNOWN: options data unavailable from all sources
2026-09-22 18:10:13,189 ERROR yfinance: $UNKNOWN: No data found, symbol may be delisted
2026-09-22 18:10:17,444 WARNING src.options_filter: UNKNOWN: options data unavailable from all sources
2026-09-22 18:10:17,578 ERROR yfinance: $UNKNOWN: No data found, symbol may be delisted
2026-09-22 18:10:21,838 WARNING src.options_filter: UNKNOWN: options data unavailable from all sources
2026-09-22 18:10:25,592 WARNING src.options_filter: BC-PC: options data unavailable from all sources
2026-09-22 18:10:25,775 ERROR yfinance: $UNKNOWN: No data found, symbol may be delisted
2026-09-22 18:10:30,030 WARNING src.options_filter: UNKNOWN: options data unavailable from all sources
2026-09-22 18:10:30,239 ERROR yfinance: $UNKNOWN: No data found, symbol may be delisted
2026-09-22 18:10:34,501 WARNING src.options_filter: UNKNOWN: options data unavailable from all sources
2026-09-22 18:10:34,632 ERROR yfinance: $UNKNOWN: No data found, symbol may be delisted
2026-09-22 18:10:38,905 WARNING src.options_filter: UNKNOWN: options data unavailable from all sources
2026-09-22 18:10:39,035 ERROR yfinance: $UNKNOWN: No data found, symbol may be delisted
2026-09-22 18:10:43,294 WARNING src.options_filter: UNKNOWN: options data unavailable from all sources
2026-09-22 18:10:43,422 ERROR yfinance: $UNKNOWN: No data found, symbol may be delisted
2026-09-22 18:10:47,678 WARNING src.options_filter: UNKNOWN: options data unavailable from all sources
2026-09-22 18:10:47,837 ERROR yfinance: $UNKNOWN: No data found, symbol may be delisted
2026-09-22 18:10:52,145 WARNING src.options_filter: UNKNOWN: options data unavailable from all sources
2026-09-22 18:10:52,322 ERROR yfinance: $UNKNOWN: No data found, symbol may be delisted
2026-09-22 18:10:56,577 WARNING src.options_filter: UNKNOWN: options data unavailable from all sources
2026-09-22 18:10:56,711 ERROR yfinance: $UNKNOWN: No data found, symbol may be delisted
2026-09-22 18:11:00,965 WARNING src.options_filter: UNKNOWN: options data unavailable from all sources
2026-09-22 18:11:01,182 ERROR yfinance: $UNKNOWN: No data found, symbol may be delisted
2026-09-22 18:11:05,436 WARNING src.options_filter: UNKNOWN: options data unavailable from all sources
2026-09-22 18:11:05,615 ERROR yfinance: $UNKNOWN: No data found, symbol may be delisted
2026-09-22 18:11:09,925 WARNING src.options_filter: UNKNOWN: options data unavailable from all sources
2026-09-22 18:11:10,107 ERROR yfinance: $UNKNOWN: No data found, symbol may be delisted
2026-09-22 18:11:14,378 WARNING src.options_filter: UNKNOWN: options data unavailable from all sources
2026-09-22 18:11:14,515 ERROR yfinance: $UNKNOWN: No data found, symbol may be delisted
2026-09-22 18:11:18,784 WARNING src.options_filter: UNKNOWN: options data unavailable from all sources
2026-09-22 18:11:18,917 ERROR yfinance: $UNKNOWN: No data found, symbol may be delisted
2026-09-22 18:11:23,186 WARNING src.options_filter: UNKNOWN: options data unavailable from all sources
2026-09-22 18:11:23,321 ERROR yfinance: $UNKNOWN: No data found, symbol may be delisted
2026-09-22 18:11:27,578 WARNING src.options_filter: UNKNOWN: options data unavailable from all sources
2026-09-22 18:11:27,719 ERROR yfinance: $UNKNOWN: No data found, symbol may be delisted
2026-09-22 18:11:31,982 WARNING src.options_filter: UNKNOWN: options data unavailable from all sources
2026-09-22 18:11:32,114 ERROR yfinance: $UNKNOWN: No data found, symbol may be delisted
2026-09-22 18:11:36,368 WARNING src.options_filter: UNKNOWN: options data unavailable from all sources
2026-09-22 18:11:36,501 ERROR yfinance: $UNKNOWN: No data found, symbol may be delisted
2026-09-22 18:11:40,762 WARNING src.options_filter: UNKNOWN: options data unavailable from all sources
2026-09-22 18:11:40,946 ERROR yfinance: $UNKNOWN: No data found, symbol may be delisted
2026-09-22 18:11:45,373 WARNING src.options_filter: UNKNOWN: options data unavailable from all sources
2026-09-22 18:11:45,565 ERROR yfinance: $UNKNOWN: No data found, symbol may be delisted
2026-09-22 18:11:49,814 WARNING src.options_filter: UNKNOWN: options data unavailable from all sources
2026-09-22 18:11:49,939 ERROR yfinance: $UNKNOWN: No data found, symbol may be delisted
2026-09-22 18:11:54,187 WARNING src.options_filter: UNKNOWN: options data unavailable from all sources
2026-09-22 18:11:54,336 ERROR yfinance: $UNKNOWN: No data found, symbol may be delisted
2026-09-22 18:11:58,646 WARNING src.options_filter: UNKNOWN: options data unavailable from all sources
2026-09-22 18:11:58,790 ERROR yfinance: $UNKNOWN: No data found, symbol may be delisted
2026-09-22 18:12:03,043 WARNING src.options_filter: UNKNOWN: options data unavailable from all sources
2026-09-22 18:12:03,179 ERROR yfinance: $UNKNOWN: No data found, symbol may be delisted
2026-09-22 18:12:07,445 WARNING src.options_filter: UNKNOWN: options data unavailable from all sources
2026-09-22 18:12:07,577 ERROR yfinance: $UNKNOWN: No data found, symbol may be delisted
2026-09-22 18:12:11,879 WARNING src.options_filter: UNKNOWN: options data unavailable from all sources
2026-09-22 18:12:12,067 ERROR yfinance: $UNKNOWN: No data found, symbol may be delisted
2026-09-22 18:12:16,311 WARNING src.options_filter: UNKNOWN: options data unavailable from all sources
2026-09-22 18:12:16,445 ERROR yfinance: $UNKNOWN: No data found, symbol may be delisted
2026-09-22 18:12:20,691 WARNING src.options_filter: UNKNOWN: options data unavailable from all sources
2026-09-22 18:12:20,860 ERROR yfinance: $UNKNOWN: No data found, symbol may be delisted
2026-09-22 18:12:25,179 WARNING src.options_filter: UNKNOWN: options data unavailable from all sources
2026-09-22 18:12:25,358 ERROR yfinance: $UNKNOWN: No data found, symbol may be delisted
2026-09-22 18:12:29,609 WARNING src.options_filter: UNKNOWN: options data unavailable from all sources
2026-09-22 18:12:29,797 ERROR yfinance: $UNKNOWN: No data found, symbol may be delisted
2026-09-22 18:12:34,051 WARNING src.options_filter: UNKNOWN: options data unavailable from all sources
2026-09-22 18:12:34,261 ERROR yfinance: $UNKNOWN: No data found, symbol may be delisted
2026-09-22 18:12:38,518 WARNING src.options_filter: UNKNOWN: options data unavailable from all sources
2026-09-22 18:12:38,702 ERROR yfinance: $UNKNOWN: No data found, symbol may be delisted
2026-09-22 18:12:42,954 WARNING src.options_filter: UNKNOWN: options data unavailable from all sources
2026-09-22 18:12:43,085 ERROR yfinance: $UNKNOWN: No data found, symbol may be delisted
2026-09-22 18:12:47,335 WARNING src.options_filter: UNKNOWN: options data unavailable from all sources
2026-09-22 18:12:47,478 ERROR yfinance: $UNKNOWN: No data found, symbol may be delisted
2026-09-22 18:12:51,736 WARNING src.options_filter: UNKNOWN: options data unavailable from all sources
2026-09-22 18:12:51,870 ERROR yfinance: $UNKNOWN: No data found, symbol may be delisted
2026-09-22 18:12:56,118 WARNING src.options_filter: UNKNOWN: options data unavailable from all sources
2026-09-22 18:12:56,300 ERROR yfinance: $UNKNOWN: No data found, symbol may be delisted
2026-09-22 18:13:00,558 WARNING src.options_filter: UNKNOWN: options data unavailable from all sources
2026-09-22 18:13:00,825 ERROR yfinance: $UNKNOWN: No data found, symbol may be delisted
2026-09-22 18:13:05,125 WARNING src.options_filter: UNKNOWN: options data unavailable from all sources
2026-09-22 18:13:05,268 ERROR yfinance: $UNKNOWN: No data found, symbol may be delisted
2026-09-22 18:13:09,533 WARNING src.options_filter: UNKNOWN: options data unavailable from all sources
2026-09-22 18:13:09,665 ERROR yfinance: $UNKNOWN: No data found, symbol may be delisted
2026-09-22 18:13:13,910 WARNING src.options_filter: UNKNOWN: options data unavailable from all sources
2026-09-22 18:13:14,048 ERROR yfinance: $UNKNOWN: No data found, symbol may be delisted
2026-09-22 18:13:18,306 WARNING src.options_filter: UNKNOWN: options data unavailable from all sources
2026-09-22 18:13:18,432 ERROR yfinance: $UNKNOWN: No data found, symbol may be delisted
2026-09-22 18:13:22,715 WARNING src.options_filter: UNKNOWN: options data unavailable from all sources
2026-09-22 18:13:22,845 ERROR yfinance: $UNKNOWN: No data found, symbol may be delisted
2026-09-22 18:13:27,093 WARNING src.options_filter: UNKNOWN: options data unavailable from all sources
2026-09-22 18:13:27,225 ERROR yfinance: $UNKNOWN: No data found, symbol may be delisted
2026-09-22 18:13:31,473 WARNING src.options_filter: UNKNOWN: options data unavailable from all sources
2026-09-22 18:13:31,624 ERROR yfinance: $UNKNOWN: No data found, symbol may be delisted
2026-09-22 18:13:35,874 WARNING src.options_filter: UNKNOWN: options data unavailable from all sources
2026-09-22 18:13:36,059 ERROR yfinance: $UNKNOWN: No data found, symbol may be delisted
2026-09-22 18:13:40,309 WARNING src.options_filter: UNKNOWN: options data unavailable from all sources
2026-09-22 18:13:40,462 ERROR yfinance: $UNKNOWN: No data found, symbol may be delisted
2026-09-22 18:13:44,711 WARNING src.options_filter: UNKNOWN: options data unavailable from all sources
2026-09-22 18:13:44,838 ERROR yfinance: $UNKNOWN: No data found, symbol may be delisted
2026-09-22 18:13:49,083 WARNING src.options_filter: UNKNOWN: options data unavailable from all sources
2026-09-22 18:13:49,228 ERROR yfinance: $UNKNOWN: No data found, symbol may be delisted
2026-09-22 18:13:53,476 WARNING src.options_filter: UNKNOWN: options data unavailable from all sources
2026-09-22 18:13:57,226 WARNING src.options_filter: BC-PC: options data unavailable from all sources
2026-09-22 18:13:57,353 ERROR yfinance: $UNKNOWN: No data found, symbol may be delisted
2026-09-22 18:14:01,598 WARNING src.options_filter: UNKNOWN: options data unavailable from all sources
2026-09-22 18:14:01,758 ERROR yfinance: $UNKNOWN: No data found, symbol may be delisted
2026-09-22 18:14:06,004 WARNING src.options_filter: UNKNOWN: options data unavailable from all sources
2026-09-22 18:14:06,185 ERROR yfinance: $UNKNOWN: No data found, symbol may be delisted
2026-09-22 18:14:10,633 WARNING src.options_filter: UNKNOWN: options data unavailable from all sources
2026-09-22 18:14:10,826 ERROR yfinance: $UNKNOWN: No data found, symbol may be delisted
2026-09-22 18:14:15,086 WARNING src.options_filter: UNKNOWN: options data unavailable from all sources
2026-09-22 18:14:15,222 ERROR yfinance: $UNKNOWN: No data found, symbol may be delisted
2026-09-22 18:14:19,470 WARNING src.options_filter: UNKNOWN: options data unavailable from all sources
2026-09-22 18:14:19,607 ERROR yfinance: $UNKNOWN: No data found, symbol may be delisted
2026-09-22 18:14:23,873 WARNING src.options_filter: UNKNOWN: options data unavailable from all sources
2026-09-22 18:14:24,001 ERROR yfinance: $UNKNOWN: No data found, symbol may be delisted
2026-09-22 18:14:28,250 WARNING src.options_filter: UNKNOWN: options data unavailable from all sources
2026-09-22 18:14:30,650 ERROR yfinance: $UNKNOWN: No data found, symbol may be delisted
2026-09-22 18:14:34,908 WARNING src.options_filter: UNKNOWN: options data unavailable from all sources
2026-09-22 18:14:35,108 ERROR yfinance: $UNKNOWN: No data found, symbol may be delisted
2026-09-22 18:14:39,358 WARNING src.options_filter: UNKNOWN: options data unavailable from all sources
2026-09-22 18:14:39,539 ERROR yfinance: $UNKNOWN: No data found, symbol may be delisted
2026-09-22 18:14:43,786 WARNING src.options_filter: UNKNOWN: options data unavailable from all sources
2026-09-22 18:14:43,919 ERROR yfinance: $UNKNOWN: No data found, symbol may be delisted
2026-09-22 18:14:48,225 WARNING src.options_filter: UNKNOWN: options data unavailable from all sources
2026-09-22 18:14:48,358 ERROR yfinance: $UNKNOWN: No data found, symbol may be delisted
2026-09-22 18:14:52,614 WARNING src.options_filter: UNKNOWN: options data unavailable from all sources
2026-09-22 18:14:52,748 ERROR yfinance: $UNKNOWN: No data found, symbol may be delisted
2026-09-22 18:14:57,010 WARNING src.options_filter: UNKNOWN: options data unavailable from all sources
2026-09-22 18:14:57,239 ERROR yfinance: $UNKNOWN: No data found, symbol may be delisted
2026-09-22 18:15:01,490 WARNING src.options_filter: UNKNOWN: options data unavailable from all sources
2026-09-22 18:15:01,637 ERROR yfinance: $UNKNOWN: No data found, symbol may be delisted
2026-09-22 18:15:05,900 WARNING src.options_filter: UNKNOWN: options data unavailable from all sources
2026-09-22 18:15:06,037 ERROR yfinance: $UNKNOWN: No data found, symbol may be delisted
2026-09-22 18:15:10,345 WARNING src.options_filter: UNKNOWN: options data unavailable from all sources
2026-09-22 18:15:10,345 INFO run_daily: Passed options gate: 38 events
2026-09-22 18:15:10,345 INFO run_daily: Step 7: enriching 38 events
2026-09-22 18:15:22,079 INFO run_daily: Step 8: dedup
2026-09-22 18:15:22,080 INFO run_daily: Step 9: ranking
2026-09-22 18:15:22,080 INFO run_daily: Step 10: writing digest
2026-09-22 18:15:22,118 INFO src.digest_writer: digest written: output/market_radar_2026-09-22.html
2026-09-22 18:15:22,118 INFO run_daily: === Done: output/market_radar_2026-09-22.html ===
