2026-08-26 14:51:44,636 INFO run_daily: === Market Event Radar starting — 2026-08-26 ===
2026-08-26 14:51:44,638 INFO run_daily: Step 1: fetching earnings calendar
2026-08-26 14:51:58,700 INFO src.event_fetcher: nasdaq earnings: 160 entries across 7 days
2026-08-26 14:52:02,018 INFO src.event_fetcher: finnhub earnings: 193 entries
2026-08-26 14:52:02,018 INFO src.event_fetcher: merged earnings universe: 282 unique tickers
2026-08-26 14:52:02,018 INFO run_daily: Step 2: fetching 8-K filings
2026-08-26 14:52:03,877 INFO src.event_fetcher: edgar 8-K filings: 100
2026-08-26 14:52:04,321 INFO run_daily: Step 3: building universe
2026-08-26 14:52:04,322 INFO src.universe: universe: 35 tickers (10 watchlist, 25 discovered)
2026-08-26 14:52:04,322 INFO run_daily: Universe: 35 tickers
2026-08-26 14:52:04,322 INFO run_daily: Step 4: yfinance cross-check for 35 tickers
2026-08-26 14:52:17,420 INFO run_daily: Step 5: building earnings events
2026-08-26 14:52:17,421 INFO src.source_merger: earnings events built: 282
2026-08-26 14:52:17,421 INFO run_daily: Step 5b: building 8-K events
2026-08-26 14:52:17,424 INFO run_daily: Step 6: options filter (382 candidates)
2026-08-26 14:52:21,122 WARNING src.options_filter: BBN: options data unavailable from all sources
2026-08-26 14:52:24,743 WARNING src.options_filter: BCAT: options data unavailable from all sources
2026-08-26 14:52:24,884 ERROR yfinance: $BF.B: possibly delisted; no price data found  (period=1mo)
2026-08-26 14:52:28,995 WARNING src.options_filter: BF.B: options data unavailable from all sources
2026-08-26 14:52:32,708 WARNING src.options_filter: BGR: options data unavailable from all sources
2026-08-26 14:52:36,307 WARNING src.options_filter: BGT: options data unavailable from all sources
2026-08-26 14:52:39,923 WARNING src.options_filter: BGY: options data unavailable from all sources
2026-08-26 14:52:43,570 WARNING src.options_filter: BIT: options data unavailable from all sources
2026-08-26 14:52:47,169 WARNING src.options_filter: BKT: options data unavailable from all sources
2026-08-26 14:52:50,776 WARNING src.options_filter: BME: options data unavailable from all sources
2026-08-26 14:52:54,393 WARNING src.options_filter: BMEZ: options data unavailable from all sources
2026-08-26 14:52:58,017 WARNING src.options_filter: BST: options data unavailable from all sources
2026-08-26 14:53:01,623 WARNING src.options_filter: BSTZ: options data unavailable from all sources
2026-08-26 14:53:05,234 WARNING src.options_filter: BTX: options data unavailable from all sources
2026-08-26 14:53:08,842 WARNING src.options_filter: CANG: options data unavailable from all sources
2026-08-26 14:53:12,440 WARNING src.options_filter: CII: options data unavailable from all sources
2026-08-26 14:53:16,041 WARNING src.options_filter: DDC: options data unavailable from all sources
2026-08-26 14:53:19,701 WARNING src.options_filter: DSU: options data unavailable from all sources
2026-08-26 14:53:23,310 WARNING src.options_filter: ECAT: options data unavailable from all sources
2026-08-26 14:53:26,952 WARNING src.options_filter: FRA: options data unavailable from all sources
2026-08-26 14:53:30,569 WARNING src.options_filter: GAB: options data unavailable from all sources
2026-08-26 14:53:34,184 WARNING src.options_filter: GF: options data unavailable from all sources
2026-08-26 14:53:37,785 WARNING src.options_filter: GGT: options data unavailable from all sources
2026-08-26 14:53:41,399 WARNING src.options_filter: PML: options data unavailable from all sources
2026-08-26 14:53:45,045 WARNING src.options_filter: RNP: options data unavailable from all sources
2026-08-26 14:53:48,665 WARNING src.options_filter: SFIO: options data unavailable from all sources
2026-08-26 14:53:52,267 WARNING src.options_filter: TSI: options data unavailable from all sources
2026-08-26 14:53:55,876 WARNING src.options_filter: ABLT: options data unavailable from all sources
2026-08-26 14:53:56,331 ERROR yfinance: HTTP Error 404: {"quoteSummary":{"result":null,"error":{"code":"Not Found","description":"Quote not found for symbol: BASE"}}}
2026-08-26 14:53:56,754 ERROR yfinance: $BASE: No data found, symbol may be delisted
2026-08-26 14:54:00,872 WARNING src.options_filter: BASE: options data unavailable from all sources
2026-08-26 14:54:04,479 WARNING src.options_filter: BOE: options data unavailable from all sources
2026-08-26 14:54:08,098 WARNING src.options_filter: CIK: options data unavailable from all sources
2026-08-26 14:54:11,759 WARNING src.options_filter: COE: options data unavailable from all sources
2026-08-26 14:54:15,372 WARNING src.options_filter: GGN: options data unavailable from all sources
2026-08-26 14:54:19,011 WARNING src.options_filter: GGZ: options data unavailable from all sources
2026-08-26 14:54:22,728 WARNING src.options_filter: GUT: options data unavailable from all sources
2026-08-26 14:54:26,339 WARNING src.options_filter: JILL: options data unavailable from all sources
2026-08-26 14:54:29,940 WARNING src.options_filter: LDP: options data unavailable from all sources
2026-08-26 14:54:33,559 WARNING src.options_filter: LQWC: options data unavailable from all sources
2026-08-26 14:54:37,170 WARNING src.options_filter: MACT: options data unavailable from all sources
2026-08-26 14:54:40,789 WARNING src.options_filter: MCN: options data unavailable from all sources
2026-08-26 14:54:44,403 WARNING src.options_filter: PAII: options data unavailable from all sources
2026-08-26 14:54:48,039 WARNING src.options_filter: PFN: options data unavailable from all sources
2026-08-26 14:54:51,644 WARNING src.options_filter: RGS: options data unavailable from all sources
2026-08-26 14:54:55,293 WARNING src.options_filter: STK: options data unavailable from all sources
2026-08-26 14:54:58,939 WARNING src.options_filter: TY: options data unavailable from all sources
2026-08-26 14:55:02,570 WARNING src.options_filter: AIJTY: options data unavailable from all sources
2026-08-26 14:55:06,188 WARNING src.options_filter: BANL: options data unavailable from all sources
2026-08-26 14:55:09,800 WARNING src.options_filter: CISS: options data unavailable from all sources
2026-08-26 14:55:13,439 WARNING src.options_filter: GDEV: options data unavailable from all sources
2026-08-26 14:55:17,045 WARNING src.options_filter: INTJ: options data unavailable from all sources
2026-08-26 14:55:20,671 WARNING src.options_filter: JGH: options data unavailable from all sources
2026-08-26 14:55:24,349 WARNING src.options_filter: JMM: options data unavailable from all sources
2026-08-26 14:55:27,954 WARNING src.options_filter: JRS: options data unavailable from all sources
2026-08-26 14:55:31,617 WARNING src.options_filter: KF: options data unavailable from all sources
2026-08-26 14:55:31,787 ERROR yfinance: $LDXC: possibly delisted; no price data found  (period=1mo)
2026-08-26 14:55:35,895 WARNING src.options_filter: LDXC: options data unavailable from all sources
2026-08-26 14:55:39,502 WARNING src.options_filter: NPCT: options data unavailable from all sources
2026-08-26 14:55:43,121 WARNING src.options_filter: PCN: options data unavailable from all sources
2026-08-26 14:55:46,733 WARNING src.options_filter: PNBI: options data unavailable from all sources
2026-08-26 14:55:50,350 WARNING src.options_filter: QQQX: options data unavailable from all sources
2026-08-26 14:55:53,959 WARNING src.options_filter: RCS: options data unavailable from all sources
2026-08-26 14:55:57,572 WARNING src.options_filter: RMM: options data unavailable from all sources
2026-08-26 14:56:01,195 WARNING src.options_filter: SCGY: options data unavailable from all sources
2026-08-26 14:56:04,870 WARNING src.options_filter: SPXX: options data unavailable from all sources
2026-08-26 14:56:04,997 ERROR yfinance: $WDSP: possibly delisted; no price data found  (period=1mo)
2026-08-26 14:56:09,104 WARNING src.options_filter: WDSP: options data unavailable from all sources
2026-08-26 14:56:12,711 WARNING src.options_filter: BLPG: options data unavailable from all sources
2026-08-26 14:56:16,332 WARNING src.options_filter: UTSI: options data unavailable from all sources
2026-08-26 14:56:19,969 WARNING src.options_filter: ADNH: options data unavailable from all sources
2026-08-26 14:56:23,670 WARNING src.options_filter: AWF: options data unavailable from all sources
2026-08-26 14:56:27,274 WARNING src.options_filter: BMRA: options data unavailable from all sources
2026-08-26 14:56:30,874 WARNING src.options_filter: CHA: options data unavailable from all sources
2026-08-26 14:56:34,506 WARNING src.options_filter: GLGI: options data unavailable from all sources
2026-08-26 14:56:38,108 WARNING src.options_filter: LOT: options data unavailable from all sources
2026-08-26 14:56:41,737 WARNING src.options_filter: SOCA: options data unavailable from all sources
2026-08-26 14:56:45,341 WARNING src.options_filter: STME: options data unavailable from all sources
2026-08-26 14:56:48,948 WARNING src.options_filter: EOS: options data unavailable from all sources
2026-08-26 14:56:52,545 WARNING src.options_filter: ETB: options data unavailable from all sources
2026-08-26 14:56:56,179 WARNING src.options_filter: ETJ: options data unavailable from all sources
2026-08-26 14:56:59,779 WARNING src.options_filter: ETV: options data unavailable from all sources
2026-08-26 14:57:03,391 WARNING src.options_filter: GEG: options data unavailable from all sources
2026-08-26 14:57:06,996 WARNING src.options_filter: GLMD: options data unavailable from all sources
2026-08-26 14:57:07,673 ERROR yfinance: $GMS: No data found, symbol may be delisted
2026-08-26 14:57:11,812 WARNING src.options_filter: GMS: options data unavailable from all sources
2026-08-26 14:57:15,408 WARNING src.options_filter: KAYS: options data unavailable from all sources
2026-08-26 14:57:19,033 WARNING src.options_filter: PLTYF: options data unavailable from all sources
2026-08-26 14:57:22,640 WARNING src.options_filter: TULP: options data unavailable from all sources
2026-08-26 14:57:26,249 WARNING src.options_filter: VTGDF: options data unavailable from all sources
2026-08-26 14:57:29,852 WARNING src.options_filter: STDN: options data unavailable from all sources
2026-08-26 14:57:33,485 WARNING src.options_filter: HDL: options data unavailable from all sources
2026-08-26 14:57:37,085 WARNING src.options_filter: YB: options data unavailable from all sources
2026-08-26 14:57:40,700 WARNING src.options_filter: LANV: options data unavailable from all sources
2026-08-26 14:57:44,297 WARNING src.options_filter: RYDE: options data unavailable from all sources
2026-08-26 14:57:47,896 WARNING src.options_filter: AACG: options data unavailable from all sources
2026-08-26 14:57:51,500 WARNING src.options_filter: SJ: options data unavailable from all sources
2026-08-26 14:57:55,104 WARNING src.options_filter: ATCH: options data unavailable from all sources
2026-08-26 14:57:58,707 WARNING src.options_filter: PTN: options data unavailable from all sources
2026-08-26 14:58:02,308 WARNING src.options_filter: GAUZ: options data unavailable from all sources
2026-08-26 14:58:05,910 WARNING src.options_filter: GURE: options data unavailable from all sources
2026-08-26 14:58:09,535 WARNING src.options_filter: LKSP: options data unavailable from all sources
2026-08-26 14:58:13,145 WARNING src.options_filter: ATHE: options data unavailable from all sources
2026-08-26 14:58:16,778 WARNING src.options_filter: KOSS: options data unavailable from all sources
2026-08-26 14:58:20,379 WARNING src.options_filter: EONR: options data unavailable from all sources
2026-08-26 14:58:24,015 WARNING src.options_filter: CMMB: options data unavailable from all sources
2026-08-26 14:58:27,740 WARNING src.options_filter: SMXT: options data unavailable from all sources
2026-08-26 14:58:31,350 WARNING src.options_filter: ALAR: options data unavailable from all sources
2026-08-26 14:58:34,959 WARNING src.options_filter: REBN: options data unavailable from all sources
2026-08-26 14:58:38,567 WARNING src.options_filter: IMRN: options data unavailable from all sources
2026-08-26 14:58:42,179 WARNING src.options_filter: IPST: options data unavailable from all sources
2026-08-26 14:58:45,790 WARNING src.options_filter: BTTC: options data unavailable from all sources
2026-08-26 14:58:49,396 WARNING src.options_filter: SNYR: options data unavailable from all sources
2026-08-26 14:58:53,009 WARNING src.options_filter: PDCC: options data unavailable from all sources
2026-08-26 14:58:56,627 WARNING src.options_filter: BWLP: options data unavailable from all sources
2026-08-26 14:59:00,238 WARNING src.options_filter: BXBL: options data unavailable from all sources
2026-08-26 14:59:03,892 WARNING src.options_filter: PXS: options data unavailable from all sources
2026-08-26 14:59:07,534 WARNING src.options_filter: ZONE: options data unavailable from all sources
2026-08-26 14:59:11,140 WARNING src.options_filter: GITS: options data unavailable from all sources
2026-08-26 14:59:14,749 WARNING src.options_filter: CHRN: options data unavailable from all sources
2026-08-26 14:59:18,377 WARNING src.options_filter: CURR: options data unavailable from all sources
2026-08-26 14:59:22,143 WARNING src.options_filter: HMR: options data unavailable from all sources
2026-08-26 14:59:25,756 WARNING src.options_filter: FRGT: options data unavailable from all sources
2026-08-26 14:59:29,363 WARNING src.options_filter: BRLS: options data unavailable from all sources
2026-08-26 14:59:32,968 WARNING src.options_filter: AAME: options data unavailable from all sources
2026-08-26 14:59:36,577 WARNING src.options_filter: SEGG: options data unavailable from all sources
2026-08-26 14:59:40,223 WARNING src.options_filter: BRTX: options data unavailable from all sources
2026-08-26 14:59:43,878 WARNING src.options_filter: SHPH: options data unavailable from all sources
2026-08-26 14:59:47,494 WARNING src.options_filter: FLYE: options data unavailable from all sources
2026-08-26 14:59:51,105 WARNING src.options_filter: GTEN: options data unavailable from all sources
2026-08-26 14:59:51,469 ERROR yfinance: $UNKNOWN: No data found, symbol may be delisted
2026-08-26 14:59:55,576 WARNING src.options_filter: UNKNOWN: options data unavailable from all sources
2026-08-26 14:59:55,786 ERROR yfinance: $UNKNOWN: No data found, symbol may be delisted
2026-08-26 14:59:59,906 WARNING src.options_filter: UNKNOWN: options data unavailable from all sources
2026-08-26 15:00:00,227 ERROR yfinance: $UNKNOWN: No data found, symbol may be delisted
2026-08-26 15:00:04,430 WARNING src.options_filter: UNKNOWN: options data unavailable from all sources
2026-08-26 15:00:04,606 ERROR yfinance: $UNKNOWN: No data found, symbol may be delisted
2026-08-26 15:00:08,753 WARNING src.options_filter: UNKNOWN: options data unavailable from all sources
2026-08-26 15:00:08,990 ERROR yfinance: $UNKNOWN: No data found, symbol may be delisted
2026-08-26 15:00:13,163 WARNING src.options_filter: UNKNOWN: options data unavailable from all sources
2026-08-26 15:00:13,324 ERROR yfinance: $UNKNOWN: No data found, symbol may be delisted
2026-08-26 15:00:17,498 WARNING src.options_filter: UNKNOWN: options data unavailable from all sources
2026-08-26 15:00:21,123 WARNING src.options_filter: ATH-PE: options data unavailable from all sources
2026-08-26 15:00:21,526 ERROR yfinance: $UNKNOWN: No data found, symbol may be delisted
2026-08-26 15:00:25,681 WARNING src.options_filter: UNKNOWN: options data unavailable from all sources
2026-08-26 15:00:25,868 ERROR yfinance: $UNKNOWN: No data found, symbol may be delisted
2026-08-26 15:00:30,037 WARNING src.options_filter: UNKNOWN: options data unavailable from all sources
2026-08-26 15:00:30,285 ERROR yfinance: $UNKNOWN: No data found, symbol may be delisted
2026-08-26 15:00:34,704 WARNING src.options_filter: UNKNOWN: options data unavailable from all sources
2026-08-26 15:00:34,865 ERROR yfinance: $UNKNOWN: No data found, symbol may be delisted
2026-08-26 15:00:39,017 WARNING src.options_filter: UNKNOWN: options data unavailable from all sources
2026-08-26 15:00:39,224 ERROR yfinance: $UNKNOWN: No data found, symbol may be delisted
2026-08-26 15:00:43,337 WARNING src.options_filter: UNKNOWN: options data unavailable from all sources
2026-08-26 15:00:43,592 ERROR yfinance: $UNKNOWN: No data found, symbol may be delisted
2026-08-26 15:00:47,770 WARNING src.options_filter: UNKNOWN: options data unavailable from all sources
2026-08-26 15:00:51,397 WARNING src.options_filter: CBFV: options data unavailable from all sources
2026-08-26 15:00:51,601 ERROR yfinance: $UNKNOWN: No data found, symbol may be delisted
2026-08-26 15:00:55,719 WARNING src.options_filter: UNKNOWN: options data unavailable from all sources
2026-08-26 15:00:55,910 ERROR yfinance: $UNKNOWN: No data found, symbol may be delisted
2026-08-26 15:01:00,055 WARNING src.options_filter: UNKNOWN: options data unavailable from all sources
2026-08-26 15:01:00,237 ERROR yfinance: $UNKNOWN: No data found, symbol may be delisted
2026-08-26 15:01:04,535 WARNING src.options_filter: UNKNOWN: options data unavailable from all sources
2026-08-26 15:01:04,806 ERROR yfinance: $UNKNOWN: No data found, symbol may be delisted
2026-08-26 15:01:09,000 WARNING src.options_filter: UNKNOWN: options data unavailable from all sources
2026-08-26 15:01:09,242 ERROR yfinance: $UNKNOWN: No data found, symbol may be delisted
2026-08-26 15:01:13,373 WARNING src.options_filter: UNKNOWN: options data unavailable from all sources
2026-08-26 15:01:17,025 WARNING src.options_filter: BEIGF: options data unavailable from all sources
2026-08-26 15:01:17,197 ERROR yfinance: $UNKNOWN: No data found, symbol may be delisted
2026-08-26 15:01:21,318 WARNING src.options_filter: UNKNOWN: options data unavailable from all sources
2026-08-26 15:01:21,520 ERROR yfinance: $UNKNOWN: No data found, symbol may be delisted
2026-08-26 15:01:25,632 WARNING src.options_filter: UNKNOWN: options data unavailable from all sources
2026-08-26 15:01:25,853 ERROR yfinance: $UNKNOWN: No data found, symbol may be delisted
2026-08-26 15:01:29,992 WARNING src.options_filter: UNKNOWN: options data unavailable from all sources
2026-08-26 15:01:30,250 ERROR yfinance: $UNKNOWN: No data found, symbol may be delisted
2026-08-26 15:01:34,366 WARNING src.options_filter: UNKNOWN: options data unavailable from all sources
2026-08-26 15:01:34,641 ERROR yfinance: $UNKNOWN: No data found, symbol may be delisted
2026-08-26 15:01:38,781 WARNING src.options_filter: UNKNOWN: options data unavailable from all sources
2026-08-26 15:01:38,940 ERROR yfinance: $UNKNOWN: No data found, symbol may be delisted
2026-08-26 15:01:43,188 WARNING src.options_filter: UNKNOWN: options data unavailable from all sources
2026-08-26 15:01:43,411 ERROR yfinance: $UNKNOWN: No data found, symbol may be delisted
2026-08-26 15:01:47,568 WARNING src.options_filter: UNKNOWN: options data unavailable from all sources
2026-08-26 15:01:47,825 ERROR yfinance: $UNKNOWN: No data found, symbol may be delisted
2026-08-26 15:01:51,942 WARNING src.options_filter: UNKNOWN: options data unavailable from all sources
2026-08-26 15:01:52,139 ERROR yfinance: $UNKNOWN: No data found, symbol may be delisted
2026-08-26 15:01:56,249 WARNING src.options_filter: UNKNOWN: options data unavailable from all sources
2026-08-26 15:01:56,405 ERROR yfinance: $UNKNOWN: No data found, symbol may be delisted
2026-08-26 15:02:00,512 WARNING src.options_filter: UNKNOWN: options data unavailable from all sources
2026-08-26 15:02:00,763 ERROR yfinance: $UNKNOWN: No data found, symbol may be delisted
2026-08-26 15:02:04,939 WARNING src.options_filter: UNKNOWN: options data unavailable from all sources
2026-08-26 15:02:05,152 ERROR yfinance: $UNKNOWN: No data found, symbol may be delisted
2026-08-26 15:02:09,259 WARNING src.options_filter: UNKNOWN: options data unavailable from all sources
2026-08-26 15:02:09,432 ERROR yfinance: $UNKNOWN: No data found, symbol may be delisted
2026-08-26 15:02:13,549 WARNING src.options_filter: UNKNOWN: options data unavailable from all sources
2026-08-26 15:02:13,830 ERROR yfinance: $UNKNOWN: No data found, symbol may be delisted
2026-08-26 15:02:17,950 WARNING src.options_filter: UNKNOWN: options data unavailable from all sources
2026-08-26 15:02:18,180 ERROR yfinance: $UNKNOWN: No data found, symbol may be delisted
2026-08-26 15:02:22,289 WARNING src.options_filter: UNKNOWN: options data unavailable from all sources
2026-08-26 15:02:22,460 ERROR yfinance: $UNKNOWN: No data found, symbol may be delisted
2026-08-26 15:02:26,618 WARNING src.options_filter: UNKNOWN: options data unavailable from all sources
2026-08-26 15:02:27,090 ERROR yfinance: $UNKNOWN: No data found, symbol may be delisted
2026-08-26 15:02:31,250 WARNING src.options_filter: UNKNOWN: options data unavailable from all sources
2026-08-26 15:02:34,888 WARNING src.options_filter: KEQU: options data unavailable from all sources
2026-08-26 15:02:35,140 ERROR yfinance: $UNKNOWN: No data found, symbol may be delisted
2026-08-26 15:02:39,267 WARNING src.options_filter: UNKNOWN: options data unavailable from all sources
2026-08-26 15:02:39,499 ERROR yfinance: $UNKNOWN: No data found, symbol may be delisted
2026-08-26 15:02:43,637 WARNING src.options_filter: UNKNOWN: options data unavailable from all sources
2026-08-26 15:02:43,881 ERROR yfinance: $UNKNOWN: No data found, symbol may be delisted
2026-08-26 15:02:48,021 WARNING src.options_filter: UNKNOWN: options data unavailable from all sources
2026-08-26 15:02:48,218 ERROR yfinance: $UNKNOWN: No data found, symbol may be delisted
2026-08-26 15:02:52,367 WARNING src.options_filter: UNKNOWN: options data unavailable from all sources
2026-08-26 15:02:52,553 ERROR yfinance: $UNKNOWN: No data found, symbol may be delisted
2026-08-26 15:02:56,812 WARNING src.options_filter: UNKNOWN: options data unavailable from all sources
2026-08-26 15:02:56,990 ERROR yfinance: $UNKNOWN: No data found, symbol may be delisted
2026-08-26 15:03:01,100 WARNING src.options_filter: UNKNOWN: options data unavailable from all sources
2026-08-26 15:03:01,269 ERROR yfinance: $UNKNOWN: No data found, symbol may be delisted
2026-08-26 15:03:05,410 WARNING src.options_filter: UNKNOWN: options data unavailable from all sources
2026-08-26 15:03:05,597 ERROR yfinance: $UNKNOWN: No data found, symbol may be delisted
2026-08-26 15:03:09,699 WARNING src.options_filter: UNKNOWN: options data unavailable from all sources
2026-08-26 15:03:13,303 WARNING src.options_filter: WLFC: options data unavailable from all sources
2026-08-26 15:03:13,456 ERROR yfinance: $UNKNOWN: No data found, symbol may be delisted
2026-08-26 15:03:17,595 WARNING src.options_filter: UNKNOWN: options data unavailable from all sources
2026-08-26 15:03:21,209 WARNING src.options_filter: CURLF: options data unavailable from all sources
2026-08-26 15:03:21,477 ERROR yfinance: $UNKNOWN: No data found, symbol may be delisted
2026-08-26 15:03:25,590 WARNING src.options_filter: UNKNOWN: options data unavailable from all sources
2026-08-26 15:03:25,951 ERROR yfinance: $UNKNOWN: No data found, symbol may be delisted
2026-08-26 15:03:30,054 WARNING src.options_filter: UNKNOWN: options data unavailable from all sources
2026-08-26 15:03:33,663 WARNING src.options_filter: KEQU: options data unavailable from all sources
2026-08-26 15:03:33,883 ERROR yfinance: $UNKNOWN: No data found, symbol may be delisted
2026-08-26 15:03:37,982 WARNING src.options_filter: UNKNOWN: options data unavailable from all sources
2026-08-26 15:03:38,148 ERROR yfinance: $UNKNOWN: No data found, symbol may be delisted
2026-08-26 15:03:42,248 WARNING src.options_filter: UNKNOWN: options data unavailable from all sources
2026-08-26 15:03:42,432 ERROR yfinance: $UNKNOWN: No data found, symbol may be delisted
2026-08-26 15:03:46,535 WARNING src.options_filter: UNKNOWN: options data unavailable from all sources
2026-08-26 15:03:46,868 ERROR yfinance: $UNKNOWN: No data found, symbol may be delisted
2026-08-26 15:03:51,017 WARNING src.options_filter: UNKNOWN: options data unavailable from all sources
2026-08-26 15:03:51,175 ERROR yfinance: $UNKNOWN: No data found, symbol may be delisted
2026-08-26 15:03:55,301 WARNING src.options_filter: UNKNOWN: options data unavailable from all sources
2026-08-26 15:03:55,595 ERROR yfinance: $UNKNOWN: No data found, symbol may be delisted
2026-08-26 15:03:59,775 WARNING src.options_filter: UNKNOWN: options data unavailable from all sources
2026-08-26 15:03:59,984 ERROR yfinance: $UNKNOWN: No data found, symbol may be delisted
2026-08-26 15:04:04,098 WARNING src.options_filter: UNKNOWN: options data unavailable from all sources
2026-08-26 15:04:04,269 ERROR yfinance: $UNKNOWN: No data found, symbol may be delisted
2026-08-26 15:04:08,376 WARNING src.options_filter: UNKNOWN: options data unavailable from all sources
2026-08-26 15:04:08,621 ERROR yfinance: $UNKNOWN: No data found, symbol may be delisted
2026-08-26 15:04:12,728 WARNING src.options_filter: UNKNOWN: options data unavailable from all sources
2026-08-26 15:04:12,888 ERROR yfinance: $UNKNOWN: No data found, symbol may be delisted
2026-08-26 15:04:17,006 WARNING src.options_filter: UNKNOWN: options data unavailable from all sources
2026-08-26 15:04:17,217 ERROR yfinance: $UNKNOWN: No data found, symbol may be delisted
2026-08-26 15:04:21,375 WARNING src.options_filter: UNKNOWN: options data unavailable from all sources
2026-08-26 15:04:21,616 ERROR yfinance: $UNKNOWN: No data found, symbol may be delisted
2026-08-26 15:04:25,718 WARNING src.options_filter: UNKNOWN: options data unavailable from all sources
2026-08-26 15:04:25,872 ERROR yfinance: $UNKNOWN: No data found, symbol may be delisted
2026-08-26 15:04:29,993 WARNING src.options_filter: UNKNOWN: options data unavailable from all sources
2026-08-26 15:04:33,604 WARNING src.options_filter: PRTHU: options data unavailable from all sources
2026-08-26 15:04:33,818 ERROR yfinance: $UNKNOWN: No data found, symbol may be delisted
2026-08-26 15:04:37,919 WARNING src.options_filter: UNKNOWN: options data unavailable from all sources
2026-08-26 15:04:38,122 ERROR yfinance: $UNKNOWN: No data found, symbol may be delisted
2026-08-26 15:04:42,227 WARNING src.options_filter: UNKNOWN: options data unavailable from all sources
2026-08-26 15:04:42,432 ERROR yfinance: $UNKNOWN: No data found, symbol may be delisted
2026-08-26 15:04:46,550 WARNING src.options_filter: UNKNOWN: options data unavailable from all sources
2026-08-26 15:04:46,735 ERROR yfinance: $UNKNOWN: No data found, symbol may be delisted
2026-08-26 15:04:50,860 WARNING src.options_filter: UNKNOWN: options data unavailable from all sources
2026-08-26 15:04:51,143 ERROR yfinance: $UNKNOWN: No data found, symbol may be delisted
2026-08-26 15:04:55,246 WARNING src.options_filter: UNKNOWN: options data unavailable from all sources
2026-08-26 15:04:55,445 ERROR yfinance: $UNKNOWN: No data found, symbol may be delisted
2026-08-26 15:04:59,545 WARNING src.options_filter: UNKNOWN: options data unavailable from all sources
2026-08-26 15:05:00,075 ERROR yfinance: $UNKNOWN: No data found, symbol may be delisted
2026-08-26 15:05:04,218 WARNING src.options_filter: UNKNOWN: options data unavailable from all sources
2026-08-26 15:05:04,486 ERROR yfinance: $UNKNOWN: No data found, symbol may be delisted
2026-08-26 15:05:08,615 WARNING src.options_filter: UNKNOWN: options data unavailable from all sources
2026-08-26 15:05:08,885 ERROR yfinance: $UNKNOWN: No data found, symbol may be delisted
2026-08-26 15:05:12,996 WARNING src.options_filter: UNKNOWN: options data unavailable from all sources
2026-08-26 15:05:13,160 ERROR yfinance: $UNKNOWN: No data found, symbol may be delisted
2026-08-26 15:05:17,267 WARNING src.options_filter: UNKNOWN: options data unavailable from all sources
2026-08-26 15:05:17,491 ERROR yfinance: $UNKNOWN: No data found, symbol may be delisted
2026-08-26 15:05:21,710 WARNING src.options_filter: UNKNOWN: options data unavailable from all sources
2026-08-26 15:05:21,885 ERROR yfinance: $UNKNOWN: No data found, symbol may be delisted
2026-08-26 15:05:26,027 WARNING src.options_filter: UNKNOWN: options data unavailable from all sources
2026-08-26 15:05:26,187 ERROR yfinance: $UNKNOWN: No data found, symbol may be delisted
2026-08-26 15:05:30,307 WARNING src.options_filter: UNKNOWN: options data unavailable from all sources
2026-08-26 15:05:30,550 ERROR yfinance: $UNKNOWN: No data found, symbol may be delisted
2026-08-26 15:05:34,745 WARNING src.options_filter: UNKNOWN: options data unavailable from all sources
2026-08-26 15:05:34,967 ERROR yfinance: $UNKNOWN: No data found, symbol may be delisted
2026-08-26 15:05:39,084 WARNING src.options_filter: UNKNOWN: options data unavailable from all sources
2026-08-26 15:05:39,303 ERROR yfinance: $UNKNOWN: No data found, symbol may be delisted
2026-08-26 15:05:43,456 WARNING src.options_filter: UNKNOWN: options data unavailable from all sources
2026-08-26 15:05:43,653 ERROR yfinance: $UNKNOWN: No data found, symbol may be delisted
2026-08-26 15:05:47,810 WARNING src.options_filter: UNKNOWN: options data unavailable from all sources
2026-08-26 15:05:48,030 ERROR yfinance: $UNKNOWN: No data found, symbol may be delisted
2026-08-26 15:05:52,136 WARNING src.options_filter: UNKNOWN: options data unavailable from all sources
2026-08-26 15:05:52,384 ERROR yfinance: $UNKNOWN: No data found, symbol may be delisted
2026-08-26 15:05:56,498 WARNING src.options_filter: UNKNOWN: options data unavailable from all sources
2026-08-26 15:05:56,729 ERROR yfinance: $UNKNOWN: No data found, symbol may be delisted
2026-08-26 15:06:00,853 WARNING src.options_filter: UNKNOWN: options data unavailable from all sources
2026-08-26 15:06:01,044 ERROR yfinance: $UNKNOWN: No data found, symbol may be delisted
2026-08-26 15:06:05,170 WARNING src.options_filter: UNKNOWN: options data unavailable from all sources
2026-08-26 15:06:05,341 ERROR yfinance: $UNKNOWN: No data found, symbol may be delisted
2026-08-26 15:06:09,471 WARNING src.options_filter: UNKNOWN: options data unavailable from all sources
2026-08-26 15:06:09,471 INFO run_daily: Passed options gate: 94 events
2026-08-26 15:06:09,471 INFO run_daily: Step 7: enriching 94 events
2026-08-26 15:06:17,714 INFO run_daily: Step 8: dedup
2026-08-26 15:06:17,715 INFO run_daily: Step 9: ranking
2026-08-26 15:06:17,715 INFO run_daily: Step 10: writing digest
2026-08-26 15:06:17,751 INFO src.digest_writer: digest written: output/market_radar_2026-08-26.html
2026-08-26 15:06:17,751 INFO run_daily: === Done: output/market_radar_2026-08-26.html ===
