2026-08-25 14:53:19,414 INFO run_daily: === Market Event Radar starting — 2026-08-25 ===
2026-08-25 14:53:19,416 INFO run_daily: Step 1: fetching earnings calendar
2026-08-25 14:53:33,315 INFO src.event_fetcher: nasdaq earnings: 173 entries across 7 days
2026-08-25 14:53:34,521 INFO src.event_fetcher: finnhub earnings: 177 entries
2026-08-25 14:53:34,521 INFO src.event_fetcher: merged earnings universe: 274 unique tickers
2026-08-25 14:53:34,521 INFO run_daily: Step 2: fetching 8-K filings
2026-08-25 14:53:34,904 INFO src.event_fetcher: edgar 8-K filings: 100
2026-08-25 14:53:35,132 INFO run_daily: Step 3: building universe
2026-08-25 14:53:35,132 INFO src.universe: universe: 35 tickers (10 watchlist, 25 discovered)
2026-08-25 14:53:35,132 INFO run_daily: Universe: 35 tickers
2026-08-25 14:53:35,132 INFO run_daily: Step 4: yfinance cross-check for 35 tickers
2026-08-25 14:53:48,037 ERROR yfinance: HTTP Error 404: {"quoteSummary":{"result":null,"error":{"code":"Not Found","description":"No fundamentals data found for symbol: WDSP"}}}
2026-08-25 14:53:48,537 INFO run_daily: Step 5: building earnings events
2026-08-25 14:53:48,538 INFO src.source_merger: earnings events built: 274
2026-08-25 14:53:48,538 INFO run_daily: Step 5b: building 8-K events
2026-08-25 14:53:48,540 INFO run_daily: Step 6: options filter (374 candidates)
2026-08-25 14:53:52,317 WARNING src.options_filter: ABLT: options data unavailable from all sources
2026-08-25 14:53:52,705 ERROR yfinance: HTTP Error 404: {"quoteSummary":{"result":null,"error":{"code":"Not Found","description":"Quote not found for symbol: BASE"}}}
2026-08-25 14:53:53,006 ERROR yfinance: $BASE: No data found, symbol may be delisted
2026-08-25 14:53:57,131 WARNING src.options_filter: BASE: options data unavailable from all sources
2026-08-25 14:54:00,758 WARNING src.options_filter: BOE: options data unavailable from all sources
2026-08-25 14:54:04,403 WARNING src.options_filter: CIK: options data unavailable from all sources
2026-08-25 14:54:08,044 WARNING src.options_filter: COE: options data unavailable from all sources
2026-08-25 14:54:11,684 WARNING src.options_filter: GGN: options data unavailable from all sources
2026-08-25 14:54:15,354 WARNING src.options_filter: GGZ: options data unavailable from all sources
2026-08-25 14:54:18,991 WARNING src.options_filter: GUT: options data unavailable from all sources
2026-08-25 14:54:22,634 WARNING src.options_filter: JILL: options data unavailable from all sources
2026-08-25 14:54:26,264 WARNING src.options_filter: LDP: options data unavailable from all sources
2026-08-25 14:54:29,891 WARNING src.options_filter: LQWC: options data unavailable from all sources
2026-08-25 14:54:33,571 WARNING src.options_filter: MACT: options data unavailable from all sources
2026-08-25 14:54:37,194 WARNING src.options_filter: MCN: options data unavailable from all sources
2026-08-25 14:54:40,836 WARNING src.options_filter: PAII: options data unavailable from all sources
2026-08-25 14:54:44,461 WARNING src.options_filter: PFN: options data unavailable from all sources
2026-08-25 14:54:48,096 WARNING src.options_filter: RGS: options data unavailable from all sources
2026-08-25 14:54:51,715 WARNING src.options_filter: STK: options data unavailable from all sources
2026-08-25 14:54:55,339 WARNING src.options_filter: TY: options data unavailable from all sources
2026-08-25 14:54:58,964 WARNING src.options_filter: AIJTY: options data unavailable from all sources
2026-08-25 14:55:02,601 WARNING src.options_filter: BANL: options data unavailable from all sources
2026-08-25 14:55:06,227 WARNING src.options_filter: CISS: options data unavailable from all sources
2026-08-25 14:55:09,896 WARNING src.options_filter: GDEV: options data unavailable from all sources
2026-08-25 14:55:13,577 WARNING src.options_filter: INTJ: options data unavailable from all sources
2026-08-25 14:55:17,225 WARNING src.options_filter: JGH: options data unavailable from all sources
2026-08-25 14:55:21,046 WARNING src.options_filter: JMM: options data unavailable from all sources
2026-08-25 14:55:24,674 WARNING src.options_filter: JRS: options data unavailable from all sources
2026-08-25 14:55:28,306 WARNING src.options_filter: KF: options data unavailable from all sources
2026-08-25 14:55:29,004 ERROR yfinance: $LDXC: possibly delisted; no price data found  (period=1mo)
2026-08-25 14:55:33,149 WARNING src.options_filter: LDXC: options data unavailable from all sources
2026-08-25 14:55:36,774 WARNING src.options_filter: NPCT: options data unavailable from all sources
2026-08-25 14:55:40,406 WARNING src.options_filter: PCN: options data unavailable from all sources
2026-08-25 14:55:44,034 WARNING src.options_filter: PNBI: options data unavailable from all sources
2026-08-25 14:55:47,669 WARNING src.options_filter: QQQX: options data unavailable from all sources
2026-08-25 14:55:51,333 WARNING src.options_filter: RCS: options data unavailable from all sources
2026-08-25 14:55:55,080 WARNING src.options_filter: RMM: options data unavailable from all sources
2026-08-25 14:55:58,707 WARNING src.options_filter: SCGY: options data unavailable from all sources
2026-08-25 14:56:02,344 WARNING src.options_filter: SPXX: options data unavailable from all sources
2026-08-25 14:56:02,461 ERROR yfinance: $WDSP: possibly delisted; no price data found  (period=1mo)
2026-08-25 14:56:06,584 WARNING src.options_filter: WDSP: options data unavailable from all sources
2026-08-25 14:56:10,229 WARNING src.options_filter: BLPG: options data unavailable from all sources
2026-08-25 14:56:13,845 WARNING src.options_filter: UTSI: options data unavailable from all sources
2026-08-25 14:56:17,478 WARNING src.options_filter: ADNH: options data unavailable from all sources
2026-08-25 14:56:21,121 WARNING src.options_filter: AWF: options data unavailable from all sources
2026-08-25 14:56:24,789 WARNING src.options_filter: BMRA: options data unavailable from all sources
2026-08-25 14:56:28,418 WARNING src.options_filter: CHA: options data unavailable from all sources
2026-08-25 14:56:32,089 WARNING src.options_filter: GLGI: options data unavailable from all sources
2026-08-25 14:56:35,725 WARNING src.options_filter: LOT: options data unavailable from all sources
2026-08-25 14:56:39,386 WARNING src.options_filter: SOCA: options data unavailable from all sources
2026-08-25 14:56:43,010 WARNING src.options_filter: STME: options data unavailable from all sources
2026-08-25 14:56:46,641 WARNING src.options_filter: EOS: options data unavailable from all sources
2026-08-25 14:56:50,276 WARNING src.options_filter: ETB: options data unavailable from all sources
2026-08-25 14:56:53,891 WARNING src.options_filter: ETJ: options data unavailable from all sources
2026-08-25 14:56:57,520 WARNING src.options_filter: ETV: options data unavailable from all sources
2026-08-25 14:57:01,171 WARNING src.options_filter: GLMD: options data unavailable from all sources
2026-08-25 14:57:01,814 ERROR yfinance: $GMS: No data found, symbol may be delisted
2026-08-25 14:57:05,958 WARNING src.options_filter: GMS: options data unavailable from all sources
2026-08-25 14:57:09,576 WARNING src.options_filter: KAYS: options data unavailable from all sources
2026-08-25 14:57:13,202 WARNING src.options_filter: PLTYF: options data unavailable from all sources
2026-08-25 14:57:16,842 WARNING src.options_filter: TULP: options data unavailable from all sources
2026-08-25 14:57:20,509 WARNING src.options_filter: VTGDF: options data unavailable from all sources
2026-08-25 14:57:21,028 ERROR yfinance: $ALCY: No data found, symbol may be delisted
2026-08-25 14:57:25,155 WARNING src.options_filter: ALCY: options data unavailable from all sources
2026-08-25 14:57:28,817 WARNING src.options_filter: BSPK: options data unavailable from all sources
2026-08-25 14:57:32,443 WARNING src.options_filter: DREM: options data unavailable from all sources
2026-08-25 14:57:36,087 WARNING src.options_filter: DYNR: options data unavailable from all sources
2026-08-25 14:57:39,726 WARNING src.options_filter: FSCO: options data unavailable from all sources
2026-08-25 14:57:40,053 ERROR yfinance: $GES: No data found, symbol may be delisted
2026-08-25 14:57:44,179 WARNING src.options_filter: GES: options data unavailable from all sources
2026-08-25 14:57:44,530 ERROR yfinance: $HZRBY: No data found, symbol may be delisted
2026-08-25 14:57:48,660 WARNING src.options_filter: HZRBY: options data unavailable from all sources
2026-08-25 14:57:52,292 WARNING src.options_filter: IVFH: options data unavailable from all sources
2026-08-25 14:57:55,944 WARNING src.options_filter: MYND: options data unavailable from all sources
2026-08-25 14:57:59,716 WARNING src.options_filter: NTHI: options data unavailable from all sources
2026-08-25 14:58:03,359 WARNING src.options_filter: RMT: options data unavailable from all sources
2026-08-25 14:58:06,997 WARNING src.options_filter: SJ: options data unavailable from all sources
2026-08-25 14:58:10,659 WARNING src.options_filter: STRT: options data unavailable from all sources
2026-08-25 14:58:14,524 WARNING src.options_filter: TEI: options data unavailable from all sources
2026-08-25 14:58:18,175 WARNING src.options_filter: VMET: options data unavailable from all sources
2026-08-25 14:58:21,841 WARNING src.options_filter: YB: options data unavailable from all sources
2026-08-25 14:58:22,232 ERROR yfinance: $HEI.A: No data found, symbol may be delisted
2026-08-25 14:58:26,363 WARNING src.options_filter: HEI.A: options data unavailable from all sources
2026-08-25 14:58:29,992 WARNING src.options_filter: QMLS: options data unavailable from all sources
2026-08-25 14:58:33,614 WARNING src.options_filter: ALPS: options data unavailable from all sources
2026-08-25 14:58:37,252 WARNING src.options_filter: BRLS: options data unavailable from all sources
2026-08-25 14:58:40,919 WARNING src.options_filter: AAME: options data unavailable from all sources
2026-08-25 14:58:44,550 WARNING src.options_filter: SEGG: options data unavailable from all sources
2026-08-25 14:58:48,209 WARNING src.options_filter: BRTX: options data unavailable from all sources
2026-08-25 14:58:51,855 WARNING src.options_filter: SHPH: options data unavailable from all sources
2026-08-25 14:58:55,475 WARNING src.options_filter: FLYE: options data unavailable from all sources
2026-08-25 14:58:59,100 WARNING src.options_filter: GTEN: options data unavailable from all sources
2026-08-25 14:59:02,739 WARNING src.options_filter: STDN: options data unavailable from all sources
2026-08-25 14:59:06,394 WARNING src.options_filter: HDL: options data unavailable from all sources
2026-08-25 14:59:10,026 WARNING src.options_filter: DSC: options data unavailable from all sources
2026-08-25 14:59:13,654 WARNING src.options_filter: RYDE: options data unavailable from all sources
2026-08-25 14:59:17,286 WARNING src.options_filter: LANV: options data unavailable from all sources
2026-08-25 14:59:20,922 WARNING src.options_filter: AACG: options data unavailable from all sources
2026-08-25 14:59:24,550 WARNING src.options_filter: LITB: options data unavailable from all sources
2026-08-25 14:59:28,187 WARNING src.options_filter: ATCH: options data unavailable from all sources
2026-08-25 14:59:31,808 WARNING src.options_filter: PTN: options data unavailable from all sources
2026-08-25 14:59:35,449 WARNING src.options_filter: GAUZ: options data unavailable from all sources
2026-08-25 14:59:39,087 WARNING src.options_filter: GURE: options data unavailable from all sources
2026-08-25 14:59:42,741 WARNING src.options_filter: LKSP: options data unavailable from all sources
2026-08-25 14:59:46,369 WARNING src.options_filter: ATHE: options data unavailable from all sources
2026-08-25 14:59:49,994 WARNING src.options_filter: KOSS: options data unavailable from all sources
2026-08-25 14:59:53,615 WARNING src.options_filter: EONR: options data unavailable from all sources
2026-08-25 14:59:57,282 WARNING src.options_filter: SMXT: options data unavailable from all sources
2026-08-25 15:00:00,920 WARNING src.options_filter: CMMB: options data unavailable from all sources
2026-08-25 15:00:04,944 WARNING src.options_filter: ALAR: options data unavailable from all sources
2026-08-25 15:00:08,670 WARNING src.options_filter: REBN: options data unavailable from all sources
2026-08-25 15:00:12,304 WARNING src.options_filter: IMRN: options data unavailable from all sources
2026-08-25 15:00:15,930 WARNING src.options_filter: IPST: options data unavailable from all sources
2026-08-25 15:00:19,567 WARNING src.options_filter: BTTC: options data unavailable from all sources
2026-08-25 15:00:23,244 WARNING src.options_filter: SNYR: options data unavailable from all sources
2026-08-25 15:00:26,897 WARNING src.options_filter: PDCC: options data unavailable from all sources
2026-08-25 15:00:30,551 WARNING src.options_filter: BWLP: options data unavailable from all sources
2026-08-25 15:00:34,203 WARNING src.options_filter: BXBL: options data unavailable from all sources
2026-08-25 15:00:37,845 WARNING src.options_filter: PXS: options data unavailable from all sources
2026-08-25 15:00:41,487 WARNING src.options_filter: ZONE: options data unavailable from all sources
2026-08-25 15:00:45,162 WARNING src.options_filter: GITS: options data unavailable from all sources
2026-08-25 15:00:48,823 WARNING src.options_filter: CHRN: options data unavailable from all sources
2026-08-25 15:00:52,504 WARNING src.options_filter: CURR: options data unavailable from all sources
2026-08-25 15:00:56,148 WARNING src.options_filter: HMR: options data unavailable from all sources
2026-08-25 15:00:59,854 WARNING src.options_filter: FRGT: options data unavailable from all sources
2026-08-25 15:01:00,324 ERROR yfinance: $UNKNOWN: No data found, symbol may be delisted
2026-08-25 15:01:04,494 WARNING src.options_filter: UNKNOWN: options data unavailable from all sources
2026-08-25 15:01:08,179 WARNING src.options_filter: ATH-PE: options data unavailable from all sources
2026-08-25 15:01:08,329 ERROR yfinance: $UNKNOWN: No data found, symbol may be delisted
2026-08-25 15:01:12,486 WARNING src.options_filter: UNKNOWN: options data unavailable from all sources
2026-08-25 15:01:12,680 ERROR yfinance: $UNKNOWN: No data found, symbol may be delisted
2026-08-25 15:01:16,834 WARNING src.options_filter: UNKNOWN: options data unavailable from all sources
2026-08-25 15:01:17,004 ERROR yfinance: $UNKNOWN: No data found, symbol may be delisted
2026-08-25 15:01:21,158 WARNING src.options_filter: UNKNOWN: options data unavailable from all sources
2026-08-25 15:01:21,312 ERROR yfinance: $UNKNOWN: No data found, symbol may be delisted
2026-08-25 15:01:25,442 WARNING src.options_filter: UNKNOWN: options data unavailable from all sources
2026-08-25 15:01:25,611 ERROR yfinance: $UNKNOWN: No data found, symbol may be delisted
2026-08-25 15:01:29,826 WARNING src.options_filter: UNKNOWN: options data unavailable from all sources
2026-08-25 15:01:30,042 ERROR yfinance: $UNKNOWN: No data found, symbol may be delisted
2026-08-25 15:01:34,197 WARNING src.options_filter: UNKNOWN: options data unavailable from all sources
2026-08-25 15:01:34,448 ERROR yfinance: $UNKNOWN: No data found, symbol may be delisted
2026-08-25 15:01:38,613 WARNING src.options_filter: UNKNOWN: options data unavailable from all sources
2026-08-25 15:01:38,882 ERROR yfinance: $UNKNOWN: No data found, symbol may be delisted
2026-08-25 15:01:43,022 WARNING src.options_filter: UNKNOWN: options data unavailable from all sources
2026-08-25 15:01:43,265 ERROR yfinance: $UNKNOWN: No data found, symbol may be delisted
2026-08-25 15:01:47,440 WARNING src.options_filter: UNKNOWN: options data unavailable from all sources
2026-08-25 15:01:47,664 ERROR yfinance: $UNKNOWN: No data found, symbol may be delisted
2026-08-25 15:01:51,811 WARNING src.options_filter: UNKNOWN: options data unavailable from all sources
2026-08-25 15:01:51,978 ERROR yfinance: $UNKNOWN: No data found, symbol may be delisted
2026-08-25 15:01:56,109 WARNING src.options_filter: UNKNOWN: options data unavailable from all sources
2026-08-25 15:01:56,335 ERROR yfinance: $UNKNOWN: No data found, symbol may be delisted
2026-08-25 15:02:00,509 WARNING src.options_filter: UNKNOWN: options data unavailable from all sources
2026-08-25 15:02:00,648 ERROR yfinance: $UNKNOWN: No data found, symbol may be delisted
2026-08-25 15:02:04,813 WARNING src.options_filter: UNKNOWN: options data unavailable from all sources
2026-08-25 15:02:04,998 ERROR yfinance: $UNKNOWN: No data found, symbol may be delisted
2026-08-25 15:02:09,149 WARNING src.options_filter: UNKNOWN: options data unavailable from all sources
2026-08-25 15:02:09,342 ERROR yfinance: $UNKNOWN: No data found, symbol may be delisted
2026-08-25 15:02:13,499 WARNING src.options_filter: UNKNOWN: options data unavailable from all sources
2026-08-25 15:02:13,725 ERROR yfinance: $UNKNOWN: No data found, symbol may be delisted
2026-08-25 15:02:17,956 WARNING src.options_filter: UNKNOWN: options data unavailable from all sources
2026-08-25 15:02:18,135 ERROR yfinance: $UNKNOWN: No data found, symbol may be delisted
2026-08-25 15:02:22,286 WARNING src.options_filter: UNKNOWN: options data unavailable from all sources
2026-08-25 15:02:22,498 ERROR yfinance: $UNKNOWN: No data found, symbol may be delisted
2026-08-25 15:02:26,634 WARNING src.options_filter: UNKNOWN: options data unavailable from all sources
2026-08-25 15:02:26,792 ERROR yfinance: $UNKNOWN: No data found, symbol may be delisted
2026-08-25 15:02:30,928 WARNING src.options_filter: UNKNOWN: options data unavailable from all sources
2026-08-25 15:02:31,153 ERROR yfinance: $UNKNOWN: No data found, symbol may be delisted
2026-08-25 15:02:35,311 WARNING src.options_filter: UNKNOWN: options data unavailable from all sources
2026-08-25 15:02:35,478 ERROR yfinance: $UNKNOWN: No data found, symbol may be delisted
2026-08-25 15:02:39,617 WARNING src.options_filter: UNKNOWN: options data unavailable from all sources
2026-08-25 15:02:39,822 ERROR yfinance: $UNKNOWN: No data found, symbol may be delisted
2026-08-25 15:02:43,959 WARNING src.options_filter: UNKNOWN: options data unavailable from all sources
2026-08-25 15:02:44,144 ERROR yfinance: $UNKNOWN: No data found, symbol may be delisted
2026-08-25 15:02:48,288 WARNING src.options_filter: UNKNOWN: options data unavailable from all sources
2026-08-25 15:02:48,448 ERROR yfinance: $UNKNOWN: No data found, symbol may be delisted
2026-08-25 15:02:52,733 WARNING src.options_filter: UNKNOWN: options data unavailable from all sources
2026-08-25 15:02:52,925 ERROR yfinance: $UNKNOWN: No data found, symbol may be delisted
2026-08-25 15:02:57,089 WARNING src.options_filter: UNKNOWN: options data unavailable from all sources
2026-08-25 15:02:57,246 ERROR yfinance: $UNKNOWN: No data found, symbol may be delisted
2026-08-25 15:03:01,397 WARNING src.options_filter: UNKNOWN: options data unavailable from all sources
2026-08-25 15:03:01,528 ERROR yfinance: $UNKNOWN: No data found, symbol may be delisted
2026-08-25 15:03:05,653 WARNING src.options_filter: UNKNOWN: options data unavailable from all sources
2026-08-25 15:03:05,819 ERROR yfinance: $UNKNOWN: No data found, symbol may be delisted
2026-08-25 15:03:09,968 WARNING src.options_filter: UNKNOWN: options data unavailable from all sources
2026-08-25 15:03:13,620 WARNING src.options_filter: WLFC: options data unavailable from all sources
2026-08-25 15:03:13,818 ERROR yfinance: $UNKNOWN: No data found, symbol may be delisted
2026-08-25 15:03:17,961 WARNING src.options_filter: UNKNOWN: options data unavailable from all sources
2026-08-25 15:03:21,599 WARNING src.options_filter: CURLF: options data unavailable from all sources
2026-08-25 15:03:24,977 ERROR yfinance: $UNKNOWN: No data found, symbol may be delisted
2026-08-25 15:03:29,145 WARNING src.options_filter: UNKNOWN: options data unavailable from all sources
2026-08-25 15:03:29,408 ERROR yfinance: $UNKNOWN: No data found, symbol may be delisted
2026-08-25 15:03:33,569 WARNING src.options_filter: UNKNOWN: options data unavailable from all sources
2026-08-25 15:03:33,759 ERROR yfinance: $UNKNOWN: No data found, symbol may be delisted
2026-08-25 15:03:37,888 WARNING src.options_filter: UNKNOWN: options data unavailable from all sources
2026-08-25 15:03:38,072 ERROR yfinance: $UNKNOWN: No data found, symbol may be delisted
2026-08-25 15:03:42,215 WARNING src.options_filter: UNKNOWN: options data unavailable from all sources
2026-08-25 15:03:42,385 ERROR yfinance: $UNKNOWN: No data found, symbol may be delisted
2026-08-25 15:03:46,510 WARNING src.options_filter: UNKNOWN: options data unavailable from all sources
2026-08-25 15:03:46,655 ERROR yfinance: $UNKNOWN: No data found, symbol may be delisted
2026-08-25 15:03:50,778 WARNING src.options_filter: UNKNOWN: options data unavailable from all sources
2026-08-25 15:03:51,064 ERROR yfinance: $UNKNOWN: No data found, symbol may be delisted
2026-08-25 15:03:55,238 WARNING src.options_filter: UNKNOWN: options data unavailable from all sources
2026-08-25 15:03:55,416 ERROR yfinance: $UNKNOWN: No data found, symbol may be delisted
2026-08-25 15:03:59,539 WARNING src.options_filter: UNKNOWN: options data unavailable from all sources
2026-08-25 15:04:00,276 ERROR yfinance: $UNKNOWN: No data found, symbol may be delisted
2026-08-25 15:04:04,456 WARNING src.options_filter: UNKNOWN: options data unavailable from all sources
2026-08-25 15:04:04,651 ERROR yfinance: $UNKNOWN: No data found, symbol may be delisted
2026-08-25 15:04:08,794 WARNING src.options_filter: UNKNOWN: options data unavailable from all sources
2026-08-25 15:04:08,984 ERROR yfinance: $UNKNOWN: No data found, symbol may be delisted
2026-08-25 15:04:13,116 WARNING src.options_filter: UNKNOWN: options data unavailable from all sources
2026-08-25 15:04:13,314 ERROR yfinance: $UNKNOWN: No data found, symbol may be delisted
2026-08-25 15:04:17,475 WARNING src.options_filter: UNKNOWN: options data unavailable from all sources
2026-08-25 15:04:17,686 ERROR yfinance: $UNKNOWN: No data found, symbol may be delisted
2026-08-25 15:04:21,851 WARNING src.options_filter: UNKNOWN: options data unavailable from all sources
2026-08-25 15:04:22,006 ERROR yfinance: $UNKNOWN: No data found, symbol may be delisted
2026-08-25 15:04:26,149 WARNING src.options_filter: UNKNOWN: options data unavailable from all sources
2026-08-25 15:04:26,411 ERROR yfinance: $UNKNOWN: No data found, symbol may be delisted
2026-08-25 15:04:30,557 WARNING src.options_filter: UNKNOWN: options data unavailable from all sources
2026-08-25 15:04:30,730 ERROR yfinance: $UNKNOWN: No data found, symbol may be delisted
2026-08-25 15:04:34,876 WARNING src.options_filter: UNKNOWN: options data unavailable from all sources
2026-08-25 15:04:35,150 ERROR yfinance: $UNKNOWN: No data found, symbol may be delisted
2026-08-25 15:04:39,289 WARNING src.options_filter: UNKNOWN: options data unavailable from all sources
2026-08-25 15:04:39,468 ERROR yfinance: $UNKNOWN: No data found, symbol may be delisted
2026-08-25 15:04:43,766 WARNING src.options_filter: UNKNOWN: options data unavailable from all sources
2026-08-25 15:04:44,056 ERROR yfinance: $UNKNOWN: No data found, symbol may be delisted
2026-08-25 15:04:48,237 WARNING src.options_filter: UNKNOWN: options data unavailable from all sources
2026-08-25 15:04:48,449 ERROR yfinance: $UNKNOWN: No data found, symbol may be delisted
2026-08-25 15:04:52,626 WARNING src.options_filter: UNKNOWN: options data unavailable from all sources
2026-08-25 15:04:52,813 ERROR yfinance: $UNKNOWN: No data found, symbol may be delisted
2026-08-25 15:04:56,976 WARNING src.options_filter: UNKNOWN: options data unavailable from all sources
2026-08-25 15:04:57,143 ERROR yfinance: $UNKNOWN: No data found, symbol may be delisted
2026-08-25 15:05:01,308 WARNING src.options_filter: UNKNOWN: options data unavailable from all sources
2026-08-25 15:05:01,567 ERROR yfinance: $UNKNOWN: No data found, symbol may be delisted
2026-08-25 15:05:05,693 WARNING src.options_filter: UNKNOWN: options data unavailable from all sources
2026-08-25 15:05:05,831 ERROR yfinance: $UNKNOWN: No data found, symbol may be delisted
2026-08-25 15:05:09,967 WARNING src.options_filter: UNKNOWN: options data unavailable from all sources
2026-08-25 15:05:10,119 ERROR yfinance: $UNKNOWN: No data found, symbol may be delisted
2026-08-25 15:05:14,310 WARNING src.options_filter: UNKNOWN: options data unavailable from all sources
2026-08-25 15:05:14,476 ERROR yfinance: $UNKNOWN: No data found, symbol may be delisted
2026-08-25 15:05:18,640 WARNING src.options_filter: UNKNOWN: options data unavailable from all sources
2026-08-25 15:05:18,870 ERROR yfinance: $UNKNOWN: No data found, symbol may be delisted
2026-08-25 15:05:23,041 WARNING src.options_filter: UNKNOWN: options data unavailable from all sources
2026-08-25 15:05:23,255 ERROR yfinance: $UNKNOWN: No data found, symbol may be delisted
2026-08-25 15:05:27,393 WARNING src.options_filter: UNKNOWN: options data unavailable from all sources
2026-08-25 15:05:27,634 ERROR yfinance: $UNKNOWN: No data found, symbol may be delisted
2026-08-25 15:05:31,780 WARNING src.options_filter: UNKNOWN: options data unavailable from all sources
2026-08-25 15:05:31,942 ERROR yfinance: $UNKNOWN: No data found, symbol may be delisted
2026-08-25 15:05:36,131 WARNING src.options_filter: UNKNOWN: options data unavailable from all sources
2026-08-25 15:05:36,342 ERROR yfinance: $UNKNOWN: No data found, symbol may be delisted
2026-08-25 15:05:40,482 WARNING src.options_filter: UNKNOWN: options data unavailable from all sources
2026-08-25 15:05:40,683 ERROR yfinance: $UNKNOWN: No data found, symbol may be delisted
2026-08-25 15:05:44,831 WARNING src.options_filter: UNKNOWN: options data unavailable from all sources
2026-08-25 15:05:45,018 ERROR yfinance: $UNKNOWN: No data found, symbol may be delisted
2026-08-25 15:05:49,163 WARNING src.options_filter: UNKNOWN: options data unavailable from all sources
2026-08-25 15:05:49,356 ERROR yfinance: $UNKNOWN: No data found, symbol may be delisted
2026-08-25 15:05:53,518 WARNING src.options_filter: UNKNOWN: options data unavailable from all sources
2026-08-25 15:05:53,730 ERROR yfinance: $UNKNOWN: No data found, symbol may be delisted
2026-08-25 15:05:57,851 WARNING src.options_filter: UNKNOWN: options data unavailable from all sources
2026-08-25 15:05:58,039 ERROR yfinance: $UNKNOWN: No data found, symbol may be delisted
2026-08-25 15:06:02,186 WARNING src.options_filter: UNKNOWN: options data unavailable from all sources
2026-08-25 15:06:02,403 ERROR yfinance: $UNKNOWN: No data found, symbol may be delisted
2026-08-25 15:06:06,550 WARNING src.options_filter: UNKNOWN: options data unavailable from all sources
2026-08-25 15:06:06,748 ERROR yfinance: $UNKNOWN: No data found, symbol may be delisted
2026-08-25 15:06:10,886 WARNING src.options_filter: UNKNOWN: options data unavailable from all sources
2026-08-25 15:06:11,068 ERROR yfinance: $UNKNOWN: No data found, symbol may be delisted
2026-08-25 15:06:15,244 WARNING src.options_filter: UNKNOWN: options data unavailable from all sources
2026-08-25 15:06:15,456 ERROR yfinance: $UNKNOWN: No data found, symbol may be delisted
2026-08-25 15:06:19,596 WARNING src.options_filter: UNKNOWN: options data unavailable from all sources
2026-08-25 15:06:19,774 ERROR yfinance: $UNKNOWN: No data found, symbol may be delisted
2026-08-25 15:06:23,913 WARNING src.options_filter: UNKNOWN: options data unavailable from all sources
2026-08-25 15:06:24,126 ERROR yfinance: $UNKNOWN: No data found, symbol may be delisted
2026-08-25 15:06:28,278 WARNING src.options_filter: UNKNOWN: options data unavailable from all sources
2026-08-25 15:06:28,444 ERROR yfinance: $UNKNOWN: No data found, symbol may be delisted
2026-08-25 15:06:32,599 WARNING src.options_filter: UNKNOWN: options data unavailable from all sources
2026-08-25 15:06:32,800 ERROR yfinance: $UNKNOWN: No data found, symbol may be delisted
2026-08-25 15:06:37,005 WARNING src.options_filter: UNKNOWN: options data unavailable from all sources
2026-08-25 15:06:37,182 ERROR yfinance: $UNKNOWN: No data found, symbol may be delisted
2026-08-25 15:06:41,326 WARNING src.options_filter: UNKNOWN: options data unavailable from all sources
2026-08-25 15:06:41,514 ERROR yfinance: $UNKNOWN: No data found, symbol may be delisted
2026-08-25 15:06:45,646 WARNING src.options_filter: UNKNOWN: options data unavailable from all sources
2026-08-25 15:06:45,815 ERROR yfinance: $UNKNOWN: No data found, symbol may be delisted
2026-08-25 15:06:49,955 WARNING src.options_filter: UNKNOWN: options data unavailable from all sources
2026-08-25 15:06:50,307 ERROR yfinance: $UNKNOWN: No data found, symbol may be delisted
2026-08-25 15:06:54,451 WARNING src.options_filter: UNKNOWN: options data unavailable from all sources
2026-08-25 15:06:54,620 ERROR yfinance: $UNKNOWN: No data found, symbol may be delisted
2026-08-25 15:06:58,778 WARNING src.options_filter: UNKNOWN: options data unavailable from all sources
2026-08-25 15:06:58,959 ERROR yfinance: $UNKNOWN: No data found, symbol may be delisted
2026-08-25 15:07:03,122 WARNING src.options_filter: UNKNOWN: options data unavailable from all sources
2026-08-25 15:07:03,320 ERROR yfinance: $UNKNOWN: No data found, symbol may be delisted
2026-08-25 15:07:07,513 WARNING src.options_filter: UNKNOWN: options data unavailable from all sources
2026-08-25 15:07:07,690 ERROR yfinance: $UNKNOWN: No data found, symbol may be delisted
2026-08-25 15:07:11,975 WARNING src.options_filter: UNKNOWN: options data unavailable from all sources
2026-08-25 15:07:12,194 ERROR yfinance: $UNKNOWN: No data found, symbol may be delisted
2026-08-25 15:07:16,340 WARNING src.options_filter: UNKNOWN: options data unavailable from all sources
2026-08-25 15:07:16,507 ERROR yfinance: $UNKNOWN: No data found, symbol may be delisted
2026-08-25 15:07:20,659 WARNING src.options_filter: UNKNOWN: options data unavailable from all sources
2026-08-25 15:07:20,829 ERROR yfinance: $UNKNOWN: No data found, symbol may be delisted
2026-08-25 15:07:24,984 WARNING src.options_filter: UNKNOWN: options data unavailable from all sources
2026-08-25 15:07:25,199 ERROR yfinance: $UNKNOWN: No data found, symbol may be delisted
2026-08-25 15:07:29,336 WARNING src.options_filter: UNKNOWN: options data unavailable from all sources
2026-08-25 15:07:29,336 INFO run_daily: Passed options gate: 96 events
2026-08-25 15:07:29,336 INFO run_daily: Step 7: enriching 96 events
2026-08-25 15:07:36,789 INFO run_daily: Step 8: dedup
2026-08-25 15:07:36,790 INFO run_daily: Step 9: ranking
2026-08-25 15:07:36,790 INFO run_daily: Step 10: writing digest
2026-08-25 15:07:36,819 INFO src.digest_writer: digest written: output/market_radar_2026-08-25.html
2026-08-25 15:07:36,819 INFO run_daily: === Done: output/market_radar_2026-08-25.html ===
