2026-09-03 16:58:19,208 INFO run_daily: === Market Event Radar starting — 2026-09-03 ===
2026-09-03 16:58:19,210 INFO run_daily: Step 1: fetching earnings calendar
2026-09-03 16:58:30,955 INFO src.event_fetcher: nasdaq earnings: 146 entries across 7 days
2026-09-03 16:58:32,272 INFO src.event_fetcher: finnhub earnings: 167 entries
2026-09-03 16:58:32,272 INFO src.event_fetcher: merged earnings universe: 237 unique tickers
2026-09-03 16:58:32,272 INFO run_daily: Step 2: fetching 8-K filings
2026-09-03 16:58:32,602 INFO src.event_fetcher: edgar 8-K filings: 100
2026-09-03 16:58:33,036 INFO run_daily: Step 3: building universe
2026-09-03 16:58:33,036 INFO src.universe: universe: 35 tickers (10 watchlist, 25 discovered)
2026-09-03 16:58:33,036 INFO run_daily: Universe: 35 tickers
2026-09-03 16:58:33,036 INFO run_daily: Step 4: yfinance cross-check for 35 tickers
2026-09-03 16:58:47,228 INFO run_daily: Step 5: building earnings events
2026-09-03 16:58:47,229 INFO src.source_merger: earnings events built: 237
2026-09-03 16:58:47,229 INFO run_daily: Step 5b: building 8-K events
2026-09-03 16:58:47,231 INFO run_daily: Step 6: options filter (337 candidates)
2026-09-03 16:58:56,191 WARNING src.options_filter: ADNH: options data unavailable from all sources
2026-09-03 16:59:00,766 WARNING src.options_filter: AENT: options data unavailable from all sources
2026-09-03 16:59:08,023 WARNING src.options_filter: BDRX: options data unavailable from all sources
2026-09-03 16:59:12,627 WARNING src.options_filter: EVI: options data unavailable from all sources
2026-09-03 16:59:17,216 WARNING src.options_filter: FGNV: options data unavailable from all sources
2026-09-03 16:59:24,864 WARNING src.options_filter: GWLL: options data unavailable from all sources
2026-09-03 16:59:29,419 WARNING src.options_filter: HEOL: options data unavailable from all sources
2026-09-03 16:59:33,993 WARNING src.options_filter: HUIZ: options data unavailable from all sources
2026-09-03 16:59:44,562 WARNING src.options_filter: IHT: options data unavailable from all sources
2026-09-03 16:59:49,163 WARNING src.options_filter: JVA: options data unavailable from all sources
2026-09-03 16:59:53,667 WARNING src.options_filter: KXIN: options data unavailable from all sources
2026-09-03 16:59:58,249 WARNING src.options_filter: LBSR: options data unavailable from all sources
2026-09-03 17:00:13,718 WARNING src.options_filter: NOBH: options data unavailable from all sources
2026-09-03 17:00:18,410 WARNING src.options_filter: OCC: options data unavailable from all sources
2026-09-03 17:00:23,002 WARNING src.options_filter: OCCI: options data unavailable from all sources
2026-09-03 17:00:30,277 WARNING src.options_filter: RSKIA: options data unavailable from all sources
2026-09-03 17:00:38,032 WARNING src.options_filter: TBBA: options data unavailable from all sources
2026-09-03 17:00:45,401 WARNING src.options_filter: CYTOF: options data unavailable from all sources
2026-09-03 17:00:49,353 WARNING src.options_filter: HIHO: options data unavailable from all sources
2026-09-03 17:00:53,145 WARNING src.options_filter: IDWM: options data unavailable from all sources
2026-09-03 17:00:56,928 WARNING src.options_filter: JOCM: options data unavailable from all sources
2026-09-03 17:01:00,710 WARNING src.options_filter: KEQU: options data unavailable from all sources
2026-09-03 17:01:05,231 WARNING src.options_filter: RSSS: options data unavailable from all sources
2026-09-03 17:01:05,481 ERROR yfinance: $SBSAA: possibly delisted; no price data found  (period=1mo)
2026-09-03 17:01:09,785 WARNING src.options_filter: SBSAA: options data unavailable from all sources
2026-09-03 17:01:21,507 WARNING src.options_filter: AEF: options data unavailable from all sources
2026-09-03 17:01:26,039 WARNING src.options_filter: ALZN: options data unavailable from all sources
2026-09-03 17:01:44,695 WARNING src.options_filter: GMHS: options data unavailable from all sources
2026-09-03 17:01:49,278 WARNING src.options_filter: HTOO: options data unavailable from all sources
2026-09-03 17:01:53,955 WARNING src.options_filter: IFBD: options data unavailable from all sources
2026-09-03 17:02:01,503 WARNING src.options_filter: MIND: options data unavailable from all sources
2026-09-03 17:02:06,024 WARNING src.options_filter: MLGO: options data unavailable from all sources
2026-09-03 17:02:10,619 WARNING src.options_filter: SHMP: options data unavailable from all sources
2026-09-03 17:02:19,023 WARNING src.options_filter: VNCE: options data unavailable from all sources
2026-09-03 17:02:23,682 WARNING src.options_filter: WDH: options data unavailable from all sources
2026-09-03 17:02:27,452 WARNING src.options_filter: ALOT: options data unavailable from all sources
2026-09-03 17:02:31,218 WARNING src.options_filter: BNR: options data unavailable from all sources
2026-09-03 17:02:34,970 WARNING src.options_filter: BWTL: options data unavailable from all sources
2026-09-03 17:02:38,725 WARNING src.options_filter: FFA: options data unavailable from all sources
2026-09-03 17:02:42,472 WARNING src.options_filter: GLU: options data unavailable from all sources
2026-09-03 17:02:46,235 WARNING src.options_filter: IFN: options data unavailable from all sources
2026-09-03 17:02:49,992 WARNING src.options_filter: LITB: options data unavailable from all sources
2026-09-03 17:02:53,745 WARNING src.options_filter: MPV: options data unavailable from all sources
2026-09-03 17:02:57,501 WARNING src.options_filter: NTRB: options data unavailable from all sources
2026-09-03 17:03:01,344 WARNING src.options_filter: RCG: options data unavailable from all sources
2026-09-03 17:03:02,331 ERROR yfinance: $SBOX: No data found, symbol may be delisted
2026-09-03 17:03:06,645 WARNING src.options_filter: SBOX: options data unavailable from all sources
2026-09-03 17:03:10,390 WARNING src.options_filter: SKIL: options data unavailable from all sources
2026-09-03 17:03:14,148 WARNING src.options_filter: SOR: options data unavailable from all sources
2026-09-03 17:03:17,905 WARNING src.options_filter: SWVL: options data unavailable from all sources
2026-09-03 17:03:21,660 WARNING src.options_filter: RFMZ: options data unavailable from all sources
2026-09-03 17:03:25,414 WARNING src.options_filter: ARDC: options data unavailable from all sources
2026-09-03 17:03:29,170 WARNING src.options_filter: BDJ: options data unavailable from all sources
2026-09-03 17:03:32,969 WARNING src.options_filter: HURC: options data unavailable from all sources
2026-09-03 17:03:36,773 WARNING src.options_filter: PAXS: options data unavailable from all sources
2026-09-03 17:03:40,529 WARNING src.options_filter: ASG: options data unavailable from all sources
2026-09-03 17:03:44,336 WARNING src.options_filter: AUSI: options data unavailable from all sources
2026-09-03 17:03:48,118 WARNING src.options_filter: FOF: options data unavailable from all sources
2026-09-03 17:03:51,892 WARNING src.options_filter: GLCP: options data unavailable from all sources
2026-09-03 17:03:55,649 WARNING src.options_filter: GTIJF: options data unavailable from all sources
2026-09-03 17:03:59,399 WARNING src.options_filter: HGTXU: options data unavailable from all sources
2026-09-03 17:04:03,157 WARNING src.options_filter: IBIO: options data unavailable from all sources
2026-09-03 17:04:06,911 WARNING src.options_filter: JCE: options data unavailable from all sources
2026-09-03 17:04:10,730 WARNING src.options_filter: OPP: options data unavailable from all sources
2026-09-03 17:04:14,494 WARNING src.options_filter: PCM: options data unavailable from all sources
2026-09-03 17:04:18,249 WARNING src.options_filter: PCQ: options data unavailable from all sources
2026-09-03 17:04:22,010 WARNING src.options_filter: PDI: options data unavailable from all sources
2026-09-03 17:04:25,757 WARNING src.options_filter: PDO: options data unavailable from all sources
2026-09-03 17:04:29,669 WARNING src.options_filter: PDX: options data unavailable from all sources
2026-09-03 17:04:33,409 WARNING src.options_filter: PFL: options data unavailable from all sources
2026-09-03 17:04:37,172 WARNING src.options_filter: PGP: options data unavailable from all sources
2026-09-03 17:04:40,932 WARNING src.options_filter: PHK: options data unavailable from all sources
2026-09-03 17:04:44,678 WARNING src.options_filter: PNI: options data unavailable from all sources
2026-09-03 17:04:48,452 WARNING src.options_filter: PSF: options data unavailable from all sources
2026-09-03 17:04:52,195 WARNING src.options_filter: RFI: options data unavailable from all sources
2026-09-03 17:04:55,945 WARNING src.options_filter: RQI: options data unavailable from all sources
2026-09-03 17:04:59,692 WARNING src.options_filter: USA: options data unavailable from all sources
2026-09-03 17:05:03,457 WARNING src.options_filter: UTF: options data unavailable from all sources
2026-09-03 17:05:10,365 WARNING src.options_filter: LND: options data unavailable from all sources
2026-09-03 17:05:14,113 WARNING src.options_filter: PDEX: options data unavailable from all sources
2026-09-03 17:05:18,105 WARNING src.options_filter: EONR: options data unavailable from all sources
2026-09-03 17:05:21,844 WARNING src.options_filter: CMMB: options data unavailable from all sources
2026-09-03 17:05:25,582 WARNING src.options_filter: SMXT: options data unavailable from all sources
2026-09-03 17:05:29,331 WARNING src.options_filter: REBN: options data unavailable from all sources
2026-09-03 17:05:33,862 WARNING src.options_filter: ALAR: options data unavailable from all sources
2026-09-03 17:05:37,608 WARNING src.options_filter: BTTC: options data unavailable from all sources
2026-09-03 17:05:42,128 WARNING src.options_filter: GLMD: options data unavailable from all sources
2026-09-03 17:05:45,887 WARNING src.options_filter: IPST: options data unavailable from all sources
2026-09-03 17:05:49,636 WARNING src.options_filter: SNYR: options data unavailable from all sources
2026-09-03 17:05:53,384 WARNING src.options_filter: HTLM: options data unavailable from all sources
2026-09-03 17:05:57,929 WARNING src.options_filter: ZONE: options data unavailable from all sources
2026-09-03 17:06:01,672 WARNING src.options_filter: GITS: options data unavailable from all sources
2026-09-03 17:06:05,426 WARNING src.options_filter: CHRN: options data unavailable from all sources
2026-09-03 17:06:09,187 WARNING src.options_filter: CURR: options data unavailable from all sources
2026-09-03 17:06:12,931 WARNING src.options_filter: FRGT: options data unavailable from all sources
2026-09-03 17:06:16,695 WARNING src.options_filter: AXR: options data unavailable from all sources
2026-09-03 17:06:20,451 WARNING src.options_filter: ALPS: options data unavailable from all sources
2026-09-03 17:06:24,198 WARNING src.options_filter: AAME: options data unavailable from all sources
2026-09-03 17:06:27,969 WARNING src.options_filter: BRLS: options data unavailable from all sources
2026-09-03 17:06:31,791 WARNING src.options_filter: SEGG: options data unavailable from all sources
2026-09-03 17:06:35,536 WARNING src.options_filter: BRTX: options data unavailable from all sources
2026-09-03 17:06:39,378 WARNING src.options_filter: SHPH: options data unavailable from all sources
2026-09-03 17:06:43,311 WARNING src.options_filter: GTEN: options data unavailable from all sources
2026-09-03 17:06:50,234 WARNING src.options_filter: YB: options data unavailable from all sources
2026-09-03 17:06:54,825 WARNING src.options_filter: JILL: options data unavailable from all sources
2026-09-03 17:06:58,582 WARNING src.options_filter: RYDE: options data unavailable from all sources
2026-09-03 17:07:02,529 WARNING src.options_filter: AACG: options data unavailable from all sources
2026-09-03 17:07:06,344 WARNING src.options_filter: SJ: options data unavailable from all sources
2026-09-03 17:07:10,109 WARNING src.options_filter: ATCH: options data unavailable from all sources
2026-09-03 17:07:13,874 WARNING src.options_filter: PTN: options data unavailable from all sources
2026-09-03 17:07:17,692 WARNING src.options_filter: CRMT: options data unavailable from all sources
2026-09-03 17:07:21,452 WARNING src.options_filter: GAUZ: options data unavailable from all sources
2026-09-03 17:07:25,217 WARNING src.options_filter: GURE: options data unavailable from all sources
2026-09-03 17:07:28,974 WARNING src.options_filter: LKSP: options data unavailable from all sources
2026-09-03 17:07:32,745 WARNING src.options_filter: RGS: options data unavailable from all sources
2026-09-03 17:07:33,624 ERROR yfinance: HTTP Error 404: {"quoteSummary":{"result":null,"error":{"code":"Not Found","description":"Quote not found for symbol: UNKNOWN"}}}
2026-09-03 17:07:34,206 ERROR yfinance: $UNKNOWN: No data found, symbol may be delisted
2026-09-03 17:07:38,457 WARNING src.options_filter: UNKNOWN: options data unavailable from all sources
2026-09-03 17:07:38,856 ERROR yfinance: $UNKNOWN: No data found, symbol may be delisted
2026-09-03 17:07:43,182 WARNING src.options_filter: UNKNOWN: options data unavailable from all sources
2026-09-03 17:07:43,598 ERROR yfinance: $UNKNOWN: No data found, symbol may be delisted
2026-09-03 17:07:47,881 WARNING src.options_filter: UNKNOWN: options data unavailable from all sources
2026-09-03 17:07:48,352 ERROR yfinance: $UNKNOWN: No data found, symbol may be delisted
2026-09-03 17:07:52,615 WARNING src.options_filter: UNKNOWN: options data unavailable from all sources
2026-09-03 17:07:52,974 ERROR yfinance: $UNKNOWN: No data found, symbol may be delisted
2026-09-03 17:07:57,230 WARNING src.options_filter: UNKNOWN: options data unavailable from all sources
2026-09-03 17:07:57,558 ERROR yfinance: $UNKNOWN: No data found, symbol may be delisted
2026-09-03 17:08:02,134 WARNING src.options_filter: UNKNOWN: options data unavailable from all sources
2026-09-03 17:08:02,493 ERROR yfinance: $UNKNOWN: No data found, symbol may be delisted
2026-09-03 17:08:07,008 WARNING src.options_filter: UNKNOWN: options data unavailable from all sources
2026-09-03 17:08:07,313 ERROR yfinance: $UNKNOWN: No data found, symbol may be delisted
2026-09-03 17:08:11,755 WARNING src.options_filter: UNKNOWN: options data unavailable from all sources
2026-09-03 17:08:12,128 ERROR yfinance: $UNKNOWN: No data found, symbol may be delisted
2026-09-03 17:08:16,571 WARNING src.options_filter: UNKNOWN: options data unavailable from all sources
2026-09-03 17:08:16,887 ERROR yfinance: $UNKNOWN: No data found, symbol may be delisted
2026-09-03 17:08:21,332 WARNING src.options_filter: UNKNOWN: options data unavailable from all sources
2026-09-03 17:08:21,640 ERROR yfinance: $UNKNOWN: No data found, symbol may be delisted
2026-09-03 17:08:26,135 WARNING src.options_filter: UNKNOWN: options data unavailable from all sources
2026-09-03 17:08:26,514 ERROR yfinance: $UNKNOWN: No data found, symbol may be delisted
2026-09-03 17:08:30,958 WARNING src.options_filter: UNKNOWN: options data unavailable from all sources
2026-09-03 17:08:31,266 ERROR yfinance: $UNKNOWN: No data found, symbol may be delisted
2026-09-03 17:08:35,715 WARNING src.options_filter: UNKNOWN: options data unavailable from all sources
2026-09-03 17:08:36,069 ERROR yfinance: $UNKNOWN: No data found, symbol may be delisted
2026-09-03 17:08:40,512 WARNING src.options_filter: UNKNOWN: options data unavailable from all sources
2026-09-03 17:08:40,886 ERROR yfinance: $UNKNOWN: No data found, symbol may be delisted
2026-09-03 17:08:45,333 WARNING src.options_filter: UNKNOWN: options data unavailable from all sources
2026-09-03 17:08:45,773 ERROR yfinance: $UNKNOWN: No data found, symbol may be delisted
2026-09-03 17:08:50,397 WARNING src.options_filter: UNKNOWN: options data unavailable from all sources
2026-09-03 17:08:50,701 ERROR yfinance: $UNKNOWN: No data found, symbol may be delisted
2026-09-03 17:08:55,134 WARNING src.options_filter: UNKNOWN: options data unavailable from all sources
2026-09-03 17:08:59,880 WARNING src.options_filter: NRDY: options data unavailable from all sources
2026-09-03 17:09:04,657 WARNING src.options_filter: VATE: options data unavailable from all sources
2026-09-03 17:09:09,527 WARNING src.options_filter: VG: options data unavailable from all sources
2026-09-03 17:09:09,834 ERROR yfinance: $UNKNOWN: No data found, symbol may be delisted
2026-09-03 17:09:14,511 WARNING src.options_filter: UNKNOWN: options data unavailable from all sources
2026-09-03 17:09:14,857 ERROR yfinance: $UNKNOWN: No data found, symbol may be delisted
2026-09-03 17:09:19,118 WARNING src.options_filter: UNKNOWN: options data unavailable from all sources
2026-09-03 17:09:19,529 ERROR yfinance: $UNKNOWN: No data found, symbol may be delisted
2026-09-03 17:09:24,069 WARNING src.options_filter: UNKNOWN: options data unavailable from all sources
2026-09-03 17:09:24,439 ERROR yfinance: $UNKNOWN: No data found, symbol may be delisted
2026-09-03 17:09:28,968 WARNING src.options_filter: UNKNOWN: options data unavailable from all sources
2026-09-03 17:09:29,292 ERROR yfinance: $UNKNOWN: No data found, symbol may be delisted
2026-09-03 17:09:33,741 WARNING src.options_filter: UNKNOWN: options data unavailable from all sources
2026-09-03 17:09:34,138 ERROR yfinance: $UNKNOWN: No data found, symbol may be delisted
2026-09-03 17:09:38,575 WARNING src.options_filter: UNKNOWN: options data unavailable from all sources
2026-09-03 17:09:39,079 ERROR yfinance: $UNKNOWN: No data found, symbol may be delisted
2026-09-03 17:09:43,533 WARNING src.options_filter: UNKNOWN: options data unavailable from all sources
2026-09-03 17:09:43,862 ERROR yfinance: $UNKNOWN: No data found, symbol may be delisted
2026-09-03 17:09:48,357 WARNING src.options_filter: UNKNOWN: options data unavailable from all sources
2026-09-03 17:09:48,736 ERROR yfinance: $UNKNOWN: No data found, symbol may be delisted
2026-09-03 17:09:53,205 WARNING src.options_filter: UNKNOWN: options data unavailable from all sources
2026-09-03 17:09:53,517 ERROR yfinance: $UNKNOWN: No data found, symbol may be delisted
2026-09-03 17:09:58,010 WARNING src.options_filter: UNKNOWN: options data unavailable from all sources
2026-09-03 17:09:58,360 ERROR yfinance: $UNKNOWN: No data found, symbol may be delisted
2026-09-03 17:10:02,762 WARNING src.options_filter: UNKNOWN: options data unavailable from all sources
2026-09-03 17:10:03,072 ERROR yfinance: $UNKNOWN: No data found, symbol may be delisted
2026-09-03 17:10:07,566 WARNING src.options_filter: UNKNOWN: options data unavailable from all sources
2026-09-03 17:10:07,997 ERROR yfinance: $UNKNOWN: No data found, symbol may be delisted
2026-09-03 17:10:12,447 WARNING src.options_filter: UNKNOWN: options data unavailable from all sources
2026-09-03 17:10:12,754 ERROR yfinance: $UNKNOWN: No data found, symbol may be delisted
2026-09-03 17:10:17,334 WARNING src.options_filter: UNKNOWN: options data unavailable from all sources
2026-09-03 17:10:17,701 ERROR yfinance: $UNKNOWN: No data found, symbol may be delisted
2026-09-03 17:10:22,129 WARNING src.options_filter: UNKNOWN: options data unavailable from all sources
2026-09-03 17:10:22,513 ERROR yfinance: $UNKNOWN: No data found, symbol may be delisted
2026-09-03 17:10:27,024 WARNING src.options_filter: UNKNOWN: options data unavailable from all sources
2026-09-03 17:10:27,613 ERROR yfinance: $UNKNOWN: No data found, symbol may be delisted
2026-09-03 17:10:32,148 WARNING src.options_filter: UNKNOWN: options data unavailable from all sources
2026-09-03 17:10:32,465 ERROR yfinance: $UNKNOWN: No data found, symbol may be delisted
2026-09-03 17:10:36,883 WARNING src.options_filter: UNKNOWN: options data unavailable from all sources
2026-09-03 17:10:37,196 ERROR yfinance: $UNKNOWN: No data found, symbol may be delisted
2026-09-03 17:10:41,667 WARNING src.options_filter: UNKNOWN: options data unavailable from all sources
2026-09-03 17:10:42,028 ERROR yfinance: $UNKNOWN: No data found, symbol may be delisted
2026-09-03 17:10:46,600 WARNING src.options_filter: UNKNOWN: options data unavailable from all sources
2026-09-03 17:10:46,922 ERROR yfinance: $UNKNOWN: No data found, symbol may be delisted
2026-09-03 17:10:51,419 WARNING src.options_filter: UNKNOWN: options data unavailable from all sources
2026-09-03 17:10:51,726 ERROR yfinance: $UNKNOWN: No data found, symbol may be delisted
2026-09-03 17:10:56,183 WARNING src.options_filter: UNKNOWN: options data unavailable from all sources
2026-09-03 17:10:56,567 ERROR yfinance: $UNKNOWN: No data found, symbol may be delisted
2026-09-03 17:11:00,998 WARNING src.options_filter: UNKNOWN: options data unavailable from all sources
2026-09-03 17:11:01,442 ERROR yfinance: $UNKNOWN: No data found, symbol may be delisted
2026-09-03 17:11:05,898 WARNING src.options_filter: UNKNOWN: options data unavailable from all sources
2026-09-03 17:11:06,259 ERROR yfinance: $UNKNOWN: No data found, symbol may be delisted
2026-09-03 17:11:10,696 WARNING src.options_filter: UNKNOWN: options data unavailable from all sources
2026-09-03 17:11:11,009 ERROR yfinance: $UNKNOWN: No data found, symbol may be delisted
2026-09-03 17:11:15,437 WARNING src.options_filter: UNKNOWN: options data unavailable from all sources
2026-09-03 17:11:20,173 WARNING src.options_filter: ODFL: options data unavailable from all sources
2026-09-03 17:11:24,939 WARNING src.options_filter: NVCR: options data unavailable from all sources
2026-09-03 17:11:25,335 ERROR yfinance: $UNKNOWN: No data found, symbol may be delisted
2026-09-03 17:11:29,773 WARNING src.options_filter: UNKNOWN: options data unavailable from all sources
2026-09-03 17:11:30,164 ERROR yfinance: $UNKNOWN: No data found, symbol may be delisted
2026-09-03 17:11:34,595 WARNING src.options_filter: UNKNOWN: options data unavailable from all sources
2026-09-03 17:11:34,919 ERROR yfinance: $UNKNOWN: No data found, symbol may be delisted
2026-09-03 17:11:39,391 WARNING src.options_filter: UNKNOWN: options data unavailable from all sources
2026-09-03 17:11:39,743 ERROR yfinance: $UNKNOWN: No data found, symbol may be delisted
2026-09-03 17:11:44,193 WARNING src.options_filter: UNKNOWN: options data unavailable from all sources
2026-09-03 17:11:44,592 ERROR yfinance: $UNKNOWN: No data found, symbol may be delisted
2026-09-03 17:11:48,866 WARNING src.options_filter: UNKNOWN: options data unavailable from all sources
2026-09-03 17:11:49,221 ERROR yfinance: $UNKNOWN: No data found, symbol may be delisted
2026-09-03 17:11:53,780 WARNING src.options_filter: UNKNOWN: options data unavailable from all sources
2026-09-03 17:11:54,217 ERROR yfinance: $UNKNOWN: No data found, symbol may be delisted
2026-09-03 17:11:58,732 WARNING src.options_filter: UNKNOWN: options data unavailable from all sources
2026-09-03 17:11:59,071 ERROR yfinance: $UNKNOWN: No data found, symbol may be delisted
2026-09-03 17:12:03,569 WARNING src.options_filter: UNKNOWN: options data unavailable from all sources
2026-09-03 17:12:03,887 ERROR yfinance: $UNKNOWN: No data found, symbol may be delisted
2026-09-03 17:12:08,332 WARNING src.options_filter: UNKNOWN: options data unavailable from all sources
2026-09-03 17:12:08,712 ERROR yfinance: $UNKNOWN: No data found, symbol may be delisted
2026-09-03 17:12:13,147 WARNING src.options_filter: UNKNOWN: options data unavailable from all sources
2026-09-03 17:12:13,465 ERROR yfinance: $UNKNOWN: No data found, symbol may be delisted
2026-09-03 17:12:18,040 WARNING src.options_filter: UNKNOWN: options data unavailable from all sources
2026-09-03 17:12:18,446 ERROR yfinance: $UNKNOWN: No data found, symbol may be delisted
2026-09-03 17:12:22,864 WARNING src.options_filter: UNKNOWN: options data unavailable from all sources
2026-09-03 17:12:23,242 ERROR yfinance: $UNKNOWN: No data found, symbol may be delisted
2026-09-03 17:12:27,675 WARNING src.options_filter: UNKNOWN: options data unavailable from all sources
2026-09-03 17:12:28,000 ERROR yfinance: $UNKNOWN: No data found, symbol may be delisted
2026-09-03 17:12:32,528 WARNING src.options_filter: UNKNOWN: options data unavailable from all sources
2026-09-03 17:12:32,850 ERROR yfinance: $UNKNOWN: No data found, symbol may be delisted
2026-09-03 17:12:37,289 WARNING src.options_filter: UNKNOWN: options data unavailable from all sources
2026-09-03 17:12:37,635 ERROR yfinance: $UNKNOWN: No data found, symbol may be delisted
2026-09-03 17:12:42,110 WARNING src.options_filter: UNKNOWN: options data unavailable from all sources
2026-09-03 17:12:42,438 ERROR yfinance: $UNKNOWN: No data found, symbol may be delisted
2026-09-03 17:12:46,926 WARNING src.options_filter: UNKNOWN: options data unavailable from all sources
2026-09-03 17:12:47,466 ERROR yfinance: $UNKNOWN: No data found, symbol may be delisted
2026-09-03 17:12:51,895 WARNING src.options_filter: UNKNOWN: options data unavailable from all sources
2026-09-03 17:12:52,212 ERROR yfinance: $UNKNOWN: No data found, symbol may be delisted
2026-09-03 17:12:56,655 WARNING src.options_filter: UNKNOWN: options data unavailable from all sources
2026-09-03 17:12:57,027 ERROR yfinance: $UNKNOWN: No data found, symbol may be delisted
2026-09-03 17:13:01,561 WARNING src.options_filter: UNKNOWN: options data unavailable from all sources
2026-09-03 17:13:01,887 ERROR yfinance: $UNKNOWN: No data found, symbol may be delisted
2026-09-03 17:13:06,327 WARNING src.options_filter: UNKNOWN: options data unavailable from all sources
2026-09-03 17:13:06,709 ERROR yfinance: $UNKNOWN: No data found, symbol may be delisted
2026-09-03 17:13:11,153 WARNING src.options_filter: UNKNOWN: options data unavailable from all sources
2026-09-03 17:13:11,478 ERROR yfinance: $UNKNOWN: No data found, symbol may be delisted
2026-09-03 17:13:15,910 WARNING src.options_filter: UNKNOWN: options data unavailable from all sources
2026-09-03 17:13:16,230 ERROR yfinance: $UNKNOWN: No data found, symbol may be delisted
2026-09-03 17:13:20,720 WARNING src.options_filter: UNKNOWN: options data unavailable from all sources
2026-09-03 17:13:21,042 ERROR yfinance: $UNKNOWN: No data found, symbol may be delisted
2026-09-03 17:13:25,475 WARNING src.options_filter: UNKNOWN: options data unavailable from all sources
2026-09-03 17:13:25,781 ERROR yfinance: $UNKNOWN: No data found, symbol may be delisted
2026-09-03 17:13:30,259 WARNING src.options_filter: UNKNOWN: options data unavailable from all sources
2026-09-03 17:13:30,593 ERROR yfinance: $UNKNOWN: No data found, symbol may be delisted
2026-09-03 17:13:35,091 WARNING src.options_filter: UNKNOWN: options data unavailable from all sources
2026-09-03 17:13:35,402 ERROR yfinance: $UNKNOWN: No data found, symbol may be delisted
2026-09-03 17:13:39,891 WARNING src.options_filter: UNKNOWN: options data unavailable from all sources
2026-09-03 17:13:40,212 ERROR yfinance: $UNKNOWN: No data found, symbol may be delisted
2026-09-03 17:13:44,634 WARNING src.options_filter: UNKNOWN: options data unavailable from all sources
2026-09-03 17:13:44,963 ERROR yfinance: $UNKNOWN: No data found, symbol may be delisted
2026-09-03 17:13:49,397 WARNING src.options_filter: UNKNOWN: options data unavailable from all sources
2026-09-03 17:13:49,712 ERROR yfinance: $UNKNOWN: No data found, symbol may be delisted
2026-09-03 17:13:54,138 WARNING src.options_filter: UNKNOWN: options data unavailable from all sources
2026-09-03 17:13:54,453 ERROR yfinance: $UNKNOWN: No data found, symbol may be delisted
2026-09-03 17:13:58,896 WARNING src.options_filter: UNKNOWN: options data unavailable from all sources
2026-09-03 17:13:59,272 ERROR yfinance: $UNKNOWN: No data found, symbol may be delisted
2026-09-03 17:14:03,720 WARNING src.options_filter: UNKNOWN: options data unavailable from all sources
2026-09-03 17:14:07,652 WARNING src.options_filter: VATE: options data unavailable from all sources
2026-09-03 17:14:07,972 ERROR yfinance: $UNKNOWN: No data found, symbol may be delisted
2026-09-03 17:14:12,448 WARNING src.options_filter: UNKNOWN: options data unavailable from all sources
2026-09-03 17:14:16,070 ERROR yfinance: $UNKNOWN: No data found, symbol may be delisted
2026-09-03 17:14:20,593 WARNING src.options_filter: UNKNOWN: options data unavailable from all sources
2026-09-03 17:14:20,898 ERROR yfinance: $UNKNOWN: No data found, symbol may be delisted
2026-09-03 17:14:25,426 WARNING src.options_filter: UNKNOWN: options data unavailable from all sources
2026-09-03 17:14:25,750 ERROR yfinance: $UNKNOWN: No data found, symbol may be delisted
2026-09-03 17:14:30,247 WARNING src.options_filter: UNKNOWN: options data unavailable from all sources
2026-09-03 17:14:30,247 INFO run_daily: Passed options gate: 54 events
2026-09-03 17:14:30,247 INFO run_daily: Step 7: enriching 54 events
2026-09-03 17:14:30,534 ERROR yfinance: HTTP Error 401: {"finance":{"result":null,"error":{"code":"Unauthorized","description":"Invalid Crumb"}}}
2026-09-03 17:14:30,885 ERROR yfinance: HTTP Error 401: {"finance":{"result":null,"error":{"code":"Unauthorized","description":"User is unable to access this feature - https://bit.ly/yahoo-finance-api-feedback"}}}
2026-09-03 17:14:33,291 ERROR yfinance: HTTP Error 401: {"finance":{"result":null,"error":{"code":"Unauthorized","description":"Invalid Crumb"}}}
2026-09-03 17:14:33,625 ERROR yfinance: HTTP Error 401: {"finance":{"result":null,"error":{"code":"Unauthorized","description":"User is unable to access this feature - https://bit.ly/yahoo-finance-api-feedback"}}}
2026-09-03 17:14:35,747 ERROR yfinance: HTTP Error 401: {"finance":{"result":null,"error":{"code":"Unauthorized","description":"Invalid Crumb"}}}
2026-09-03 17:14:36,035 ERROR yfinance: HTTP Error 401: {"finance":{"result":null,"error":{"code":"Unauthorized","description":"User is unable to access this feature - https://bit.ly/yahoo-finance-api-feedback"}}}
2026-09-03 17:14:38,182 ERROR yfinance: HTTP Error 401: {"finance":{"result":null,"error":{"code":"Unauthorized","description":"Invalid Crumb"}}}
2026-09-03 17:14:38,574 ERROR yfinance: HTTP Error 401: {"finance":{"result":null,"error":{"code":"Unauthorized","description":"User is unable to access this feature - https://bit.ly/yahoo-finance-api-feedback"}}}
2026-09-03 17:14:40,768 ERROR yfinance: HTTP Error 401: {"finance":{"result":null,"error":{"code":"Unauthorized","description":"Invalid Crumb"}}}
2026-09-03 17:14:41,061 ERROR yfinance: HTTP Error 401: {"finance":{"result":null,"error":{"code":"Unauthorized","description":"User is unable to access this feature - https://bit.ly/yahoo-finance-api-feedback"}}}
2026-09-03 17:14:43,256 ERROR yfinance: HTTP Error 401: {"finance":{"result":null,"error":{"code":"Unauthorized","description":"Invalid Crumb"}}}
2026-09-03 17:14:43,553 ERROR yfinance: HTTP Error 401: {"finance":{"result":null,"error":{"code":"Unauthorized","description":"User is unable to access this feature - https://bit.ly/yahoo-finance-api-feedback"}}}
2026-09-03 17:14:45,621 ERROR yfinance: HTTP Error 401: {"finance":{"result":null,"error":{"code":"Unauthorized","description":"Invalid Crumb"}}}
2026-09-03 17:14:45,902 ERROR yfinance: HTTP Error 401: {"finance":{"result":null,"error":{"code":"Unauthorized","description":"User is unable to access this feature - https://bit.ly/yahoo-finance-api-feedback"}}}
2026-09-03 17:14:49,367 ERROR yfinance: HTTP Error 401: {"finance":{"result":null,"error":{"code":"Unauthorized","description":"Invalid Crumb"}}}
2026-09-03 17:14:49,657 ERROR yfinance: HTTP Error 401: {"finance":{"result":null,"error":{"code":"Unauthorized","description":"User is unable to access this feature - https://bit.ly/yahoo-finance-api-feedback"}}}
2026-09-03 17:14:55,178 ERROR yfinance: HTTP Error 401: {"finance":{"result":null,"error":{"code":"Unauthorized","description":"Invalid Crumb"}}}
2026-09-03 17:14:55,470 ERROR yfinance: HTTP Error 401: {"finance":{"result":null,"error":{"code":"Unauthorized","description":"User is unable to access this feature - https://bit.ly/yahoo-finance-api-feedback"}}}
2026-09-03 17:14:58,796 ERROR yfinance: HTTP Error 401: {"finance":{"result":null,"error":{"code":"Unauthorized","description":"Invalid Crumb"}}}
2026-09-03 17:14:59,266 ERROR yfinance: HTTP Error 401: {"finance":{"result":null,"error":{"code":"Unauthorized","description":"User is unable to access this feature - https://bit.ly/yahoo-finance-api-feedback"}}}
2026-09-03 17:15:02,346 INFO run_daily: Step 8: dedup
2026-09-03 17:15:02,347 INFO run_daily: Step 9: ranking
2026-09-03 17:15:02,347 INFO run_daily: Step 10: writing digest
2026-09-03 17:15:02,374 INFO src.digest_writer: digest written: output/market_radar_2026-09-03.html
2026-09-03 17:15:02,374 INFO run_daily: === Done: output/market_radar_2026-09-03.html ===
