2026-09-10 16:56:06,143 INFO run_daily: === Market Event Radar starting — 2026-09-10 ===
2026-09-10 16:56:06,145 INFO run_daily: Step 1: fetching earnings calendar
2026-09-10 16:56:19,041 INFO src.event_fetcher: nasdaq earnings: 109 entries across 7 days
2026-09-10 16:56:20,376 INFO src.event_fetcher: finnhub earnings: 94 entries
2026-09-10 16:56:20,376 INFO src.event_fetcher: merged earnings universe: 164 unique tickers
2026-09-10 16:56:20,376 INFO run_daily: Step 2: fetching 8-K filings
2026-09-10 16:56:22,762 INFO src.event_fetcher: edgar 8-K filings: 100
2026-09-10 16:56:23,086 INFO run_daily: Step 3: building universe
2026-09-10 16:56:23,086 INFO src.universe: universe: 35 tickers (10 watchlist, 25 discovered)
2026-09-10 16:56:23,086 INFO run_daily: Universe: 35 tickers
2026-09-10 16:56:23,086 INFO run_daily: Step 4: yfinance cross-check for 35 tickers
2026-09-10 16:56:30,761 ERROR yfinance: HTTP Error 404: {"quoteSummary":{"result":null,"error":{"code":"Not Found","description":"Quote not found for symbol: KPHMW"}}}
2026-09-10 16:56:38,249 INFO run_daily: Step 5: building earnings events
2026-09-10 16:56:38,249 INFO src.source_merger: earnings events built: 164
2026-09-10 16:56:38,249 INFO run_daily: Step 5b: building 8-K events
2026-09-10 16:56:38,251 INFO run_daily: Step 6: options filter (264 candidates)
2026-09-10 16:56:42,178 WARNING src.options_filter: ESP: options data unavailable from all sources
2026-09-10 16:56:46,743 WARNING src.options_filter: GFLT: options data unavailable from all sources
2026-09-10 16:56:51,255 WARNING src.options_filter: GWOX: options data unavailable from all sources
2026-09-10 16:56:55,763 WARNING src.options_filter: HUHU: options data unavailable from all sources
2026-09-10 16:57:00,274 WARNING src.options_filter: INTE: options data unavailable from all sources
2026-09-10 16:57:04,822 WARNING src.options_filter: ITOX: options data unavailable from all sources
2026-09-10 16:57:09,311 WARNING src.options_filter: JF: options data unavailable from all sources
2026-09-10 16:57:13,794 WARNING src.options_filter: OWPC: options data unavailable from all sources
2026-09-10 16:57:20,775 WARNING src.options_filter: TRT: options data unavailable from all sources
2026-09-10 16:57:20,994 ERROR yfinance: $WDSP: possibly delisted; no price data found  (period=1mo)
2026-09-10 16:57:25,283 WARNING src.options_filter: WDSP: options data unavailable from all sources
2026-09-10 16:57:31,548 WARNING src.options_filter: LGCY: options data unavailable from all sources
2026-09-10 16:57:35,337 WARNING src.options_filter: AXR: options data unavailable from all sources
2026-09-10 16:57:39,897 WARNING src.options_filter: DDDX: options data unavailable from all sources
2026-09-10 16:57:51,949 WARNING src.options_filter: HERE: options data unavailable from all sources
2026-09-10 16:58:00,160 WARNING src.options_filter: PLUR: options data unavailable from all sources
2026-09-10 16:58:10,478 WARNING src.options_filter: YI: options data unavailable from all sources
2026-09-10 16:58:14,924 WARNING src.options_filter: YYGH: options data unavailable from all sources
2026-09-10 16:58:18,697 WARNING src.options_filter: BRRE: options data unavailable from all sources
2026-09-10 16:58:19,311 ERROR yfinance: HTTP Error 404: {"quoteSummary":{"result":null,"error":{"code":"Not Found","description":"Quote not found for symbol: CLSD"}}}
2026-09-10 16:58:19,833 ERROR yfinance: $CLSD: No data found, symbol may be delisted
2026-09-10 16:58:24,135 WARNING src.options_filter: CLSD: options data unavailable from all sources
2026-09-10 16:58:27,897 WARNING src.options_filter: CODA: options data unavailable from all sources
2026-09-10 16:58:31,651 WARNING src.options_filter: EBZT: options data unavailable from all sources
2026-09-10 16:58:35,429 WARNING src.options_filter: GFAI: options data unavailable from all sources
2026-09-10 16:58:39,177 WARNING src.options_filter: HYSR: options data unavailable from all sources
2026-09-10 16:58:42,923 WARNING src.options_filter: IVDN: options data unavailable from all sources
2026-09-10 16:58:46,689 WARNING src.options_filter: KARX: options data unavailable from all sources
2026-09-10 16:58:50,435 WARNING src.options_filter: KAVL: options data unavailable from all sources
2026-09-10 16:58:54,189 WARNING src.options_filter: KMTS: options data unavailable from all sources
2026-09-10 16:58:57,935 WARNING src.options_filter: KRKR: options data unavailable from all sources
2026-09-10 16:59:01,729 WARNING src.options_filter: PBSV: options data unavailable from all sources
2026-09-10 16:59:05,484 WARNING src.options_filter: SKKY: options data unavailable from all sources
2026-09-10 16:59:09,239 WARNING src.options_filter: TC: options data unavailable from all sources
2026-09-10 16:59:13,012 WARNING src.options_filter: VALU: options data unavailable from all sources
2026-09-10 16:59:16,773 WARNING src.options_filter: YIBO: options data unavailable from all sources
2026-09-10 16:59:20,714 WARNING src.options_filter: ZEOX: options data unavailable from all sources
2026-09-10 16:59:24,469 WARNING src.options_filter: BUKS: options data unavailable from all sources
2026-09-10 16:59:28,227 WARNING src.options_filter: CRMT: options data unavailable from all sources
2026-09-10 16:59:31,982 WARNING src.options_filter: RENT: options data unavailable from all sources
2026-09-10 16:59:35,738 WARNING src.options_filter: TMXN: options data unavailable from all sources
2026-09-10 16:59:39,489 WARNING src.options_filter: ADNH: options data unavailable from all sources
2026-09-10 16:59:43,237 WARNING src.options_filter: AENT: options data unavailable from all sources
2026-09-10 16:59:46,983 WARNING src.options_filter: BDRX: options data unavailable from all sources
2026-09-10 16:59:50,741 WARNING src.options_filter: EVI: options data unavailable from all sources
2026-09-10 16:59:54,530 WARNING src.options_filter: FGNV: options data unavailable from all sources
2026-09-10 16:59:58,298 WARNING src.options_filter: GWLL: options data unavailable from all sources
2026-09-10 17:00:02,065 WARNING src.options_filter: HEOL: options data unavailable from all sources
2026-09-10 17:00:05,834 WARNING src.options_filter: HUIZ: options data unavailable from all sources
2026-09-10 17:00:09,604 WARNING src.options_filter: IHT: options data unavailable from all sources
2026-09-10 17:00:13,373 WARNING src.options_filter: JVA: options data unavailable from all sources
2026-09-10 17:00:17,168 WARNING src.options_filter: KXIN: options data unavailable from all sources
2026-09-10 17:00:21,048 WARNING src.options_filter: LBSR: options data unavailable from all sources
2026-09-10 17:00:24,799 WARNING src.options_filter: NOBH: options data unavailable from all sources
2026-09-10 17:00:28,658 WARNING src.options_filter: OCCI: options data unavailable from all sources
2026-09-10 17:00:32,433 WARNING src.options_filter: RSKIA: options data unavailable from all sources
2026-09-10 17:00:36,200 WARNING src.options_filter: TBBA: options data unavailable from all sources
2026-09-10 17:00:43,258 WARNING src.options_filter: REF: options data unavailable from all sources
2026-09-10 17:00:49,888 WARNING src.options_filter: VNCE: options data unavailable from all sources
2026-09-10 17:00:53,744 WARNING src.options_filter: EONR: options data unavailable from all sources
2026-09-10 17:00:57,518 WARNING src.options_filter: CMMB: options data unavailable from all sources
2026-09-10 17:01:01,312 WARNING src.options_filter: HSCS: options data unavailable from all sources
2026-09-10 17:01:05,089 WARNING src.options_filter: ALAR: options data unavailable from all sources
2026-09-10 17:01:08,840 WARNING src.options_filter: SMXT: options data unavailable from all sources
2026-09-10 17:01:12,587 WARNING src.options_filter: REBN: options data unavailable from all sources
2026-09-10 17:01:16,366 WARNING src.options_filter: BTTC: options data unavailable from all sources
2026-09-10 17:01:20,140 WARNING src.options_filter: IPST: options data unavailable from all sources
2026-09-10 17:01:23,893 WARNING src.options_filter: CMND: options data unavailable from all sources
2026-09-10 17:01:27,640 WARNING src.options_filter: SNYR: options data unavailable from all sources
2026-09-10 17:01:32,373 WARNING src.options_filter: HTLM: options data unavailable from all sources
2026-09-10 17:01:36,141 WARNING src.options_filter: ZONE: options data unavailable from all sources
2026-09-10 17:01:48,895 WARNING src.options_filter: CHRN: options data unavailable from all sources
2026-09-10 17:01:52,652 WARNING src.options_filter: CURR: options data unavailable from all sources
2026-09-10 17:01:59,342 WARNING src.options_filter: BNR: options data unavailable from all sources
2026-09-10 17:02:03,263 WARNING src.options_filter: FRGT: options data unavailable from all sources
2026-09-10 17:02:07,159 WARNING src.options_filter: ALPS: options data unavailable from all sources
2026-09-10 17:02:11,123 WARNING src.options_filter: BRLS: options data unavailable from all sources
2026-09-10 17:02:14,960 WARNING src.options_filter: AAME: options data unavailable from all sources
2026-09-10 17:02:18,816 WARNING src.options_filter: SEGG: options data unavailable from all sources
2026-09-10 17:02:22,603 WARNING src.options_filter: BRTX: options data unavailable from all sources
2026-09-10 17:02:26,378 WARNING src.options_filter: SHPH: options data unavailable from all sources
2026-09-10 17:02:30,144 WARNING src.options_filter: GTEN: options data unavailable from all sources
2026-09-10 17:02:30,369 ERROR yfinance: $LEN.B: possibly delisted; no price data found  (period=1mo)
2026-09-10 17:02:34,916 WARNING src.options_filter: LEN.B: options data unavailable from all sources
2026-09-10 17:02:38,709 WARNING src.options_filter: RYDE: options data unavailable from all sources
2026-09-10 17:02:43,189 WARNING src.options_filter: SANG: options data unavailable from all sources
2026-09-10 17:02:46,953 WARNING src.options_filter: COE: options data unavailable from all sources
2026-09-10 17:02:50,813 WARNING src.options_filter: AACG: options data unavailable from all sources
2026-09-10 17:02:55,583 WARNING src.options_filter: DSWL: options data unavailable from all sources
2026-09-10 17:02:59,338 WARNING src.options_filter: SJ: options data unavailable from all sources
2026-09-10 17:03:03,101 WARNING src.options_filter: ATCH: options data unavailable from all sources
2026-09-10 17:03:06,876 WARNING src.options_filter: PTN: options data unavailable from all sources
2026-09-10 17:03:10,652 WARNING src.options_filter: GAUZ: options data unavailable from all sources
2026-09-10 17:03:17,306 WARNING src.options_filter: GURE: options data unavailable from all sources
2026-09-10 17:03:21,071 WARNING src.options_filter: LKSP: options data unavailable from all sources
2026-09-10 17:03:21,675 ERROR yfinance: HTTP Error 404: {"quoteSummary":{"result":null,"error":{"code":"Not Found","description":"Quote not found for symbol: UNKNOWN"}}}
2026-09-10 17:03:22,134 ERROR yfinance: $UNKNOWN: No data found, symbol may be delisted
2026-09-10 17:03:26,420 WARNING src.options_filter: UNKNOWN: options data unavailable from all sources
2026-09-10 17:03:26,755 ERROR yfinance: $UNKNOWN: No data found, symbol may be delisted
2026-09-10 17:03:31,017 WARNING src.options_filter: UNKNOWN: options data unavailable from all sources
2026-09-10 17:03:31,345 ERROR yfinance: $UNKNOWN: No data found, symbol may be delisted
2026-09-10 17:03:35,622 WARNING src.options_filter: UNKNOWN: options data unavailable from all sources
2026-09-10 17:03:36,248 ERROR yfinance: $KPHMW: No data found, symbol may be delisted
2026-09-10 17:03:40,526 WARNING src.options_filter: KPHMW: options data unavailable from all sources
2026-09-10 17:03:40,886 ERROR yfinance: $UNKNOWN: No data found, symbol may be delisted
2026-09-10 17:03:45,216 WARNING src.options_filter: UNKNOWN: options data unavailable from all sources
2026-09-10 17:03:49,168 ERROR yfinance: $UNKNOWN: No data found, symbol may be delisted
2026-09-10 17:03:53,431 WARNING src.options_filter: UNKNOWN: options data unavailable from all sources
2026-09-10 17:03:53,748 ERROR yfinance: $UNKNOWN: No data found, symbol may be delisted
2026-09-10 17:03:58,014 WARNING src.options_filter: UNKNOWN: options data unavailable from all sources
2026-09-10 17:03:58,379 ERROR yfinance: $UNKNOWN: No data found, symbol may be delisted
2026-09-10 17:04:02,639 WARNING src.options_filter: UNKNOWN: options data unavailable from all sources
2026-09-10 17:04:02,924 ERROR yfinance: $UNKNOWN: No data found, symbol may be delisted
2026-09-10 17:04:07,194 WARNING src.options_filter: UNKNOWN: options data unavailable from all sources
2026-09-10 17:04:07,491 ERROR yfinance: $UNKNOWN: No data found, symbol may be delisted
2026-09-10 17:04:11,904 WARNING src.options_filter: UNKNOWN: options data unavailable from all sources
2026-09-10 17:04:12,240 ERROR yfinance: $UNKNOWN: No data found, symbol may be delisted
2026-09-10 17:04:16,497 WARNING src.options_filter: UNKNOWN: options data unavailable from all sources
2026-09-10 17:04:20,043 ERROR yfinance: $UNKNOWN: No data found, symbol may be delisted
2026-09-10 17:04:24,312 WARNING src.options_filter: UNKNOWN: options data unavailable from all sources
2026-09-10 17:04:24,639 ERROR yfinance: $UNKNOWN: No data found, symbol may be delisted
2026-09-10 17:04:28,974 WARNING src.options_filter: UNKNOWN: options data unavailable from all sources
2026-09-10 17:04:29,303 ERROR yfinance: $UNKNOWN: No data found, symbol may be delisted
2026-09-10 17:04:33,582 WARNING src.options_filter: UNKNOWN: options data unavailable from all sources
2026-09-10 17:04:38,138 WARNING src.options_filter: DEC: options data unavailable from all sources
2026-09-10 17:04:38,502 ERROR yfinance: $UNKNOWN: No data found, symbol may be delisted
2026-09-10 17:04:42,765 WARNING src.options_filter: UNKNOWN: options data unavailable from all sources
2026-09-10 17:04:43,074 ERROR yfinance: $UNKNOWN: No data found, symbol may be delisted
2026-09-10 17:04:47,338 WARNING src.options_filter: UNKNOWN: options data unavailable from all sources
2026-09-10 17:04:47,676 ERROR yfinance: $UNKNOWN: No data found, symbol may be delisted
2026-09-10 17:04:51,937 WARNING src.options_filter: UNKNOWN: options data unavailable from all sources
2026-09-10 17:04:52,525 ERROR yfinance: $NWSLL: No data found, symbol may be delisted
2026-09-10 17:04:56,784 WARNING src.options_filter: NWSLL: options data unavailable from all sources
2026-09-10 17:04:57,086 ERROR yfinance: $UNKNOWN: No data found, symbol may be delisted
2026-09-10 17:05:01,409 WARNING src.options_filter: UNKNOWN: options data unavailable from all sources
2026-09-10 17:05:01,683 ERROR yfinance: $UNKNOWN: No data found, symbol may be delisted
2026-09-10 17:05:05,944 WARNING src.options_filter: UNKNOWN: options data unavailable from all sources
2026-09-10 17:05:09,702 WARNING src.options_filter: SATLW: options data unavailable from all sources
2026-09-10 17:05:09,994 ERROR yfinance: $UNKNOWN: No data found, symbol may be delisted
2026-09-10 17:05:14,248 WARNING src.options_filter: UNKNOWN: options data unavailable from all sources
2026-09-10 17:05:14,535 ERROR yfinance: $UNKNOWN: No data found, symbol may be delisted
2026-09-10 17:05:18,868 WARNING src.options_filter: UNKNOWN: options data unavailable from all sources
2026-09-10 17:05:19,162 ERROR yfinance: $UNKNOWN: No data found, symbol may be delisted
2026-09-10 17:05:23,495 WARNING src.options_filter: UNKNOWN: options data unavailable from all sources
2026-09-10 17:05:23,787 ERROR yfinance: $UNKNOWN: No data found, symbol may be delisted
2026-09-10 17:05:28,039 WARNING src.options_filter: UNKNOWN: options data unavailable from all sources
2026-09-10 17:05:28,336 ERROR yfinance: $UNKNOWN: No data found, symbol may be delisted
2026-09-10 17:05:32,597 WARNING src.options_filter: UNKNOWN: options data unavailable from all sources
2026-09-10 17:05:32,926 ERROR yfinance: $UNKNOWN: No data found, symbol may be delisted
2026-09-10 17:05:37,195 WARNING src.options_filter: UNKNOWN: options data unavailable from all sources
2026-09-10 17:05:37,513 ERROR yfinance: $UNKNOWN: No data found, symbol may be delisted
2026-09-10 17:05:41,789 WARNING src.options_filter: UNKNOWN: options data unavailable from all sources
2026-09-10 17:05:42,117 ERROR yfinance: $UNKNOWN: No data found, symbol may be delisted
2026-09-10 17:05:46,495 WARNING src.options_filter: UNKNOWN: options data unavailable from all sources
2026-09-10 17:05:46,825 ERROR yfinance: $UNKNOWN: No data found, symbol may be delisted
2026-09-10 17:05:51,096 WARNING src.options_filter: UNKNOWN: options data unavailable from all sources
2026-09-10 17:05:55,160 ERROR yfinance: $UNKNOWN: No data found, symbol may be delisted
2026-09-10 17:05:59,437 WARNING src.options_filter: UNKNOWN: options data unavailable from all sources
2026-09-10 17:05:59,694 ERROR yfinance: $UNKNOWN: No data found, symbol may be delisted
2026-09-10 17:06:03,955 WARNING src.options_filter: UNKNOWN: options data unavailable from all sources
2026-09-10 17:06:04,245 ERROR yfinance: $UNKNOWN: No data found, symbol may be delisted
2026-09-10 17:06:08,524 WARNING src.options_filter: UNKNOWN: options data unavailable from all sources
2026-09-10 17:06:08,819 ERROR yfinance: $UNKNOWN: No data found, symbol may be delisted
2026-09-10 17:06:13,351 WARNING src.options_filter: UNKNOWN: options data unavailable from all sources
2026-09-10 17:06:21,549 WARNING src.options_filter: GME-WT: options data unavailable from all sources
2026-09-10 17:06:26,076 WARNING src.options_filter: GRI: options data unavailable from all sources
2026-09-10 17:06:26,420 ERROR yfinance: $UNKNOWN: No data found, symbol may be delisted
2026-09-10 17:06:30,690 WARNING src.options_filter: UNKNOWN: options data unavailable from all sources
2026-09-10 17:06:30,987 ERROR yfinance: $UNKNOWN: No data found, symbol may be delisted
2026-09-10 17:06:35,253 WARNING src.options_filter: UNKNOWN: options data unavailable from all sources
2026-09-10 17:06:35,601 ERROR yfinance: $UNKNOWN: No data found, symbol may be delisted
2026-09-10 17:06:39,879 WARNING src.options_filter: UNKNOWN: options data unavailable from all sources
2026-09-10 17:06:40,219 ERROR yfinance: $UNKNOWN: No data found, symbol may be delisted
2026-09-10 17:06:44,502 WARNING src.options_filter: UNKNOWN: options data unavailable from all sources
2026-09-10 17:06:44,813 ERROR yfinance: $UNKNOWN: No data found, symbol may be delisted
2026-09-10 17:06:49,082 WARNING src.options_filter: UNKNOWN: options data unavailable from all sources
2026-09-10 17:06:49,385 ERROR yfinance: $UNKNOWN: No data found, symbol may be delisted
2026-09-10 17:06:53,799 WARNING src.options_filter: UNKNOWN: options data unavailable from all sources
2026-09-10 17:06:54,081 ERROR yfinance: $UNKNOWN: No data found, symbol may be delisted
2026-09-10 17:06:58,376 WARNING src.options_filter: UNKNOWN: options data unavailable from all sources
2026-09-10 17:06:58,927 ERROR yfinance: $UNKNOWN: No data found, symbol may be delisted
2026-09-10 17:07:03,210 WARNING src.options_filter: UNKNOWN: options data unavailable from all sources
2026-09-10 17:07:03,501 ERROR yfinance: $UNKNOWN: No data found, symbol may be delisted
2026-09-10 17:07:07,754 WARNING src.options_filter: UNKNOWN: options data unavailable from all sources
2026-09-10 17:07:08,074 ERROR yfinance: $UNKNOWN: No data found, symbol may be delisted
2026-09-10 17:07:12,349 WARNING src.options_filter: UNKNOWN: options data unavailable from all sources
2026-09-10 17:07:12,639 ERROR yfinance: $UNKNOWN: No data found, symbol may be delisted
2026-09-10 17:07:16,903 WARNING src.options_filter: UNKNOWN: options data unavailable from all sources
2026-09-10 17:07:17,175 ERROR yfinance: $UNKNOWN: No data found, symbol may be delisted
2026-09-10 17:07:21,438 WARNING src.options_filter: UNKNOWN: options data unavailable from all sources
2026-09-10 17:07:21,679 ERROR yfinance: $UNKNOWN: No data found, symbol may be delisted
2026-09-10 17:07:25,935 WARNING src.options_filter: UNKNOWN: options data unavailable from all sources
2026-09-10 17:07:26,222 ERROR yfinance: $UNKNOWN: No data found, symbol may be delisted
2026-09-10 17:07:30,478 WARNING src.options_filter: UNKNOWN: options data unavailable from all sources
2026-09-10 17:07:30,995 ERROR yfinance: $UNKNOWN: No data found, symbol may be delisted
2026-09-10 17:07:35,265 WARNING src.options_filter: UNKNOWN: options data unavailable from all sources
2026-09-10 17:07:35,623 ERROR yfinance: $UNKNOWN: No data found, symbol may be delisted
2026-09-10 17:07:39,881 WARNING src.options_filter: UNKNOWN: options data unavailable from all sources
2026-09-10 17:07:43,124 ERROR yfinance: $UNKNOWN: No data found, symbol may be delisted
2026-09-10 17:07:47,374 WARNING src.options_filter: UNKNOWN: options data unavailable from all sources
2026-09-10 17:07:47,598 ERROR yfinance: $UNKNOWN: No data found, symbol may be delisted
2026-09-10 17:07:51,852 WARNING src.options_filter: UNKNOWN: options data unavailable from all sources
2026-09-10 17:07:52,088 ERROR yfinance: $UNKNOWN: No data found, symbol may be delisted
2026-09-10 17:07:56,354 WARNING src.options_filter: UNKNOWN: options data unavailable from all sources
2026-09-10 17:07:56,665 ERROR yfinance: $UNKNOWN: No data found, symbol may be delisted
2026-09-10 17:08:00,923 WARNING src.options_filter: UNKNOWN: options data unavailable from all sources
2026-09-10 17:08:01,183 ERROR yfinance: $UNKNOWN: No data found, symbol may be delisted
2026-09-10 17:08:05,439 WARNING src.options_filter: UNKNOWN: options data unavailable from all sources
2026-09-10 17:08:05,759 ERROR yfinance: $UNKNOWN: No data found, symbol may be delisted
2026-09-10 17:08:10,018 WARNING src.options_filter: UNKNOWN: options data unavailable from all sources
2026-09-10 17:08:10,364 ERROR yfinance: $UNKNOWN: No data found, symbol may be delisted
2026-09-10 17:08:14,622 WARNING src.options_filter: UNKNOWN: options data unavailable from all sources
2026-09-10 17:08:14,947 ERROR yfinance: $UNKNOWN: No data found, symbol may be delisted
2026-09-10 17:08:19,211 WARNING src.options_filter: UNKNOWN: options data unavailable from all sources
2026-09-10 17:08:21,077 ERROR yfinance: $UNKNOWN: No data found, symbol may be delisted
2026-09-10 17:08:25,332 WARNING src.options_filter: UNKNOWN: options data unavailable from all sources
2026-09-10 17:08:25,619 ERROR yfinance: $UNKNOWN: No data found, symbol may be delisted
2026-09-10 17:08:29,881 WARNING src.options_filter: UNKNOWN: options data unavailable from all sources
2026-09-10 17:08:33,641 WARNING src.options_filter: BFH-PB: options data unavailable from all sources
2026-09-10 17:08:33,963 ERROR yfinance: $UNKNOWN: No data found, symbol may be delisted
2026-09-10 17:08:38,229 WARNING src.options_filter: UNKNOWN: options data unavailable from all sources
2026-09-10 17:08:38,599 ERROR yfinance: $UNKNOWN: No data found, symbol may be delisted
2026-09-10 17:08:42,862 WARNING src.options_filter: UNKNOWN: options data unavailable from all sources
2026-09-10 17:08:43,152 ERROR yfinance: $NWSLL: No data found, symbol may be delisted
2026-09-10 17:08:47,409 WARNING src.options_filter: NWSLL: options data unavailable from all sources
2026-09-10 17:08:47,719 ERROR yfinance: $UNKNOWN: No data found, symbol may be delisted
2026-09-10 17:08:51,978 WARNING src.options_filter: UNKNOWN: options data unavailable from all sources
2026-09-10 17:08:52,341 ERROR yfinance: $UNKNOWN: No data found, symbol may be delisted
2026-09-10 17:08:56,604 WARNING src.options_filter: UNKNOWN: options data unavailable from all sources
2026-09-10 17:08:56,862 ERROR yfinance: $UNKNOWN: No data found, symbol may be delisted
2026-09-10 17:09:01,125 WARNING src.options_filter: UNKNOWN: options data unavailable from all sources
2026-09-10 17:09:01,407 ERROR yfinance: $UNKNOWN: No data found, symbol may be delisted
2026-09-10 17:09:05,677 WARNING src.options_filter: UNKNOWN: options data unavailable from all sources
2026-09-10 17:09:09,485 ERROR yfinance: $UNKNOWN: No data found, symbol may be delisted
2026-09-10 17:09:13,747 WARNING src.options_filter: UNKNOWN: options data unavailable from all sources
2026-09-10 17:09:14,098 ERROR yfinance: $UNKNOWN: No data found, symbol may be delisted
2026-09-10 17:09:18,362 WARNING src.options_filter: UNKNOWN: options data unavailable from all sources
2026-09-10 17:09:18,663 ERROR yfinance: $UNKNOWN: No data found, symbol may be delisted
2026-09-10 17:09:22,918 WARNING src.options_filter: UNKNOWN: options data unavailable from all sources
2026-09-10 17:09:23,259 ERROR yfinance: $UNKNOWN: No data found, symbol may be delisted
2026-09-10 17:09:27,512 WARNING src.options_filter: UNKNOWN: options data unavailable from all sources
2026-09-10 17:09:27,845 ERROR yfinance: $UNKNOWN: No data found, symbol may be delisted
2026-09-10 17:09:32,410 WARNING src.options_filter: UNKNOWN: options data unavailable from all sources
2026-09-10 17:09:32,742 ERROR yfinance: $UNKNOWN: No data found, symbol may be delisted
2026-09-10 17:09:37,009 WARNING src.options_filter: UNKNOWN: options data unavailable from all sources
2026-09-10 17:09:37,242 ERROR yfinance: $UNKNOWN: No data found, symbol may be delisted
2026-09-10 17:09:41,503 WARNING src.options_filter: UNKNOWN: options data unavailable from all sources
2026-09-10 17:09:41,503 INFO run_daily: Passed options gate: 34 events
2026-09-10 17:09:41,503 INFO run_daily: Step 7: enriching 34 events
2026-09-10 17:09:56,836 INFO run_daily: Step 8: dedup
2026-09-10 17:09:56,836 INFO run_daily: Step 9: ranking
2026-09-10 17:09:56,837 INFO run_daily: Step 10: writing digest
2026-09-10 17:09:56,863 INFO src.digest_writer: digest written: output/market_radar_2026-09-10.html
2026-09-10 17:09:56,863 INFO run_daily: === Done: output/market_radar_2026-09-10.html ===
