2026-09-29 19:15:34,873 INFO run_daily: === Market Event Radar starting — 2026-09-29 ===
2026-09-29 19:15:34,874 INFO run_daily: Step 1: fetching earnings calendar
2026-09-29 19:15:50,544 INFO src.event_fetcher: nasdaq earnings: 63 entries across 7 days
2026-09-29 19:15:51,933 INFO src.event_fetcher: finnhub earnings: 72 entries
2026-09-29 19:15:51,933 INFO src.event_fetcher: merged earnings universe: 118 unique tickers
2026-09-29 19:15:51,933 INFO run_daily: Step 2: fetching 8-K filings
2026-09-29 19:15:52,510 INFO src.event_fetcher: edgar 8-K filings: 100
2026-09-29 19:15:52,777 INFO run_daily: Step 3: building universe
2026-09-29 19:15:52,777 INFO src.universe: universe: 35 tickers (10 watchlist, 25 discovered)
2026-09-29 19:15:52,778 INFO run_daily: Universe: 35 tickers
2026-09-29 19:15:52,778 INFO run_daily: Step 4: yfinance cross-check for 35 tickers
2026-09-29 19:15:55,795 ERROR yfinance: HTTP Error 404: {"quoteSummary":{"result":null,"error":{"code":"Not Found","description":"Quote not found for symbol: BTM"}}}
2026-09-29 19:16:00,045 ERROR yfinance: HTTP Error 404: {"quoteSummary":{"result":null,"error":{"code":"Not Found","description":"Quote not found for symbol: MVT"}}}
2026-09-29 19:16:05,725 INFO run_daily: Step 5: building earnings events
2026-09-29 19:16:05,725 INFO src.source_merger: earnings events built: 118
2026-09-29 19:16:05,725 INFO run_daily: Step 5b: building 8-K events
2026-09-29 19:16:05,727 INFO run_daily: Step 6: options filter (218 candidates)
2026-09-29 19:16:09,678 WARNING src.options_filter: ADVB: options data unavailable from all sources
2026-09-29 19:16:13,426 WARNING src.options_filter: ANVI: options data unavailable from all sources
2026-09-29 19:16:17,190 WARNING src.options_filter: FBSI: options data unavailable from all sources
2026-09-29 19:16:20,953 WARNING src.options_filter: NKGN: options data unavailable from all sources
2026-09-29 19:16:24,704 WARNING src.options_filter: NXTT: options data unavailable from all sources
2026-09-29 19:16:28,482 WARNING src.options_filter: AIO: options data unavailable from all sources
2026-09-29 19:16:32,516 WARNING src.options_filter: EQFN: options data unavailable from all sources
2026-09-29 19:16:36,301 WARNING src.options_filter: MPCB: options data unavailable from all sources
2026-09-29 19:16:40,058 WARNING src.options_filter: MXE: options data unavailable from all sources
2026-09-29 19:16:43,816 WARNING src.options_filter: NCZ: options data unavailable from all sources
2026-09-29 19:16:47,573 WARNING src.options_filter: NFJ: options data unavailable from all sources
2026-09-29 19:16:51,321 WARNING src.options_filter: NIE: options data unavailable from all sources
2026-09-29 19:16:55,066 WARNING src.options_filter: SPPL: options data unavailable from all sources
2026-09-29 19:16:58,884 WARNING src.options_filter: VCIG: options data unavailable from all sources
2026-09-29 19:17:02,642 WARNING src.options_filter: VWFB: options data unavailable from all sources
2026-09-29 19:17:06,475 WARNING src.options_filter: WEBC: options data unavailable from all sources
2026-09-29 19:17:10,225 WARNING src.options_filter: BABB: options data unavailable from all sources
2026-09-29 19:17:13,987 WARNING src.options_filter: MDRX: options data unavailable from all sources
2026-09-29 19:17:14,420 ERROR yfinance: HTTP Error 404: {"quoteSummary":{"result":null,"error":{"code":"Not Found","description":"Quote not found for symbol: BFK"}}}
2026-09-29 19:17:14,823 ERROR yfinance: $BFK: No data found, symbol may be delisted
2026-09-29 19:17:19,070 WARNING src.options_filter: BFK: options data unavailable from all sources
2026-09-29 19:17:19,578 ERROR yfinance: HTTP Error 404: {"quoteSummary":{"result":null,"error":{"code":"Not Found","description":"Quote not found for symbol: BLE"}}}
2026-09-29 19:17:19,926 ERROR yfinance: $BLE: No data found, symbol may be delisted
2026-09-29 19:17:24,181 WARNING src.options_filter: BLE: options data unavailable from all sources
2026-09-29 19:17:27,940 WARNING src.options_filter: BTT: options data unavailable from all sources
2026-09-29 19:17:31,706 WARNING src.options_filter: JTBK: options data unavailable from all sources
2026-09-29 19:17:35,459 WARNING src.options_filter: MHD: options data unavailable from all sources
2026-09-29 19:17:39,218 WARNING src.options_filter: MIY: options data unavailable from all sources
2026-09-29 19:17:42,973 WARNING src.options_filter: MPA: options data unavailable from all sources
2026-09-29 19:17:43,404 ERROR yfinance: $MQT: No data found, symbol may be delisted
2026-09-29 19:17:47,666 WARNING src.options_filter: MQT: options data unavailable from all sources
2026-09-29 19:17:51,414 WARNING src.options_filter: MUA: options data unavailable from all sources
2026-09-29 19:17:51,815 ERROR yfinance: $MVT: No data found, symbol may be delisted
2026-09-29 19:17:56,058 WARNING src.options_filter: MVT: options data unavailable from all sources
2026-09-29 19:17:59,803 WARNING src.options_filter: MYI: options data unavailable from all sources
2026-09-29 19:18:03,563 WARNING src.options_filter: MYN: options data unavailable from all sources
2026-09-29 19:18:07,307 WARNING src.options_filter: SDHY: options data unavailable from all sources
2026-09-29 19:18:11,089 WARNING src.options_filter: HPF: options data unavailable from all sources
2026-09-29 19:18:14,854 WARNING src.options_filter: HPI: options data unavailable from all sources
2026-09-29 19:18:18,792 WARNING src.options_filter: INBP: options data unavailable from all sources
2026-09-29 19:18:22,612 WARNING src.options_filter: SENR: options data unavailable from all sources
2026-09-29 19:18:26,365 WARNING src.options_filter: XERI: options data unavailable from all sources
2026-09-29 19:18:26,852 ERROR yfinance: $BTM: No data found, symbol may be delisted
2026-09-29 19:18:31,110 WARNING src.options_filter: BTM: options data unavailable from all sources
2026-09-29 19:18:34,892 WARNING src.options_filter: MUC: options data unavailable from all sources
2026-09-29 19:18:38,694 WARNING src.options_filter: QTEX: options data unavailable from all sources
2026-09-29 19:18:42,429 WARNING src.options_filter: TAYD: options data unavailable from all sources
2026-09-29 19:18:46,168 WARNING src.options_filter: TRSG: options data unavailable from all sources
2026-09-29 19:18:49,909 WARNING src.options_filter: ZCMD: options data unavailable from all sources
2026-09-29 19:19:08,832 WARNING src.options_filter: ALPS: options data unavailable from all sources
2026-09-29 19:19:12,597 WARNING src.options_filter: BRLS: options data unavailable from all sources
2026-09-29 19:19:16,340 WARNING src.options_filter: AAME: options data unavailable from all sources
2026-09-29 19:19:20,090 WARNING src.options_filter: SEGG: options data unavailable from all sources
2026-09-29 19:19:23,828 WARNING src.options_filter: BRTX: options data unavailable from all sources
2026-09-29 19:19:27,568 WARNING src.options_filter: GTEN: options data unavailable from all sources
2026-09-29 19:19:31,326 WARNING src.options_filter: RYDE: options data unavailable from all sources
2026-09-29 19:19:35,071 WARNING src.options_filter: AACG: options data unavailable from all sources
2026-09-29 19:19:38,852 WARNING src.options_filter: DSWL: options data unavailable from all sources
2026-09-29 19:19:42,601 WARNING src.options_filter: SJ: options data unavailable from all sources
2026-09-29 19:19:46,351 WARNING src.options_filter: GAUZ: options data unavailable from all sources
2026-09-29 19:19:50,099 WARNING src.options_filter: GURE: options data unavailable from all sources
2026-09-29 19:19:53,867 WARNING src.options_filter: LKSP: options data unavailable from all sources
2026-09-29 19:19:54,408 ERROR yfinance: $MKC.V: No data found, symbol may be delisted
2026-09-29 19:19:58,695 WARNING src.options_filter: MKC.V: options data unavailable from all sources
2026-09-29 19:20:02,438 WARNING src.options_filter: IH: options data unavailable from all sources
2026-09-29 19:20:06,218 WARNING src.options_filter: EONR: options data unavailable from all sources
2026-09-29 19:20:10,025 WARNING src.options_filter: ALAR: options data unavailable from all sources
2026-09-29 19:20:13,779 WARNING src.options_filter: CMMB: options data unavailable from all sources
2026-09-29 19:20:17,525 WARNING src.options_filter: SMXT: options data unavailable from all sources
2026-09-29 19:20:22,110 WARNING src.options_filter: BTTC: options data unavailable from all sources
2026-09-29 19:20:25,896 WARNING src.options_filter: VRAX: options data unavailable from all sources
2026-09-29 19:20:29,851 WARNING src.options_filter: IPST: options data unavailable from all sources
2026-09-29 19:20:33,636 WARNING src.options_filter: HTLM: options data unavailable from all sources
2026-09-29 19:20:37,381 WARNING src.options_filter: CHRN: options data unavailable from all sources
2026-09-29 19:20:41,125 WARNING src.options_filter: CURR: options data unavailable from all sources
2026-09-29 19:20:44,909 WARNING src.options_filter: FRGT: options data unavailable from all sources
2026-09-29 19:20:45,387 ERROR yfinance: $UNKNOWN: No data found, symbol may be delisted
2026-09-29 19:20:49,644 WARNING src.options_filter: UNKNOWN: options data unavailable from all sources
2026-09-29 19:20:49,866 ERROR yfinance: $UNKNOWN: No data found, symbol may be delisted
2026-09-29 19:20:54,134 WARNING src.options_filter: UNKNOWN: options data unavailable from all sources
2026-09-29 19:20:54,336 ERROR yfinance: $UNKNOWN: No data found, symbol may be delisted
2026-09-29 19:20:59,095 WARNING src.options_filter: UNKNOWN: options data unavailable from all sources
2026-09-29 19:20:59,338 ERROR yfinance: $UNKNOWN: No data found, symbol may be delisted
2026-09-29 19:21:04,378 WARNING src.options_filter: UNKNOWN: options data unavailable from all sources
2026-09-29 19:21:04,597 ERROR yfinance: $UNKNOWN: No data found, symbol may be delisted
2026-09-29 19:21:08,961 WARNING src.options_filter: UNKNOWN: options data unavailable from all sources
2026-09-29 19:21:09,157 ERROR yfinance: $UNKNOWN: No data found, symbol may be delisted
2026-09-29 19:21:13,402 WARNING src.options_filter: UNKNOWN: options data unavailable from all sources
2026-09-29 19:21:13,667 ERROR yfinance: $UNKNOWN: No data found, symbol may be delisted
2026-09-29 19:21:17,930 WARNING src.options_filter: UNKNOWN: options data unavailable from all sources
2026-09-29 19:21:18,207 ERROR yfinance: $UNKNOWN: No data found, symbol may be delisted
2026-09-29 19:21:22,614 WARNING src.options_filter: UNKNOWN: options data unavailable from all sources
2026-09-29 19:21:22,808 ERROR yfinance: $UNKNOWN: No data found, symbol may be delisted
2026-09-29 19:21:27,134 WARNING src.options_filter: UNKNOWN: options data unavailable from all sources
2026-09-29 19:21:27,429 ERROR yfinance: $UNKNOWN: No data found, symbol may be delisted
2026-09-29 19:21:31,683 WARNING src.options_filter: UNKNOWN: options data unavailable from all sources
2026-09-29 19:21:31,941 ERROR yfinance: $UNKNOWN: No data found, symbol may be delisted
2026-09-29 19:21:36,261 WARNING src.options_filter: UNKNOWN: options data unavailable from all sources
2026-09-29 19:21:36,519 ERROR yfinance: $UNKNOWN: No data found, symbol may be delisted
2026-09-29 19:21:40,838 WARNING src.options_filter: UNKNOWN: options data unavailable from all sources
2026-09-29 19:21:41,160 ERROR yfinance: $UNKNOWN: No data found, symbol may be delisted
2026-09-29 19:21:45,425 WARNING src.options_filter: UNKNOWN: options data unavailable from all sources
2026-09-29 19:21:45,696 ERROR yfinance: $UNKNOWN: No data found, symbol may be delisted
2026-09-29 19:21:49,966 WARNING src.options_filter: UNKNOWN: options data unavailable from all sources
2026-09-29 19:21:50,185 ERROR yfinance: $UNKNOWN: No data found, symbol may be delisted
2026-09-29 19:21:54,440 WARNING src.options_filter: UNKNOWN: options data unavailable from all sources
2026-09-29 19:21:54,721 ERROR yfinance: $UNKNOWN: No data found, symbol may be delisted
2026-09-29 19:21:58,973 WARNING src.options_filter: UNKNOWN: options data unavailable from all sources
2026-09-29 19:21:59,197 ERROR yfinance: $UNKNOWN: No data found, symbol may be delisted
2026-09-29 19:22:03,481 WARNING src.options_filter: UNKNOWN: options data unavailable from all sources
2026-09-29 19:22:03,770 ERROR yfinance: $UNKNOWN: No data found, symbol may be delisted
2026-09-29 19:22:08,039 WARNING src.options_filter: UNKNOWN: options data unavailable from all sources
2026-09-29 19:22:08,240 ERROR yfinance: $UNKNOWN: No data found, symbol may be delisted
2026-09-29 19:22:12,498 WARNING src.options_filter: UNKNOWN: options data unavailable from all sources
2026-09-29 19:22:12,764 ERROR yfinance: $UNKNOWN: No data found, symbol may be delisted
2026-09-29 19:22:17,064 WARNING src.options_filter: UNKNOWN: options data unavailable from all sources
2026-09-29 19:22:17,347 ERROR yfinance: $UNKNOWN: No data found, symbol may be delisted
2026-09-29 19:22:21,601 WARNING src.options_filter: UNKNOWN: options data unavailable from all sources
2026-09-29 19:22:21,945 ERROR yfinance: $UNKNOWN: No data found, symbol may be delisted
2026-09-29 19:22:26,203 WARNING src.options_filter: UNKNOWN: options data unavailable from all sources
2026-09-29 19:22:29,956 WARNING src.options_filter: CMT: options data unavailable from all sources
2026-09-29 19:22:30,156 ERROR yfinance: $UNKNOWN: No data found, symbol may be delisted
2026-09-29 19:22:34,410 WARNING src.options_filter: UNKNOWN: options data unavailable from all sources
2026-09-29 19:22:34,716 ERROR yfinance: $UNKNOWN: No data found, symbol may be delisted
2026-09-29 19:22:38,964 WARNING src.options_filter: UNKNOWN: options data unavailable from all sources
2026-09-29 19:22:42,717 WARNING src.options_filter: GENVR: options data unavailable from all sources
2026-09-29 19:22:42,924 ERROR yfinance: $UNKNOWN: No data found, symbol may be delisted
2026-09-29 19:22:47,180 WARNING src.options_filter: UNKNOWN: options data unavailable from all sources
2026-09-29 19:22:47,388 ERROR yfinance: $UNKNOWN: No data found, symbol may be delisted
2026-09-29 19:22:51,651 WARNING src.options_filter: UNKNOWN: options data unavailable from all sources
2026-09-29 19:22:51,854 ERROR yfinance: $UNKNOWN: No data found, symbol may be delisted
2026-09-29 19:22:56,108 WARNING src.options_filter: UNKNOWN: options data unavailable from all sources
2026-09-29 19:22:56,454 ERROR yfinance: $UNKNOWN: No data found, symbol may be delisted
2026-09-29 19:23:00,780 WARNING src.options_filter: UNKNOWN: options data unavailable from all sources
2026-09-29 19:23:00,989 ERROR yfinance: $UNKNOWN: No data found, symbol may be delisted
2026-09-29 19:23:05,250 WARNING src.options_filter: UNKNOWN: options data unavailable from all sources
2026-09-29 19:23:09,017 WARNING src.options_filter: EP-PC: options data unavailable from all sources
2026-09-29 19:23:09,378 ERROR yfinance: $UNKNOWN: No data found, symbol may be delisted
2026-09-29 19:23:13,635 WARNING src.options_filter: UNKNOWN: options data unavailable from all sources
2026-09-29 19:23:13,976 ERROR yfinance: $UNKNOWN: No data found, symbol may be delisted
2026-09-29 19:23:18,237 WARNING src.options_filter: UNKNOWN: options data unavailable from all sources
2026-09-29 19:23:18,467 ERROR yfinance: $UNKNOWN: No data found, symbol may be delisted
2026-09-29 19:23:22,724 WARNING src.options_filter: UNKNOWN: options data unavailable from all sources
2026-09-29 19:23:22,921 ERROR yfinance: $UNKNOWN: No data found, symbol may be delisted
2026-09-29 19:23:27,237 WARNING src.options_filter: UNKNOWN: options data unavailable from all sources
2026-09-29 19:23:27,445 ERROR yfinance: $UNKNOWN: No data found, symbol may be delisted
2026-09-29 19:23:31,704 WARNING src.options_filter: UNKNOWN: options data unavailable from all sources
2026-09-29 19:23:32,094 ERROR yfinance: $UNKNOWN: No data found, symbol may be delisted
2026-09-29 19:23:36,356 WARNING src.options_filter: UNKNOWN: options data unavailable from all sources
2026-09-29 19:23:36,562 ERROR yfinance: $UNKNOWN: No data found, symbol may be delisted
2026-09-29 19:23:40,812 WARNING src.options_filter: UNKNOWN: options data unavailable from all sources
2026-09-29 19:23:41,020 ERROR yfinance: $UNKNOWN: No data found, symbol may be delisted
2026-09-29 19:23:45,282 WARNING src.options_filter: UNKNOWN: options data unavailable from all sources
2026-09-29 19:23:45,545 ERROR yfinance: $UNKNOWN: No data found, symbol may be delisted
2026-09-29 19:23:49,796 WARNING src.options_filter: UNKNOWN: options data unavailable from all sources
2026-09-29 19:23:50,001 ERROR yfinance: $UNKNOWN: No data found, symbol may be delisted
2026-09-29 19:23:54,401 WARNING src.options_filter: UNKNOWN: options data unavailable from all sources
2026-09-29 19:23:54,604 ERROR yfinance: $UNKNOWN: No data found, symbol may be delisted
2026-09-29 19:23:58,851 WARNING src.options_filter: UNKNOWN: options data unavailable from all sources
2026-09-29 19:23:59,133 ERROR yfinance: $UNKNOWN: No data found, symbol may be delisted
2026-09-29 19:24:03,398 WARNING src.options_filter: UNKNOWN: options data unavailable from all sources
2026-09-29 19:24:03,659 ERROR yfinance: $UNKNOWN: No data found, symbol may be delisted
2026-09-29 19:24:07,908 WARNING src.options_filter: UNKNOWN: options data unavailable from all sources
2026-09-29 19:24:08,169 ERROR yfinance: $UNKNOWN: No data found, symbol may be delisted
2026-09-29 19:24:12,477 WARNING src.options_filter: UNKNOWN: options data unavailable from all sources
2026-09-29 19:24:12,684 ERROR yfinance: $UNKNOWN: No data found, symbol may be delisted
2026-09-29 19:24:17,064 WARNING src.options_filter: UNKNOWN: options data unavailable from all sources
2026-09-29 19:24:17,275 ERROR yfinance: $UNKNOWN: No data found, symbol may be delisted
2026-09-29 19:24:21,527 WARNING src.options_filter: UNKNOWN: options data unavailable from all sources
2026-09-29 19:24:21,773 ERROR yfinance: $UNKNOWN: No data found, symbol may be delisted
2026-09-29 19:24:26,027 WARNING src.options_filter: UNKNOWN: options data unavailable from all sources
2026-09-29 19:24:26,387 ERROR yfinance: $UNKNOWN: No data found, symbol may be delisted
2026-09-29 19:24:30,638 WARNING src.options_filter: UNKNOWN: options data unavailable from all sources
2026-09-29 19:24:30,883 ERROR yfinance: $UNKNOWN: No data found, symbol may be delisted
2026-09-29 19:24:35,154 WARNING src.options_filter: UNKNOWN: options data unavailable from all sources
2026-09-29 19:24:35,349 ERROR yfinance: $UNKNOWN: No data found, symbol may be delisted
2026-09-29 19:24:39,687 WARNING src.options_filter: UNKNOWN: options data unavailable from all sources
2026-09-29 19:24:39,951 ERROR yfinance: $UNKNOWN: No data found, symbol may be delisted
2026-09-29 19:24:44,201 WARNING src.options_filter: UNKNOWN: options data unavailable from all sources
2026-09-29 19:24:44,406 ERROR yfinance: $UNKNOWN: No data found, symbol may be delisted
2026-09-29 19:24:48,660 WARNING src.options_filter: UNKNOWN: options data unavailable from all sources
2026-09-29 19:24:48,852 ERROR yfinance: $UNKNOWN: No data found, symbol may be delisted
2026-09-29 19:24:53,097 WARNING src.options_filter: UNKNOWN: options data unavailable from all sources
2026-09-29 19:24:53,298 ERROR yfinance: $UNKNOWN: No data found, symbol may be delisted
2026-09-29 19:24:57,603 WARNING src.options_filter: UNKNOWN: options data unavailable from all sources
2026-09-29 19:24:57,800 ERROR yfinance: $UNKNOWN: No data found, symbol may be delisted
2026-09-29 19:25:02,047 WARNING src.options_filter: UNKNOWN: options data unavailable from all sources
2026-09-29 19:25:02,371 ERROR yfinance: $UNKNOWN: No data found, symbol may be delisted
2026-09-29 19:25:06,618 WARNING src.options_filter: UNKNOWN: options data unavailable from all sources
2026-09-29 19:25:06,982 ERROR yfinance: $UNKNOWN: No data found, symbol may be delisted
2026-09-29 19:25:11,809 WARNING src.options_filter: UNKNOWN: options data unavailable from all sources
2026-09-29 19:25:12,072 ERROR yfinance: $UNKNOWN: No data found, symbol may be delisted
2026-09-29 19:25:16,317 WARNING src.options_filter: UNKNOWN: options data unavailable from all sources
2026-09-29 19:25:16,517 ERROR yfinance: $UNKNOWN: No data found, symbol may be delisted
2026-09-29 19:25:21,115 WARNING src.options_filter: UNKNOWN: options data unavailable from all sources
2026-09-29 19:25:21,324 ERROR yfinance: $UNKNOWN: No data found, symbol may be delisted
2026-09-29 19:25:26,012 WARNING src.options_filter: UNKNOWN: options data unavailable from all sources
2026-09-29 19:25:26,215 ERROR yfinance: $UNKNOWN: No data found, symbol may be delisted
2026-09-29 19:25:30,457 WARNING src.options_filter: UNKNOWN: options data unavailable from all sources
2026-09-29 19:25:30,661 ERROR yfinance: $UNKNOWN: No data found, symbol may be delisted
2026-09-29 19:25:34,911 WARNING src.options_filter: UNKNOWN: options data unavailable from all sources
2026-09-29 19:25:35,128 ERROR yfinance: $UNKNOWN: No data found, symbol may be delisted
2026-09-29 19:25:39,605 WARNING src.options_filter: UNKNOWN: options data unavailable from all sources
2026-09-29 19:25:39,837 ERROR yfinance: $UNKNOWN: No data found, symbol may be delisted
2026-09-29 19:25:44,086 WARNING src.options_filter: UNKNOWN: options data unavailable from all sources
2026-09-29 19:25:44,285 ERROR yfinance: $UNKNOWN: No data found, symbol may be delisted
2026-09-29 19:25:48,603 WARNING src.options_filter: UNKNOWN: options data unavailable from all sources
2026-09-29 19:25:48,800 ERROR yfinance: $UNKNOWN: No data found, symbol may be delisted
2026-09-29 19:25:53,075 WARNING src.options_filter: UNKNOWN: options data unavailable from all sources
2026-09-29 19:25:53,339 ERROR yfinance: $UNKNOWN: No data found, symbol may be delisted
2026-09-29 19:25:57,578 WARNING src.options_filter: UNKNOWN: options data unavailable from all sources
2026-09-29 19:25:57,844 ERROR yfinance: $UNKNOWN: No data found, symbol may be delisted
2026-09-29 19:26:02,091 WARNING src.options_filter: UNKNOWN: options data unavailable from all sources
2026-09-29 19:26:02,330 ERROR yfinance: $UNKNOWN: No data found, symbol may be delisted
2026-09-29 19:26:06,578 WARNING src.options_filter: UNKNOWN: options data unavailable from all sources
2026-09-29 19:26:06,775 ERROR yfinance: $UNKNOWN: No data found, symbol may be delisted
2026-09-29 19:26:11,025 WARNING src.options_filter: UNKNOWN: options data unavailable from all sources
2026-09-29 19:26:11,337 ERROR yfinance: $UNKNOWN: No data found, symbol may be delisted
2026-09-29 19:26:15,582 WARNING src.options_filter: UNKNOWN: options data unavailable from all sources
2026-09-29 19:26:15,798 ERROR yfinance: $UNKNOWN: No data found, symbol may be delisted
2026-09-29 19:26:20,063 WARNING src.options_filter: UNKNOWN: options data unavailable from all sources
2026-09-29 19:26:20,324 ERROR yfinance: $UNKNOWN: No data found, symbol may be delisted
2026-09-29 19:26:24,911 WARNING src.options_filter: UNKNOWN: options data unavailable from all sources
2026-09-29 19:26:25,186 ERROR yfinance: $UNKNOWN: No data found, symbol may be delisted
2026-09-29 19:26:29,447 WARNING src.options_filter: UNKNOWN: options data unavailable from all sources
2026-09-29 19:26:29,655 ERROR yfinance: $UNKNOWN: No data found, symbol may be delisted
2026-09-29 19:26:33,900 WARNING src.options_filter: UNKNOWN: options data unavailable from all sources
2026-09-29 19:26:34,098 ERROR yfinance: $UNKNOWN: No data found, symbol may be delisted
2026-09-29 19:26:38,355 WARNING src.options_filter: UNKNOWN: options data unavailable from all sources
2026-09-29 19:26:38,575 ERROR yfinance: $UNKNOWN: No data found, symbol may be delisted
2026-09-29 19:26:42,894 WARNING src.options_filter: UNKNOWN: options data unavailable from all sources
2026-09-29 19:26:43,112 ERROR yfinance: $UNKNOWN: No data found, symbol may be delisted
2026-09-29 19:26:47,362 WARNING src.options_filter: UNKNOWN: options data unavailable from all sources
2026-09-29 19:26:47,559 ERROR yfinance: $UNKNOWN: No data found, symbol may be delisted
2026-09-29 19:26:51,823 WARNING src.options_filter: UNKNOWN: options data unavailable from all sources
2026-09-29 19:26:52,019 ERROR yfinance: $UNKNOWN: No data found, symbol may be delisted
2026-09-29 19:26:56,268 WARNING src.options_filter: UNKNOWN: options data unavailable from all sources
2026-09-29 19:26:56,476 ERROR yfinance: $UNKNOWN: No data found, symbol may be delisted
2026-09-29 19:27:00,721 WARNING src.options_filter: UNKNOWN: options data unavailable from all sources
2026-09-29 19:27:00,945 ERROR yfinance: $UNKNOWN: No data found, symbol may be delisted
2026-09-29 19:27:05,195 WARNING src.options_filter: UNKNOWN: options data unavailable from all sources
2026-09-29 19:27:05,432 ERROR yfinance: $UNKNOWN: No data found, symbol may be delisted
2026-09-29 19:27:09,682 WARNING src.options_filter: UNKNOWN: options data unavailable from all sources
2026-09-29 19:27:09,886 ERROR yfinance: $UNKNOWN: No data found, symbol may be delisted
2026-09-29 19:27:14,137 WARNING src.options_filter: UNKNOWN: options data unavailable from all sources
2026-09-29 19:27:14,494 ERROR yfinance: $UNKNOWN: No data found, symbol may be delisted
2026-09-29 19:27:18,764 WARNING src.options_filter: UNKNOWN: options data unavailable from all sources
2026-09-29 19:27:18,986 ERROR yfinance: $UNKNOWN: No data found, symbol may be delisted
2026-09-29 19:27:23,233 WARNING src.options_filter: UNKNOWN: options data unavailable from all sources
2026-09-29 19:27:27,655 WARNING src.options_filter: SRFM: options data unavailable from all sources
2026-09-29 19:27:27,855 ERROR yfinance: $UNKNOWN: No data found, symbol may be delisted
2026-09-29 19:27:32,199 WARNING src.options_filter: UNKNOWN: options data unavailable from all sources
2026-09-29 19:27:32,549 ERROR yfinance: $UNKNOWN: No data found, symbol may be delisted
2026-09-29 19:27:36,792 WARNING src.options_filter: UNKNOWN: options data unavailable from all sources
2026-09-29 19:27:37,007 ERROR yfinance: $UNKNOWN: No data found, symbol may be delisted
2026-09-29 19:27:41,260 WARNING src.options_filter: UNKNOWN: options data unavailable from all sources
2026-09-29 19:27:41,467 ERROR yfinance: $UNKNOWN: No data found, symbol may be delisted
2026-09-29 19:27:45,718 WARNING src.options_filter: UNKNOWN: options data unavailable from all sources
2026-09-29 19:27:45,718 INFO run_daily: Passed options gate: 29 events
2026-09-29 19:27:45,718 INFO run_daily: Step 7: enriching 29 events
2026-09-29 19:27:52,160 INFO run_daily: Step 8: dedup
2026-09-29 19:27:52,161 INFO run_daily: Step 9: ranking
2026-09-29 19:27:52,161 INFO run_daily: Step 10: writing digest
2026-09-29 19:27:52,186 INFO src.digest_writer: digest written: output/market_radar_2026-09-29.html
2026-09-29 19:27:52,186 INFO run_daily: === Done: output/market_radar_2026-09-29.html ===
