2026-09-21 19:15:59,524 INFO run_daily: === Market Event Radar starting — 2026-09-21 ===
2026-09-21 19:15:59,525 INFO run_daily: Step 1: fetching earnings calendar
2026-09-21 19:16:13,409 INFO src.event_fetcher: nasdaq earnings: 83 entries across 7 days
2026-09-21 19:16:14,675 INFO src.event_fetcher: finnhub earnings: 107 entries
2026-09-21 19:16:14,675 INFO src.event_fetcher: merged earnings universe: 164 unique tickers
2026-09-21 19:16:14,675 INFO run_daily: Step 2: fetching 8-K filings
2026-09-21 19:16:15,330 INFO src.event_fetcher: edgar 8-K filings: 100
2026-09-21 19:16:15,632 INFO run_daily: Step 3: building universe
2026-09-21 19:16:15,632 INFO src.universe: universe: 35 tickers (10 watchlist, 25 discovered)
2026-09-21 19:16:15,632 INFO run_daily: Universe: 35 tickers
2026-09-21 19:16:15,632 INFO run_daily: Step 4: yfinance cross-check for 35 tickers
2026-09-21 19:16:28,454 INFO run_daily: Step 5: building earnings events
2026-09-21 19:16:28,455 INFO src.source_merger: earnings events built: 164
2026-09-21 19:16:28,455 INFO run_daily: Step 5b: building 8-K events
2026-09-21 19:16:28,456 INFO run_daily: Step 6: options filter (264 candidates)
2026-09-21 19:16:32,538 WARNING src.options_filter: ABLV: options data unavailable from all sources
2026-09-21 19:16:36,307 WARNING src.options_filter: AIIO: options data unavailable from all sources
2026-09-21 19:16:40,050 WARNING src.options_filter: ALP: options data unavailable from all sources
2026-09-21 19:16:43,782 WARNING src.options_filter: AMST: options data unavailable from all sources
2026-09-21 19:16:47,507 WARNING src.options_filter: ANEB: options data unavailable from all sources
2026-09-21 19:16:51,232 WARNING src.options_filter: AOREF: options data unavailable from all sources
2026-09-21 19:16:54,958 WARNING src.options_filter: ASPU: options data unavailable from all sources
2026-09-21 19:16:58,694 WARNING src.options_filter: ATGL: options data unavailable from all sources
2026-09-21 19:17:02,483 WARNING src.options_filter: ATGN: options data unavailable from all sources
2026-09-21 19:17:06,220 WARNING src.options_filter: BCRD: options data unavailable from all sources
2026-09-21 19:17:09,947 WARNING src.options_filter: BNET: options data unavailable from all sources
2026-09-21 19:17:13,677 WARNING src.options_filter: BON: options data unavailable from all sources
2026-09-21 19:17:17,408 WARNING src.options_filter: CVAT: options data unavailable from all sources
2026-09-21 19:17:21,169 WARNING src.options_filter: CYCA: options data unavailable from all sources
2026-09-21 19:17:24,901 WARNING src.options_filter: DMNIF: options data unavailable from all sources
2026-09-21 19:17:28,631 WARNING src.options_filter: EESE: options data unavailable from all sources
2026-09-21 19:17:32,377 WARNING src.options_filter: FEAM: options data unavailable from all sources
2026-09-21 19:17:36,110 WARNING src.options_filter: GDTC: options data unavailable from all sources
2026-09-21 19:17:39,836 WARNING src.options_filter: GHG: options data unavailable from all sources
2026-09-21 19:17:43,564 WARNING src.options_filter: INEO: options data unavailable from all sources
2026-09-21 19:17:47,302 WARNING src.options_filter: JFR: options data unavailable from all sources
2026-09-21 19:17:51,037 WARNING src.options_filter: JQC: options data unavailable from all sources
2026-09-21 19:17:51,223 ERROR yfinance: HTTP Error 404: {"quoteSummary":{"result":null,"error":{"code":"Not Found","description":"Quote not found for symbol: LBUYD"}}}
2026-09-21 19:17:51,369 ERROR yfinance: $LBUYD: No data found, symbol may be delisted
2026-09-21 19:17:55,598 WARNING src.options_filter: LBUYD: options data unavailable from all sources
2026-09-21 19:17:59,326 WARNING src.options_filter: LDDD: options data unavailable from all sources
2026-09-21 19:18:03,055 WARNING src.options_filter: LSE: options data unavailable from all sources
2026-09-21 19:18:06,810 WARNING src.options_filter: MARPS: options data unavailable from all sources
2026-09-21 19:18:10,542 WARNING src.options_filter: MFI: options data unavailable from all sources
2026-09-21 19:18:14,288 WARNING src.options_filter: MPU: options data unavailable from all sources
2026-09-21 19:18:18,018 WARNING src.options_filter: MSS: options data unavailable from all sources
2026-09-21 19:18:21,743 WARNING src.options_filter: MWAI: options data unavailable from all sources
2026-09-21 19:18:21,923 ERROR yfinance: HTTP Error 404: {"quoteSummary":{"result":null,"error":{"code":"Not Found","description":"Quote not found for symbol: MYD"}}}
2026-09-21 19:18:22,057 ERROR yfinance: $MYD: No data found, symbol may be delisted
2026-09-21 19:18:26,288 WARNING src.options_filter: MYD: options data unavailable from all sources
2026-09-21 19:18:30,020 WARNING src.options_filter: NEUP: options data unavailable from all sources
2026-09-21 19:18:33,819 WARNING src.options_filter: NTCL: options data unavailable from all sources
2026-09-21 19:18:37,733 WARNING src.options_filter: RYSMF: options data unavailable from all sources
2026-09-21 19:18:41,533 WARNING src.options_filter: SRXH: options data unavailable from all sources
2026-09-21 19:18:45,328 WARNING src.options_filter: SYNX: options data unavailable from all sources
2026-09-21 19:18:49,067 WARNING src.options_filter: TVTV: options data unavailable from all sources
2026-09-21 19:18:52,798 WARNING src.options_filter: VIVC: options data unavailable from all sources
2026-09-21 19:18:56,534 WARNING src.options_filter: VSEE: options data unavailable from all sources
2026-09-21 19:19:00,261 WARNING src.options_filter: ZKIN: options data unavailable from all sources
2026-09-21 19:19:03,997 WARNING src.options_filter: FGPR: options data unavailable from all sources
2026-09-21 19:19:07,727 WARNING src.options_filter: TBN: options data unavailable from all sources
2026-09-21 19:19:11,455 WARNING src.options_filter: AFB: options data unavailable from all sources
2026-09-21 19:19:15,216 WARNING src.options_filter: BTOC: options data unavailable from all sources
2026-09-21 19:19:18,947 WARNING src.options_filter: LGCY: options data unavailable from all sources
2026-09-21 19:19:22,675 WARNING src.options_filter: LVVV: options data unavailable from all sources
2026-09-21 19:19:26,434 WARNING src.options_filter: MITQ: options data unavailable from all sources
2026-09-21 19:19:30,162 WARNING src.options_filter: MTEK: options data unavailable from all sources
2026-09-21 19:19:33,890 WARNING src.options_filter: PCLA: options data unavailable from all sources
2026-09-21 19:19:37,625 WARNING src.options_filter: POCI: options data unavailable from all sources
2026-09-21 19:19:41,389 WARNING src.options_filter: QH: options data unavailable from all sources
2026-09-21 19:19:45,112 WARNING src.options_filter: SOS: options data unavailable from all sources
2026-09-21 19:19:48,858 WARNING src.options_filter: AGSS: options data unavailable from all sources
2026-09-21 19:19:52,587 WARNING src.options_filter: ASTC: options data unavailable from all sources
2026-09-21 19:19:52,759 ERROR yfinance: $CLRC: No data found, symbol may be delisted
2026-09-21 19:19:56,989 WARNING src.options_filter: CLRC: options data unavailable from all sources
2026-09-21 19:20:00,718 WARNING src.options_filter: GLNS: options data unavailable from all sources
2026-09-21 19:20:04,459 WARNING src.options_filter: MGLD: options data unavailable from all sources
2026-09-21 19:20:08,192 WARNING src.options_filter: NAII: options data unavailable from all sources
2026-09-21 19:20:11,944 WARNING src.options_filter: PZG: options data unavailable from all sources
2026-09-21 19:20:15,704 WARNING src.options_filter: YDES: options data unavailable from all sources
2026-09-21 19:20:19,434 WARNING src.options_filter: AYTU: options data unavailable from all sources
2026-09-21 19:20:23,171 WARNING src.options_filter: RWWI: options data unavailable from all sources
2026-09-21 19:20:26,909 WARNING src.options_filter: CBIH: options data unavailable from all sources
2026-09-21 19:20:30,639 WARNING src.options_filter: COOT: options data unavailable from all sources
2026-09-21 19:20:34,379 WARNING src.options_filter: HCBC: options data unavailable from all sources
2026-09-21 19:20:38,107 WARNING src.options_filter: HLEO: options data unavailable from all sources
2026-09-21 19:20:42,019 WARNING src.options_filter: INM: options data unavailable from all sources
2026-09-21 19:20:45,772 WARNING src.options_filter: KCRD: options data unavailable from all sources
2026-09-21 19:20:49,506 WARNING src.options_filter: NAMI: options data unavailable from all sources
2026-09-21 19:20:53,235 WARNING src.options_filter: NCPL: options data unavailable from all sources
2026-09-21 19:20:56,975 WARNING src.options_filter: PTN: options data unavailable from all sources
2026-09-21 19:20:57,191 ERROR yfinance: $SBSAA: No data found, symbol may be delisted
2026-09-21 19:21:01,459 WARNING src.options_filter: SBSAA: options data unavailable from all sources
2026-09-21 19:21:05,198 WARNING src.options_filter: TDTH: options data unavailable from all sources
2026-09-21 19:21:05,360 ERROR yfinance: $WDSP: No data found, symbol may be delisted
2026-09-21 19:21:09,595 WARNING src.options_filter: WDSP: options data unavailable from all sources
2026-09-21 19:21:13,329 WARNING src.options_filter: CHRN: options data unavailable from all sources
2026-09-21 19:21:17,066 WARNING src.options_filter: CURR: options data unavailable from all sources
2026-09-21 19:21:20,797 WARNING src.options_filter: YYAI: options data unavailable from all sources
2026-09-21 19:21:24,533 WARNING src.options_filter: FRGT: options data unavailable from all sources
2026-09-21 19:21:28,282 WARNING src.options_filter: ESP: options data unavailable from all sources
2026-09-21 19:21:32,011 WARNING src.options_filter: HERE: options data unavailable from all sources
2026-09-21 19:21:35,737 WARNING src.options_filter: ALPS: options data unavailable from all sources
2026-09-21 19:21:39,482 WARNING src.options_filter: BRLS: options data unavailable from all sources
2026-09-21 19:21:43,221 WARNING src.options_filter: AAME: options data unavailable from all sources
2026-09-21 19:21:46,952 WARNING src.options_filter: SEGG: options data unavailable from all sources
2026-09-21 19:21:50,708 WARNING src.options_filter: BRTX: options data unavailable from all sources
2026-09-21 19:21:54,463 WARNING src.options_filter: SHPH: options data unavailable from all sources
2026-09-21 19:21:58,241 WARNING src.options_filter: GTEN: options data unavailable from all sources
2026-09-21 19:22:01,973 WARNING src.options_filter: RYDE: options data unavailable from all sources
2026-09-21 19:22:05,715 WARNING src.options_filter: SANG: options data unavailable from all sources
2026-09-21 19:22:09,446 WARNING src.options_filter: AACG: options data unavailable from all sources
2026-09-21 19:22:13,172 WARNING src.options_filter: DSWL: options data unavailable from all sources
2026-09-21 19:22:16,914 WARNING src.options_filter: ATCH: options data unavailable from all sources
2026-09-21 19:22:20,638 WARNING src.options_filter: SJ: options data unavailable from all sources
2026-09-21 19:22:24,381 WARNING src.options_filter: GAUZ: options data unavailable from all sources
2026-09-21 19:22:28,106 WARNING src.options_filter: GURE: options data unavailable from all sources
2026-09-21 19:22:31,833 WARNING src.options_filter: LKSP: options data unavailable from all sources
2026-09-21 19:22:35,566 WARNING src.options_filter: UXIN: options data unavailable from all sources
2026-09-21 19:22:39,316 WARNING src.options_filter: EONR: options data unavailable from all sources
2026-09-21 19:22:43,058 WARNING src.options_filter: CMMB: options data unavailable from all sources
2026-09-21 19:22:46,789 WARNING src.options_filter: ALAR: options data unavailable from all sources
2026-09-21 19:22:50,709 WARNING src.options_filter: SMXT: options data unavailable from all sources
2026-09-21 19:22:54,445 WARNING src.options_filter: BTTC: options data unavailable from all sources
2026-09-21 19:22:58,192 WARNING src.options_filter: IPST: options data unavailable from all sources
2026-09-21 19:23:01,926 WARNING src.options_filter: HTLM: options data unavailable from all sources
2026-09-21 19:23:05,658 WARNING src.options_filter: ZONE: options data unavailable from all sources
2026-09-21 19:23:05,889 ERROR yfinance: $UNKNOWN: No data found, symbol may be delisted
2026-09-21 19:23:10,123 WARNING src.options_filter: UNKNOWN: options data unavailable from all sources
2026-09-21 19:23:10,204 ERROR yfinance: $UNKNOWN: No data found, symbol may be delisted
2026-09-21 19:23:14,441 WARNING src.options_filter: UNKNOWN: options data unavailable from all sources
2026-09-21 19:23:14,519 ERROR yfinance: $UNKNOWN: No data found, symbol may be delisted
2026-09-21 19:23:18,744 WARNING src.options_filter: UNKNOWN: options data unavailable from all sources
2026-09-21 19:23:18,836 ERROR yfinance: $UNKNOWN: No data found, symbol may be delisted
2026-09-21 19:23:23,068 WARNING src.options_filter: UNKNOWN: options data unavailable from all sources
2026-09-21 19:23:23,150 ERROR yfinance: $UNKNOWN: No data found, symbol may be delisted
2026-09-21 19:23:27,383 WARNING src.options_filter: UNKNOWN: options data unavailable from all sources
2026-09-21 19:23:27,457 ERROR yfinance: $UNKNOWN: No data found, symbol may be delisted
2026-09-21 19:23:31,717 WARNING src.options_filter: UNKNOWN: options data unavailable from all sources
2026-09-21 19:23:31,795 ERROR yfinance: $UNKNOWN: No data found, symbol may be delisted
2026-09-21 19:23:36,060 WARNING src.options_filter: UNKNOWN: options data unavailable from all sources
2026-09-21 19:23:36,144 ERROR yfinance: $UNKNOWN: No data found, symbol may be delisted
2026-09-21 19:23:40,377 WARNING src.options_filter: UNKNOWN: options data unavailable from all sources
2026-09-21 19:23:40,474 ERROR yfinance: $UNKNOWN: No data found, symbol may be delisted
2026-09-21 19:23:44,706 WARNING src.options_filter: UNKNOWN: options data unavailable from all sources
2026-09-21 19:23:44,786 ERROR yfinance: $UNKNOWN: No data found, symbol may be delisted
2026-09-21 19:23:49,016 WARNING src.options_filter: UNKNOWN: options data unavailable from all sources
2026-09-21 19:23:49,092 ERROR yfinance: $UNKNOWN: No data found, symbol may be delisted
2026-09-21 19:23:53,349 WARNING src.options_filter: UNKNOWN: options data unavailable from all sources
2026-09-21 19:23:53,437 ERROR yfinance: $UNKNOWN: No data found, symbol may be delisted
2026-09-21 19:23:57,693 WARNING src.options_filter: UNKNOWN: options data unavailable from all sources
2026-09-21 19:23:57,770 ERROR yfinance: $UNKNOWN: No data found, symbol may be delisted
2026-09-21 19:24:02,000 WARNING src.options_filter: UNKNOWN: options data unavailable from all sources
2026-09-21 19:24:02,078 ERROR yfinance: $UNKNOWN: No data found, symbol may be delisted
2026-09-21 19:24:06,348 WARNING src.options_filter: UNKNOWN: options data unavailable from all sources
2026-09-21 19:24:06,427 ERROR yfinance: $UNKNOWN: No data found, symbol may be delisted
2026-09-21 19:24:10,725 WARNING src.options_filter: UNKNOWN: options data unavailable from all sources
2026-09-21 19:24:10,802 ERROR yfinance: $UNKNOWN: No data found, symbol may be delisted
2026-09-21 19:24:15,192 WARNING src.options_filter: UNKNOWN: options data unavailable from all sources
2026-09-21 19:24:15,267 ERROR yfinance: $UNKNOWN: No data found, symbol may be delisted
2026-09-21 19:24:19,526 WARNING src.options_filter: UNKNOWN: options data unavailable from all sources
2026-09-21 19:24:19,609 ERROR yfinance: $UNKNOWN: No data found, symbol may be delisted
2026-09-21 19:24:23,846 WARNING src.options_filter: UNKNOWN: options data unavailable from all sources
2026-09-21 19:24:23,929 ERROR yfinance: $UNKNOWN: No data found, symbol may be delisted
2026-09-21 19:24:28,156 WARNING src.options_filter: UNKNOWN: options data unavailable from all sources
2026-09-21 19:24:28,237 ERROR yfinance: $UNKNOWN: No data found, symbol may be delisted
2026-09-21 19:24:32,480 WARNING src.options_filter: UNKNOWN: options data unavailable from all sources
2026-09-21 19:24:32,560 ERROR yfinance: $UNKNOWN: No data found, symbol may be delisted
2026-09-21 19:24:36,795 WARNING src.options_filter: UNKNOWN: options data unavailable from all sources
2026-09-21 19:24:36,873 ERROR yfinance: $UNKNOWN: No data found, symbol may be delisted
2026-09-21 19:24:41,103 WARNING src.options_filter: UNKNOWN: options data unavailable from all sources
2026-09-21 19:24:41,189 ERROR yfinance: $UNKNOWN: No data found, symbol may be delisted
2026-09-21 19:24:45,433 WARNING src.options_filter: UNKNOWN: options data unavailable from all sources
2026-09-21 19:24:45,527 ERROR yfinance: $UNKNOWN: No data found, symbol may be delisted
2026-09-21 19:24:49,765 WARNING src.options_filter: UNKNOWN: options data unavailable from all sources
2026-09-21 19:24:49,823 ERROR yfinance: $INVLW: possibly delisted; no price data found  (period=1mo)
2026-09-21 19:24:54,062 WARNING src.options_filter: INVLW: options data unavailable from all sources
2026-09-21 19:24:54,146 ERROR yfinance: $UNKNOWN: No data found, symbol may be delisted
2026-09-21 19:24:58,386 WARNING src.options_filter: UNKNOWN: options data unavailable from all sources
2026-09-21 19:24:58,460 ERROR yfinance: $UNKNOWN: No data found, symbol may be delisted
2026-09-21 19:25:02,694 WARNING src.options_filter: UNKNOWN: options data unavailable from all sources
2026-09-21 19:25:02,768 ERROR yfinance: $UNKNOWN: No data found, symbol may be delisted
2026-09-21 19:25:07,014 WARNING src.options_filter: UNKNOWN: options data unavailable from all sources
2026-09-21 19:25:07,102 ERROR yfinance: $UNKNOWN: No data found, symbol may be delisted
2026-09-21 19:25:11,553 WARNING src.options_filter: UNKNOWN: options data unavailable from all sources
2026-09-21 19:25:11,630 ERROR yfinance: $UNKNOWN: No data found, symbol may be delisted
2026-09-21 19:25:16,738 WARNING src.options_filter: UNKNOWN: options data unavailable from all sources
2026-09-21 19:25:16,815 ERROR yfinance: $UNKNOWN: No data found, symbol may be delisted
2026-09-21 19:25:23,250 WARNING src.options_filter: UNKNOWN: options data unavailable from all sources
2026-09-21 19:25:23,328 ERROR yfinance: $UNKNOWN: No data found, symbol may be delisted
2026-09-21 19:25:27,575 WARNING src.options_filter: UNKNOWN: options data unavailable from all sources
2026-09-21 19:25:27,652 ERROR yfinance: $UNKNOWN: No data found, symbol may be delisted
2026-09-21 19:25:31,881 WARNING src.options_filter: UNKNOWN: options data unavailable from all sources
2026-09-21 19:25:31,962 ERROR yfinance: $UNKNOWN: No data found, symbol may be delisted
2026-09-21 19:25:36,230 WARNING src.options_filter: UNKNOWN: options data unavailable from all sources
2026-09-21 19:25:36,313 ERROR yfinance: $UNKNOWN: No data found, symbol may be delisted
2026-09-21 19:25:40,587 WARNING src.options_filter: UNKNOWN: options data unavailable from all sources
2026-09-21 19:25:40,677 ERROR yfinance: $UNKNOWN: No data found, symbol may be delisted
2026-09-21 19:25:45,083 WARNING src.options_filter: UNKNOWN: options data unavailable from all sources
2026-09-21 19:25:45,164 ERROR yfinance: $UNKNOWN: No data found, symbol may be delisted
2026-09-21 19:25:49,404 WARNING src.options_filter: UNKNOWN: options data unavailable from all sources
2026-09-21 19:25:49,482 ERROR yfinance: $UNKNOWN: No data found, symbol may be delisted
2026-09-21 19:25:53,967 WARNING src.options_filter: UNKNOWN: options data unavailable from all sources
2026-09-21 19:25:54,046 ERROR yfinance: $UNKNOWN: No data found, symbol may be delisted
2026-09-21 19:25:58,288 WARNING src.options_filter: UNKNOWN: options data unavailable from all sources
2026-09-21 19:25:58,365 ERROR yfinance: $UNKNOWN: No data found, symbol may be delisted
2026-09-21 19:26:02,671 WARNING src.options_filter: UNKNOWN: options data unavailable from all sources
2026-09-21 19:26:02,747 ERROR yfinance: $UNKNOWN: No data found, symbol may be delisted
2026-09-21 19:26:06,986 WARNING src.options_filter: UNKNOWN: options data unavailable from all sources
2026-09-21 19:26:07,067 ERROR yfinance: $UNKNOWN: No data found, symbol may be delisted
2026-09-21 19:26:11,310 WARNING src.options_filter: UNKNOWN: options data unavailable from all sources
2026-09-21 19:26:11,391 ERROR yfinance: $UNKNOWN: No data found, symbol may be delisted
2026-09-21 19:26:15,632 WARNING src.options_filter: UNKNOWN: options data unavailable from all sources
2026-09-21 19:26:15,709 ERROR yfinance: $UNKNOWN: No data found, symbol may be delisted
2026-09-21 19:26:19,959 WARNING src.options_filter: UNKNOWN: options data unavailable from all sources
2026-09-21 19:26:20,035 ERROR yfinance: $UNKNOWN: No data found, symbol may be delisted
2026-09-21 19:26:24,259 WARNING src.options_filter: UNKNOWN: options data unavailable from all sources
2026-09-21 19:26:24,341 ERROR yfinance: $UNKNOWN: No data found, symbol may be delisted
2026-09-21 19:26:28,568 WARNING src.options_filter: UNKNOWN: options data unavailable from all sources
2026-09-21 19:26:28,646 ERROR yfinance: $UNKNOWN: No data found, symbol may be delisted
2026-09-21 19:26:32,910 WARNING src.options_filter: UNKNOWN: options data unavailable from all sources
2026-09-21 19:26:32,995 ERROR yfinance: $UNKNOWN: No data found, symbol may be delisted
2026-09-21 19:26:37,380 WARNING src.options_filter: UNKNOWN: options data unavailable from all sources
2026-09-21 19:26:37,459 ERROR yfinance: $UNKNOWN: No data found, symbol may be delisted
2026-09-21 19:26:41,687 WARNING src.options_filter: UNKNOWN: options data unavailable from all sources
2026-09-21 19:26:41,788 ERROR yfinance: $UNKNOWN: No data found, symbol may be delisted
2026-09-21 19:26:46,016 WARNING src.options_filter: UNKNOWN: options data unavailable from all sources
2026-09-21 19:26:46,104 ERROR yfinance: $UNKNOWN: No data found, symbol may be delisted
2026-09-21 19:26:50,357 WARNING src.options_filter: UNKNOWN: options data unavailable from all sources
2026-09-21 19:26:54,142 WARNING src.options_filter: APOS: options data unavailable from all sources
2026-09-21 19:26:54,231 ERROR yfinance: $UNKNOWN: No data found, symbol may be delisted
2026-09-21 19:26:58,459 WARNING src.options_filter: UNKNOWN: options data unavailable from all sources
2026-09-21 19:26:58,548 ERROR yfinance: $UNKNOWN: No data found, symbol may be delisted
2026-09-21 19:27:02,795 WARNING src.options_filter: UNKNOWN: options data unavailable from all sources
2026-09-21 19:27:02,912 ERROR yfinance: $UNKNOWN: No data found, symbol may be delisted
2026-09-21 19:27:07,282 WARNING src.options_filter: UNKNOWN: options data unavailable from all sources
2026-09-21 19:27:07,360 ERROR yfinance: $UNKNOWN: No data found, symbol may be delisted
2026-09-21 19:27:11,582 WARNING src.options_filter: UNKNOWN: options data unavailable from all sources
2026-09-21 19:27:11,668 ERROR yfinance: $UNKNOWN: No data found, symbol may be delisted
2026-09-21 19:27:15,902 WARNING src.options_filter: UNKNOWN: options data unavailable from all sources
2026-09-21 19:27:15,980 ERROR yfinance: $UNKNOWN: No data found, symbol may be delisted
2026-09-21 19:27:20,211 WARNING src.options_filter: UNKNOWN: options data unavailable from all sources
2026-09-21 19:27:20,288 ERROR yfinance: $UNKNOWN: No data found, symbol may be delisted
2026-09-21 19:27:24,543 WARNING src.options_filter: UNKNOWN: options data unavailable from all sources
2026-09-21 19:27:24,619 ERROR yfinance: $UNKNOWN: No data found, symbol may be delisted
2026-09-21 19:27:28,848 WARNING src.options_filter: UNKNOWN: options data unavailable from all sources
2026-09-21 19:27:28,929 ERROR yfinance: $UNKNOWN: No data found, symbol may be delisted
2026-09-21 19:27:33,155 WARNING src.options_filter: UNKNOWN: options data unavailable from all sources
2026-09-21 19:27:33,232 ERROR yfinance: $UNKNOWN: No data found, symbol may be delisted
2026-09-21 19:27:37,661 WARNING src.options_filter: UNKNOWN: options data unavailable from all sources
2026-09-21 19:27:41,391 WARNING src.options_filter: DFUKF: options data unavailable from all sources
2026-09-21 19:27:41,475 ERROR yfinance: $UNKNOWN: No data found, symbol may be delisted
2026-09-21 19:27:45,702 WARNING src.options_filter: UNKNOWN: options data unavailable from all sources
2026-09-21 19:27:45,786 ERROR yfinance: $UNKNOWN: No data found, symbol may be delisted
2026-09-21 19:27:50,076 WARNING src.options_filter: UNKNOWN: options data unavailable from all sources
2026-09-21 19:27:53,802 WARNING src.options_filter: DFUKF: options data unavailable from all sources
2026-09-21 19:27:53,876 ERROR yfinance: $UNKNOWN: No data found, symbol may be delisted
2026-09-21 19:27:58,099 WARNING src.options_filter: UNKNOWN: options data unavailable from all sources
2026-09-21 19:27:58,179 ERROR yfinance: $UNKNOWN: No data found, symbol may be delisted
2026-09-21 19:28:02,469 WARNING src.options_filter: UNKNOWN: options data unavailable from all sources
2026-09-21 19:28:02,547 ERROR yfinance: $UNKNOWN: No data found, symbol may be delisted
2026-09-21 19:28:06,776 WARNING src.options_filter: UNKNOWN: options data unavailable from all sources
2026-09-21 19:28:10,506 WARNING src.options_filter: ATH-PE: options data unavailable from all sources
2026-09-21 19:28:10,585 ERROR yfinance: $UNKNOWN: No data found, symbol may be delisted
2026-09-21 19:28:14,873 WARNING src.options_filter: UNKNOWN: options data unavailable from all sources
2026-09-21 19:28:14,953 ERROR yfinance: $UNKNOWN: No data found, symbol may be delisted
2026-09-21 19:28:19,181 WARNING src.options_filter: UNKNOWN: options data unavailable from all sources
2026-09-21 19:28:19,318 ERROR yfinance: $UNKNOWN: No data found, symbol may be delisted
2026-09-21 19:28:23,553 WARNING src.options_filter: UNKNOWN: options data unavailable from all sources
2026-09-21 19:28:23,631 ERROR yfinance: $UNKNOWN: No data found, symbol may be delisted
2026-09-21 19:28:27,860 WARNING src.options_filter: UNKNOWN: options data unavailable from all sources
2026-09-21 19:28:27,935 ERROR yfinance: $UNKNOWN: No data found, symbol may be delisted
2026-09-21 19:28:32,169 WARNING src.options_filter: UNKNOWN: options data unavailable from all sources
2026-09-21 19:28:32,247 ERROR yfinance: $UNKNOWN: No data found, symbol may be delisted
2026-09-21 19:28:36,480 WARNING src.options_filter: UNKNOWN: options data unavailable from all sources
2026-09-21 19:28:36,564 ERROR yfinance: $UNKNOWN: No data found, symbol may be delisted
2026-09-21 19:28:40,788 WARNING src.options_filter: UNKNOWN: options data unavailable from all sources
2026-09-21 19:28:40,891 ERROR yfinance: $UNKNOWN: No data found, symbol may be delisted
2026-09-21 19:28:45,115 WARNING src.options_filter: UNKNOWN: options data unavailable from all sources
2026-09-21 19:28:45,270 ERROR yfinance: $NWSLL: No data found, symbol may be delisted
2026-09-21 19:28:49,522 WARNING src.options_filter: NWSLL: options data unavailable from all sources
2026-09-21 19:28:49,598 ERROR yfinance: $UNKNOWN: No data found, symbol may be delisted
2026-09-21 19:28:53,824 WARNING src.options_filter: UNKNOWN: options data unavailable from all sources
2026-09-21 19:28:53,900 ERROR yfinance: $UNKNOWN: No data found, symbol may be delisted
2026-09-21 19:28:58,151 WARNING src.options_filter: UNKNOWN: options data unavailable from all sources
2026-09-21 19:28:58,236 ERROR yfinance: $UNKNOWN: No data found, symbol may be delisted
2026-09-21 19:29:02,480 WARNING src.options_filter: UNKNOWN: options data unavailable from all sources
2026-09-21 19:29:02,558 ERROR yfinance: $UNKNOWN: No data found, symbol may be delisted
2026-09-21 19:29:06,789 WARNING src.options_filter: UNKNOWN: options data unavailable from all sources
2026-09-21 19:29:06,869 ERROR yfinance: $UNKNOWN: No data found, symbol may be delisted
2026-09-21 19:29:11,096 WARNING src.options_filter: UNKNOWN: options data unavailable from all sources
2026-09-21 19:29:11,178 ERROR yfinance: $UNKNOWN: No data found, symbol may be delisted
2026-09-21 19:29:15,425 WARNING src.options_filter: UNKNOWN: options data unavailable from all sources
2026-09-21 19:29:15,499 ERROR yfinance: $UNKNOWN: No data found, symbol may be delisted
2026-09-21 19:29:19,730 WARNING src.options_filter: UNKNOWN: options data unavailable from all sources
2026-09-21 19:29:19,809 ERROR yfinance: $UNKNOWN: No data found, symbol may be delisted
2026-09-21 19:29:24,068 WARNING src.options_filter: UNKNOWN: options data unavailable from all sources
2026-09-21 19:29:24,152 ERROR yfinance: $UNKNOWN: No data found, symbol may be delisted
2026-09-21 19:29:28,385 WARNING src.options_filter: UNKNOWN: options data unavailable from all sources
2026-09-21 19:29:28,472 ERROR yfinance: $UNKNOWN: No data found, symbol may be delisted
2026-09-21 19:29:32,699 WARNING src.options_filter: UNKNOWN: options data unavailable from all sources
2026-09-21 19:29:32,700 INFO run_daily: Passed options gate: 34 events
2026-09-21 19:29:32,700 INFO run_daily: Step 7: enriching 34 events
2026-09-21 19:29:41,051 INFO run_daily: Step 8: dedup
2026-09-21 19:29:41,051 INFO run_daily: Step 9: ranking
2026-09-21 19:29:41,051 INFO run_daily: Step 10: writing digest
2026-09-21 19:29:41,071 INFO src.digest_writer: digest written: output/market_radar_2026-09-21.html
2026-09-21 19:29:41,071 INFO run_daily: === Done: output/market_radar_2026-09-21.html ===
