2026-08-18 14:41:05,545 INFO run_daily: === Market Event Radar starting — 2026-08-18 ===
2026-08-18 14:41:05,547 INFO run_daily: Step 1: fetching earnings calendar
2026-08-18 14:41:14,484 INFO src.event_fetcher: nasdaq earnings: 203 entries across 7 days
2026-08-18 14:41:15,744 INFO src.event_fetcher: finnhub earnings: 245 entries
2026-08-18 14:41:15,745 INFO src.event_fetcher: merged earnings universe: 361 unique tickers
2026-08-18 14:41:15,745 INFO run_daily: Step 2: fetching 8-K filings
2026-08-18 14:41:16,463 INFO src.event_fetcher: edgar 8-K filings: 100
2026-08-18 14:41:16,783 INFO run_daily: Step 3: building universe
2026-08-18 14:41:16,784 INFO src.universe: universe: 35 tickers (10 watchlist, 25 discovered)
2026-08-18 14:41:16,784 INFO run_daily: Universe: 35 tickers
2026-08-18 14:41:16,784 INFO run_daily: Step 4: yfinance cross-check for 35 tickers
2026-08-18 14:41:28,271 INFO run_daily: Step 5: building earnings events
2026-08-18 14:41:28,272 INFO src.source_merger: earnings events built: 361
2026-08-18 14:41:28,272 INFO run_daily: Step 5b: building 8-K events
2026-08-18 14:41:28,274 INFO run_daily: Step 6: options filter (461 candidates)
2026-08-18 14:41:28,459 ERROR yfinance: HTTP Error 404: {"quoteSummary":{"result":null,"error":{"code":"Not Found","description":"Quote not found for symbol: ALCY"}}}
2026-08-18 14:41:28,605 ERROR yfinance: $ALCY: No data found, symbol may be delisted
2026-08-18 14:41:33,052 WARNING src.options_filter: ALCY: options data unavailable from all sources
2026-08-18 14:41:36,795 WARNING src.options_filter: BSPK: options data unavailable from all sources
2026-08-18 14:41:40,527 WARNING src.options_filter: DREM: options data unavailable from all sources
2026-08-18 14:41:44,279 WARNING src.options_filter: DYNR: options data unavailable from all sources
2026-08-18 14:41:48,013 WARNING src.options_filter: FSCO: options data unavailable from all sources
2026-08-18 14:41:48,191 ERROR yfinance: HTTP Error 404: {"quoteSummary":{"result":null,"error":{"code":"Not Found","description":"Quote not found for symbol: GES"}}}
2026-08-18 14:41:48,348 ERROR yfinance: $GES: No data found, symbol may be delisted
2026-08-18 14:41:52,572 WARNING src.options_filter: GES: options data unavailable from all sources
2026-08-18 14:41:52,735 ERROR yfinance: $HZRBY: No data found, symbol may be delisted
2026-08-18 14:41:56,974 WARNING src.options_filter: HZRBY: options data unavailable from all sources
2026-08-18 14:42:00,709 WARNING src.options_filter: IVFH: options data unavailable from all sources
2026-08-18 14:42:04,452 WARNING src.options_filter: MYND: options data unavailable from all sources
2026-08-18 14:42:08,190 WARNING src.options_filter: NTHI: options data unavailable from all sources
2026-08-18 14:42:11,919 WARNING src.options_filter: RMT: options data unavailable from all sources
2026-08-18 14:42:15,646 WARNING src.options_filter: SJ: options data unavailable from all sources
2026-08-18 14:42:19,423 WARNING src.options_filter: STRT: options data unavailable from all sources
2026-08-18 14:42:23,160 WARNING src.options_filter: TEI: options data unavailable from all sources
2026-08-18 14:42:26,887 WARNING src.options_filter: VMET: options data unavailable from all sources
2026-08-18 14:42:30,619 WARNING src.options_filter: YB: options data unavailable from all sources
2026-08-18 14:42:34,370 WARNING src.options_filter: ADMT: options data unavailable from all sources
2026-08-18 14:42:34,529 ERROR yfinance: $AMWD: No data found, symbol may be delisted
2026-08-18 14:42:38,755 WARNING src.options_filter: AMWD: options data unavailable from all sources
2026-08-18 14:42:38,909 ERROR yfinance: $BTM: No data found, symbol may be delisted
2026-08-18 14:42:43,178 WARNING src.options_filter: BTM: options data unavailable from all sources
2026-08-18 14:42:46,948 WARNING src.options_filter: CLM: options data unavailable from all sources
2026-08-18 14:42:50,696 WARNING src.options_filter: CNF: options data unavailable from all sources
2026-08-18 14:42:54,434 WARNING src.options_filter: EMD: options data unavailable from all sources
2026-08-18 14:42:58,169 WARNING src.options_filter: FFWC: options data unavailable from all sources
2026-08-18 14:42:58,348 ERROR yfinance: $FMTO: No data found, symbol may be delisted
2026-08-18 14:43:02,576 WARNING src.options_filter: FMTO: options data unavailable from all sources
2026-08-18 14:43:06,325 WARNING src.options_filter: IIF: options data unavailable from all sources
2026-08-18 14:43:10,076 WARNING src.options_filter: MSD: options data unavailable from all sources
2026-08-18 14:43:13,848 WARNING src.options_filter: PAI: options data unavailable from all sources
2026-08-18 14:43:17,578 WARNING src.options_filter: PDCC: options data unavailable from all sources
2026-08-18 14:43:21,312 WARNING src.options_filter: PICS: options data unavailable from all sources
2026-08-18 14:43:25,042 WARNING src.options_filter: RENX: options data unavailable from all sources
2026-08-18 14:43:28,782 WARNING src.options_filter: RHCO: options data unavailable from all sources
2026-08-18 14:43:32,520 WARNING src.options_filter: SNT: options data unavailable from all sources
2026-08-18 14:43:32,680 ERROR yfinance: $SOND: No data found, symbol may be delisted
2026-08-18 14:43:36,922 WARNING src.options_filter: SOND: options data unavailable from all sources
2026-08-18 14:43:40,876 WARNING src.options_filter: SRAX: options data unavailable from all sources
2026-08-18 14:43:44,610 WARNING src.options_filter: OWLS: options data unavailable from all sources
2026-08-18 14:43:48,336 WARNING src.options_filter: UI: options data unavailable from all sources
2026-08-18 14:43:52,094 WARNING src.options_filter: ZKH: options data unavailable from all sources
2026-08-18 14:43:55,827 WARNING src.options_filter: AGTX: options data unavailable from all sources
2026-08-18 14:43:59,558 WARNING src.options_filter: AXIL: options data unavailable from all sources
2026-08-18 14:44:03,298 WARNING src.options_filter: BOSC: options data unavailable from all sources
2026-08-18 14:44:07,035 WARNING src.options_filter: BRID: options data unavailable from all sources
2026-08-18 14:44:10,762 WARNING src.options_filter: ELLO: options data unavailable from all sources
2026-08-18 14:44:14,493 WARNING src.options_filter: EVAX: options data unavailable from all sources
2026-08-18 14:44:18,232 WARNING src.options_filter: FECOF: options data unavailable from all sources
2026-08-18 14:44:21,983 WARNING src.options_filter: FTII: options data unavailable from all sources
2026-08-18 14:44:25,722 WARNING src.options_filter: HOV: options data unavailable from all sources
2026-08-18 14:44:29,462 WARNING src.options_filter: ICG: options data unavailable from all sources
2026-08-18 14:44:33,196 WARNING src.options_filter: IGR: options data unavailable from all sources
2026-08-18 14:44:36,923 WARNING src.options_filter: JG: options data unavailable from all sources
2026-08-18 14:44:40,653 WARNING src.options_filter: KOSS: options data unavailable from all sources
2026-08-18 14:44:44,424 WARNING src.options_filter: PDEX: options data unavailable from all sources
2026-08-18 14:44:48,159 WARNING src.options_filter: RERE: options data unavailable from all sources
2026-08-18 14:44:51,890 WARNING src.options_filter: SCPX: options data unavailable from all sources
2026-08-18 14:44:52,087 ERROR yfinance: $SPR: No data found, symbol may be delisted
2026-08-18 14:44:56,378 WARNING src.options_filter: SPR: options data unavailable from all sources
2026-08-18 14:45:00,133 WARNING src.options_filter: UCLE: options data unavailable from all sources
2026-08-18 14:45:03,868 WARNING src.options_filter: ACRV: options data unavailable from all sources
2026-08-18 14:45:07,614 WARNING src.options_filter: ADGM: options data unavailable from all sources
2026-08-18 14:45:11,482 WARNING src.options_filter: ALVO: options data unavailable from all sources
2026-08-18 14:45:15,223 WARNING src.options_filter: ANTA: options data unavailable from all sources
2026-08-18 14:45:18,960 WARNING src.options_filter: BCG: options data unavailable from all sources
2026-08-18 14:45:22,703 WARNING src.options_filter: CCIF: options data unavailable from all sources
2026-08-18 14:45:26,438 WARNING src.options_filter: CHUC: options data unavailable from all sources
2026-08-18 14:45:30,183 WARNING src.options_filter: DVLT: options data unavailable from all sources
2026-08-18 14:45:33,940 WARNING src.options_filter: FBYD: options data unavailable from all sources
2026-08-18 14:45:37,678 WARNING src.options_filter: FIEE: options data unavailable from all sources
2026-08-18 14:45:41,448 WARNING src.options_filter: FLYX: options data unavailable from all sources
2026-08-18 14:45:45,362 WARNING src.options_filter: GFR: options data unavailable from all sources
2026-08-18 14:45:49,112 WARNING src.options_filter: INVU: options data unavailable from all sources
2026-08-18 14:45:52,839 WARNING src.options_filter: KLRS: options data unavailable from all sources
2026-08-18 14:45:56,574 WARNING src.options_filter: LWAC: options data unavailable from all sources
2026-08-18 14:46:00,312 WARNING src.options_filter: MGX: options data unavailable from all sources
2026-08-18 14:46:04,054 WARNING src.options_filter: MRT: options data unavailable from all sources
2026-08-18 14:46:07,785 WARNING src.options_filter: MSS: options data unavailable from all sources
2026-08-18 14:46:11,512 WARNING src.options_filter: NEGG: options data unavailable from all sources
2026-08-18 14:46:15,255 WARNING src.options_filter: NROM: options data unavailable from all sources
2026-08-18 14:46:19,155 WARNING src.options_filter: QMCI: options data unavailable from all sources
2026-08-18 14:46:22,894 WARNING src.options_filter: RDZN: options data unavailable from all sources
2026-08-18 14:46:26,635 WARNING src.options_filter: RMCO: options data unavailable from all sources
2026-08-18 14:46:30,377 WARNING src.options_filter: SCND: options data unavailable from all sources
2026-08-18 14:46:34,107 WARNING src.options_filter: SEBC: options data unavailable from all sources
2026-08-18 14:46:37,836 WARNING src.options_filter: TCRX: options data unavailable from all sources
2026-08-18 14:46:41,577 WARNING src.options_filter: VIP: options data unavailable from all sources
2026-08-18 14:46:45,319 WARNING src.options_filter: VTIX: options data unavailable from all sources
2026-08-18 14:46:49,045 WARNING src.options_filter: ZDPY: options data unavailable from all sources
2026-08-18 14:46:52,773 WARNING src.options_filter: ABHBY: options data unavailable from all sources
2026-08-18 14:46:56,506 WARNING src.options_filter: ACRG: options data unavailable from all sources
2026-08-18 14:47:00,258 WARNING src.options_filter: ASII: options data unavailable from all sources
2026-08-18 14:47:03,986 WARNING src.options_filter: AUNA: options data unavailable from all sources
2026-08-18 14:47:07,720 WARNING src.options_filter: CALC: options data unavailable from all sources
2026-08-18 14:47:11,458 WARNING src.options_filter: CFNB: options data unavailable from all sources
2026-08-18 14:47:15,191 WARNING src.options_filter: CTOR: options data unavailable from all sources
2026-08-18 14:47:18,928 WARNING src.options_filter: EICCF: options data unavailable from all sources
2026-08-18 14:47:22,669 WARNING src.options_filter: ELTK: options data unavailable from all sources
2026-08-18 14:47:26,407 WARNING src.options_filter: ELWT: options data unavailable from all sources
2026-08-18 14:47:30,137 WARNING src.options_filter: EP: options data unavailable from all sources
2026-08-18 14:47:33,867 WARNING src.options_filter: EVGN: options data unavailable from all sources
2026-08-18 14:47:37,593 WARNING src.options_filter: HKHC: options data unavailable from all sources
2026-08-18 14:47:41,328 WARNING src.options_filter: IGTA: options data unavailable from all sources
2026-08-18 14:47:45,056 WARNING src.options_filter: MTEX: options data unavailable from all sources
2026-08-18 14:47:48,790 WARNING src.options_filter: NCNA: options data unavailable from all sources
2026-08-18 14:47:52,722 WARNING src.options_filter: NXGL: options data unavailable from all sources
2026-08-18 14:47:56,458 WARNING src.options_filter: OFED: options data unavailable from all sources
2026-08-18 14:48:00,195 WARNING src.options_filter: PHYTF: options data unavailable from all sources
2026-08-18 14:48:03,947 WARNING src.options_filter: PMA: options data unavailable from all sources
2026-08-18 14:48:07,706 WARNING src.options_filter: QBAK: options data unavailable from all sources
2026-08-18 14:48:11,453 WARNING src.options_filter: SSM: options data unavailable from all sources
2026-08-18 14:48:15,185 WARNING src.options_filter: VRME: options data unavailable from all sources
2026-08-18 14:48:18,946 WARNING src.options_filter: WILC: options data unavailable from all sources
2026-08-18 14:48:22,687 WARNING src.options_filter: WVVI: options data unavailable from all sources
2026-08-18 14:48:26,437 WARNING src.options_filter: FORTY: options data unavailable from all sources
2026-08-18 14:48:30,168 WARNING src.options_filter: ENRD: options data unavailable from all sources
2026-08-18 14:48:33,905 WARNING src.options_filter: TMCR: options data unavailable from all sources
2026-08-18 14:48:37,654 WARNING src.options_filter: AAME: options data unavailable from all sources
2026-08-18 14:48:41,389 WARNING src.options_filter: UCL: options data unavailable from all sources
2026-08-18 14:48:45,118 WARNING src.options_filter: BRLS: options data unavailable from all sources
2026-08-18 14:48:49,061 WARNING src.options_filter: CETY: options data unavailable from all sources
2026-08-18 14:48:52,795 WARNING src.options_filter: UUU: options data unavailable from all sources
2026-08-18 14:48:56,522 WARNING src.options_filter: NCL: options data unavailable from all sources
2026-08-18 14:49:00,284 WARNING src.options_filter: SEGG: options data unavailable from all sources
2026-08-18 14:49:04,029 WARNING src.options_filter: BRTX: options data unavailable from all sources
2026-08-18 14:49:07,760 WARNING src.options_filter: SHPH: options data unavailable from all sources
2026-08-18 14:49:11,574 WARNING src.options_filter: FLYE: options data unavailable from all sources
2026-08-18 14:49:15,309 WARNING src.options_filter: VIVK: options data unavailable from all sources
2026-08-18 14:49:19,040 WARNING src.options_filter: YHC: options data unavailable from all sources
2026-08-18 14:49:22,771 WARNING src.options_filter: GTEN: options data unavailable from all sources
2026-08-18 14:49:26,515 WARNING src.options_filter: AAPG: options data unavailable from all sources
2026-08-18 14:49:30,263 WARNING src.options_filter: RYDE: options data unavailable from all sources
2026-08-18 14:49:34,006 WARNING src.options_filter: SLSN: options data unavailable from all sources
2026-08-18 14:49:37,746 WARNING src.options_filter: AACG: options data unavailable from all sources
2026-08-18 14:49:41,474 WARNING src.options_filter: CIRC: options data unavailable from all sources
2026-08-18 14:49:45,207 WARNING src.options_filter: ATCH: options data unavailable from all sources
2026-08-18 14:49:48,944 WARNING src.options_filter: MOBX: options data unavailable from all sources
2026-08-18 14:49:52,679 WARNING src.options_filter: PTN: options data unavailable from all sources
2026-08-18 14:49:56,627 WARNING src.options_filter: IQST: options data unavailable from all sources
2026-08-18 14:50:00,389 WARNING src.options_filter: DBGI: options data unavailable from all sources
2026-08-18 14:50:04,172 WARNING src.options_filter: GAUZ: options data unavailable from all sources
2026-08-18 14:50:07,908 WARNING src.options_filter: GURE: options data unavailable from all sources
2026-08-18 14:50:11,671 WARNING src.options_filter: PHGE: options data unavailable from all sources
2026-08-18 14:50:15,428 WARNING src.options_filter: LKSP: options data unavailable from all sources
2026-08-18 14:50:19,166 WARNING src.options_filter: AIIR: options data unavailable from all sources
2026-08-18 14:50:22,909 WARNING src.options_filter: FLX: options data unavailable from all sources
2026-08-18 14:50:26,642 WARNING src.options_filter: SOWG: options data unavailable from all sources
2026-08-18 14:50:30,380 WARNING src.options_filter: STG: options data unavailable from all sources
2026-08-18 14:50:34,126 WARNING src.options_filter: BIRD: options data unavailable from all sources
2026-08-18 14:50:37,865 WARNING src.options_filter: GRDX: options data unavailable from all sources
2026-08-18 14:50:41,597 WARNING src.options_filter: EONR: options data unavailable from all sources
2026-08-18 14:50:45,335 WARNING src.options_filter: SMXT: options data unavailable from all sources
2026-08-18 14:50:49,071 WARNING src.options_filter: CMMB: options data unavailable from all sources
2026-08-18 14:50:52,840 WARNING src.options_filter: HUIZ: options data unavailable from all sources
2026-08-18 14:50:56,565 WARNING src.options_filter: REBN: options data unavailable from all sources
2026-08-18 14:51:00,305 WARNING src.options_filter: LSTA: options data unavailable from all sources
2026-08-18 14:51:04,039 WARNING src.options_filter: YJ: options data unavailable from all sources
2026-08-18 14:51:07,769 WARNING src.options_filter: POLA: options data unavailable from all sources
2026-08-18 14:51:11,515 WARNING src.options_filter: KRKR: options data unavailable from all sources
2026-08-18 14:51:15,271 WARNING src.options_filter: JAGX: options data unavailable from all sources
2026-08-18 14:51:19,024 WARNING src.options_filter: OLOX: options data unavailable from all sources
2026-08-18 14:51:22,754 WARNING src.options_filter: SBEV: options data unavailable from all sources
2026-08-18 14:51:26,511 WARNING src.options_filter: SNYR: options data unavailable from all sources
2026-08-18 14:51:30,247 WARNING src.options_filter: ONFO: options data unavailable from all sources
2026-08-18 14:51:33,987 WARNING src.options_filter: IPST: options data unavailable from all sources
2026-08-18 14:51:37,727 WARNING src.options_filter: BTTC: options data unavailable from all sources
2026-08-18 14:51:41,495 WARNING src.options_filter: PFSA: options data unavailable from all sources
2026-08-18 14:51:45,928 WARNING src.options_filter: CEPF: options data unavailable from all sources
2026-08-18 14:51:49,682 WARNING src.options_filter: CEPV: options data unavailable from all sources
2026-08-18 14:51:53,410 WARNING src.options_filter: BXBL: options data unavailable from all sources
2026-08-18 14:51:57,169 WARNING src.options_filter: NPK: options data unavailable from all sources
2026-08-18 14:52:01,082 WARNING src.options_filter: SLGL: options data unavailable from all sources
2026-08-18 14:52:04,838 WARNING src.options_filter: TAYD: options data unavailable from all sources
2026-08-18 14:52:08,603 WARNING src.options_filter: NEN: options data unavailable from all sources
2026-08-18 14:52:12,349 WARNING src.options_filter: PXS: options data unavailable from all sources
2026-08-18 14:52:16,093 WARNING src.options_filter: GPUS: options data unavailable from all sources
2026-08-18 14:52:19,845 WARNING src.options_filter: KALA: options data unavailable from all sources
2026-08-18 14:52:23,588 WARNING src.options_filter: INBS: options data unavailable from all sources
2026-08-18 14:52:27,341 WARNING src.options_filter: GITS: options data unavailable from all sources
2026-08-18 14:52:31,076 WARNING src.options_filter: SONM: options data unavailable from all sources
2026-08-18 14:52:34,811 WARNING src.options_filter: CHRN: options data unavailable from all sources
2026-08-18 14:52:38,554 WARNING src.options_filter: CURR: options data unavailable from all sources
2026-08-18 14:52:42,291 WARNING src.options_filter: MOLN: options data unavailable from all sources
2026-08-18 14:52:46,045 WARNING src.options_filter: HMR: options data unavailable from all sources
2026-08-18 14:52:49,793 WARNING src.options_filter: INHD: options data unavailable from all sources
2026-08-18 14:52:49,975 ERROR yfinance: $UNKNOWN: No data found, symbol may be delisted
2026-08-18 14:52:54,239 WARNING src.options_filter: UNKNOWN: options data unavailable from all sources
2026-08-18 14:52:54,319 ERROR yfinance: $UNKNOWN: No data found, symbol may be delisted
2026-08-18 14:52:58,556 WARNING src.options_filter: UNKNOWN: options data unavailable from all sources
2026-08-18 14:52:58,645 ERROR yfinance: $UNKNOWN: No data found, symbol may be delisted
2026-08-18 14:53:02,874 WARNING src.options_filter: UNKNOWN: options data unavailable from all sources
2026-08-18 14:53:02,956 ERROR yfinance: $UNKNOWN: No data found, symbol may be delisted
2026-08-18 14:53:07,218 WARNING src.options_filter: UNKNOWN: options data unavailable from all sources
2026-08-18 14:53:07,308 ERROR yfinance: $UNKNOWN: No data found, symbol may be delisted
2026-08-18 14:53:11,576 WARNING src.options_filter: UNKNOWN: options data unavailable from all sources
2026-08-18 14:53:11,662 ERROR yfinance: $UNKNOWN: No data found, symbol may be delisted
2026-08-18 14:53:15,927 WARNING src.options_filter: UNKNOWN: options data unavailable from all sources
2026-08-18 14:53:16,011 ERROR yfinance: $UNKNOWN: No data found, symbol may be delisted
2026-08-18 14:53:20,239 WARNING src.options_filter: UNKNOWN: options data unavailable from all sources
2026-08-18 14:53:20,316 ERROR yfinance: $UNKNOWN: No data found, symbol may be delisted
2026-08-18 14:53:24,655 WARNING src.options_filter: UNKNOWN: options data unavailable from all sources
2026-08-18 14:53:24,907 ERROR yfinance: $UNKNOWN: No data found, symbol may be delisted
2026-08-18 14:53:29,326 WARNING src.options_filter: UNKNOWN: options data unavailable from all sources
2026-08-18 14:53:29,415 ERROR yfinance: $UNKNOWN: No data found, symbol may be delisted
2026-08-18 14:53:33,654 WARNING src.options_filter: UNKNOWN: options data unavailable from all sources
2026-08-18 14:53:33,755 ERROR yfinance: $UNKNOWN: No data found, symbol may be delisted
2026-08-18 14:53:38,016 WARNING src.options_filter: UNKNOWN: options data unavailable from all sources
2026-08-18 14:53:38,160 ERROR yfinance: $UNKNOWN: No data found, symbol may be delisted
2026-08-18 14:53:42,403 WARNING src.options_filter: UNKNOWN: options data unavailable from all sources
2026-08-18 14:53:42,485 ERROR yfinance: $UNKNOWN: No data found, symbol may be delisted
2026-08-18 14:53:46,715 WARNING src.options_filter: UNKNOWN: options data unavailable from all sources
2026-08-18 14:53:46,809 ERROR yfinance: $UNKNOWN: No data found, symbol may be delisted
2026-08-18 14:53:51,054 WARNING src.options_filter: UNKNOWN: options data unavailable from all sources
2026-08-18 14:53:51,130 ERROR yfinance: $UNKNOWN: No data found, symbol may be delisted
2026-08-18 14:53:55,362 WARNING src.options_filter: UNKNOWN: options data unavailable from all sources
2026-08-18 14:53:55,442 ERROR yfinance: $UNKNOWN: No data found, symbol may be delisted
2026-08-18 14:53:59,719 WARNING src.options_filter: UNKNOWN: options data unavailable from all sources
2026-08-18 14:53:59,799 ERROR yfinance: $UNKNOWN: No data found, symbol may be delisted
2026-08-18 14:54:04,072 WARNING src.options_filter: UNKNOWN: options data unavailable from all sources
2026-08-18 14:54:04,153 ERROR yfinance: $UNKNOWN: No data found, symbol may be delisted
2026-08-18 14:54:08,420 WARNING src.options_filter: UNKNOWN: options data unavailable from all sources
2026-08-18 14:54:08,509 ERROR yfinance: $UNKNOWN: No data found, symbol may be delisted
2026-08-18 14:54:12,749 WARNING src.options_filter: UNKNOWN: options data unavailable from all sources
2026-08-18 14:54:12,826 ERROR yfinance: $UNKNOWN: No data found, symbol may be delisted
2026-08-18 14:54:17,060 WARNING src.options_filter: UNKNOWN: options data unavailable from all sources
2026-08-18 14:54:17,140 ERROR yfinance: $UNKNOWN: No data found, symbol may be delisted
2026-08-18 14:54:21,573 WARNING src.options_filter: UNKNOWN: options data unavailable from all sources
2026-08-18 14:54:21,654 ERROR yfinance: $UNKNOWN: No data found, symbol may be delisted
2026-08-18 14:54:25,902 WARNING src.options_filter: UNKNOWN: options data unavailable from all sources
2026-08-18 14:54:25,987 ERROR yfinance: $UNKNOWN: No data found, symbol may be delisted
2026-08-18 14:54:30,220 WARNING src.options_filter: UNKNOWN: options data unavailable from all sources
2026-08-18 14:54:30,300 ERROR yfinance: $UNKNOWN: No data found, symbol may be delisted
2026-08-18 14:54:34,532 WARNING src.options_filter: UNKNOWN: options data unavailable from all sources
2026-08-18 14:54:34,628 ERROR yfinance: $UNKNOWN: No data found, symbol may be delisted
2026-08-18 14:54:38,858 WARNING src.options_filter: UNKNOWN: options data unavailable from all sources
2026-08-18 14:54:38,941 ERROR yfinance: $UNKNOWN: No data found, symbol may be delisted
2026-08-18 14:54:43,179 WARNING src.options_filter: UNKNOWN: options data unavailable from all sources
2026-08-18 14:54:43,263 ERROR yfinance: $UNKNOWN: No data found, symbol may be delisted
2026-08-18 14:54:47,490 WARNING src.options_filter: UNKNOWN: options data unavailable from all sources
2026-08-18 14:54:47,578 ERROR yfinance: $UNKNOWN: No data found, symbol may be delisted
2026-08-18 14:54:51,866 WARNING src.options_filter: UNKNOWN: options data unavailable from all sources
2026-08-18 14:54:51,986 ERROR yfinance: $UNKNOWN: No data found, symbol may be delisted
2026-08-18 14:54:56,287 WARNING src.options_filter: UNKNOWN: options data unavailable from all sources
2026-08-18 14:54:56,364 ERROR yfinance: $UNKNOWN: No data found, symbol may be delisted
2026-08-18 14:55:00,597 WARNING src.options_filter: UNKNOWN: options data unavailable from all sources
2026-08-18 14:55:00,683 ERROR yfinance: $UNKNOWN: No data found, symbol may be delisted
2026-08-18 14:55:04,937 WARNING src.options_filter: UNKNOWN: options data unavailable from all sources
2026-08-18 14:55:05,014 ERROR yfinance: $UNKNOWN: No data found, symbol may be delisted
2026-08-18 14:55:09,344 WARNING src.options_filter: UNKNOWN: options data unavailable from all sources
2026-08-18 14:55:09,439 ERROR yfinance: $UNKNOWN: No data found, symbol may be delisted
2026-08-18 14:55:13,669 WARNING src.options_filter: UNKNOWN: options data unavailable from all sources
2026-08-18 14:55:13,758 ERROR yfinance: $UNKNOWN: No data found, symbol may be delisted
2026-08-18 14:55:18,003 WARNING src.options_filter: UNKNOWN: options data unavailable from all sources
2026-08-18 14:55:18,090 ERROR yfinance: $UNKNOWN: No data found, symbol may be delisted
2026-08-18 14:55:22,348 WARNING src.options_filter: UNKNOWN: options data unavailable from all sources
2026-08-18 14:55:22,425 ERROR yfinance: $UNKNOWN: No data found, symbol may be delisted
2026-08-18 14:55:26,661 WARNING src.options_filter: UNKNOWN: options data unavailable from all sources
2026-08-18 14:55:26,801 ERROR yfinance: $UNKNOWN: No data found, symbol may be delisted
2026-08-18 14:55:31,053 WARNING src.options_filter: UNKNOWN: options data unavailable from all sources
2026-08-18 14:55:31,131 ERROR yfinance: $UNKNOWN: No data found, symbol may be delisted
2026-08-18 14:55:35,389 WARNING src.options_filter: UNKNOWN: options data unavailable from all sources
2026-08-18 14:55:35,493 ERROR yfinance: $UNKNOWN: No data found, symbol may be delisted
2026-08-18 14:55:39,761 WARNING src.options_filter: UNKNOWN: options data unavailable from all sources
2026-08-18 14:55:39,845 ERROR yfinance: $UNKNOWN: No data found, symbol may be delisted
2026-08-18 14:55:44,093 WARNING src.options_filter: UNKNOWN: options data unavailable from all sources
2026-08-18 14:55:44,207 ERROR yfinance: $UNKNOWN: No data found, symbol may be delisted
2026-08-18 14:55:48,445 WARNING src.options_filter: UNKNOWN: options data unavailable from all sources
2026-08-18 14:55:48,530 ERROR yfinance: $UNKNOWN: No data found, symbol may be delisted
2026-08-18 14:55:52,763 WARNING src.options_filter: UNKNOWN: options data unavailable from all sources
2026-08-18 14:55:52,868 ERROR yfinance: $UNKNOWN: No data found, symbol may be delisted
2026-08-18 14:55:57,115 WARNING src.options_filter: UNKNOWN: options data unavailable from all sources
2026-08-18 14:55:57,198 ERROR yfinance: $UNKNOWN: No data found, symbol may be delisted
2026-08-18 14:56:01,477 WARNING src.options_filter: UNKNOWN: options data unavailable from all sources
2026-08-18 14:56:01,559 ERROR yfinance: $UNKNOWN: No data found, symbol may be delisted
2026-08-18 14:56:05,874 WARNING src.options_filter: UNKNOWN: options data unavailable from all sources
2026-08-18 14:56:05,954 ERROR yfinance: $UNKNOWN: No data found, symbol may be delisted
2026-08-18 14:56:10,199 WARNING src.options_filter: UNKNOWN: options data unavailable from all sources
2026-08-18 14:56:10,284 ERROR yfinance: $UNKNOWN: No data found, symbol may be delisted
2026-08-18 14:56:14,560 WARNING src.options_filter: UNKNOWN: options data unavailable from all sources
2026-08-18 14:56:14,644 ERROR yfinance: $UNKNOWN: No data found, symbol may be delisted
2026-08-18 14:56:18,892 WARNING src.options_filter: UNKNOWN: options data unavailable from all sources
2026-08-18 14:56:18,988 ERROR yfinance: $UNKNOWN: No data found, symbol may be delisted
2026-08-18 14:56:23,232 WARNING src.options_filter: UNKNOWN: options data unavailable from all sources
2026-08-18 14:56:23,310 ERROR yfinance: $UNKNOWN: No data found, symbol may be delisted
2026-08-18 14:56:27,589 WARNING src.options_filter: UNKNOWN: options data unavailable from all sources
2026-08-18 14:56:27,672 ERROR yfinance: $UNKNOWN: No data found, symbol may be delisted
2026-08-18 14:56:32,044 WARNING src.options_filter: UNKNOWN: options data unavailable from all sources
2026-08-18 14:56:32,132 ERROR yfinance: $UNKNOWN: No data found, symbol may be delisted
2026-08-18 14:56:36,367 WARNING src.options_filter: UNKNOWN: options data unavailable from all sources
2026-08-18 14:56:36,454 ERROR yfinance: $UNKNOWN: No data found, symbol may be delisted
2026-08-18 14:56:40,741 WARNING src.options_filter: UNKNOWN: options data unavailable from all sources
2026-08-18 14:56:40,818 ERROR yfinance: $UNKNOWN: No data found, symbol may be delisted
2026-08-18 14:56:45,254 WARNING src.options_filter: UNKNOWN: options data unavailable from all sources
2026-08-18 14:56:45,347 ERROR yfinance: $UNKNOWN: No data found, symbol may be delisted
2026-08-18 14:56:49,581 WARNING src.options_filter: UNKNOWN: options data unavailable from all sources
2026-08-18 14:56:49,663 ERROR yfinance: $UNKNOWN: No data found, symbol may be delisted
2026-08-18 14:56:53,926 WARNING src.options_filter: UNKNOWN: options data unavailable from all sources
2026-08-18 14:56:54,007 ERROR yfinance: $UNKNOWN: No data found, symbol may be delisted
2026-08-18 14:56:58,240 WARNING src.options_filter: UNKNOWN: options data unavailable from all sources
2026-08-18 14:56:58,317 ERROR yfinance: $UNKNOWN: No data found, symbol may be delisted
2026-08-18 14:57:02,637 WARNING src.options_filter: UNKNOWN: options data unavailable from all sources
2026-08-18 14:57:02,714 ERROR yfinance: $UNKNOWN: No data found, symbol may be delisted
2026-08-18 14:57:06,957 WARNING src.options_filter: UNKNOWN: options data unavailable from all sources
2026-08-18 14:57:07,042 ERROR yfinance: $UNKNOWN: No data found, symbol may be delisted
2026-08-18 14:57:11,278 WARNING src.options_filter: UNKNOWN: options data unavailable from all sources
2026-08-18 14:57:11,358 ERROR yfinance: $UNKNOWN: No data found, symbol may be delisted
2026-08-18 14:57:15,709 WARNING src.options_filter: UNKNOWN: options data unavailable from all sources
2026-08-18 14:57:15,807 ERROR yfinance: $UNKNOWN: No data found, symbol may be delisted
2026-08-18 14:57:20,135 WARNING src.options_filter: UNKNOWN: options data unavailable from all sources
2026-08-18 14:57:20,231 ERROR yfinance: $UNKNOWN: No data found, symbol may be delisted
2026-08-18 14:57:24,460 WARNING src.options_filter: UNKNOWN: options data unavailable from all sources
2026-08-18 14:57:24,539 ERROR yfinance: $UNKNOWN: No data found, symbol may be delisted
2026-08-18 14:57:28,873 WARNING src.options_filter: UNKNOWN: options data unavailable from all sources
2026-08-18 14:57:28,954 ERROR yfinance: $UNKNOWN: No data found, symbol may be delisted
2026-08-18 14:57:33,183 WARNING src.options_filter: UNKNOWN: options data unavailable from all sources
2026-08-18 14:57:33,258 ERROR yfinance: $UNKNOWN: No data found, symbol may be delisted
2026-08-18 14:57:37,493 WARNING src.options_filter: UNKNOWN: options data unavailable from all sources
2026-08-18 14:57:37,583 ERROR yfinance: $UNKNOWN: No data found, symbol may be delisted
2026-08-18 14:57:41,808 WARNING src.options_filter: UNKNOWN: options data unavailable from all sources
2026-08-18 14:57:41,886 ERROR yfinance: $UNKNOWN: No data found, symbol may be delisted
2026-08-18 14:57:46,168 WARNING src.options_filter: UNKNOWN: options data unavailable from all sources
2026-08-18 14:57:46,249 ERROR yfinance: $UNKNOWN: No data found, symbol may be delisted
2026-08-18 14:57:50,488 WARNING src.options_filter: UNKNOWN: options data unavailable from all sources
2026-08-18 14:57:50,570 ERROR yfinance: $UNKNOWN: No data found, symbol may be delisted
2026-08-18 14:57:54,819 WARNING src.options_filter: UNKNOWN: options data unavailable from all sources
2026-08-18 14:57:54,903 ERROR yfinance: $UNKNOWN: No data found, symbol may be delisted
2026-08-18 14:57:59,146 WARNING src.options_filter: UNKNOWN: options data unavailable from all sources
2026-08-18 14:57:59,234 ERROR yfinance: $UNKNOWN: No data found, symbol may be delisted
2026-08-18 14:58:03,504 WARNING src.options_filter: UNKNOWN: options data unavailable from all sources
2026-08-18 14:58:03,602 ERROR yfinance: $UNKNOWN: No data found, symbol may be delisted
2026-08-18 14:58:07,978 WARNING src.options_filter: UNKNOWN: options data unavailable from all sources
2026-08-18 14:58:08,073 ERROR yfinance: $UNKNOWN: No data found, symbol may be delisted
2026-08-18 14:58:12,312 WARNING src.options_filter: UNKNOWN: options data unavailable from all sources
2026-08-18 14:58:12,401 ERROR yfinance: $UNKNOWN: No data found, symbol may be delisted
2026-08-18 14:58:16,646 WARNING src.options_filter: UNKNOWN: options data unavailable from all sources
2026-08-18 14:58:16,736 ERROR yfinance: $UNKNOWN: No data found, symbol may be delisted
2026-08-18 14:58:20,991 WARNING src.options_filter: UNKNOWN: options data unavailable from all sources
2026-08-18 14:58:21,070 ERROR yfinance: $UNKNOWN: No data found, symbol may be delisted
2026-08-18 14:58:25,341 WARNING src.options_filter: UNKNOWN: options data unavailable from all sources
2026-08-18 14:58:25,427 ERROR yfinance: $UNKNOWN: No data found, symbol may be delisted
2026-08-18 14:58:29,668 WARNING src.options_filter: UNKNOWN: options data unavailable from all sources
2026-08-18 14:58:29,769 ERROR yfinance: $UNKNOWN: No data found, symbol may be delisted
2026-08-18 14:58:34,035 WARNING src.options_filter: UNKNOWN: options data unavailable from all sources
2026-08-18 14:58:34,120 ERROR yfinance: $UNKNOWN: No data found, symbol may be delisted
2026-08-18 14:58:38,358 WARNING src.options_filter: UNKNOWN: options data unavailable from all sources
2026-08-18 14:58:38,441 ERROR yfinance: $UNKNOWN: No data found, symbol may be delisted
2026-08-18 14:58:42,713 WARNING src.options_filter: UNKNOWN: options data unavailable from all sources
2026-08-18 14:58:42,795 ERROR yfinance: $UNKNOWN: No data found, symbol may be delisted
2026-08-18 14:58:47,025 WARNING src.options_filter: UNKNOWN: options data unavailable from all sources
2026-08-18 14:58:47,103 ERROR yfinance: $UNKNOWN: No data found, symbol may be delisted
2026-08-18 14:58:51,390 WARNING src.options_filter: UNKNOWN: options data unavailable from all sources
2026-08-18 14:58:51,472 ERROR yfinance: $UNKNOWN: No data found, symbol may be delisted
2026-08-18 14:58:55,702 WARNING src.options_filter: UNKNOWN: options data unavailable from all sources
2026-08-18 14:58:59,432 WARNING src.options_filter: COF-PN: options data unavailable from all sources
2026-08-18 14:58:59,520 ERROR yfinance: $UNKNOWN: No data found, symbol may be delisted
2026-08-18 14:59:03,790 WARNING src.options_filter: UNKNOWN: options data unavailable from all sources
2026-08-18 14:59:03,871 ERROR yfinance: $UNKNOWN: No data found, symbol may be delisted
2026-08-18 14:59:08,316 WARNING src.options_filter: UNKNOWN: options data unavailable from all sources
2026-08-18 14:59:08,410 ERROR yfinance: $UNKNOWN: No data found, symbol may be delisted
2026-08-18 14:59:12,648 WARNING src.options_filter: UNKNOWN: options data unavailable from all sources
2026-08-18 14:59:12,725 ERROR yfinance: $UNKNOWN: No data found, symbol may be delisted
2026-08-18 14:59:16,986 WARNING src.options_filter: UNKNOWN: options data unavailable from all sources
2026-08-18 14:59:17,070 ERROR yfinance: $UNKNOWN: No data found, symbol may be delisted
2026-08-18 14:59:21,399 WARNING src.options_filter: UNKNOWN: options data unavailable from all sources
2026-08-18 14:59:21,476 ERROR yfinance: $UNKNOWN: No data found, symbol may be delisted
2026-08-18 14:59:25,718 WARNING src.options_filter: UNKNOWN: options data unavailable from all sources
2026-08-18 14:59:25,812 ERROR yfinance: $UNKNOWN: No data found, symbol may be delisted
2026-08-18 14:59:30,062 WARNING src.options_filter: UNKNOWN: options data unavailable from all sources
2026-08-18 14:59:30,062 INFO run_daily: Passed options gate: 95 events
2026-08-18 14:59:30,062 INFO run_daily: Step 7: enriching 95 events
2026-08-18 14:59:37,507 INFO run_daily: Step 8: dedup
2026-08-18 14:59:37,508 INFO run_daily: Step 9: ranking
2026-08-18 14:59:37,509 INFO run_daily: Step 10: writing digest
2026-08-18 14:59:37,547 INFO src.digest_writer: digest written: output/market_radar_2026-08-18.html
2026-08-18 14:59:37,547 INFO run_daily: === Done: output/market_radar_2026-08-18.html ===
