2026-08-12 14:21:29,651 INFO run_daily: === Market Event Radar starting — 2026-08-12 ===
2026-08-12 14:21:29,653 INFO run_daily: Step 1: fetching earnings calendar
2026-08-12 14:21:44,403 INFO src.event_fetcher: nasdaq earnings: 784 entries across 7 days
2026-08-12 14:21:45,719 INFO src.event_fetcher: finnhub earnings: 897 entries
2026-08-12 14:21:45,719 INFO src.event_fetcher: merged earnings universe: 1172 unique tickers
2026-08-12 14:21:45,720 INFO run_daily: Step 2: fetching 8-K filings
2026-08-12 14:21:46,179 INFO src.event_fetcher: edgar 8-K filings: 100
2026-08-12 14:21:46,431 INFO run_daily: Step 3: building universe
2026-08-12 14:21:46,432 INFO src.universe: universe: 35 tickers (10 watchlist, 25 discovered)
2026-08-12 14:21:46,433 INFO run_daily: Universe: 35 tickers
2026-08-12 14:21:46,433 INFO run_daily: Step 4: yfinance cross-check for 35 tickers
2026-08-12 14:22:06,622 INFO run_daily: Step 5: building earnings events
2026-08-12 14:22:06,625 INFO src.source_merger: earnings events built: 1172
2026-08-12 14:22:06,625 INFO run_daily: Step 5b: building 8-K events
2026-08-12 14:22:06,627 INFO run_daily: Step 6: options filter (1272 candidates)
2026-08-12 14:22:13,704 WARNING src.options_filter: ACRV: options data unavailable from all sources
2026-08-12 14:22:17,981 WARNING src.options_filter: ADGM: options data unavailable from all sources
2026-08-12 14:22:29,447 WARNING src.options_filter: ALVO: options data unavailable from all sources
2026-08-12 14:22:36,417 WARNING src.options_filter: BCG: options data unavailable from all sources
2026-08-12 14:22:56,461 WARNING src.options_filter: CCIF: options data unavailable from all sources
2026-08-12 14:23:00,806 WARNING src.options_filter: CHUC: options data unavailable from all sources
2026-08-12 14:23:15,516 WARNING src.options_filter: DVLT: options data unavailable from all sources
2026-08-12 14:23:23,222 WARNING src.options_filter: FBYD: options data unavailable from all sources
2026-08-12 14:23:27,422 WARNING src.options_filter: FIEE: options data unavailable from all sources
2026-08-12 14:23:34,339 WARNING src.options_filter: FLYX: options data unavailable from all sources
2026-08-12 14:23:38,590 WARNING src.options_filter: GFR: options data unavailable from all sources
2026-08-12 14:23:51,849 WARNING src.options_filter: INVU: options data unavailable from all sources
2026-08-12 14:24:02,677 WARNING src.options_filter: KLRS: options data unavailable from all sources
2026-08-12 14:24:13,669 WARNING src.options_filter: LWAC: options data unavailable from all sources
2026-08-12 14:24:20,591 WARNING src.options_filter: MGX: options data unavailable from all sources
2026-08-12 14:24:24,814 WARNING src.options_filter: MSS: options data unavailable from all sources
2026-08-12 14:24:34,510 WARNING src.options_filter: NEGG: options data unavailable from all sources
2026-08-12 14:24:38,970 WARNING src.options_filter: NROM: options data unavailable from all sources
2026-08-12 14:24:55,270 WARNING src.options_filter: QMCI: options data unavailable from all sources
2026-08-12 14:24:59,482 WARNING src.options_filter: RDZN: options data unavailable from all sources
2026-08-12 14:25:03,751 WARNING src.options_filter: RMCO: options data unavailable from all sources
2026-08-12 14:25:11,533 WARNING src.options_filter: SCND: options data unavailable from all sources
2026-08-12 14:25:15,752 WARNING src.options_filter: SEBC: options data unavailable from all sources
2026-08-12 14:25:25,583 WARNING src.options_filter: TCRX: options data unavailable from all sources
2026-08-12 14:25:43,439 WARNING src.options_filter: VIP: options data unavailable from all sources
2026-08-12 14:26:01,197 WARNING src.options_filter: ZDPY: options data unavailable from all sources
2026-08-12 14:26:10,761 WARNING src.options_filter: ABHBY: options data unavailable from all sources
2026-08-12 14:26:14,362 WARNING src.options_filter: ACRG: options data unavailable from all sources
2026-08-12 14:26:18,540 WARNING src.options_filter: ANTA: options data unavailable from all sources
2026-08-12 14:26:24,808 WARNING src.options_filter: ASII: options data unavailable from all sources
2026-08-12 14:26:28,431 WARNING src.options_filter: AUNA: options data unavailable from all sources
2026-08-12 14:26:35,289 WARNING src.options_filter: CALC: options data unavailable from all sources
2026-08-12 14:26:38,932 WARNING src.options_filter: CFNB: options data unavailable from all sources
2026-08-12 14:26:45,837 WARNING src.options_filter: CTOR: options data unavailable from all sources
2026-08-12 14:26:56,252 WARNING src.options_filter: EICCF: options data unavailable from all sources
2026-08-12 14:27:00,471 WARNING src.options_filter: ELTK: options data unavailable from all sources
2026-08-12 14:27:04,711 WARNING src.options_filter: EP: options data unavailable from all sources
2026-08-12 14:27:08,318 WARNING src.options_filter: EVGN: options data unavailable from all sources
2026-08-12 14:27:12,567 WARNING src.options_filter: HKHC: options data unavailable from all sources
2026-08-12 14:27:16,171 WARNING src.options_filter: IGTA: options data unavailable from all sources
2026-08-12 14:27:31,148 WARNING src.options_filter: MTEX: options data unavailable from all sources
2026-08-12 14:27:34,746 WARNING src.options_filter: NCNA: options data unavailable from all sources
2026-08-12 14:27:42,269 WARNING src.options_filter: NXGL: options data unavailable from all sources
2026-08-12 14:27:45,865 WARNING src.options_filter: OFED: options data unavailable from all sources
2026-08-12 14:27:52,380 WARNING src.options_filter: PHYTF: options data unavailable from all sources
2026-08-12 14:27:56,001 WARNING src.options_filter: PMA: options data unavailable from all sources
2026-08-12 14:28:02,998 WARNING src.options_filter: QBAK: options data unavailable from all sources
2026-08-12 14:28:06,650 WARNING src.options_filter: SSM: options data unavailable from all sources
2026-08-12 14:28:13,705 WARNING src.options_filter: VRME: options data unavailable from all sources
2026-08-12 14:28:17,295 WARNING src.options_filter: WILC: options data unavailable from all sources
2026-08-12 14:28:21,512 WARNING src.options_filter: WVVI: options data unavailable from all sources
2026-08-12 14:28:32,532 WARNING src.options_filter: AGPU: options data unavailable from all sources
2026-08-12 14:28:36,733 WARNING src.options_filter: AHRO: options data unavailable from all sources
2026-08-12 14:28:37,444 ERROR yfinance: $AIDG: possibly delisted; no price data found  (period=1mo) (Yahoo error = "No data found, symbol may be delisted")
2026-08-12 14:28:41,545 WARNING src.options_filter: AIDG: options data unavailable from all sources
2026-08-12 14:28:45,730 WARNING src.options_filter: AIHS: options data unavailable from all sources
2026-08-12 14:28:56,187 WARNING src.options_filter: ATEK: options data unavailable from all sources
2026-08-12 14:29:00,435 WARNING src.options_filter: AXIM: options data unavailable from all sources
2026-08-12 14:29:04,609 WARNING src.options_filter: AXXA: options data unavailable from all sources
2026-08-12 14:29:08,916 WARNING src.options_filter: AZIO: options data unavailable from all sources
2026-08-12 14:29:13,134 WARNING src.options_filter: BASA: options data unavailable from all sources
2026-08-12 14:29:20,416 WARNING src.options_filter: BRST: options data unavailable from all sources
2026-08-12 14:29:24,679 WARNING src.options_filter: BTO: options data unavailable from all sources
2026-08-12 14:29:28,903 WARNING src.options_filter: BYNO: options data unavailable from all sources
2026-08-12 14:29:33,109 WARNING src.options_filter: CAHO: options data unavailable from all sources
2026-08-12 14:29:40,010 WARNING src.options_filter: CETY: options data unavailable from all sources
2026-08-12 14:29:44,194 WARNING src.options_filter: CHMX: options data unavailable from all sources
2026-08-12 14:29:50,416 WARNING src.options_filter: CNRD: options data unavailable from all sources
2026-08-12 14:29:57,407 WARNING src.options_filter: COCP: options data unavailable from all sources
2026-08-12 14:30:01,689 WARNING src.options_filter: CPMV: options data unavailable from all sources
2026-08-12 14:30:05,883 WARNING src.options_filter: CRGO: options data unavailable from all sources
2026-08-12 14:30:15,330 WARNING src.options_filter: DNMX: options data unavailable from all sources
2026-08-12 14:30:19,568 WARNING src.options_filter: DOYU: options data unavailable from all sources
2026-08-12 14:30:23,833 WARNING src.options_filter: EDXC: options data unavailable from all sources
2026-08-12 14:30:24,274 ERROR yfinance: HTTP Error 404: {"quoteSummary":{"result":null,"error":{"code":"Not Found","description":"Quote not found for symbol: EMCG"}}}
2026-08-12 14:30:24,598 ERROR yfinance: $EMCG: possibly delisted; no price data found  (period=1mo) (Yahoo error = "No data found, symbol may be delisted")
2026-08-12 14:30:28,700 WARNING src.options_filter: EMCG: options data unavailable from all sources
2026-08-12 14:30:32,920 WARNING src.options_filter: EMMA: options data unavailable from all sources
2026-08-12 14:30:37,205 WARNING src.options_filter: ESGH: options data unavailable from all sources
2026-08-12 14:30:41,419 WARNING src.options_filter: ESOA: options data unavailable from all sources
2026-08-12 14:30:45,641 WARNING src.options_filter: FEED: options data unavailable from all sources
2026-08-12 14:30:49,866 WARNING src.options_filter: FGNV: options data unavailable from all sources
2026-08-12 14:30:54,102 WARNING src.options_filter: FLNT: options data unavailable from all sources
2026-08-12 14:30:58,307 WARNING src.options_filter: FLX: options data unavailable from all sources
2026-08-12 14:31:02,644 WARNING src.options_filter: FLXS: options data unavailable from all sources
2026-08-12 14:31:10,323 WARNING src.options_filter: FOXO: options data unavailable from all sources
2026-08-12 14:31:14,717 WARNING src.options_filter: FTFT: options data unavailable from all sources
2026-08-12 14:31:19,008 WARNING src.options_filter: FUFU: options data unavailable from all sources
2026-08-12 14:31:28,921 WARNING src.options_filter: GRF: options data unavailable from all sources
2026-08-12 14:31:33,126 WARNING src.options_filter: HENI: options data unavailable from all sources
2026-08-12 14:31:37,681 WARNING src.options_filter: HGYN: options data unavailable from all sources
2026-08-12 14:31:41,940 WARNING src.options_filter: HMR: options data unavailable from all sources
2026-08-12 14:31:46,260 WARNING src.options_filter: HTCR: options data unavailable from all sources
2026-08-12 14:31:46,533 ERROR yfinance: $IMII: possibly delisted; no price data found  (period=1mo) (Yahoo error = "No data found, symbol may be delisted")
2026-08-12 14:31:50,659 WARNING src.options_filter: IMII: options data unavailable from all sources
2026-08-12 14:31:54,869 WARNING src.options_filter: KTEL: options data unavailable from all sources
2026-08-12 14:31:59,234 WARNING src.options_filter: KUBR: options data unavailable from all sources
2026-08-12 14:32:03,437 WARNING src.options_filter: KUST: options data unavailable from all sources
2026-08-12 14:32:07,052 WARNING src.options_filter: LONA: options data unavailable from all sources
2026-08-12 14:32:11,248 WARNING src.options_filter: MAMO: options data unavailable from all sources
2026-08-12 14:32:15,458 WARNING src.options_filter: MCAG: options data unavailable from all sources
2026-08-12 14:32:22,346 WARNING src.options_filter: NCL: options data unavailable from all sources
2026-08-12 14:32:31,580 WARNING src.options_filter: OLB: options data unavailable from all sources
2026-08-12 14:32:39,311 WARNING src.options_filter: OMQS: options data unavailable from all sources
2026-08-12 14:32:43,646 WARNING src.options_filter: OZSC: options data unavailable from all sources
2026-08-12 14:32:47,879 WARNING src.options_filter: PAIYY: options data unavailable from all sources
2026-08-12 14:32:52,112 WARNING src.options_filter: PDIV: options data unavailable from all sources
2026-08-12 14:32:56,387 WARNING src.options_filter: PNRG: options data unavailable from all sources
2026-08-12 14:33:03,615 WARNING src.options_filter: QCLS: options data unavailable from all sources
2026-08-12 14:33:07,922 WARNING src.options_filter: QETA: options data unavailable from all sources
2026-08-12 14:33:12,236 WARNING src.options_filter: QMMM: options data unavailable from all sources
2026-08-12 14:33:16,517 WARNING src.options_filter: RIME: options data unavailable from all sources
2026-08-12 14:33:24,594 WARNING src.options_filter: SCTH: options data unavailable from all sources
2026-08-12 14:33:31,397 WARNING src.options_filter: SEGG: options data unavailable from all sources
2026-08-12 14:33:35,642 WARNING src.options_filter: SHMN: options data unavailable from all sources
2026-08-12 14:33:40,047 WARNING src.options_filter: SIF: options data unavailable from all sources
2026-08-12 14:33:44,226 WARNING src.options_filter: SMTI: options data unavailable from all sources
2026-08-12 14:33:48,412 WARNING src.options_filter: SNPW: options data unavailable from all sources
2026-08-12 14:33:52,689 WARNING src.options_filter: SNTW: options data unavailable from all sources
2026-08-12 14:33:56,886 WARNING src.options_filter: SOAR: options data unavailable from all sources
2026-08-12 14:34:01,081 WARNING src.options_filter: SPND: options data unavailable from all sources
2026-08-12 14:34:05,413 WARNING src.options_filter: STRS: options data unavailable from all sources
2026-08-12 14:34:09,751 WARNING src.options_filter: SUNE: options data unavailable from all sources
2026-08-12 14:34:13,992 WARNING src.options_filter: TOFB: options data unavailable from all sources
2026-08-12 14:34:23,932 WARNING src.options_filter: UUU: options data unavailable from all sources
2026-08-12 14:34:28,197 WARNING src.options_filter: VDRM: options data unavailable from all sources
2026-08-12 14:34:32,409 WARNING src.options_filter: VEEA: options data unavailable from all sources
2026-08-12 14:34:36,637 WARNING src.options_filter: VIVK: options data unavailable from all sources
2026-08-12 14:34:40,841 WARNING src.options_filter: VVOS: options data unavailable from all sources
2026-08-12 14:34:48,056 WARNING src.options_filter: WAVE: options data unavailable from all sources
2026-08-12 14:34:52,226 WARNING src.options_filter: WOK: options data unavailable from all sources
2026-08-12 14:34:59,053 WARNING src.options_filter: XONI: options data unavailable from all sources
2026-08-12 14:35:05,957 WARNING src.options_filter: ALLR: options data unavailable from all sources
2026-08-12 14:35:10,206 WARNING src.options_filter: ATHR: options data unavailable from all sources
2026-08-12 14:35:14,429 WARNING src.options_filter: ACTU: options data unavailable from all sources
2026-08-12 14:35:19,082 WARNING src.options_filter: ACXP: options data unavailable from all sources
2026-08-12 14:35:23,335 WARNING src.options_filter: AIRE: options data unavailable from all sources
2026-08-12 14:35:27,627 WARNING src.options_filter: AMSS: options data unavailable from all sources
2026-08-12 14:35:31,894 WARNING src.options_filter: BKYI: options data unavailable from all sources
2026-08-12 14:35:36,106 WARNING src.options_filter: BRFH: options data unavailable from all sources
2026-08-12 14:35:43,683 WARNING src.options_filter: CREG: options data unavailable from all sources
2026-08-12 14:35:47,931 WARNING src.options_filter: CSPI: options data unavailable from all sources
2026-08-12 14:35:52,150 WARNING src.options_filter: DTST: options data unavailable from all sources
2026-08-12 14:35:59,006 WARNING src.options_filter: EDBL: options data unavailable from all sources
2026-08-12 14:36:03,285 WARNING src.options_filter: ELWT: options data unavailable from all sources
2026-08-12 14:36:03,569 ERROR yfinance: $EWCZ: possibly delisted; no price data found  (period=1mo) (Yahoo error = "No data found, symbol may be delisted")
2026-08-12 14:36:07,681 WARNING src.options_filter: EWCZ: options data unavailable from all sources
2026-08-12 14:36:11,943 WARNING src.options_filter: FSI: options data unavailable from all sources
2026-08-12 14:36:16,222 WARNING src.options_filter: GPUS: options data unavailable from all sources
2026-08-12 14:36:20,653 WARNING src.options_filter: HURA: options data unavailable from all sources
2026-08-12 14:36:24,897 WARNING src.options_filter: KFII: options data unavailable from all sources
2026-08-12 14:36:29,187 WARNING src.options_filter: LFWD: options data unavailable from all sources
2026-08-12 14:36:38,281 WARNING src.options_filter: MCIC: options data unavailable from all sources
2026-08-12 14:36:42,490 WARNING src.options_filter: MSGM: options data unavailable from all sources
2026-08-12 14:36:46,824 WARNING src.options_filter: MTBLY: options data unavailable from all sources
2026-08-12 14:36:53,284 WARNING src.options_filter: NVVE: options data unavailable from all sources
2026-08-12 14:36:57,455 WARNING src.options_filter: NWTG: options data unavailable from all sources
2026-08-12 14:37:01,712 WARNING src.options_filter: ONVC: options data unavailable from all sources
2026-08-12 14:37:08,957 WARNING src.options_filter: PWCM: options data unavailable from all sources
2026-08-12 14:37:15,902 WARNING src.options_filter: RMIX: options data unavailable from all sources
2026-08-12 14:37:20,113 WARNING src.options_filter: SCWO: options data unavailable from all sources
2026-08-12 14:37:27,749 WARNING src.options_filter: SIND: options data unavailable from all sources
2026-08-12 14:37:31,995 WARNING src.options_filter: SLAI: options data unavailable from all sources
2026-08-12 14:37:36,202 WARNING src.options_filter: SLE: options data unavailable from all sources
2026-08-12 14:37:40,438 WARNING src.options_filter: SMNR: options data unavailable from all sources
2026-08-12 14:37:44,723 WARNING src.options_filter: SOWG: options data unavailable from all sources
2026-08-12 14:37:51,614 WARNING src.options_filter: TKMO: options data unavailable from all sources
2026-08-12 14:37:55,838 WARNING src.options_filter: TMS: options data unavailable from all sources
2026-08-12 14:37:56,244 ERROR yfinance: $YIYU: possibly delisted; no price data found  (period=1mo) (Yahoo error = "No data found, symbol may be delisted")
2026-08-12 14:38:00,363 WARNING src.options_filter: YIYU: options data unavailable from all sources
2026-08-12 14:38:12,295 WARNING src.options_filter: AEBI: options data unavailable from all sources
2026-08-12 14:38:16,541 WARNING src.options_filter: AEMD: options data unavailable from all sources
2026-08-12 14:38:40,951 WARNING src.options_filter: AMCI: options data unavailable from all sources
2026-08-12 14:38:45,167 WARNING src.options_filter: AMS: options data unavailable from all sources
2026-08-12 14:38:52,004 WARNING src.options_filter: ARAI: options data unavailable from all sources
2026-08-12 14:39:05,079 WARNING src.options_filter: ASFH: options data unavailable from all sources
2026-08-12 14:39:09,301 WARNING src.options_filter: ATVK: options data unavailable from all sources
2026-08-12 14:39:13,490 WARNING src.options_filter: AURI: options data unavailable from all sources
2026-08-12 14:39:17,675 WARNING src.options_filter: AUSI: options data unavailable from all sources
2026-08-12 14:39:24,683 WARNING src.options_filter: AVX: options data unavailable from all sources
2026-08-12 14:39:28,899 WARNING src.options_filter: BAFN: options data unavailable from all sources
2026-08-12 14:39:35,920 WARNING src.options_filter: BCHT: options data unavailable from all sources
2026-08-12 14:39:36,224 ERROR yfinance: $BDVC: possibly delisted; no price data found  (period=1mo) (Yahoo error = "No data found, symbol may be delisted")
2026-08-12 14:39:40,324 WARNING src.options_filter: BDVC: options data unavailable from all sources
2026-08-12 14:39:44,587 WARNING src.options_filter: BEAT: options data unavailable from all sources
2026-08-12 14:39:48,812 WARNING src.options_filter: BFRI: options data unavailable from all sources
2026-08-12 14:39:56,067 WARNING src.options_filter: BIVI: options data unavailable from all sources
2026-08-12 14:40:00,256 WARNING src.options_filter: BLIN: options data unavailable from all sources
2026-08-12 14:40:04,541 WARNING src.options_filter: BLNE: options data unavailable from all sources
2026-08-12 14:40:12,246 WARNING src.options_filter: BLTE: options data unavailable from all sources
2026-08-12 14:40:19,274 WARNING src.options_filter: BOF: options data unavailable from all sources
2026-08-12 14:40:30,404 WARNING src.options_filter: BUDA: options data unavailable from all sources
2026-08-12 14:40:50,382 WARNING src.options_filter: CEF: options data unavailable from all sources
2026-08-12 14:40:57,999 WARNING src.options_filter: CHAI: options data unavailable from all sources
2026-08-12 14:41:07,955 WARNING src.options_filter: CRCW: options data unavailable from all sources
2026-08-12 14:41:12,187 WARNING src.options_filter: CREX: options data unavailable from all sources
2026-08-12 14:41:19,936 WARNING src.options_filter: CV: options data unavailable from all sources
2026-08-12 14:41:20,224 ERROR yfinance: $CVAC: possibly delisted; no price data found  (period=1mo) (Yahoo error = "No data found, symbol may be delisted")
2026-08-12 14:41:24,361 WARNING src.options_filter: CVAC: options data unavailable from all sources
2026-08-12 14:41:28,550 WARNING src.options_filter: CWD: options data unavailable from all sources
2026-08-12 14:41:32,854 WARNING src.options_filter: CYCU: options data unavailable from all sources
2026-08-12 14:41:40,512 WARNING src.options_filter: ECIA: options data unavailable from all sources
2026-08-12 14:41:44,778 WARNING src.options_filter: EESE: options data unavailable from all sources
2026-08-12 14:41:49,095 WARNING src.options_filter: EIC: options data unavailable from all sources
2026-08-12 14:41:53,288 WARNING src.options_filter: ELMT: options data unavailable from all sources
2026-08-12 14:41:57,504 WARNING src.options_filter: ELUT: options data unavailable from all sources
2026-08-12 14:42:01,720 WARNING src.options_filter: EMAT: options data unavailable from all sources
2026-08-12 14:42:05,953 WARNING src.options_filter: EQS: options data unavailable from all sources
2026-08-12 14:42:10,354 WARNING src.options_filter: ESEA: options data unavailable from all sources
2026-08-12 14:42:13,378 ERROR yfinance: $EUSP: possibly delisted; no price data found  (period=1mo) (Yahoo error = "No data found, symbol may be delisted")
2026-08-12 14:42:17,467 WARNING src.options_filter: EUSP: options data unavailable from all sources
2026-08-12 14:42:44,018 WARNING src.options_filter: FTLF: options data unavailable from all sources
2026-08-12 14:42:58,034 WARNING src.options_filter: GLTK: options data unavailable from all sources
2026-08-12 14:43:02,208 WARNING src.options_filter: GMRS: options data unavailable from all sources
2026-08-12 14:43:11,321 WARNING src.options_filter: GTEC: options data unavailable from all sources
2026-08-12 14:43:15,503 WARNING src.options_filter: GTIJF: options data unavailable from all sources
2026-08-12 14:43:19,722 WARNING src.options_filter: GWH: options data unavailable from all sources
2026-08-12 14:43:26,650 WARNING src.options_filter: HGBL: options data unavailable from all sources
2026-08-12 14:43:30,890 WARNING src.options_filter: HIT: options data unavailable from all sources
2026-08-12 14:43:38,857 WARNING src.options_filter: ICCC: options data unavailable from all sources
2026-08-12 14:43:45,664 WARNING src.options_filter: INKT: options data unavailable from all sources
2026-08-12 14:44:02,280 WARNING src.options_filter: IVF: options data unavailable from all sources
2026-08-12 14:44:06,506 WARNING src.options_filter: JCAP: options data unavailable from all sources
2026-08-12 14:44:10,761 WARNING src.options_filter: JSDA: options data unavailable from all sources
2026-08-12 14:44:15,002 WARNING src.options_filter: JTAI: options data unavailable from all sources
2026-08-12 14:44:21,861 WARNING src.options_filter: KLNG: options data unavailable from all sources
2026-08-12 14:44:37,538 WARNING src.options_filter: LFT: options data unavailable from all sources
2026-08-12 14:44:44,478 WARNING src.options_filter: LIEN: options data unavailable from all sources
2026-08-12 14:44:48,671 WARNING src.options_filter: LIVE: options data unavailable from all sources
2026-08-12 14:44:55,698 WARNING src.options_filter: LSF: options data unavailable from all sources
2026-08-12 14:45:06,051 WARNING src.options_filter: MAGE: options data unavailable from all sources
2026-08-12 14:45:10,277 WARNING src.options_filter: MDBH: options data unavailable from all sources
2026-08-12 14:45:17,175 WARNING src.options_filter: MDXH: options data unavailable from all sources
2026-08-12 14:45:21,406 WARNING src.options_filter: MFON: options data unavailable from all sources
2026-08-12 14:45:24,244 ERROR yfinance: $MGRM: possibly delisted; no price data found  (period=1mo)
2026-08-12 14:45:28,345 WARNING src.options_filter: MGRM: options data unavailable from all sources
2026-08-12 14:45:37,978 WARNING src.options_filter: MOBQ: options data unavailable from all sources
2026-08-12 14:45:45,612 WARNING src.options_filter: MSAI: options data unavailable from all sources
2026-08-12 14:46:16,458 WARNING src.options_filter: NUWE: options data unavailable from all sources
2026-08-12 14:46:20,639 WARNING src.options_filter: NXPL: options data unavailable from all sources
2026-08-12 14:46:24,895 WARNING src.options_filter: NXXT: options data unavailable from all sources
2026-08-12 14:46:29,121 WARNING src.options_filter: OCLN: options data unavailable from all sources
2026-08-12 14:46:36,818 WARNING src.options_filter: OSTX: options data unavailable from all sources
2026-08-12 14:46:41,130 WARNING src.options_filter: OXBR: options data unavailable from all sources
2026-08-12 14:46:45,304 WARNING src.options_filter: PAYD: options data unavailable from all sources
2026-08-12 14:46:51,796 WARNING src.options_filter: PED: options data unavailable from all sources
2026-08-12 14:47:01,783 WARNING src.options_filter: PMN: options data unavailable from all sources
2026-08-12 14:47:05,977 WARNING src.options_filter: PREM: options data unavailable from all sources
2026-08-12 14:47:16,257 WARNING src.options_filter: PTHS: options data unavailable from all sources
2026-08-12 14:47:29,569 WARNING src.options_filter: RMHI: options data unavailable from all sources
2026-08-12 14:47:38,666 WARNING src.options_filter: ROC: options data unavailable from all sources
2026-08-12 14:47:42,939 WARNING src.options_filter: SBC: options data unavailable from all sources
2026-08-12 14:47:47,143 WARNING src.options_filter: SBDS: options data unavailable from all sources
2026-08-12 14:47:47,245 ERROR yfinance: $SBSAA: possibly delisted; no price data found  (period=1mo)
2026-08-12 14:47:51,361 WARNING src.options_filter: SBSAA: options data unavailable from all sources
2026-08-12 14:47:55,548 WARNING src.options_filter: SDST: options data unavailable from all sources
2026-08-12 14:47:59,781 WARNING src.options_filter: SGA: options data unavailable from all sources
2026-08-12 14:48:04,016 WARNING src.options_filter: SLGL: options data unavailable from all sources
2026-08-12 14:48:08,313 WARNING src.options_filter: SLNH: options data unavailable from all sources
2026-08-12 14:48:12,516 WARNING src.options_filter: SMEV: options data unavailable from all sources
2026-08-12 14:48:16,701 WARNING src.options_filter: SPCB: options data unavailable from all sources
2026-08-12 14:48:26,366 WARNING src.options_filter: SRXH: options data unavailable from all sources
2026-08-12 14:48:32,725 ERROR yfinance: $STEL: possibly delisted; no price data found  (period=1mo)
2026-08-12 14:48:36,825 WARNING src.options_filter: STEL: options data unavailable from all sources
2026-08-12 14:48:44,459 WARNING src.options_filter: SWMR: options data unavailable from all sources
2026-08-12 14:48:48,640 WARNING src.options_filter: TAYD: options data unavailable from all sources
2026-08-12 14:48:56,346 WARNING src.options_filter: TNON: options data unavailable from all sources
2026-08-12 14:49:03,208 WARNING src.options_filter: TPCS: options data unavailable from all sources
2026-08-12 14:49:25,929 WARNING src.options_filter: VTIX: options data unavailable from all sources
2026-08-12 14:49:35,810 WARNING src.options_filter: WKHS: options data unavailable from all sources
2026-08-12 14:49:48,732 WARNING src.options_filter: XAIR: options data unavailable from all sources
2026-08-12 14:49:52,954 WARNING src.options_filter: XBP: options data unavailable from all sources
2026-08-12 14:50:00,477 WARNING src.options_filter: XOS: options data unavailable from all sources
2026-08-12 14:50:11,416 WARNING src.options_filter: YSWY: options data unavailable from all sources
2026-08-12 14:50:15,609 WARNING src.options_filter: YXT: options data unavailable from all sources
2026-08-12 14:50:19,865 WARNING src.options_filter: ZSPC: options data unavailable from all sources
2026-08-12 14:50:26,813 WARNING src.options_filter: AAPI: options data unavailable from all sources
2026-08-12 14:50:30,996 WARNING src.options_filter: AASP: options data unavailable from all sources
2026-08-12 14:50:34,508 ERROR yfinance: $AC: possibly delisted; no price data found  (period=1mo) (Yahoo error = "No data found, symbol may be delisted")
2026-08-12 14:50:38,821 WARNING src.options_filter: AC: options data unavailable from all sources
2026-08-12 14:50:43,050 WARNING src.options_filter: ADTX: options data unavailable from all sources
2026-08-12 14:50:47,566 WARNING src.options_filter: AIFA: options data unavailable from all sources
2026-08-12 14:50:51,793 WARNING src.options_filter: AIRI: options data unavailable from all sources
2026-08-12 14:50:56,021 WARNING src.options_filter: AIXC: options data unavailable from all sources
2026-08-12 14:51:19,737 WARNING src.options_filter: AMZE: options data unavailable from all sources
2026-08-12 14:51:23,940 WARNING src.options_filter: ANDG: options data unavailable from all sources
2026-08-12 14:51:28,148 WARNING src.options_filter: ANNA: options data unavailable from all sources
2026-08-12 14:51:42,088 WARNING src.options_filter: AQUC: options data unavailable from all sources
2026-08-12 14:51:46,326 WARNING src.options_filter: ARTL: options data unavailable from all sources
2026-08-12 14:51:50,599 WARNING src.options_filter: ASFT: options data unavailable from all sources
2026-08-12 14:51:54,818 WARNING src.options_filter: ASNS: options data unavailable from all sources
2026-08-12 14:52:02,396 WARNING src.options_filter: ATXI: options data unavailable from all sources
2026-08-12 14:52:06,635 WARNING src.options_filter: AUID: options data unavailable from all sources
2026-08-12 14:52:19,821 WARNING src.options_filter: BACK: options data unavailable from all sources
2026-08-12 14:52:24,030 WARNING src.options_filter: BATL: options data unavailable from all sources
2026-08-12 14:52:28,266 WARNING src.options_filter: BAYA: options data unavailable from all sources
2026-08-12 14:52:32,478 WARNING src.options_filter: BBLG: options data unavailable from all sources
2026-08-12 14:52:36,677 WARNING src.options_filter: BBXIA: options data unavailable from all sources
2026-08-12 14:52:40,995 WARNING src.options_filter: BCDA: options data unavailable from all sources
2026-08-12 14:52:45,211 WARNING src.options_filter: BCLI: options data unavailable from all sources
2026-08-12 14:52:49,432 WARNING src.options_filter: BDCO: options data unavailable from all sources
2026-08-12 14:52:53,615 WARNING src.options_filter: BEAG: options data unavailable from all sources
2026-08-12 14:52:57,815 WARNING src.options_filter: BESS: options data unavailable from all sources
2026-08-12 14:53:04,680 WARNING src.options_filter: BGDE: options data unavailable from all sources
2026-08-12 14:53:08,913 WARNING src.options_filter: BICX: options data unavailable from all sources
2026-08-12 14:53:13,118 WARNING src.options_filter: BINI: options data unavailable from all sources
2026-08-12 14:53:17,352 WARNING src.options_filter: BKTI: options data unavailable from all sources
2026-08-12 14:53:21,577 WARNING src.options_filter: BLGO: options data unavailable from all sources
2026-08-12 14:53:25,756 WARNING src.options_filter: BLNC: options data unavailable from all sources
2026-08-12 14:53:29,960 WARNING src.options_filter: BNBX: options data unavailable from all sources
2026-08-12 14:53:34,182 WARNING src.options_filter: BNKK: options data unavailable from all sources
2026-08-12 14:53:38,408 WARNING src.options_filter: BNZI: options data unavailable from all sources
2026-08-12 14:53:42,591 WARNING src.options_filter: BOLT: options data unavailable from all sources
2026-08-12 14:53:46,872 WARNING src.options_filter: BOTY: options data unavailable from all sources
2026-08-12 14:53:51,083 WARNING src.options_filter: BPTH: options data unavailable from all sources
2026-08-12 14:53:55,299 WARNING src.options_filter: BRGX: options data unavailable from all sources
2026-08-12 14:53:59,511 WARNING src.options_filter: BSEM: options data unavailable from all sources
2026-08-12 14:54:07,065 WARNING src.options_filter: BTCY: options data unavailable from all sources
2026-08-12 14:54:13,866 WARNING src.options_filter: BUDZ: options data unavailable from all sources
2026-08-12 14:54:18,084 WARNING src.options_filter: BURU: options data unavailable from all sources
2026-08-12 14:54:22,262 WARNING src.options_filter: CAMP: options data unavailable from all sources
2026-08-12 14:54:29,462 WARNING src.options_filter: CAPC: options data unavailable from all sources
2026-08-12 14:54:34,141 ERROR yfinance: $CCRD: possibly delisted; no price data found  (period=1mo) (Yahoo error = "No data found, symbol may be delisted")
2026-08-12 14:54:38,250 WARNING src.options_filter: CCRD: options data unavailable from all sources
2026-08-12 14:54:42,432 WARNING src.options_filter: CDIX: options data unavailable from all sources
2026-08-12 14:54:46,642 WARNING src.options_filter: CDT: options data unavailable from all sources
2026-08-12 14:54:53,461 WARNING src.options_filter: CETX: options data unavailable from all sources
2026-08-12 14:54:57,656 WARNING src.options_filter: CFOO: options data unavailable from all sources
2026-08-12 14:55:01,902 WARNING src.options_filter: CHGA: options data unavailable from all sources
2026-08-12 14:55:06,169 WARNING src.options_filter: CISO: options data unavailable from all sources
2026-08-12 14:55:10,417 WARNING src.options_filter: CLRB: options data unavailable from all sources
2026-08-12 14:55:14,712 WARNING src.options_filter: CLRO: options data unavailable from all sources
2026-08-12 14:55:18,969 WARNING src.options_filter: CMMB: options data unavailable from all sources
2026-08-12 14:55:23,190 WARNING src.options_filter: CNFN: options data unavailable from all sources
2026-08-12 14:55:27,398 WARNING src.options_filter: CNGO: options data unavailable from all sources
2026-08-12 14:55:31,663 WARNING src.options_filter: CNSP: options data unavailable from all sources
2026-08-12 14:55:35,875 WARNING src.options_filter: CNSY: options data unavailable from all sources
2026-08-12 14:55:47,707 WARNING src.options_filter: CPRX: options data unavailable from all sources
2026-08-12 14:55:48,044 ERROR yfinance: $CRTAF: possibly delisted; no price data found  (period=1mo) (Yahoo error = "No data found, symbol may be delisted")
2026-08-12 14:55:52,137 WARNING src.options_filter: CRTAF: options data unavailable from all sources
2026-08-12 14:55:56,367 WARNING src.options_filter: CRWE: options data unavailable from all sources
2026-08-12 14:56:09,645 WARNING src.options_filter: CVM: options data unavailable from all sources
2026-08-12 14:56:13,868 WARNING src.options_filter: CVV: options data unavailable from all sources
2026-08-12 14:56:18,064 WARNING src.options_filter: CYN: options data unavailable from all sources
2026-08-12 14:56:24,976 WARNING src.options_filter: DARE: options data unavailable from all sources
2026-08-12 14:56:35,350 WARNING src.options_filter: DFPH: options data unavailable from all sources
2026-08-12 14:56:39,569 WARNING src.options_filter: DJCO: options data unavailable from all sources
2026-08-12 14:56:46,501 WARNING src.options_filter: DPLS: options data unavailable from all sources
2026-08-12 14:56:50,875 WARNING src.options_filter: DQWS: options data unavailable from all sources
2026-08-12 14:56:55,085 WARNING src.options_filter: DRCT: options data unavailable from all sources
2026-08-12 14:56:59,912 WARNING src.options_filter: DSS: options data unavailable from all sources
2026-08-12 14:57:06,082 ERROR yfinance: $EBFI: possibly delisted; no price data found  (period=1mo) (Yahoo error = "No data found, symbol may be delisted")
2026-08-12 14:57:10,207 WARNING src.options_filter: EBFI: options data unavailable from all sources
2026-08-12 14:57:14,433 WARNING src.options_filter: ECTM: options data unavailable from all sources
2026-08-12 14:57:18,654 WARNING src.options_filter: ELLH: options data unavailable from all sources
2026-08-12 14:57:22,837 WARNING src.options_filter: ELTP: options data unavailable from all sources
2026-08-12 14:57:29,790 WARNING src.options_filter: ENVB: options data unavailable from all sources
2026-08-12 14:57:45,415 WARNING src.options_filter: EVFM: options data unavailable from all sources
2026-08-12 14:57:45,688 ERROR yfinance: $EVOK: possibly delisted; no price data found  (period=1mo) (Yahoo error = "No data found, symbol may be delisted")
2026-08-12 14:57:49,799 WARNING src.options_filter: EVOK: options data unavailable from all sources
2026-08-12 14:57:57,128 WARNING src.options_filter: FABC: options data unavailable from all sources
2026-08-12 14:58:07,541 WARNING src.options_filter: FFLO: options data unavailable from all sources
2026-08-12 14:58:11,721 WARNING src.options_filter: FGI: options data unavailable from all sources
2026-08-12 14:58:15,952 WARNING src.options_filter: FMHS: options data unavailable from all sources
2026-08-12 14:58:22,838 WARNING src.options_filter: FRMO: options data unavailable from all sources
2026-08-12 14:58:30,531 WARNING src.options_filter: FSSL: options data unavailable from all sources
2026-08-12 14:58:34,869 WARNING src.options_filter: FUST: options data unavailable from all sources
2026-08-12 14:58:42,130 WARNING src.options_filter: GBCS: options data unavailable from all sources
2026-08-12 14:58:46,317 WARNING src.options_filter: GEDC: options data unavailable from all sources
2026-08-12 14:58:53,851 WARNING src.options_filter: GLSI: options data unavailable from all sources
2026-08-12 14:58:58,029 WARNING src.options_filter: GNLN: options data unavailable from all sources
2026-08-12 14:59:02,282 WARNING src.options_filter: GNPX: options data unavailable from all sources
2026-08-12 14:59:09,744 WARNING src.options_filter: GOGY: options data unavailable from all sources
2026-08-12 14:59:10,060 ERROR yfinance: $GORV: possibly delisted; no price data found  (period=1mo) (Yahoo error = "No data found, symbol may be delisted")
2026-08-12 14:59:14,168 WARNING src.options_filter: GORV: options data unavailable from all sources
2026-08-12 14:59:21,078 WARNING src.options_filter: GRDX: options data unavailable from all sources
2026-08-12 14:59:25,271 WARNING src.options_filter: GRI: options data unavailable from all sources
2026-08-12 14:59:32,995 WARNING src.options_filter: GSHR: options data unavailable from all sources
2026-08-12 14:59:37,179 WARNING src.options_filter: GTBP: options data unavailable from all sources
2026-08-12 14:59:41,375 WARNING src.options_filter: GTCH: options data unavailable from all sources
2026-08-12 14:59:45,594 WARNING src.options_filter: GTERA: options data unavailable from all sources
2026-08-12 14:59:49,787 WARNING src.options_filter: GTHP: options data unavailable from all sources
2026-08-12 14:59:56,299 WARNING src.options_filter: HBUV: options data unavailable from all sources
2026-08-12 15:00:00,509 WARNING src.options_filter: HCWC: options data unavailable from all sources
2026-08-12 15:00:04,767 WARNING src.options_filter: HDRN: options data unavailable from all sources
2026-08-12 15:00:09,005 WARNING src.options_filter: HIND: options data unavailable from all sources
2026-08-12 15:00:15,941 WARNING src.options_filter: HLYK: options data unavailable from all sources
2026-08-12 15:00:16,316 ERROR yfinance: $HMBL: possibly delisted; no price data found  (period=1mo) (Yahoo error = "No data found, symbol may be delisted")
2026-08-12 15:00:20,430 WARNING src.options_filter: HMBL: options data unavailable from all sources
2026-08-12 15:00:23,216 ERROR yfinance: $HSPT: possibly delisted; no price data found  (period=1mo)
2026-08-12 15:00:27,360 WARNING src.options_filter: HSPT: options data unavailable from all sources
2026-08-12 15:00:35,052 WARNING src.options_filter: HYPD: options data unavailable from all sources
2026-08-12 15:00:39,319 WARNING src.options_filter: ICCM: options data unavailable from all sources
2026-08-12 15:00:43,596 WARNING src.options_filter: ICU: options data unavailable from all sources
2026-08-12 15:00:47,839 WARNING src.options_filter: IDAI: options data unavailable from all sources
2026-08-12 15:00:54,651 WARNING src.options_filter: IKT: options data unavailable from all sources
2026-08-12 15:00:58,947 WARNING src.options_filter: ILAL: options data unavailable from all sources
2026-08-12 15:01:06,877 WARNING src.options_filter: INLX: options data unavailable from all sources
2026-08-12 15:01:13,858 WARNING src.options_filter: IPCX: options data unavailable from all sources
2026-08-12 15:01:18,234 WARNING src.options_filter: IPDN: options data unavailable from all sources
2026-08-12 15:01:22,450 WARNING src.options_filter: IPSI: options data unavailable from all sources
2026-08-12 15:01:26,676 WARNING src.options_filter: IQST: options data unavailable from all sources
2026-08-12 15:01:30,897 WARNING src.options_filter: ISCO: options data unavailable from all sources
2026-08-12 15:01:35,197 WARNING src.options_filter: ITG: options data unavailable from all sources
2026-08-12 15:01:44,876 WARNING src.options_filter: IVDA: options data unavailable from all sources
2026-08-12 15:01:49,072 WARNING src.options_filter: JAGX: options data unavailable from all sources
2026-08-12 15:01:56,868 WARNING src.options_filter: JOB: options data unavailable from all sources
2026-08-12 15:02:01,098 WARNING src.options_filter: KBLB: options data unavailable from all sources
2026-08-12 15:02:05,348 WARNING src.options_filter: KBSR: options data unavailable from all sources
2026-08-12 15:02:09,570 WARNING src.options_filter: KCHV: options data unavailable from all sources
2026-08-12 15:02:16,511 WARNING src.options_filter: KEWL: options data unavailable from all sources
2026-08-12 15:02:20,752 WARNING src.options_filter: KITT: options data unavailable from all sources
2026-08-12 15:02:24,993 WARNING src.options_filter: KLRA: options data unavailable from all sources
2026-08-12 15:02:32,077 WARNING src.options_filter: KORE: options data unavailable from all sources
2026-08-12 15:02:38,941 WARNING src.options_filter: KSCP: options data unavailable from all sources
2026-08-12 15:02:45,896 WARNING src.options_filter: KTTA: options data unavailable from all sources
2026-08-12 15:02:52,823 WARNING src.options_filter: KWIK: options data unavailable from all sources
2026-08-12 15:03:03,169 WARNING src.options_filter: LGL: options data unavailable from all sources
2026-08-12 15:03:07,405 WARNING src.options_filter: LGVN: options data unavailable from all sources
2026-08-12 15:03:11,908 WARNING src.options_filter: LICT: options data unavailable from all sources
2026-08-12 15:03:16,130 WARNING src.options_filter: LIFD: options data unavailable from all sources
2026-08-12 15:03:20,343 WARNING src.options_filter: LIMX: options data unavailable from all sources
2026-08-12 15:03:24,551 WARNING src.options_filter: LIQT: options data unavailable from all sources
2026-08-12 15:03:28,757 WARNING src.options_filter: LMRI: options data unavailable from all sources
2026-08-12 15:03:32,957 WARNING src.options_filter: LOCL: options data unavailable from all sources
2026-08-12 15:03:37,182 WARNING src.options_filter: LPA: options data unavailable from all sources
2026-08-12 15:03:41,419 WARNING src.options_filter: LPAA: options data unavailable from all sources
2026-08-12 15:03:45,671 WARNING src.options_filter: LPBBU: options data unavailable from all sources
2026-08-12 15:03:49,866 WARNING src.options_filter: LPTVQ: options data unavailable from all sources
2026-08-12 15:03:54,057 ERROR yfinance: $LSMG: possibly delisted; no price data found  (period=1mo) (Yahoo error = "No data found, symbol may be delisted")
2026-08-12 15:03:58,190 WARNING src.options_filter: LSMG: options data unavailable from all sources
2026-08-12 15:04:02,386 WARNING src.options_filter: LTUM: options data unavailable from all sources
2026-08-12 15:04:06,636 WARNING src.options_filter: LUCD: options data unavailable from all sources
2026-08-12 15:04:10,836 WARNING src.options_filter: LVLU: options data unavailable from all sources
2026-08-12 15:04:13,486 ERROR yfinance: $LVPR: possibly delisted; no price data found  (period=1mo)
2026-08-12 15:04:17,583 WARNING src.options_filter: LVPR: options data unavailable from all sources
2026-08-12 15:04:21,776 WARNING src.options_filter: MACI: options data unavailable from all sources
2026-08-12 15:04:30,015 WARNING src.options_filter: MCI: options data unavailable from all sources
2026-08-12 15:04:34,238 WARNING src.options_filter: MGRX: options data unavailable from all sources
2026-08-12 15:04:40,734 WARNING src.options_filter: MIRA: options data unavailable from all sources
2026-08-12 15:04:47,555 WARNING src.options_filter: MJNA: options data unavailable from all sources
2026-08-12 15:04:51,828 WARNING src.options_filter: MODD: options data unavailable from all sources
2026-08-12 15:04:56,039 WARNING src.options_filter: MPTI: options data unavailable from all sources
2026-08-12 15:05:00,302 WARNING src.options_filter: MRKR: options data unavailable from all sources
2026-08-12 15:05:04,565 WARNING src.options_filter: MRMD: options data unavailable from all sources
2026-08-12 15:05:08,761 WARNING src.options_filter: MSBB: options data unavailable from all sources
2026-08-12 15:05:15,711 WARNING src.options_filter: MSN: options data unavailable from all sources
2026-08-12 15:05:19,928 WARNING src.options_filter: MSPR: options data unavailable from all sources
2026-08-12 15:05:24,173 WARNING src.options_filter: MTNB: options data unavailable from all sources
2026-08-12 15:05:28,541 WARNING src.options_filter: MTR: options data unavailable from all sources
2026-08-12 15:05:35,029 WARNING src.options_filter: NASO: options data unavailable from all sources
2026-08-12 15:05:42,646 WARNING src.options_filter: NBRI: options data unavailable from all sources
2026-08-12 15:05:46,893 WARNING src.options_filter: NCRA: options data unavailable from all sources
2026-08-12 15:05:51,112 WARNING src.options_filter: NDRA: options data unavailable from all sources
2026-08-12 15:05:58,289 WARNING src.options_filter: NHICU: options data unavailable from all sources
2026-08-12 15:06:02,676 WARNING src.options_filter: NIHK: options data unavailable from all sources
2026-08-12 15:06:07,000 WARNING src.options_filter: NIKA: options data unavailable from all sources
2026-08-12 15:06:18,332 WARNING src.options_filter: NSTS: options data unavailable from all sources
2026-08-12 15:06:25,981 WARNING src.options_filter: NUVR: options data unavailable from all sources
2026-08-12 15:06:30,260 WARNING src.options_filter: NWBO: options data unavailable from all sources
2026-08-12 15:06:36,805 WARNING src.options_filter: NYC: options data unavailable from all sources
2026-08-12 15:06:41,012 WARNING src.options_filter: OCTV: options data unavailable from all sources
2026-08-12 15:06:45,243 WARNING src.options_filter: OLOX: options data unavailable from all sources
2026-08-12 15:06:52,855 WARNING src.options_filter: ONCO: options data unavailable from all sources
2026-08-12 15:06:57,059 WARNING src.options_filter: ONFO: options data unavailable from all sources
2026-08-12 15:07:03,538 WARNING src.options_filter: ORBT: options data unavailable from all sources
2026-08-12 15:07:07,801 WARNING src.options_filter: ORGN: options data unavailable from all sources
2026-08-12 15:07:14,803 WARNING src.options_filter: OSRH: options data unavailable from all sources
2026-08-12 15:07:18,992 WARNING src.options_filter: PACH: options data unavailable from all sources
2026-08-12 15:07:23,187 WARNING src.options_filter: PARK: options data unavailable from all sources
2026-08-12 15:07:27,371 WARNING src.options_filter: PCSV: options data unavailable from all sources
2026-08-12 15:07:31,575 WARNING src.options_filter: PETV: options data unavailable from all sources
2026-08-12 15:07:35,790 WARNING src.options_filter: PEVM: options data unavailable from all sources
2026-08-12 15:07:42,288 WARNING src.options_filter: PFSA: options data unavailable from all sources
2026-08-12 15:07:46,473 WARNING src.options_filter: PGAC: options data unavailable from all sources
2026-08-12 15:07:50,704 WARNING src.options_filter: PLAG: options data unavailable from all sources
2026-08-12 15:07:54,942 WARNING src.options_filter: PLGO: options data unavailable from all sources
2026-08-12 15:07:59,136 WARNING src.options_filter: PLMK: options data unavailable from all sources
2026-08-12 15:08:06,007 WARNING src.options_filter: PNBK: options data unavailable from all sources
2026-08-12 15:08:10,204 WARNING src.options_filter: PODC: options data unavailable from all sources
2026-08-12 15:08:14,399 WARNING src.options_filter: POLA: options data unavailable from all sources
2026-08-12 15:08:14,694 ERROR yfinance: $PORT: possibly delisted; no price data found  (period=1mo) (Yahoo error = "No data found, symbol may be delisted")
2026-08-12 15:08:18,794 WARNING src.options_filter: PORT: options data unavailable from all sources
2026-08-12 15:08:22,973 WARNING src.options_filter: PULM: options data unavailable from all sources
2026-08-12 15:08:27,212 WARNING src.options_filter: PVCT: options data unavailable from all sources
2026-08-12 15:08:34,210 WARNING src.options_filter: PXHI: options data unavailable from all sources
2026-08-12 15:08:41,176 WARNING src.options_filter: QDMI: options data unavailable from all sources
2026-08-12 15:08:45,557 WARNING src.options_filter: QPRC: options data unavailable from all sources
2026-08-12 15:08:49,822 WARNING src.options_filter: QSEP: options data unavailable from all sources
2026-08-12 15:08:54,133 WARNING src.options_filter: QTI: options data unavailable from all sources
2026-08-12 15:08:58,351 WARNING src.options_filter: QURT: options data unavailable from all sources
2026-08-12 15:09:02,596 WARNING src.options_filter: RAFI: options data unavailable from all sources
2026-08-12 15:09:06,858 WARNING src.options_filter: RANG: options data unavailable from all sources
2026-08-12 15:09:11,093 WARNING src.options_filter: RBCN: options data unavailable from all sources
2026-08-12 15:09:15,525 WARNING src.options_filter: RBTK: options data unavailable from all sources
2026-08-12 15:09:19,903 WARNING src.options_filter: RDAG: options data unavailable from all sources
2026-08-12 15:09:29,130 WARNING src.options_filter: REED: options data unavailable from all sources
2026-08-12 15:09:36,248 WARNING src.options_filter: RHEP: options data unavailable from all sources
2026-08-12 15:09:40,449 WARNING src.options_filter: RKDA: options data unavailable from all sources
2026-08-12 15:09:44,695 WARNING src.options_filter: RMSL: options data unavailable from all sources
2026-08-12 15:09:48,902 WARNING src.options_filter: RNGE: options data unavailable from all sources
2026-08-12 15:09:53,131 WARNING src.options_filter: RNTX: options data unavailable from all sources
2026-08-12 15:09:57,370 WARNING src.options_filter: RNXT: options data unavailable from all sources
2026-08-12 15:10:01,640 WARNING src.options_filter: RPMT: options data unavailable from all sources
2026-08-12 15:10:08,538 WARNING src.options_filter: RSAU: options data unavailable from all sources
2026-08-12 15:10:15,391 WARNING src.options_filter: RSRV: options data unavailable from all sources
2026-08-12 15:10:19,660 WARNING src.options_filter: RTB: options data unavailable from all sources
2026-08-12 15:10:23,888 WARNING src.options_filter: RTON: options data unavailable from all sources
2026-08-12 15:10:28,075 WARNING src.options_filter: SBEV: options data unavailable from all sources
2026-08-12 15:10:32,320 WARNING src.options_filter: SCGX: options data unavailable from all sources
2026-08-12 15:10:36,572 WARNING src.options_filter: SCOR: options data unavailable from all sources
2026-08-12 15:10:40,833 WARNING src.options_filter: SDCH: options data unavailable from all sources
2026-08-12 15:10:45,013 WARNING src.options_filter: SDOT: options data unavailable from all sources
2026-08-12 15:10:45,356 ERROR yfinance: $SEAL PR B: possibly delisted; no price data found  (period=1mo) (Yahoo error = "No data found, symbol may be delisted")
2026-08-12 15:10:49,451 WARNING src.options_filter: SEAL PR B: options data unavailable from all sources
2026-08-12 15:10:58,672 WARNING src.options_filter: SFRX: options data unavailable from all sources
2026-08-12 15:11:02,890 WARNING src.options_filter: SGRP: options data unavailable from all sources
2026-08-12 15:11:07,096 WARNING src.options_filter: SIMA: options data unavailable from all sources
2026-08-12 15:11:14,001 WARNING src.options_filter: SKYX: options data unavailable from all sources
2026-08-12 15:11:18,233 WARNING src.options_filter: SLBT: options data unavailable from all sources
2026-08-12 15:11:22,437 WARNING src.options_filter: SLND: options data unavailable from all sources
2026-08-12 15:11:26,704 WARNING src.options_filter: SMID: options data unavailable from all sources
2026-08-12 15:11:33,511 WARNING src.options_filter: SMXT: options data unavailable from all sources
2026-08-12 15:11:37,851 WARNING src.options_filter: SNFCA: options data unavailable from all sources
2026-08-12 15:11:42,084 WARNING src.options_filter: SNGX: options data unavailable from all sources
2026-08-12 15:11:46,298 WARNING src.options_filter: SNRG: options data unavailable from all sources
2026-08-12 15:11:50,605 WARNING src.options_filter: SNYR: options data unavailable from all sources
2026-08-12 15:12:04,707 WARNING src.options_filter: SPMC: options data unavailable from all sources
2026-08-12 15:12:09,186 WARNING src.options_filter: SPRB: options data unavailable from all sources
2026-08-12 15:12:14,823 ERROR yfinance: $SPTN: possibly delisted; no price data found  (period=1mo) (Yahoo error = "No data found, symbol may be delisted")
2026-08-12 15:12:18,912 WARNING src.options_filter: SPTN: options data unavailable from all sources
2026-08-12 15:12:23,109 WARNING src.options_filter: SQFT: options data unavailable from all sources
2026-08-12 15:12:29,970 WARNING src.options_filter: SSMR: options data unavailable from all sources
2026-08-12 15:12:37,016 WARNING src.options_filter: STCB: options data unavailable from all sources
2026-08-12 15:12:50,610 WARNING src.options_filter: SUIC: options data unavailable from all sources
2026-08-12 15:12:54,844 WARNING src.options_filter: SVVC: options data unavailable from all sources
2026-08-12 15:12:55,336 ERROR yfinance: $SWKH: possibly delisted; no price data found  (period=1mo) (Yahoo error = "No data found, symbol may be delisted")
2026-08-12 15:12:59,435 WARNING src.options_filter: SWKH: options data unavailable from all sources
2026-08-12 15:13:06,413 WARNING src.options_filter: TAIT: options data unavailable from all sources
2026-08-12 15:13:10,637 WARNING src.options_filter: TAVI: options data unavailable from all sources
2026-08-12 15:13:17,925 WARNING src.options_filter: TCRT: options data unavailable from all sources
2026-08-12 15:13:22,110 WARNING src.options_filter: TDAC: options data unavailable from all sources
2026-08-12 15:13:29,719 WARNING src.options_filter: TELO: options data unavailable from all sources
2026-08-12 15:13:39,949 WARNING src.options_filter: TLSS: options data unavailable from all sources
2026-08-12 15:13:47,465 WARNING src.options_filter: TOMZ: options data unavailable from all sources
2026-08-12 15:13:51,638 WARNING src.options_filter: TRAW: options data unavailable from all sources
2026-08-12 15:13:55,882 WARNING src.options_filter: TREP: options data unavailable from all sources
2026-08-12 15:13:59,144 ERROR yfinance: $TTNP: possibly delisted; no price data found  (period=1mo) (Yahoo error = "No data found, symbol may be delisted")
2026-08-12 15:14:03,249 WARNING src.options_filter: TTNP: options data unavailable from all sources
2026-08-12 15:14:07,550 WARNING src.options_filter: TVA: options data unavailable from all sources
2026-08-12 15:14:11,771 WARNING src.options_filter: TVGN: options data unavailable from all sources
2026-08-12 15:14:16,021 WARNING src.options_filter: TYCB: options data unavailable from all sources
2026-08-12 15:14:20,251 WARNING src.options_filter: UAVS: options data unavailable from all sources
2026-08-12 15:14:24,571 WARNING src.options_filter: UCIX: options data unavailable from all sources
2026-08-12 15:14:28,766 WARNING src.options_filter: UEEC: options data unavailable from all sources
2026-08-12 15:14:34,302 ERROR yfinance: $VACH: possibly delisted; no price data found  (period=1mo)
2026-08-12 15:14:38,414 WARNING src.options_filter: VACH: options data unavailable from all sources
2026-08-12 15:14:42,602 WARNING src.options_filter: VASO: options data unavailable from all sources
2026-08-12 15:14:46,831 WARNING src.options_filter: VERF: options data unavailable from all sources
2026-08-12 15:14:47,111 ERROR yfinance: $VERO: possibly delisted; no price data found  (period=1mo) (Yahoo error = "No data found, symbol may be delisted")
2026-08-12 15:14:51,224 WARNING src.options_filter: VERO: options data unavailable from all sources
2026-08-12 15:15:01,073 WARNING src.options_filter: VNJA: options data unavailable from all sources
2026-08-12 15:15:05,371 WARNING src.options_filter: VNME: options data unavailable from all sources
2026-08-12 15:15:09,605 WARNING src.options_filter: VPRB: options data unavailable from all sources
2026-08-12 15:15:13,821 WARNING src.options_filter: VS: options data unavailable from all sources
2026-08-12 15:15:18,112 WARNING src.options_filter: VYNE: options data unavailable from all sources
2026-08-12 15:15:22,324 WARNING src.options_filter: WATT: options data unavailable from all sources
2026-08-12 15:15:26,501 WARNING src.options_filter: WHEN: options data unavailable from all sources
2026-08-12 15:15:30,677 WARNING src.options_filter: WHK: options data unavailable from all sources
2026-08-12 15:15:34,940 WARNING src.options_filter: WORX: options data unavailable from all sources
2026-08-12 15:15:42,164 WARNING src.options_filter: WTER: options data unavailable from all sources
2026-08-12 15:15:49,812 WARNING src.options_filter: XELB: options data unavailable from all sources
2026-08-12 15:15:57,421 WARNING src.options_filter: XTIA: options data unavailable from all sources
2026-08-12 15:16:01,612 WARNING src.options_filter: XWEL: options data unavailable from all sources
2026-08-12 15:16:05,881 WARNING src.options_filter: XXII: options data unavailable from all sources
2026-08-12 15:16:10,113 WARNING src.options_filter: YCBD: options data unavailable from all sources
2026-08-12 15:16:14,302 WARNING src.options_filter: YHGJ: options data unavailable from all sources
2026-08-12 15:16:18,540 WARNING src.options_filter: ZIVO: options data unavailable from all sources
2026-08-12 15:16:22,729 WARNING src.options_filter: ZSQR: options data unavailable from all sources
2026-08-12 15:17:06,183 WARNING src.options_filter: CNL: options data unavailable from all sources
2026-08-12 15:18:01,751 WARNING src.options_filter: OFLX: options data unavailable from all sources
2026-08-12 15:18:08,608 WARNING src.options_filter: CEPL: options data unavailable from all sources
2026-08-12 15:18:12,961 WARNING src.options_filter: MSLE: options data unavailable from all sources
2026-08-12 15:18:17,351 WARNING src.options_filter: RCMT: options data unavailable from all sources
2026-08-12 15:18:21,573 WARNING src.options_filter: TONT: options data unavailable from all sources
2026-08-12 15:18:25,832 WARNING src.options_filter: MINE: options data unavailable from all sources
2026-08-12 15:18:32,738 WARNING src.options_filter: INDP: options data unavailable from all sources
2026-08-12 15:18:36,975 WARNING src.options_filter: RYDE: options data unavailable from all sources
2026-08-12 15:18:41,244 WARNING src.options_filter: BEBE: options data unavailable from all sources
2026-08-12 15:18:48,376 WARNING src.options_filter: BHM: options data unavailable from all sources
2026-08-12 15:18:52,565 WARNING src.options_filter: FURY: options data unavailable from all sources
2026-08-12 15:19:02,757 WARNING src.options_filter: AIRT: options data unavailable from all sources
2026-08-12 15:19:06,997 WARNING src.options_filter: NEXM: options data unavailable from all sources
2026-08-12 15:19:14,652 WARNING src.options_filter: ODYS: options data unavailable from all sources
2026-08-12 15:19:18,945 WARNING src.options_filter: AFJK: options data unavailable from all sources
2026-08-12 15:19:26,672 WARNING src.options_filter: CIRC: options data unavailable from all sources
2026-08-12 15:19:30,862 WARNING src.options_filter: DWTX: options data unavailable from all sources
2026-08-12 15:19:35,118 WARNING src.options_filter: AACG: options data unavailable from all sources
2026-08-12 15:19:39,497 WARNING src.options_filter: CRT: options data unavailable from all sources
2026-08-12 15:19:43,731 WARNING src.options_filter: SCLX: options data unavailable from all sources
2026-08-12 15:19:47,922 WARNING src.options_filter: YTRA: options data unavailable from all sources
2026-08-12 15:19:52,127 WARNING src.options_filter: TIL: options data unavailable from all sources
2026-08-12 15:19:56,434 WARNING src.options_filter: ONMD: options data unavailable from all sources
2026-08-12 15:20:00,616 WARNING src.options_filter: NSYS: options data unavailable from all sources
2026-08-12 15:20:04,833 WARNING src.options_filter: ZEO: options data unavailable from all sources
2026-08-12 15:20:11,774 WARNING src.options_filter: ATCH: options data unavailable from all sources
2026-08-12 15:20:16,177 WARNING src.options_filter: PRT: options data unavailable from all sources
2026-08-12 15:20:26,050 WARNING src.options_filter: EHLD: options data unavailable from all sources
2026-08-12 15:20:30,306 WARNING src.options_filter: MOBX: options data unavailable from all sources
2026-08-12 15:20:34,550 WARNING src.options_filter: QNTM: options data unavailable from all sources
2026-08-12 15:20:38,774 WARNING src.options_filter: AHT: options data unavailable from all sources
2026-08-12 15:20:42,990 WARNING src.options_filter: DUKR: options data unavailable from all sources
2026-08-12 15:20:47,191 WARNING src.options_filter: PRHI: options data unavailable from all sources
2026-08-12 15:20:51,399 WARNING src.options_filter: NIXX: options data unavailable from all sources
2026-08-12 15:20:58,015 WARNING src.options_filter: PTN: options data unavailable from all sources
2026-08-12 15:21:02,233 WARNING src.options_filter: RAIN: options data unavailable from all sources
2026-08-12 15:21:06,722 WARNING src.options_filter: BFRG: options data unavailable from all sources
2026-08-12 15:21:10,948 WARNING src.options_filter: ASBP: options data unavailable from all sources
2026-08-12 15:21:15,180 WARNING src.options_filter: ADIL: options data unavailable from all sources
2026-08-12 15:21:19,427 WARNING src.options_filter: DBGI: options data unavailable from all sources
2026-08-12 15:21:23,621 WARNING src.options_filter: GXAI: options data unavailable from all sources
2026-08-12 15:21:27,796 WARNING src.options_filter: AMIX: options data unavailable from all sources
2026-08-12 15:21:32,011 WARNING src.options_filter: NXL: options data unavailable from all sources
2026-08-12 15:21:38,841 WARNING src.options_filter: GAUZ: options data unavailable from all sources
2026-08-12 15:21:43,070 WARNING src.options_filter: ENSC: options data unavailable from all sources
2026-08-12 15:21:50,092 WARNING src.options_filter: BGMS: options data unavailable from all sources
2026-08-12 15:21:54,265 WARNING src.options_filter: GURE: options data unavailable from all sources
2026-08-12 15:21:58,452 WARNING src.options_filter: SILO: options data unavailable from all sources
2026-08-12 15:22:02,696 WARNING src.options_filter: PHGE: options data unavailable from all sources
2026-08-12 15:22:07,068 WARNING src.options_filter: SXTP: options data unavailable from all sources
2026-08-12 15:22:11,319 WARNING src.options_filter: ATPC: options data unavailable from all sources
2026-08-12 15:22:15,531 WARNING src.options_filter: BOXL: options data unavailable from all sources
2026-08-12 15:22:22,588 WARNING src.options_filter: LKSP: options data unavailable from all sources
2026-08-12 15:22:26,932 WARNING src.options_filter: SVCC: options data unavailable from all sources
2026-08-12 15:22:44,991 WARNING src.options_filter: DDS: options data unavailable from all sources
2026-08-12 15:23:07,238 WARNING src.options_filter: CSAN: options data unavailable from all sources
2026-08-12 15:23:19,535 WARNING src.options_filter: BAK: options data unavailable from all sources
2026-08-12 15:23:29,499 WARNING src.options_filter: ENHA: options data unavailable from all sources
2026-08-12 15:23:39,075 WARNING src.options_filter: SSII: options data unavailable from all sources
2026-08-12 15:23:49,729 WARNING src.options_filter: VALN: options data unavailable from all sources
2026-08-12 15:23:56,631 WARNING src.options_filter: MSC: options data unavailable from all sources
2026-08-12 15:24:00,832 WARNING src.options_filter: MLP: options data unavailable from all sources
2026-08-12 15:24:10,337 WARNING src.options_filter: ECC: options data unavailable from all sources
2026-08-12 15:24:20,868 WARNING src.options_filter: SBMT: options data unavailable from all sources
2026-08-12 15:24:25,043 WARNING src.options_filter: KGEI: options data unavailable from all sources
2026-08-12 15:24:41,080 WARNING src.options_filter: CHCI: options data unavailable from all sources
2026-08-12 15:24:45,296 WARNING src.options_filter: CNTN: options data unavailable from all sources
2026-08-12 15:24:52,237 WARNING src.options_filter: YARW: options data unavailable from all sources
2026-08-12 15:24:56,416 WARNING src.options_filter: PLYX: options data unavailable from all sources
2026-08-12 15:25:03,217 WARNING src.options_filter: ZTEK: options data unavailable from all sources
2026-08-12 15:25:07,458 WARNING src.options_filter: LINK: options data unavailable from all sources
2026-08-12 15:25:14,406 WARNING src.options_filter: JFB: options data unavailable from all sources
2026-08-12 15:25:18,655 WARNING src.options_filter: APWC: options data unavailable from all sources
2026-08-12 15:25:25,519 WARNING src.options_filter: CAST: options data unavailable from all sources
2026-08-12 15:25:29,704 WARNING src.options_filter: ELBM: options data unavailable from all sources
2026-08-12 15:25:33,924 WARNING src.options_filter: XLO: options data unavailable from all sources
2026-08-12 15:25:40,453 WARNING src.options_filter: NXB: options data unavailable from all sources
2026-08-12 15:25:44,662 WARNING src.options_filter: CPHI: options data unavailable from all sources
2026-08-12 15:25:48,898 WARNING src.options_filter: SKYQ: options data unavailable from all sources
2026-08-12 15:25:53,079 WARNING src.options_filter: STG: options data unavailable from all sources
2026-08-12 15:25:57,350 WARNING src.options_filter: AEI: options data unavailable from all sources
2026-08-12 15:26:01,550 WARNING src.options_filter: JAGU: options data unavailable from all sources
2026-08-12 15:26:05,849 WARNING src.options_filter: EONR: options data unavailable from all sources
2026-08-12 15:26:09,454 WARNING src.options_filter: BIRD: options data unavailable from all sources
2026-08-12 15:26:13,349 WARNING src.options_filter: MDRR: options data unavailable from all sources
2026-08-12 15:26:17,577 WARNING src.options_filter: HCTI: options data unavailable from all sources
2026-08-12 15:26:21,242 WARNING src.options_filter: HHS: options data unavailable from all sources
2026-08-12 15:26:29,397 WARNING src.options_filter: MYSE: options data unavailable from all sources
2026-08-12 15:26:36,274 WARNING src.options_filter: REBN: options data unavailable from all sources
2026-08-12 15:26:40,454 WARNING src.options_filter: SNTI: options data unavailable from all sources
2026-08-12 15:26:44,108 WARNING src.options_filter: LSTA: options data unavailable from all sources
2026-08-12 15:26:48,356 WARNING src.options_filter: CJMB: options data unavailable from all sources
2026-08-12 15:26:51,993 WARNING src.options_filter: PCSA: options data unavailable from all sources
2026-08-12 15:26:56,199 WARNING src.options_filter: TOPP: options data unavailable from all sources
2026-08-12 15:27:00,454 WARNING src.options_filter: LUCY: options data unavailable from all sources
2026-08-12 15:27:04,679 WARNING src.options_filter: ISPC: options data unavailable from all sources
2026-08-12 15:27:08,919 WARNING src.options_filter: RENX: options data unavailable from all sources
2026-08-12 15:27:13,225 WARNING src.options_filter: CNET: options data unavailable from all sources
2026-08-12 15:27:17,438 WARNING src.options_filter: ATXG: options data unavailable from all sources
2026-08-12 15:27:21,633 WARNING src.options_filter: GCTK: options data unavailable from all sources
2026-08-12 15:27:25,867 WARNING src.options_filter: RNAZ: options data unavailable from all sources
2026-08-12 15:27:30,075 WARNING src.options_filter: XRTX: options data unavailable from all sources
2026-08-12 15:27:36,287 WARNING src.options_filter: NXTS: options data unavailable from all sources
2026-08-12 15:27:40,469 WARNING src.options_filter: MYSZ: options data unavailable from all sources
2026-08-12 15:27:44,084 WARNING src.options_filter: SOBR: options data unavailable from all sources
2026-08-12 15:27:48,261 WARNING src.options_filter: IPST: options data unavailable from all sources
2026-08-12 15:27:52,494 WARNING src.options_filter: VBIO: options data unavailable from all sources
2026-08-12 15:27:56,092 WARNING src.options_filter: BJDX: options data unavailable from all sources
2026-08-12 15:28:00,318 WARNING src.options_filter: BTTC: options data unavailable from all sources
2026-08-12 15:28:04,518 WARNING src.options_filter: BCSS: options data unavailable from all sources
2026-08-12 15:28:10,295 WARNING src.options_filter: CEPF: options data unavailable from all sources
2026-08-12 15:28:14,467 WARNING src.options_filter: CEPV: options data unavailable from all sources
2026-08-12 15:28:18,677 WARNING src.options_filter: NHIC: options data unavailable from all sources
2026-08-12 15:28:22,903 WARNING src.options_filter: TLNC: options data unavailable from all sources
2026-08-12 15:28:33,894 WARNING src.options_filter: BXBL: options data unavailable from all sources
2026-08-12 15:28:38,286 WARNING src.options_filter: NPK: options data unavailable from all sources
2026-08-12 15:28:45,948 WARNING src.options_filter: THM: options data unavailable from all sources
2026-08-12 15:28:50,159 WARNING src.options_filter: HSHP: options data unavailable from all sources
2026-08-12 15:29:00,367 WARNING src.options_filter: NEN: options data unavailable from all sources
2026-08-12 15:29:04,601 WARNING src.options_filter: ONCY: options data unavailable from all sources
2026-08-12 15:29:08,815 WARNING src.options_filter: PXS: options data unavailable from all sources
2026-08-12 15:29:13,039 WARNING src.options_filter: EDSA: options data unavailable from all sources
2026-08-12 15:29:17,247 WARNING src.options_filter: STRR: options data unavailable from all sources
2026-08-12 15:29:21,525 WARNING src.options_filter: BBGI: options data unavailable from all sources
2026-08-12 15:29:25,732 WARNING src.options_filter: PAVM: options data unavailable from all sources
2026-08-12 15:29:29,956 WARNING src.options_filter: KALA: options data unavailable from all sources
2026-08-12 15:29:34,195 WARNING src.options_filter: OBAI: options data unavailable from all sources
2026-08-12 15:29:37,789 WARNING src.options_filter: QNRX: options data unavailable from all sources
2026-08-12 15:29:41,972 WARNING src.options_filter: XCUR: options data unavailable from all sources
2026-08-12 15:29:46,150 WARNING src.options_filter: FEMY: options data unavailable from all sources
2026-08-12 15:29:50,319 WARNING src.options_filter: AUUD: options data unavailable from all sources
2026-08-12 15:29:54,511 WARNING src.options_filter: SONM: options data unavailable from all sources
2026-08-12 15:29:58,703 WARNING src.options_filter: CSAI: options data unavailable from all sources
2026-08-12 15:30:02,888 WARNING src.options_filter: CLDI: options data unavailable from all sources
2026-08-12 15:30:07,305 WARNING src.options_filter: OGEN: options data unavailable from all sources
2026-08-12 15:30:11,652 WARNING src.options_filter: TRNR: options data unavailable from all sources
2026-08-12 15:30:19,122 WARNING src.options_filter: CHRN: options data unavailable from all sources
2026-08-12 15:30:23,361 WARNING src.options_filter: CURR: options data unavailable from all sources
2026-08-12 15:30:27,236 WARNING src.options_filter: XYF: options data unavailable from all sources
2026-08-12 15:30:37,048 WARNING src.options_filter: PRPO: options data unavailable from all sources
2026-08-12 15:30:40,654 WARNING src.options_filter: GRML: options data unavailable from all sources
2026-08-12 15:30:44,959 WARNING src.options_filter: INHD: options data unavailable from all sources
2026-08-12 15:30:51,230 WARNING src.options_filter: BTBD: options data unavailable from all sources
2026-08-12 15:30:54,870 WARNING src.options_filter: HCWB: options data unavailable from all sources
2026-08-12 15:30:59,085 WARNING src.options_filter: CTNT: options data unavailable from all sources
2026-08-12 15:31:02,678 WARNING src.options_filter: FRSX: options data unavailable from all sources
2026-08-12 15:31:06,284 WARNING src.options_filter: BGLC: options data unavailable from all sources
2026-08-12 15:31:09,878 WARNING src.options_filter: JUNS: options data unavailable from all sources
2026-08-12 15:31:13,488 WARNING src.options_filter: FRGT: options data unavailable from all sources
2026-08-12 15:31:17,199 WARNING src.options_filter: LRHC: options data unavailable from all sources
2026-08-12 15:31:28,209 WARNING src.options_filter: FORTY: options data unavailable from all sources
2026-08-12 15:31:32,399 WARNING src.options_filter: ENRD: options data unavailable from all sources
2026-08-12 15:31:45,002 WARNING src.options_filter: QXL: options data unavailable from all sources
2026-08-12 15:31:51,141 WARNING src.options_filter: AXIL: options data unavailable from all sources
2026-08-12 15:31:55,353 WARNING src.options_filter: UCL: options data unavailable from all sources
2026-08-12 15:31:59,567 WARNING src.options_filter: BRLS: options data unavailable from all sources
2026-08-12 15:32:05,290 WARNING src.options_filter: APUS: options data unavailable from all sources
2026-08-12 15:32:09,542 WARNING src.options_filter: AMBO: options data unavailable from all sources
2026-08-12 15:32:13,735 WARNING src.options_filter: CRIS: options data unavailable from all sources
2026-08-12 15:32:17,954 WARNING src.options_filter: MEDS: options data unavailable from all sources
2026-08-12 15:32:22,215 WARNING src.options_filter: PW: options data unavailable from all sources
2026-08-12 15:32:26,445 WARNING src.options_filter: FLYE: options data unavailable from all sources
2026-08-12 15:32:31,119 WARNING src.options_filter: TRUG: options data unavailable from all sources
2026-08-12 15:32:31,369 ERROR yfinance: $UNKNOWN: possibly delisted; no price data found  (period=1mo) (Yahoo error = "No data found, symbol may be delisted")
2026-08-12 15:32:35,516 WARNING src.options_filter: UNKNOWN: options data unavailable from all sources
2026-08-12 15:32:35,684 ERROR yfinance: $UNKNOWN: possibly delisted; no price data found  (period=1mo) (Yahoo error = "No data found, symbol may be delisted")
2026-08-12 15:32:39,809 WARNING src.options_filter: UNKNOWN: options data unavailable from all sources
2026-08-12 15:32:40,197 ERROR yfinance: $UNKNOWN: possibly delisted; no price data found  (period=1mo) (Yahoo error = "No data found, symbol may be delisted")
2026-08-12 15:32:44,288 WARNING src.options_filter: UNKNOWN: options data unavailable from all sources
2026-08-12 15:32:51,187 WARNING src.options_filter: BNGO: options data unavailable from all sources
2026-08-12 15:32:51,322 ERROR yfinance: $UNKNOWN: possibly delisted; no price data found  (period=1mo) (Yahoo error = "No data found, symbol may be delisted")
2026-08-12 15:32:55,421 WARNING src.options_filter: UNKNOWN: options data unavailable from all sources
2026-08-12 15:32:55,661 ERROR yfinance: $UNKNOWN: possibly delisted; no price data found  (period=1mo) (Yahoo error = "No data found, symbol may be delisted")
2026-08-12 15:32:59,752 WARNING src.options_filter: UNKNOWN: options data unavailable from all sources
2026-08-12 15:32:59,888 ERROR yfinance: $UNKNOWN: possibly delisted; no price data found  (period=1mo) (Yahoo error = "No data found, symbol may be delisted")
2026-08-12 15:33:04,026 WARNING src.options_filter: UNKNOWN: options data unavailable from all sources
2026-08-12 15:33:04,192 ERROR yfinance: $UNKNOWN: possibly delisted; no price data found  (period=1mo) (Yahoo error = "No data found, symbol may be delisted")
2026-08-12 15:33:08,293 WARNING src.options_filter: UNKNOWN: options data unavailable from all sources
2026-08-12 15:33:08,457 ERROR yfinance: $UNKNOWN: possibly delisted; no price data found  (period=1mo) (Yahoo error = "No data found, symbol may be delisted")
2026-08-12 15:33:12,552 WARNING src.options_filter: UNKNOWN: options data unavailable from all sources
2026-08-12 15:33:12,676 ERROR yfinance: $UNKNOWN: possibly delisted; no price data found  (period=1mo) (Yahoo error = "No data found, symbol may be delisted")
2026-08-12 15:33:16,781 WARNING src.options_filter: UNKNOWN: options data unavailable from all sources
2026-08-12 15:33:16,944 ERROR yfinance: $UNKNOWN: possibly delisted; no price data found  (period=1mo) (Yahoo error = "No data found, symbol may be delisted")
2026-08-12 15:33:21,066 WARNING src.options_filter: UNKNOWN: options data unavailable from all sources
2026-08-12 15:33:21,196 ERROR yfinance: $UNKNOWN: possibly delisted; no price data found  (period=1mo) (Yahoo error = "No data found, symbol may be delisted")
2026-08-12 15:33:25,330 WARNING src.options_filter: UNKNOWN: options data unavailable from all sources
2026-08-12 15:33:25,458 ERROR yfinance: $UNKNOWN: possibly delisted; no price data found  (period=1mo) (Yahoo error = "No data found, symbol may be delisted")
2026-08-12 15:33:29,549 WARNING src.options_filter: UNKNOWN: options data unavailable from all sources
2026-08-12 15:33:33,727 WARNING src.options_filter: SI: options data unavailable from all sources
2026-08-12 15:33:33,867 ERROR yfinance: $UNKNOWN: possibly delisted; no price data found  (period=1mo) (Yahoo error = "No data found, symbol may be delisted")
2026-08-12 15:33:37,977 WARNING src.options_filter: UNKNOWN: options data unavailable from all sources
2026-08-12 15:33:38,136 ERROR yfinance: $UNKNOWN: possibly delisted; no price data found  (period=1mo) (Yahoo error = "No data found, symbol may be delisted")
2026-08-12 15:33:42,240 WARNING src.options_filter: UNKNOWN: options data unavailable from all sources
2026-08-12 15:33:42,414 ERROR yfinance: $UNKNOWN: possibly delisted; no price data found  (period=1mo) (Yahoo error = "No data found, symbol may be delisted")
2026-08-12 15:33:46,590 WARNING src.options_filter: UNKNOWN: options data unavailable from all sources
2026-08-12 15:33:46,703 ERROR yfinance: $UNKNOWN: possibly delisted; no price data found  (period=1mo) (Yahoo error = "No data found, symbol may be delisted")
2026-08-12 15:33:50,798 WARNING src.options_filter: UNKNOWN: options data unavailable from all sources
2026-08-12 15:33:54,449 WARNING src.options_filter: SCOR: options data unavailable from all sources
2026-08-12 15:33:54,632 ERROR yfinance: $UNKNOWN: possibly delisted; no price data found  (period=1mo) (Yahoo error = "No data found, symbol may be delisted")
2026-08-12 15:33:58,737 WARNING src.options_filter: UNKNOWN: options data unavailable from all sources
2026-08-12 15:33:58,888 ERROR yfinance: $UNKNOWN: possibly delisted; no price data found  (period=1mo) (Yahoo error = "No data found, symbol may be delisted")
2026-08-12 15:34:03,012 WARNING src.options_filter: UNKNOWN: options data unavailable from all sources
2026-08-12 15:34:03,232 ERROR yfinance: $UNKNOWN: possibly delisted; no price data found  (period=1mo) (Yahoo error = "No data found, symbol may be delisted")
2026-08-12 15:34:07,343 WARNING src.options_filter: UNKNOWN: options data unavailable from all sources
2026-08-12 15:34:10,266 ERROR yfinance: $UNKNOWN: possibly delisted; no price data found  (period=1mo) (Yahoo error = "No data found, symbol may be delisted")
2026-08-12 15:34:14,365 WARNING src.options_filter: UNKNOWN: options data unavailable from all sources
2026-08-12 15:34:14,654 ERROR yfinance: $UNKNOWN: possibly delisted; no price data found  (period=1mo) (Yahoo error = "No data found, symbol may be delisted")
2026-08-12 15:34:18,788 WARNING src.options_filter: UNKNOWN: options data unavailable from all sources
2026-08-12 15:34:18,922 ERROR yfinance: $UNKNOWN: possibly delisted; no price data found  (period=1mo) (Yahoo error = "No data found, symbol may be delisted")
2026-08-12 15:34:23,018 WARNING src.options_filter: UNKNOWN: options data unavailable from all sources
2026-08-12 15:34:23,205 ERROR yfinance: $UNKNOWN: possibly delisted; no price data found  (period=1mo) (Yahoo error = "No data found, symbol may be delisted")
2026-08-12 15:34:27,392 WARNING src.options_filter: UNKNOWN: options data unavailable from all sources
2026-08-12 15:34:27,545 ERROR yfinance: $UNKNOWN: possibly delisted; no price data found  (period=1mo) (Yahoo error = "No data found, symbol may be delisted")
2026-08-12 15:34:31,641 WARNING src.options_filter: UNKNOWN: options data unavailable from all sources
2026-08-12 15:34:31,766 ERROR yfinance: $UNKNOWN: possibly delisted; no price data found  (period=1mo) (Yahoo error = "No data found, symbol may be delisted")
2026-08-12 15:34:35,892 WARNING src.options_filter: UNKNOWN: options data unavailable from all sources
2026-08-12 15:34:36,066 ERROR yfinance: $UNKNOWN: possibly delisted; no price data found  (period=1mo) (Yahoo error = "No data found, symbol may be delisted")
2026-08-12 15:34:40,194 WARNING src.options_filter: UNKNOWN: options data unavailable from all sources
2026-08-12 15:34:40,312 ERROR yfinance: $UNKNOWN: possibly delisted; no price data found  (period=1mo) (Yahoo error = "No data found, symbol may be delisted")
2026-08-12 15:34:44,405 WARNING src.options_filter: UNKNOWN: options data unavailable from all sources
2026-08-12 15:34:44,763 ERROR yfinance: $UNKNOWN: possibly delisted; no price data found  (period=1mo) (Yahoo error = "No data found, symbol may be delisted")
2026-08-12 15:34:48,973 WARNING src.options_filter: UNKNOWN: options data unavailable from all sources
2026-08-12 15:34:57,287 ERROR yfinance: $UNKNOWN: possibly delisted; no price data found  (period=1mo) (Yahoo error = "No data found, symbol may be delisted")
2026-08-12 15:35:01,380 WARNING src.options_filter: UNKNOWN: options data unavailable from all sources
2026-08-12 15:35:01,565 ERROR yfinance: $UNKNOWN: possibly delisted; no price data found  (period=1mo) (Yahoo error = "No data found, symbol may be delisted")
2026-08-12 15:35:05,737 WARNING src.options_filter: UNKNOWN: options data unavailable from all sources
2026-08-12 15:35:05,873 ERROR yfinance: $UNKNOWN: possibly delisted; no price data found  (period=1mo) (Yahoo error = "No data found, symbol may be delisted")
2026-08-12 15:35:09,978 WARNING src.options_filter: UNKNOWN: options data unavailable from all sources
2026-08-12 15:35:10,157 ERROR yfinance: $UNKNOWN: possibly delisted; no price data found  (period=1mo) (Yahoo error = "No data found, symbol may be delisted")
2026-08-12 15:35:14,250 WARNING src.options_filter: UNKNOWN: options data unavailable from all sources
2026-08-12 15:35:17,491 ERROR yfinance: $UNKNOWN: possibly delisted; no price data found  (period=1mo) (Yahoo error = "No data found, symbol may be delisted")
2026-08-12 15:35:21,589 WARNING src.options_filter: UNKNOWN: options data unavailable from all sources
2026-08-12 15:35:25,289 WARNING src.options_filter: LIFX: options data unavailable from all sources
2026-08-12 15:35:25,432 ERROR yfinance: $UNKNOWN: possibly delisted; no price data found  (period=1mo) (Yahoo error = "No data found, symbol may be delisted")
2026-08-12 15:35:29,528 WARNING src.options_filter: UNKNOWN: options data unavailable from all sources
2026-08-12 15:35:33,159 ERROR yfinance: $UNKNOWN: possibly delisted; no price data found  (period=1mo) (Yahoo error = "No data found, symbol may be delisted")
2026-08-12 15:35:37,246 WARNING src.options_filter: UNKNOWN: options data unavailable from all sources
2026-08-12 15:35:37,376 ERROR yfinance: $UNKNOWN: possibly delisted; no price data found  (period=1mo) (Yahoo error = "No data found, symbol may be delisted")
2026-08-12 15:35:41,481 WARNING src.options_filter: UNKNOWN: options data unavailable from all sources
2026-08-12 15:35:41,673 ERROR yfinance: $UNKNOWN: possibly delisted; no price data found  (period=1mo) (Yahoo error = "No data found, symbol may be delisted")
2026-08-12 15:35:45,784 WARNING src.options_filter: UNKNOWN: options data unavailable from all sources
2026-08-12 15:35:46,040 ERROR yfinance: $UNKNOWN: possibly delisted; no price data found  (period=1mo) (Yahoo error = "No data found, symbol may be delisted")
2026-08-12 15:35:50,276 WARNING src.options_filter: UNKNOWN: options data unavailable from all sources
2026-08-12 15:35:57,341 WARNING src.options_filter: ARKR: options data unavailable from all sources
2026-08-12 15:35:57,501 ERROR yfinance: $UNKNOWN: possibly delisted; no price data found  (period=1mo) (Yahoo error = "No data found, symbol may be delisted")
2026-08-12 15:36:01,595 WARNING src.options_filter: UNKNOWN: options data unavailable from all sources
2026-08-12 15:36:01,741 ERROR yfinance: $UNKNOWN: possibly delisted; no price data found  (period=1mo) (Yahoo error = "No data found, symbol may be delisted")
2026-08-12 15:36:05,830 WARNING src.options_filter: UNKNOWN: options data unavailable from all sources
2026-08-12 15:36:05,995 ERROR yfinance: $UNKNOWN: possibly delisted; no price data found  (period=1mo) (Yahoo error = "No data found, symbol may be delisted")
2026-08-12 15:36:10,098 WARNING src.options_filter: UNKNOWN: options data unavailable from all sources
2026-08-12 15:36:13,743 ERROR yfinance: $UNKNOWN: possibly delisted; no price data found  (period=1mo) (Yahoo error = "No data found, symbol may be delisted")
2026-08-12 15:36:17,982 WARNING src.options_filter: UNKNOWN: options data unavailable from all sources
2026-08-12 15:36:21,524 ERROR yfinance: $UNKNOWN: possibly delisted; no price data found  (period=1mo) (Yahoo error = "No data found, symbol may be delisted")
2026-08-12 15:36:25,656 WARNING src.options_filter: UNKNOWN: options data unavailable from all sources
2026-08-12 15:36:25,831 ERROR yfinance: $UNKNOWN: possibly delisted; no price data found  (period=1mo) (Yahoo error = "No data found, symbol may be delisted")
2026-08-12 15:36:29,929 WARNING src.options_filter: UNKNOWN: options data unavailable from all sources
2026-08-12 15:36:30,059 ERROR yfinance: $UNKNOWN: possibly delisted; no price data found  (period=1mo) (Yahoo error = "No data found, symbol may be delisted")
2026-08-12 15:36:34,158 WARNING src.options_filter: UNKNOWN: options data unavailable from all sources
2026-08-12 15:36:34,278 ERROR yfinance: $UNKNOWN: possibly delisted; no price data found  (period=1mo) (Yahoo error = "No data found, symbol may be delisted")
2026-08-12 15:36:38,370 WARNING src.options_filter: UNKNOWN: options data unavailable from all sources
2026-08-12 15:36:41,971 WARNING src.options_filter: DEC: options data unavailable from all sources
2026-08-12 15:36:42,160 ERROR yfinance: $UNKNOWN: possibly delisted; no price data found  (period=1mo) (Yahoo error = "No data found, symbol may be delisted")
2026-08-12 15:36:46,262 WARNING src.options_filter: UNKNOWN: options data unavailable from all sources
2026-08-12 15:36:46,542 ERROR yfinance: $UNKNOWN: possibly delisted; no price data found  (period=1mo) (Yahoo error = "No data found, symbol may be delisted")
2026-08-12 15:36:50,741 WARNING src.options_filter: UNKNOWN: options data unavailable from all sources
2026-08-12 15:36:53,781 WARNING src.options_filter: NEE-PS: options data unavailable from all sources
2026-08-12 15:36:54,045 ERROR yfinance: $UNKNOWN: possibly delisted; no price data found  (period=1mo) (Yahoo error = "No data found, symbol may be delisted")
2026-08-12 15:36:58,221 WARNING src.options_filter: UNKNOWN: options data unavailable from all sources
2026-08-12 15:36:58,337 ERROR yfinance: $UNKNOWN: possibly delisted; no price data found  (period=1mo) (Yahoo error = "No data found, symbol may be delisted")
2026-08-12 15:37:02,437 WARNING src.options_filter: UNKNOWN: options data unavailable from all sources
2026-08-12 15:37:02,582 ERROR yfinance: $UNKNOWN: possibly delisted; no price data found  (period=1mo) (Yahoo error = "No data found, symbol may be delisted")
2026-08-12 15:37:06,706 WARNING src.options_filter: UNKNOWN: options data unavailable from all sources
2026-08-12 15:37:06,866 ERROR yfinance: $UNKNOWN: possibly delisted; no price data found  (period=1mo) (Yahoo error = "No data found, symbol may be delisted")
2026-08-12 15:37:10,957 WARNING src.options_filter: UNKNOWN: options data unavailable from all sources
2026-08-12 15:37:11,173 ERROR yfinance: $UNKNOWN: possibly delisted; no price data found  (period=1mo) (Yahoo error = "No data found, symbol may be delisted")
2026-08-12 15:37:15,275 WARNING src.options_filter: UNKNOWN: options data unavailable from all sources
2026-08-12 15:37:26,777 ERROR yfinance: $UNKNOWN: possibly delisted; no price data found  (period=1mo) (Yahoo error = "No data found, symbol may be delisted")
2026-08-12 15:37:30,873 WARNING src.options_filter: UNKNOWN: options data unavailable from all sources
2026-08-12 15:37:30,986 ERROR yfinance: $UNKNOWN: possibly delisted; no price data found  (period=1mo) (Yahoo error = "No data found, symbol may be delisted")
2026-08-12 15:37:35,090 WARNING src.options_filter: UNKNOWN: options data unavailable from all sources
2026-08-12 15:37:35,251 ERROR yfinance: $UNKNOWN: possibly delisted; no price data found  (period=1mo) (Yahoo error = "No data found, symbol may be delisted")
2026-08-12 15:37:39,349 WARNING src.options_filter: UNKNOWN: options data unavailable from all sources
2026-08-12 15:37:39,503 ERROR yfinance: $UNKNOWN: possibly delisted; no price data found  (period=1mo) (Yahoo error = "No data found, symbol may be delisted")
2026-08-12 15:37:43,613 WARNING src.options_filter: UNKNOWN: options data unavailable from all sources
2026-08-12 15:37:47,833 WARNING src.options_filter: ATH-PE: options data unavailable from all sources
2026-08-12 15:37:48,015 ERROR yfinance: $UNKNOWN: possibly delisted; no price data found  (period=1mo) (Yahoo error = "No data found, symbol may be delisted")
2026-08-12 15:37:52,100 WARNING src.options_filter: UNKNOWN: options data unavailable from all sources
2026-08-12 15:37:52,251 ERROR yfinance: $UNKNOWN: possibly delisted; no price data found  (period=1mo) (Yahoo error = "No data found, symbol may be delisted")
2026-08-12 15:37:56,354 WARNING src.options_filter: UNKNOWN: options data unavailable from all sources
2026-08-12 15:37:56,519 ERROR yfinance: $UNKNOWN: possibly delisted; no price data found  (period=1mo) (Yahoo error = "No data found, symbol may be delisted")
2026-08-12 15:38:00,611 WARNING src.options_filter: UNKNOWN: options data unavailable from all sources
2026-08-12 15:38:00,821 ERROR yfinance: $UNKNOWN: possibly delisted; no price data found  (period=1mo) (Yahoo error = "No data found, symbol may be delisted")
2026-08-12 15:38:04,914 WARNING src.options_filter: UNKNOWN: options data unavailable from all sources
2026-08-12 15:38:05,039 ERROR yfinance: $UNKNOWN: possibly delisted; no price data found  (period=1mo) (Yahoo error = "No data found, symbol may be delisted")
2026-08-12 15:38:09,236 WARNING src.options_filter: UNKNOWN: options data unavailable from all sources
2026-08-12 15:38:15,081 ERROR yfinance: $UNKNOWN: possibly delisted; no price data found  (period=1mo) (Yahoo error = "No data found, symbol may be delisted")
2026-08-12 15:38:19,238 WARNING src.options_filter: UNKNOWN: options data unavailable from all sources
2026-08-12 15:38:19,942 ERROR yfinance: $UNKNOWN: possibly delisted; no price data found  (period=1mo) (Yahoo error = "No data found, symbol may be delisted")
2026-08-12 15:38:24,041 WARNING src.options_filter: UNKNOWN: options data unavailable from all sources
2026-08-12 15:38:24,231 ERROR yfinance: $UNKNOWN: possibly delisted; no price data found  (period=1mo) (Yahoo error = "No data found, symbol may be delisted")
2026-08-12 15:38:28,329 WARNING src.options_filter: UNKNOWN: options data unavailable from all sources
2026-08-12 15:38:28,496 ERROR yfinance: $UNKNOWN: possibly delisted; no price data found  (period=1mo) (Yahoo error = "No data found, symbol may be delisted")
2026-08-12 15:38:32,591 WARNING src.options_filter: UNKNOWN: options data unavailable from all sources
2026-08-12 15:38:32,760 ERROR yfinance: $UNKNOWN: possibly delisted; no price data found  (period=1mo) (Yahoo error = "No data found, symbol may be delisted")
2026-08-12 15:38:36,855 WARNING src.options_filter: UNKNOWN: options data unavailable from all sources
2026-08-12 15:38:42,319 ERROR yfinance: $UNKNOWN: possibly delisted; no price data found  (period=1mo) (Yahoo error = "No data found, symbol may be delisted")
2026-08-12 15:38:46,418 WARNING src.options_filter: UNKNOWN: options data unavailable from all sources
2026-08-12 15:38:46,533 ERROR yfinance: $UNKNOWN: possibly delisted; no price data found  (period=1mo) (Yahoo error = "No data found, symbol may be delisted")
2026-08-12 15:38:50,657 WARNING src.options_filter: UNKNOWN: options data unavailable from all sources
2026-08-12 15:38:54,952 WARNING src.options_filter: ATROB: options data unavailable from all sources
2026-08-12 15:38:59,255 WARNING src.options_filter: LEE: options data unavailable from all sources
2026-08-12 15:38:59,382 ERROR yfinance: $UNKNOWN: possibly delisted; no price data found  (period=1mo) (Yahoo error = "No data found, symbol may be delisted")
2026-08-12 15:39:03,497 WARNING src.options_filter: UNKNOWN: options data unavailable from all sources
2026-08-12 15:39:03,677 ERROR yfinance: $UNKNOWN: possibly delisted; no price data found  (period=1mo) (Yahoo error = "No data found, symbol may be delisted")
2026-08-12 15:39:07,782 WARNING src.options_filter: UNKNOWN: options data unavailable from all sources
2026-08-12 15:39:07,782 INFO run_daily: Passed options gate: 221 events
2026-08-12 15:39:07,782 INFO run_daily: Step 7: enriching 221 events
2026-08-12 15:39:51,417 INFO run_daily: Step 8: dedup
2026-08-12 15:39:51,418 INFO run_daily: Step 9: ranking
2026-08-12 15:39:51,419 INFO run_daily: Step 10: writing digest
2026-08-12 15:39:51,460 INFO src.digest_writer: digest written: output/market_radar_2026-08-12.html
2026-08-12 15:39:51,461 INFO run_daily: === Done: output/market_radar_2026-08-12.html ===
