2026-09-07 18:41:22,153 INFO run_daily: === Market Event Radar starting — 2026-09-07 ===
2026-09-07 18:41:22,155 INFO run_daily: Step 1: fetching earnings calendar
2026-09-07 18:41:36,849 INFO src.event_fetcher: nasdaq earnings: 128 entries across 7 days
2026-09-07 18:41:38,023 INFO src.event_fetcher: finnhub earnings: 140 entries
2026-09-07 18:41:38,023 INFO src.event_fetcher: merged earnings universe: 200 unique tickers
2026-09-07 18:41:38,023 INFO run_daily: Step 2: fetching 8-K filings
2026-09-07 18:41:39,175 INFO src.event_fetcher: edgar 8-K filings: 0
2026-09-07 18:41:39,423 INFO run_daily: Step 3: building universe
2026-09-07 18:41:39,424 INFO src.universe: universe: 35 tickers (10 watchlist, 25 discovered)
2026-09-07 18:41:39,424 INFO run_daily: Universe: 35 tickers
2026-09-07 18:41:39,424 INFO run_daily: Step 4: yfinance cross-check for 35 tickers
2026-09-07 18:41:52,786 INFO run_daily: Step 5: building earnings events
2026-09-07 18:41:52,787 INFO src.source_merger: earnings events built: 200
2026-09-07 18:41:52,787 INFO run_daily: Step 5b: building 8-K events
2026-09-07 18:41:52,788 INFO run_daily: Step 6: options filter (200 candidates)
2026-09-07 18:41:56,478 WARNING src.options_filter: BRRE: options data unavailable from all sources
2026-09-07 18:41:56,794 ERROR yfinance: HTTP Error 404: {"quoteSummary":{"result":null,"error":{"code":"Not Found","description":"Quote not found for symbol: CLSD"}}}
2026-09-07 18:41:56,999 ERROR yfinance: $CLSD: No data found, symbol may be delisted
2026-09-07 18:42:01,117 WARNING src.options_filter: CLSD: options data unavailable from all sources
2026-09-07 18:42:04,695 WARNING src.options_filter: CODA: options data unavailable from all sources
2026-09-07 18:42:08,281 WARNING src.options_filter: EBZT: options data unavailable from all sources
2026-09-07 18:42:11,865 WARNING src.options_filter: GFAI: options data unavailable from all sources
2026-09-07 18:42:15,446 WARNING src.options_filter: HYSR: options data unavailable from all sources
2026-09-07 18:42:19,030 WARNING src.options_filter: IVDN: options data unavailable from all sources
2026-09-07 18:42:22,657 WARNING src.options_filter: KARX: options data unavailable from all sources
2026-09-07 18:42:26,240 WARNING src.options_filter: KAVL: options data unavailable from all sources
2026-09-07 18:42:29,821 WARNING src.options_filter: KMTS: options data unavailable from all sources
2026-09-07 18:42:33,400 WARNING src.options_filter: KRKR: options data unavailable from all sources
2026-09-07 18:42:36,984 WARNING src.options_filter: PBSV: options data unavailable from all sources
2026-09-07 18:42:40,598 WARNING src.options_filter: SKKY: options data unavailable from all sources
2026-09-07 18:42:44,193 WARNING src.options_filter: TC: options data unavailable from all sources
2026-09-07 18:42:47,776 WARNING src.options_filter: VALU: options data unavailable from all sources
2026-09-07 18:42:51,362 WARNING src.options_filter: YIBO: options data unavailable from all sources
2026-09-07 18:42:54,942 WARNING src.options_filter: ZEOX: options data unavailable from all sources
2026-09-07 18:42:58,532 WARNING src.options_filter: BUKS: options data unavailable from all sources
2026-09-07 18:43:02,115 WARNING src.options_filter: CRMT: options data unavailable from all sources
2026-09-07 18:43:05,698 WARNING src.options_filter: RENT: options data unavailable from all sources
2026-09-07 18:43:09,301 WARNING src.options_filter: TMXN: options data unavailable from all sources
2026-09-07 18:43:12,891 WARNING src.options_filter: ADNH: options data unavailable from all sources
2026-09-07 18:43:16,471 WARNING src.options_filter: AENT: options data unavailable from all sources
2026-09-07 18:43:20,092 WARNING src.options_filter: BDRX: options data unavailable from all sources
2026-09-07 18:43:23,674 WARNING src.options_filter: EVI: options data unavailable from all sources
2026-09-07 18:43:27,253 WARNING src.options_filter: FGNV: options data unavailable from all sources
2026-09-07 18:43:30,840 WARNING src.options_filter: GWLL: options data unavailable from all sources
2026-09-07 18:43:34,421 WARNING src.options_filter: HEOL: options data unavailable from all sources
2026-09-07 18:43:38,000 WARNING src.options_filter: HUIZ: options data unavailable from all sources
2026-09-07 18:43:41,608 WARNING src.options_filter: IHT: options data unavailable from all sources
2026-09-07 18:43:45,186 WARNING src.options_filter: JVA: options data unavailable from all sources
2026-09-07 18:43:48,771 WARNING src.options_filter: KXIN: options data unavailable from all sources
2026-09-07 18:43:52,348 WARNING src.options_filter: LBSR: options data unavailable from all sources
2026-09-07 18:43:56,136 WARNING src.options_filter: NOBH: options data unavailable from all sources
2026-09-07 18:43:59,720 WARNING src.options_filter: OCCI: options data unavailable from all sources
2026-09-07 18:44:03,299 WARNING src.options_filter: RSKIA: options data unavailable from all sources
2026-09-07 18:44:06,884 WARNING src.options_filter: TBBA: options data unavailable from all sources
2026-09-07 18:44:10,470 WARNING src.options_filter: CYTOF: options data unavailable from all sources
2026-09-07 18:44:14,053 WARNING src.options_filter: HIHO: options data unavailable from all sources
2026-09-07 18:44:17,639 WARNING src.options_filter: IDWM: options data unavailable from all sources
2026-09-07 18:44:21,220 WARNING src.options_filter: JOCM: options data unavailable from all sources
2026-09-07 18:44:24,799 WARNING src.options_filter: KEQU: options data unavailable from all sources
2026-09-07 18:44:28,380 WARNING src.options_filter: OCC: options data unavailable from all sources
2026-09-07 18:44:31,964 WARNING src.options_filter: RSSS: options data unavailable from all sources
2026-09-07 18:44:32,051 ERROR yfinance: $SBSAA: possibly delisted; no price data found  (period=1mo)
2026-09-07 18:44:36,139 WARNING src.options_filter: SBSAA: options data unavailable from all sources
2026-09-07 18:44:39,720 WARNING src.options_filter: AEF: options data unavailable from all sources
2026-09-07 18:44:43,301 WARNING src.options_filter: ALZN: options data unavailable from all sources
2026-09-07 18:44:46,882 WARNING src.options_filter: GMHS: options data unavailable from all sources
2026-09-07 18:44:50,476 WARNING src.options_filter: HTOO: options data unavailable from all sources
2026-09-07 18:44:54,090 WARNING src.options_filter: IFBD: options data unavailable from all sources
2026-09-07 18:44:57,678 WARNING src.options_filter: MIND: options data unavailable from all sources
2026-09-07 18:45:01,260 WARNING src.options_filter: MLGO: options data unavailable from all sources
2026-09-07 18:45:04,885 WARNING src.options_filter: SHMP: options data unavailable from all sources
2026-09-07 18:45:08,468 WARNING src.options_filter: VNCE: options data unavailable from all sources
2026-09-07 18:45:12,064 WARNING src.options_filter: WDH: options data unavailable from all sources
2026-09-07 18:45:15,651 WARNING src.options_filter: ALOT: options data unavailable from all sources
2026-09-07 18:45:19,230 WARNING src.options_filter: BNR: options data unavailable from all sources
2026-09-07 18:45:22,813 WARNING src.options_filter: BWTL: options data unavailable from all sources
2026-09-07 18:45:26,394 WARNING src.options_filter: FFA: options data unavailable from all sources
2026-09-07 18:45:30,012 WARNING src.options_filter: GLU: options data unavailable from all sources
2026-09-07 18:45:33,602 WARNING src.options_filter: IFN: options data unavailable from all sources
2026-09-07 18:45:37,184 WARNING src.options_filter: LITB: options data unavailable from all sources
2026-09-07 18:45:40,793 WARNING src.options_filter: MPV: options data unavailable from all sources
2026-09-07 18:45:44,376 WARNING src.options_filter: NTRB: options data unavailable from all sources
2026-09-07 18:45:47,955 WARNING src.options_filter: RCG: options data unavailable from all sources
2026-09-07 18:45:48,461 ERROR yfinance: $SBOX: No data found, symbol may be delisted
2026-09-07 18:45:52,578 WARNING src.options_filter: SBOX: options data unavailable from all sources
2026-09-07 18:45:56,210 WARNING src.options_filter: SKIL: options data unavailable from all sources
2026-09-07 18:45:59,800 WARNING src.options_filter: SOR: options data unavailable from all sources
2026-09-07 18:46:03,421 WARNING src.options_filter: SWVL: options data unavailable from all sources
2026-09-07 18:46:07,032 WARNING src.options_filter: CHRN: options data unavailable from all sources
2026-09-07 18:46:10,620 WARNING src.options_filter: CURR: options data unavailable from all sources
2026-09-07 18:46:14,199 WARNING src.options_filter: FRGT: options data unavailable from all sources
2026-09-07 18:46:17,780 WARNING src.options_filter: AXR: options data unavailable from all sources
2026-09-07 18:46:21,390 WARNING src.options_filter: ALPS: options data unavailable from all sources
2026-09-07 18:46:24,975 WARNING src.options_filter: AAME: options data unavailable from all sources
2026-09-07 18:46:28,566 WARNING src.options_filter: BRLS: options data unavailable from all sources
2026-09-07 18:46:32,153 WARNING src.options_filter: SEGG: options data unavailable from all sources
2026-09-07 18:46:35,731 WARNING src.options_filter: BRTX: options data unavailable from all sources
2026-09-07 18:46:39,308 WARNING src.options_filter: SHPH: options data unavailable from all sources
2026-09-07 18:46:42,887 WARNING src.options_filter: GTEN: options data unavailable from all sources
2026-09-07 18:46:46,465 WARNING src.options_filter: JILL: options data unavailable from all sources
2026-09-07 18:46:50,048 WARNING src.options_filter: RYDE: options data unavailable from all sources
2026-09-07 18:46:53,644 WARNING src.options_filter: COE: options data unavailable from all sources
2026-09-07 18:46:57,272 WARNING src.options_filter: AACG: options data unavailable from all sources
2026-09-07 18:47:00,853 WARNING src.options_filter: SJ: options data unavailable from all sources
2026-09-07 18:47:04,489 WARNING src.options_filter: ATCH: options data unavailable from all sources
2026-09-07 18:47:08,069 WARNING src.options_filter: PTN: options data unavailable from all sources
2026-09-07 18:47:11,649 WARNING src.options_filter: GAUZ: options data unavailable from all sources
2026-09-07 18:47:15,238 WARNING src.options_filter: GURE: options data unavailable from all sources
2026-09-07 18:47:18,814 WARNING src.options_filter: LKSP: options data unavailable from all sources
2026-09-07 18:47:22,401 WARNING src.options_filter: REF: options data unavailable from all sources
2026-09-07 18:47:25,986 WARNING src.options_filter: YB: options data unavailable from all sources
2026-09-07 18:47:29,568 WARNING src.options_filter: EONR: options data unavailable from all sources
2026-09-07 18:47:33,151 WARNING src.options_filter: CMMB: options data unavailable from all sources
2026-09-07 18:47:36,732 WARNING src.options_filter: SMXT: options data unavailable from all sources
2026-09-07 18:47:40,310 WARNING src.options_filter: HSCS: options data unavailable from all sources
2026-09-07 18:47:43,894 WARNING src.options_filter: REBN: options data unavailable from all sources
2026-09-07 18:47:47,473 WARNING src.options_filter: ALAR: options data unavailable from all sources
2026-09-07 18:47:51,057 WARNING src.options_filter: BTTC: options data unavailable from all sources
2026-09-07 18:47:54,637 WARNING src.options_filter: IPST: options data unavailable from all sources
2026-09-07 18:47:58,289 WARNING src.options_filter: CMND: options data unavailable from all sources
2026-09-07 18:48:01,889 WARNING src.options_filter: SNYR: options data unavailable from all sources
2026-09-07 18:48:05,471 WARNING src.options_filter: ZONE: options data unavailable from all sources
2026-09-07 18:48:09,054 WARNING src.options_filter: TPET: options data unavailable from all sources
2026-09-07 18:48:12,633 WARNING src.options_filter: GITS: options data unavailable from all sources
2026-09-07 18:48:12,633 INFO run_daily: Passed options gate: 39 events
2026-09-07 18:48:12,633 INFO run_daily: Step 7: enriching 39 events
2026-09-07 18:48:12,635 INFO run_daily: Step 8: dedup
2026-09-07 18:48:12,635 INFO run_daily: Step 9: ranking
2026-09-07 18:48:12,636 INFO run_daily: Step 10: writing digest
2026-09-07 18:48:12,670 INFO src.digest_writer: digest written: output/market_radar_2026-09-07.html
2026-09-07 18:48:12,670 INFO run_daily: === Done: output/market_radar_2026-09-07.html ===
