2026-08-21 14:42:54,855 INFO run_daily: === Market Event Radar starting — 2026-08-21 ===
2026-08-21 14:42:54,857 INFO run_daily: Step 1: fetching earnings calendar
2026-08-21 14:43:06,619 INFO src.event_fetcher: nasdaq earnings: 185 entries across 7 days
2026-08-21 14:43:07,786 INFO src.event_fetcher: finnhub earnings: 155 entries
2026-08-21 14:43:07,786 INFO src.event_fetcher: merged earnings universe: 253 unique tickers
2026-08-21 14:43:07,787 INFO run_daily: Step 2: fetching 8-K filings
2026-08-21 14:43:08,093 INFO src.event_fetcher: edgar 8-K filings: 100
2026-08-21 14:43:08,317 INFO run_daily: Step 3: building universe
2026-08-21 14:43:08,318 INFO src.universe: universe: 35 tickers (10 watchlist, 25 discovered)
2026-08-21 14:43:08,318 INFO run_daily: Universe: 35 tickers
2026-08-21 14:43:08,318 INFO run_daily: Step 4: yfinance cross-check for 35 tickers
2026-08-21 14:43:13,895 ERROR yfinance: HTTP Error 404: {"quoteSummary":{"result":null,"error":{"code":"Not Found","description":"No fundamentals data found for symbol: FMTO"}}}
2026-08-21 14:43:21,731 INFO run_daily: Step 5: building earnings events
2026-08-21 14:43:21,732 INFO src.source_merger: earnings events built: 253
2026-08-21 14:43:21,733 INFO run_daily: Step 5b: building 8-K events
2026-08-21 14:43:21,734 INFO run_daily: Step 6: options filter (353 candidates)
2026-08-21 14:43:25,420 WARNING src.options_filter: BLPG: options data unavailable from all sources
2026-08-21 14:43:29,014 WARNING src.options_filter: UTSI: options data unavailable from all sources
2026-08-21 14:43:32,614 WARNING src.options_filter: ADNH: options data unavailable from all sources
2026-08-21 14:43:36,403 WARNING src.options_filter: AWF: options data unavailable from all sources
2026-08-21 14:43:40,025 WARNING src.options_filter: BMRA: options data unavailable from all sources
2026-08-21 14:43:43,623 WARNING src.options_filter: CHA: options data unavailable from all sources
2026-08-21 14:43:47,234 WARNING src.options_filter: GLGI: options data unavailable from all sources
2026-08-21 14:43:50,875 WARNING src.options_filter: LOT: options data unavailable from all sources
2026-08-21 14:43:54,519 WARNING src.options_filter: SOCA: options data unavailable from all sources
2026-08-21 14:43:58,115 WARNING src.options_filter: STME: options data unavailable from all sources
2026-08-21 14:44:01,755 WARNING src.options_filter: EOS: options data unavailable from all sources
2026-08-21 14:44:05,364 WARNING src.options_filter: ETB: options data unavailable from all sources
2026-08-21 14:44:08,999 WARNING src.options_filter: ETJ: options data unavailable from all sources
2026-08-21 14:44:12,609 WARNING src.options_filter: ETV: options data unavailable from all sources
2026-08-21 14:44:16,213 WARNING src.options_filter: GLMD: options data unavailable from all sources
2026-08-21 14:44:16,877 ERROR yfinance: $GMS: No data found, symbol may be delisted
2026-08-21 14:44:20,966 WARNING src.options_filter: GMS: options data unavailable from all sources
2026-08-21 14:44:24,558 WARNING src.options_filter: KAYS: options data unavailable from all sources
2026-08-21 14:44:28,198 WARNING src.options_filter: PLTYF: options data unavailable from all sources
2026-08-21 14:44:31,792 WARNING src.options_filter: TULP: options data unavailable from all sources
2026-08-21 14:44:35,538 WARNING src.options_filter: VTGDF: options data unavailable from all sources
2026-08-21 14:44:35,900 ERROR yfinance: HTTP Error 404: {"quoteSummary":{"result":null,"error":{"code":"Not Found","description":"Quote not found for symbol: ALCY"}}}
2026-08-21 14:44:36,236 ERROR yfinance: $ALCY: No data found, symbol may be delisted
2026-08-21 14:44:40,392 WARNING src.options_filter: ALCY: options data unavailable from all sources
2026-08-21 14:44:43,985 WARNING src.options_filter: BSPK: options data unavailable from all sources
2026-08-21 14:44:47,613 WARNING src.options_filter: DREM: options data unavailable from all sources
2026-08-21 14:44:51,214 WARNING src.options_filter: DYNR: options data unavailable from all sources
2026-08-21 14:44:54,829 WARNING src.options_filter: FSCO: options data unavailable from all sources
2026-08-21 14:44:55,157 ERROR yfinance: $GES: No data found, symbol may be delisted
2026-08-21 14:44:59,250 WARNING src.options_filter: GES: options data unavailable from all sources
2026-08-21 14:44:59,608 ERROR yfinance: $HZRBY: No data found, symbol may be delisted
2026-08-21 14:45:03,818 WARNING src.options_filter: HZRBY: options data unavailable from all sources
2026-08-21 14:45:07,426 WARNING src.options_filter: IVFH: options data unavailable from all sources
2026-08-21 14:45:11,051 WARNING src.options_filter: MYND: options data unavailable from all sources
2026-08-21 14:45:14,648 WARNING src.options_filter: NTHI: options data unavailable from all sources
2026-08-21 14:45:18,262 WARNING src.options_filter: RMT: options data unavailable from all sources
2026-08-21 14:45:21,852 WARNING src.options_filter: SJ: options data unavailable from all sources
2026-08-21 14:45:25,456 WARNING src.options_filter: STRT: options data unavailable from all sources
2026-08-21 14:45:29,218 WARNING src.options_filter: TEI: options data unavailable from all sources
2026-08-21 14:45:32,814 WARNING src.options_filter: VMET: options data unavailable from all sources
2026-08-21 14:45:36,413 WARNING src.options_filter: YB: options data unavailable from all sources
2026-08-21 14:45:40,009 WARNING src.options_filter: ADMT: options data unavailable from all sources
2026-08-21 14:45:40,386 ERROR yfinance: $AMWD: No data found, symbol may be delisted
2026-08-21 14:45:44,497 WARNING src.options_filter: AMWD: options data unavailable from all sources
2026-08-21 14:45:44,843 ERROR yfinance: $BTM: No data found, symbol may be delisted
2026-08-21 14:45:48,946 WARNING src.options_filter: BTM: options data unavailable from all sources
2026-08-21 14:45:52,565 WARNING src.options_filter: CLM: options data unavailable from all sources
2026-08-21 14:45:56,225 WARNING src.options_filter: CNF: options data unavailable from all sources
2026-08-21 14:45:59,815 WARNING src.options_filter: EMD: options data unavailable from all sources
2026-08-21 14:46:03,442 WARNING src.options_filter: FFWC: options data unavailable from all sources
2026-08-21 14:46:03,719 ERROR yfinance: $FMTO: No data found, symbol may be delisted
2026-08-21 14:46:07,849 WARNING src.options_filter: FMTO: options data unavailable from all sources
2026-08-21 14:46:11,481 WARNING src.options_filter: IIF: options data unavailable from all sources
2026-08-21 14:46:15,076 WARNING src.options_filter: MSD: options data unavailable from all sources
2026-08-21 14:46:18,680 WARNING src.options_filter: PAI: options data unavailable from all sources
2026-08-21 14:46:22,291 WARNING src.options_filter: PDCC: options data unavailable from all sources
2026-08-21 14:46:25,876 WARNING src.options_filter: PICS: options data unavailable from all sources
2026-08-21 14:46:29,522 WARNING src.options_filter: RENX: options data unavailable from all sources
2026-08-21 14:46:33,117 WARNING src.options_filter: RHCO: options data unavailable from all sources
2026-08-21 14:46:36,743 WARNING src.options_filter: SNT: options data unavailable from all sources
2026-08-21 14:46:37,091 ERROR yfinance: $SOND: No data found, symbol may be delisted
2026-08-21 14:46:41,211 WARNING src.options_filter: SOND: options data unavailable from all sources
2026-08-21 14:46:44,805 WARNING src.options_filter: SRAX: options data unavailable from all sources
2026-08-21 14:46:48,396 WARNING src.options_filter: OWLS: options data unavailable from all sources
2026-08-21 14:46:51,986 WARNING src.options_filter: UI: options data unavailable from all sources
2026-08-21 14:46:55,576 WARNING src.options_filter: ZKH: options data unavailable from all sources
2026-08-21 14:46:59,182 WARNING src.options_filter: BXBL: options data unavailable from all sources
2026-08-21 14:47:02,776 WARNING src.options_filter: PXS: options data unavailable from all sources
2026-08-21 14:47:06,384 WARNING src.options_filter: GITS: options data unavailable from all sources
2026-08-21 14:47:09,999 WARNING src.options_filter: CHRN: options data unavailable from all sources
2026-08-21 14:47:13,620 WARNING src.options_filter: CURR: options data unavailable from all sources
2026-08-21 14:47:17,226 WARNING src.options_filter: XYF: options data unavailable from all sources
2026-08-21 14:47:20,815 WARNING src.options_filter: MOLN: options data unavailable from all sources
2026-08-21 14:47:24,445 WARNING src.options_filter: HMR: options data unavailable from all sources
2026-08-21 14:47:28,045 WARNING src.options_filter: NCTY: options data unavailable from all sources
2026-08-21 14:47:31,713 WARNING src.options_filter: LRHC: options data unavailable from all sources
2026-08-21 14:47:35,349 WARNING src.options_filter: FRGT: options data unavailable from all sources
2026-08-21 14:47:35,644 ERROR yfinance: $HEI.A: No data found, symbol may be delisted
2026-08-21 14:47:39,745 WARNING src.options_filter: HEI.A: options data unavailable from all sources
2026-08-21 14:47:43,344 WARNING src.options_filter: CDLR: options data unavailable from all sources
2026-08-21 14:47:46,966 WARNING src.options_filter: FORTY: options data unavailable from all sources
2026-08-21 14:47:50,570 WARNING src.options_filter: QMLS: options data unavailable from all sources
2026-08-21 14:47:54,169 WARNING src.options_filter: ALPS: options data unavailable from all sources
2026-08-21 14:47:57,754 WARNING src.options_filter: AAME: options data unavailable from all sources
2026-08-21 14:48:01,376 WARNING src.options_filter: BRLS: options data unavailable from all sources
2026-08-21 14:48:04,975 WARNING src.options_filter: UUU: options data unavailable from all sources
2026-08-21 14:48:08,591 WARNING src.options_filter: NCL: options data unavailable from all sources
2026-08-21 14:48:12,202 WARNING src.options_filter: SEGG: options data unavailable from all sources
2026-08-21 14:48:15,833 WARNING src.options_filter: BRTX: options data unavailable from all sources
2026-08-21 14:48:19,494 WARNING src.options_filter: SHPH: options data unavailable from all sources
2026-08-21 14:48:23,136 WARNING src.options_filter: FLYE: options data unavailable from all sources
2026-08-21 14:48:26,741 WARNING src.options_filter: GTEN: options data unavailable from all sources
2026-08-21 14:48:30,349 WARNING src.options_filter: STDN: options data unavailable from all sources
2026-08-21 14:48:33,983 WARNING src.options_filter: HDL: options data unavailable from all sources
2026-08-21 14:48:37,572 WARNING src.options_filter: DSC: options data unavailable from all sources
2026-08-21 14:48:41,176 WARNING src.options_filter: RYDE: options data unavailable from all sources
2026-08-21 14:48:44,800 WARNING src.options_filter: AACG: options data unavailable from all sources
2026-08-21 14:48:48,412 WARNING src.options_filter: ATCH: options data unavailable from all sources
2026-08-21 14:48:52,049 WARNING src.options_filter: PTN: options data unavailable from all sources
2026-08-21 14:48:55,661 WARNING src.options_filter: GAUZ: options data unavailable from all sources
2026-08-21 14:48:59,282 WARNING src.options_filter: GURE: options data unavailable from all sources
2026-08-21 14:49:02,961 WARNING src.options_filter: LKSP: options data unavailable from all sources
2026-08-21 14:49:06,548 WARNING src.options_filter: ATHE: options data unavailable from all sources
2026-08-21 14:49:10,136 WARNING src.options_filter: KOSS: options data unavailable from all sources
2026-08-21 14:49:13,732 WARNING src.options_filter: GRDX: options data unavailable from all sources
2026-08-21 14:49:17,329 WARNING src.options_filter: EONR: options data unavailable from all sources
2026-08-21 14:49:20,940 WARNING src.options_filter: SMXT: options data unavailable from all sources
2026-08-21 14:49:24,527 WARNING src.options_filter: CMMB: options data unavailable from all sources
2026-08-21 14:49:28,128 WARNING src.options_filter: ALAR: options data unavailable from all sources
2026-08-21 14:49:31,719 WARNING src.options_filter: REBN: options data unavailable from all sources
2026-08-21 14:49:35,581 WARNING src.options_filter: IMRN: options data unavailable from all sources
2026-08-21 14:49:39,179 WARNING src.options_filter: IPST: options data unavailable from all sources
2026-08-21 14:49:42,840 WARNING src.options_filter: BTTC: options data unavailable from all sources
2026-08-21 14:49:46,628 WARNING src.options_filter: SNYR: options data unavailable from all sources
2026-08-21 14:49:50,227 WARNING src.options_filter: CEPF: options data unavailable from all sources
2026-08-21 14:49:53,836 WARNING src.options_filter: CEPV: options data unavailable from all sources
2026-08-21 14:49:54,170 ERROR yfinance: $UNKNOWN: No data found, symbol may be delisted
2026-08-21 14:49:58,292 WARNING src.options_filter: UNKNOWN: options data unavailable from all sources
2026-08-21 14:49:58,448 ERROR yfinance: $UNKNOWN: No data found, symbol may be delisted
2026-08-21 14:50:02,556 WARNING src.options_filter: UNKNOWN: options data unavailable from all sources
2026-08-21 14:50:02,798 ERROR yfinance: $UNKNOWN: No data found, symbol may be delisted
2026-08-21 14:50:06,983 WARNING src.options_filter: UNKNOWN: options data unavailable from all sources
2026-08-21 14:50:10,613 WARNING src.options_filter: NC: options data unavailable from all sources
2026-08-21 14:50:10,804 ERROR yfinance: $UNKNOWN: No data found, symbol may be delisted
2026-08-21 14:50:14,894 WARNING src.options_filter: UNKNOWN: options data unavailable from all sources
2026-08-21 14:50:15,046 ERROR yfinance: $UNKNOWN: No data found, symbol may be delisted
2026-08-21 14:50:19,163 WARNING src.options_filter: UNKNOWN: options data unavailable from all sources
2026-08-21 14:50:19,317 ERROR yfinance: $UNKNOWN: No data found, symbol may be delisted
2026-08-21 14:50:23,451 WARNING src.options_filter: UNKNOWN: options data unavailable from all sources
2026-08-21 14:50:23,645 ERROR yfinance: $UNKNOWN: No data found, symbol may be delisted
2026-08-21 14:50:27,745 WARNING src.options_filter: UNKNOWN: options data unavailable from all sources
2026-08-21 14:50:27,957 ERROR yfinance: $UNKNOWN: No data found, symbol may be delisted
2026-08-21 14:50:32,066 WARNING src.options_filter: UNKNOWN: options data unavailable from all sources
2026-08-21 14:50:32,242 ERROR yfinance: $UNKNOWN: No data found, symbol may be delisted
2026-08-21 14:50:36,626 WARNING src.options_filter: UNKNOWN: options data unavailable from all sources
2026-08-21 14:50:36,802 ERROR yfinance: $UNKNOWN: No data found, symbol may be delisted
2026-08-21 14:50:40,937 WARNING src.options_filter: UNKNOWN: options data unavailable from all sources
2026-08-21 14:50:41,082 ERROR yfinance: $UNKNOWN: No data found, symbol may be delisted
2026-08-21 14:50:45,222 WARNING src.options_filter: UNKNOWN: options data unavailable from all sources
2026-08-21 14:50:45,422 ERROR yfinance: $UNKNOWN: No data found, symbol may be delisted
2026-08-21 14:50:49,529 WARNING src.options_filter: UNKNOWN: options data unavailable from all sources
2026-08-21 14:50:49,687 ERROR yfinance: $UNKNOWN: No data found, symbol may be delisted
2026-08-21 14:50:53,784 WARNING src.options_filter: UNKNOWN: options data unavailable from all sources
2026-08-21 14:50:53,930 ERROR yfinance: $UNKNOWN: No data found, symbol may be delisted
2026-08-21 14:50:58,028 WARNING src.options_filter: UNKNOWN: options data unavailable from all sources
2026-08-21 14:50:58,182 ERROR yfinance: $UNKNOWN: No data found, symbol may be delisted
2026-08-21 14:51:02,301 WARNING src.options_filter: UNKNOWN: options data unavailable from all sources
2026-08-21 14:51:02,551 ERROR yfinance: $UNKNOWN: No data found, symbol may be delisted
2026-08-21 14:51:06,638 WARNING src.options_filter: UNKNOWN: options data unavailable from all sources
2026-08-21 14:51:06,779 ERROR yfinance: $UNKNOWN: No data found, symbol may be delisted
2026-08-21 14:51:10,891 WARNING src.options_filter: UNKNOWN: options data unavailable from all sources
2026-08-21 14:51:11,123 ERROR yfinance: $UNKNOWN: No data found, symbol may be delisted
2026-08-21 14:51:15,217 WARNING src.options_filter: UNKNOWN: options data unavailable from all sources
2026-08-21 14:51:18,816 WARNING src.options_filter: LILAP: options data unavailable from all sources
2026-08-21 14:51:19,080 ERROR yfinance: $UNKNOWN: No data found, symbol may be delisted
2026-08-21 14:51:23,169 WARNING src.options_filter: UNKNOWN: options data unavailable from all sources
2026-08-21 14:51:23,361 ERROR yfinance: $UNKNOWN: No data found, symbol may be delisted
2026-08-21 14:51:27,452 WARNING src.options_filter: UNKNOWN: options data unavailable from all sources
2026-08-21 14:51:27,645 ERROR yfinance: $UNKNOWN: No data found, symbol may be delisted
2026-08-21 14:51:31,834 WARNING src.options_filter: UNKNOWN: options data unavailable from all sources
2026-08-21 14:51:31,986 ERROR yfinance: $UNKNOWN: No data found, symbol may be delisted
2026-08-21 14:51:36,085 WARNING src.options_filter: UNKNOWN: options data unavailable from all sources
2026-08-21 14:51:36,243 ERROR yfinance: $UNKNOWN: No data found, symbol may be delisted
2026-08-21 14:51:40,346 WARNING src.options_filter: UNKNOWN: options data unavailable from all sources
2026-08-21 14:51:43,939 WARNING src.options_filter: OVBC: options data unavailable from all sources
2026-08-21 14:51:44,108 ERROR yfinance: $UNKNOWN: No data found, symbol may be delisted
2026-08-21 14:51:48,214 WARNING src.options_filter: UNKNOWN: options data unavailable from all sources
2026-08-21 14:51:48,395 ERROR yfinance: $UNKNOWN: No data found, symbol may be delisted
2026-08-21 14:51:52,556 WARNING src.options_filter: UNKNOWN: options data unavailable from all sources
2026-08-21 14:51:52,820 ERROR yfinance: $UNKNOWN: No data found, symbol may be delisted
2026-08-21 14:51:56,928 WARNING src.options_filter: UNKNOWN: options data unavailable from all sources
2026-08-21 14:51:57,100 ERROR yfinance: $UNKNOWN: No data found, symbol may be delisted
2026-08-21 14:52:01,215 WARNING src.options_filter: UNKNOWN: options data unavailable from all sources
2026-08-21 14:52:01,439 ERROR yfinance: $UNKNOWN: No data found, symbol may be delisted
2026-08-21 14:52:05,791 WARNING src.options_filter: UNKNOWN: options data unavailable from all sources
2026-08-21 14:52:06,028 ERROR yfinance: $UNKNOWN: No data found, symbol may be delisted
2026-08-21 14:52:10,122 WARNING src.options_filter: UNKNOWN: options data unavailable from all sources
2026-08-21 14:52:10,291 ERROR yfinance: $UNKNOWN: No data found, symbol may be delisted
2026-08-21 14:52:14,541 WARNING src.options_filter: UNKNOWN: options data unavailable from all sources
2026-08-21 14:52:14,735 ERROR yfinance: $UNKNOWN: No data found, symbol may be delisted
2026-08-21 14:52:18,835 WARNING src.options_filter: UNKNOWN: options data unavailable from all sources
2026-08-21 14:52:18,989 ERROR yfinance: $UNKNOWN: No data found, symbol may be delisted
2026-08-21 14:52:23,111 WARNING src.options_filter: UNKNOWN: options data unavailable from all sources
2026-08-21 14:52:23,372 ERROR yfinance: $UNKNOWN: No data found, symbol may be delisted
2026-08-21 14:52:27,484 WARNING src.options_filter: UNKNOWN: options data unavailable from all sources
2026-08-21 14:52:27,627 ERROR yfinance: $UNKNOWN: No data found, symbol may be delisted
2026-08-21 14:52:31,719 WARNING src.options_filter: UNKNOWN: options data unavailable from all sources
2026-08-21 14:52:31,910 ERROR yfinance: $UNKNOWN: No data found, symbol may be delisted
2026-08-21 14:52:36,028 WARNING src.options_filter: UNKNOWN: options data unavailable from all sources
2026-08-21 14:52:36,202 ERROR yfinance: $UNKNOWN: No data found, symbol may be delisted
2026-08-21 14:52:40,324 WARNING src.options_filter: UNKNOWN: options data unavailable from all sources
2026-08-21 14:52:40,507 ERROR yfinance: $UNKNOWN: No data found, symbol may be delisted
2026-08-21 14:52:44,627 WARNING src.options_filter: UNKNOWN: options data unavailable from all sources
2026-08-21 14:52:44,773 ERROR yfinance: $UNKNOWN: No data found, symbol may be delisted
2026-08-21 14:52:48,889 WARNING src.options_filter: UNKNOWN: options data unavailable from all sources
2026-08-21 14:52:49,074 ERROR yfinance: $UNKNOWN: No data found, symbol may be delisted
2026-08-21 14:52:53,210 WARNING src.options_filter: UNKNOWN: options data unavailable from all sources
2026-08-21 14:52:53,353 ERROR yfinance: $UNKNOWN: No data found, symbol may be delisted
2026-08-21 14:52:57,483 WARNING src.options_filter: UNKNOWN: options data unavailable from all sources
2026-08-21 14:52:57,656 ERROR yfinance: $UNKNOWN: No data found, symbol may be delisted
2026-08-21 14:53:01,794 WARNING src.options_filter: UNKNOWN: options data unavailable from all sources
2026-08-21 14:53:01,953 ERROR yfinance: $UNKNOWN: No data found, symbol may be delisted
2026-08-21 14:53:06,052 WARNING src.options_filter: UNKNOWN: options data unavailable from all sources
2026-08-21 14:53:06,223 ERROR yfinance: $UNKNOWN: No data found, symbol may be delisted
2026-08-21 14:53:10,321 WARNING src.options_filter: UNKNOWN: options data unavailable from all sources
2026-08-21 14:53:10,468 ERROR yfinance: $UNKNOWN: No data found, symbol may be delisted
2026-08-21 14:53:14,576 WARNING src.options_filter: UNKNOWN: options data unavailable from all sources
2026-08-21 14:53:14,734 ERROR yfinance: $UNKNOWN: No data found, symbol may be delisted
2026-08-21 14:53:18,838 WARNING src.options_filter: UNKNOWN: options data unavailable from all sources
2026-08-21 14:53:19,017 ERROR yfinance: $UNKNOWN: No data found, symbol may be delisted
2026-08-21 14:53:23,203 WARNING src.options_filter: UNKNOWN: options data unavailable from all sources
2026-08-21 14:53:23,400 ERROR yfinance: $UNKNOWN: No data found, symbol may be delisted
2026-08-21 14:53:27,511 WARNING src.options_filter: UNKNOWN: options data unavailable from all sources
2026-08-21 14:53:31,129 WARNING src.options_filter: IMAA: options data unavailable from all sources
2026-08-21 14:53:31,330 ERROR yfinance: $UNKNOWN: No data found, symbol may be delisted
2026-08-21 14:53:35,555 WARNING src.options_filter: UNKNOWN: options data unavailable from all sources
2026-08-21 14:53:35,765 ERROR yfinance: $UNKNOWN: No data found, symbol may be delisted
2026-08-21 14:53:39,864 WARNING src.options_filter: UNKNOWN: options data unavailable from all sources
2026-08-21 14:53:40,043 ERROR yfinance: $UNKNOWN: No data found, symbol may be delisted
2026-08-21 14:53:44,163 WARNING src.options_filter: UNKNOWN: options data unavailable from all sources
2026-08-21 14:53:44,323 ERROR yfinance: $UNKNOWN: No data found, symbol may be delisted
2026-08-21 14:53:48,440 WARNING src.options_filter: UNKNOWN: options data unavailable from all sources
2026-08-21 14:53:48,827 ERROR yfinance: $UNKNOWN: No data found, symbol may be delisted
2026-08-21 14:53:52,966 WARNING src.options_filter: UNKNOWN: options data unavailable from all sources
2026-08-21 14:53:53,117 ERROR yfinance: $UNKNOWN: No data found, symbol may be delisted
2026-08-21 14:53:57,228 WARNING src.options_filter: UNKNOWN: options data unavailable from all sources
2026-08-21 14:53:57,368 ERROR yfinance: $UNKNOWN: No data found, symbol may be delisted
2026-08-21 14:54:01,529 WARNING src.options_filter: UNKNOWN: options data unavailable from all sources
2026-08-21 14:54:01,740 ERROR yfinance: $UNKNOWN: No data found, symbol may be delisted
2026-08-21 14:54:05,851 WARNING src.options_filter: UNKNOWN: options data unavailable from all sources
2026-08-21 14:54:06,063 ERROR yfinance: $UNKNOWN: No data found, symbol may be delisted
2026-08-21 14:54:10,193 WARNING src.options_filter: UNKNOWN: options data unavailable from all sources
2026-08-21 14:54:10,867 ERROR yfinance: $UNKNOWN: No data found, symbol may be delisted
2026-08-21 14:54:15,084 WARNING src.options_filter: UNKNOWN: options data unavailable from all sources
2026-08-21 14:54:15,245 ERROR yfinance: $UNKNOWN: No data found, symbol may be delisted
2026-08-21 14:54:19,353 WARNING src.options_filter: UNKNOWN: options data unavailable from all sources
2026-08-21 14:54:19,526 ERROR yfinance: $UNKNOWN: No data found, symbol may be delisted
2026-08-21 14:54:23,613 WARNING src.options_filter: UNKNOWN: options data unavailable from all sources
2026-08-21 14:54:24,099 ERROR yfinance: $NWSLL: No data found, symbol may be delisted
2026-08-21 14:54:28,207 WARNING src.options_filter: NWSLL: options data unavailable from all sources
2026-08-21 14:54:28,380 ERROR yfinance: $UNKNOWN: No data found, symbol may be delisted
2026-08-21 14:54:32,502 WARNING src.options_filter: UNKNOWN: options data unavailable from all sources
2026-08-21 14:54:36,182 WARNING src.options_filter: HHS: options data unavailable from all sources
2026-08-21 14:54:36,500 ERROR yfinance: $UNKNOWN: No data found, symbol may be delisted
2026-08-21 14:54:40,593 WARNING src.options_filter: UNKNOWN: options data unavailable from all sources
2026-08-21 14:54:44,183 WARNING src.options_filter: CFFI: options data unavailable from all sources
2026-08-21 14:54:44,435 ERROR yfinance: $UNKNOWN: No data found, symbol may be delisted
2026-08-21 14:54:48,531 WARNING src.options_filter: UNKNOWN: options data unavailable from all sources
2026-08-21 14:54:48,700 ERROR yfinance: $UNKNOWN: No data found, symbol may be delisted
2026-08-21 14:54:52,788 WARNING src.options_filter: UNKNOWN: options data unavailable from all sources
2026-08-21 14:54:52,927 ERROR yfinance: $UNKNOWN: No data found, symbol may be delisted
2026-08-21 14:54:57,049 WARNING src.options_filter: UNKNOWN: options data unavailable from all sources
2026-08-21 14:54:57,201 ERROR yfinance: $UNKNOWN: No data found, symbol may be delisted
2026-08-21 14:55:01,342 WARNING src.options_filter: UNKNOWN: options data unavailable from all sources
2026-08-21 14:55:01,547 ERROR yfinance: $UNKNOWN: No data found, symbol may be delisted
2026-08-21 14:55:05,667 WARNING src.options_filter: UNKNOWN: options data unavailable from all sources
2026-08-21 14:55:05,888 ERROR yfinance: $UNKNOWN: No data found, symbol may be delisted
2026-08-21 14:55:09,996 WARNING src.options_filter: UNKNOWN: options data unavailable from all sources
2026-08-21 14:55:10,184 ERROR yfinance: $UNKNOWN: No data found, symbol may be delisted
2026-08-21 14:55:14,327 WARNING src.options_filter: UNKNOWN: options data unavailable from all sources
2026-08-21 14:55:14,525 ERROR yfinance: $UNKNOWN: No data found, symbol may be delisted
2026-08-21 14:55:18,661 WARNING src.options_filter: UNKNOWN: options data unavailable from all sources
2026-08-21 14:55:18,855 ERROR yfinance: $UNKNOWN: No data found, symbol may be delisted
2026-08-21 14:55:22,940 WARNING src.options_filter: UNKNOWN: options data unavailable from all sources
2026-08-21 14:55:23,090 ERROR yfinance: $UNKNOWN: No data found, symbol may be delisted
2026-08-21 14:55:27,186 WARNING src.options_filter: UNKNOWN: options data unavailable from all sources
2026-08-21 14:55:27,330 ERROR yfinance: $UNKNOWN: No data found, symbol may be delisted
2026-08-21 14:55:31,428 WARNING src.options_filter: UNKNOWN: options data unavailable from all sources
2026-08-21 14:55:31,585 ERROR yfinance: $UNKNOWN: No data found, symbol may be delisted
2026-08-21 14:55:35,743 WARNING src.options_filter: UNKNOWN: options data unavailable from all sources
2026-08-21 14:55:35,921 ERROR yfinance: $UNKNOWN: No data found, symbol may be delisted
2026-08-21 14:55:40,011 WARNING src.options_filter: UNKNOWN: options data unavailable from all sources
2026-08-21 14:55:40,170 ERROR yfinance: $UNKNOWN: No data found, symbol may be delisted
2026-08-21 14:55:44,292 WARNING src.options_filter: UNKNOWN: options data unavailable from all sources
2026-08-21 14:55:44,443 ERROR yfinance: $UNKNOWN: No data found, symbol may be delisted
2026-08-21 14:55:48,540 WARNING src.options_filter: UNKNOWN: options data unavailable from all sources
2026-08-21 14:55:48,695 ERROR yfinance: $UNKNOWN: No data found, symbol may be delisted
2026-08-21 14:55:52,803 WARNING src.options_filter: UNKNOWN: options data unavailable from all sources
2026-08-21 14:55:52,977 ERROR yfinance: $UNKNOWN: No data found, symbol may be delisted
2026-08-21 14:55:57,072 WARNING src.options_filter: UNKNOWN: options data unavailable from all sources
2026-08-21 14:55:57,268 ERROR yfinance: $UNKNOWN: No data found, symbol may be delisted
2026-08-21 14:56:01,462 WARNING src.options_filter: UNKNOWN: options data unavailable from all sources
2026-08-21 14:56:01,648 ERROR yfinance: $UNKNOWN: No data found, symbol may be delisted
2026-08-21 14:56:05,750 WARNING src.options_filter: UNKNOWN: options data unavailable from all sources
2026-08-21 14:56:05,925 ERROR yfinance: $UNKNOWN: No data found, symbol may be delisted
2026-08-21 14:56:10,012 WARNING src.options_filter: UNKNOWN: options data unavailable from all sources
2026-08-21 14:56:10,012 INFO run_daily: Passed options gate: 91 events
2026-08-21 14:56:10,012 INFO run_daily: Step 7: enriching 91 events
2026-08-21 14:56:15,666 INFO run_daily: Step 8: dedup
2026-08-21 14:56:15,667 INFO run_daily: Step 9: ranking
2026-08-21 14:56:15,667 INFO run_daily: Step 10: writing digest
2026-08-21 14:56:15,705 INFO src.digest_writer: digest written: output/market_radar_2026-08-21.html
2026-08-21 14:56:15,705 INFO run_daily: === Done: output/market_radar_2026-08-21.html ===
