2026-10-01 19:25:18,384 INFO run_daily: === Market Event Radar starting — 2026-10-01 ===
2026-10-01 19:25:18,386 INFO run_daily: Step 1: fetching earnings calendar
2026-10-01 19:25:33,213 INFO src.event_fetcher: nasdaq earnings: 55 entries across 7 days
2026-10-01 19:25:34,495 INFO src.event_fetcher: finnhub earnings: 93 entries
2026-10-01 19:25:34,495 INFO src.event_fetcher: merged earnings universe: 125 unique tickers
2026-10-01 19:25:34,496 INFO run_daily: Step 2: fetching 8-K filings
2026-10-01 19:25:35,125 INFO src.event_fetcher: edgar 8-K filings: 100
2026-10-01 19:25:35,391 INFO run_daily: Step 3: building universe
2026-10-01 19:25:35,391 INFO src.universe: universe: 35 tickers (10 watchlist, 25 discovered)
2026-10-01 19:25:35,391 INFO run_daily: Universe: 35 tickers
2026-10-01 19:25:35,391 INFO run_daily: Step 4: yfinance cross-check for 35 tickers
2026-10-01 19:25:39,978 ERROR yfinance: HTTP Error 404: {"quoteSummary":{"result":null,"error":{"code":"Not Found","description":"Quote not found for symbol: MQT"}}}
2026-10-01 19:25:46,947 INFO run_daily: Step 5: building earnings events
2026-10-01 19:25:46,948 INFO src.source_merger: earnings events built: 125
2026-10-01 19:25:46,948 INFO run_daily: Step 5b: building 8-K events
2026-10-01 19:25:46,951 INFO run_daily: Step 6: options filter (225 candidates)
2026-10-01 19:25:51,025 WARNING src.options_filter: AMBK: options data unavailable from all sources
2026-10-01 19:25:54,775 WARNING src.options_filter: CIBH: options data unavailable from all sources
2026-10-01 19:25:58,517 WARNING src.options_filter: CNBB: options data unavailable from all sources
2026-10-01 19:26:02,255 WARNING src.options_filter: CYDY: options data unavailable from all sources
2026-10-01 19:26:05,997 WARNING src.options_filter: INTG: options data unavailable from all sources
2026-10-01 19:26:09,737 WARNING src.options_filter: KARO: options data unavailable from all sources
2026-10-01 19:26:13,481 WARNING src.options_filter: LOGN: options data unavailable from all sources
2026-10-01 19:26:17,212 WARNING src.options_filter: ODC: options data unavailable from all sources
2026-10-01 19:26:20,948 WARNING src.options_filter: SODI: options data unavailable from all sources
2026-10-01 19:26:24,702 WARNING src.options_filter: BKSC: options data unavailable from all sources
2026-10-01 19:26:24,989 ERROR yfinance: $GLEI: No data found, symbol may be delisted
2026-10-01 19:26:29,265 WARNING src.options_filter: GLEI: options data unavailable from all sources
2026-10-01 19:26:32,999 WARNING src.options_filter: LFS: options data unavailable from all sources
2026-10-01 19:26:36,731 WARNING src.options_filter: WELNF: options data unavailable from all sources
2026-10-01 19:26:40,463 WARNING src.options_filter: ADVB: options data unavailable from all sources
2026-10-01 19:26:44,210 WARNING src.options_filter: ANVI: options data unavailable from all sources
2026-10-01 19:26:47,952 WARNING src.options_filter: AXIL: options data unavailable from all sources
2026-10-01 19:26:51,693 WARNING src.options_filter: FBSI: options data unavailable from all sources
2026-10-01 19:26:55,431 WARNING src.options_filter: NKGN: options data unavailable from all sources
2026-10-01 19:26:59,166 WARNING src.options_filter: NXTT: options data unavailable from all sources
2026-10-01 19:27:02,907 WARNING src.options_filter: AIO: options data unavailable from all sources
2026-10-01 19:27:06,648 WARNING src.options_filter: ATGL: options data unavailable from all sources
2026-10-01 19:27:10,381 WARNING src.options_filter: BRTX: options data unavailable from all sources
2026-10-01 19:27:14,123 WARNING src.options_filter: CYTOF: options data unavailable from all sources
2026-10-01 19:27:17,861 WARNING src.options_filter: EQFN: options data unavailable from all sources
2026-10-01 19:27:21,597 WARNING src.options_filter: FGNV: options data unavailable from all sources
2026-10-01 19:27:25,340 WARNING src.options_filter: HPF: options data unavailable from all sources
2026-10-01 19:27:29,077 WARNING src.options_filter: HTOO: options data unavailable from all sources
2026-10-01 19:27:32,830 WARNING src.options_filter: INTE: options data unavailable from all sources
2026-10-01 19:27:36,570 WARNING src.options_filter: MFON: options data unavailable from all sources
2026-10-01 19:27:40,305 WARNING src.options_filter: MPCB: options data unavailable from all sources
2026-10-01 19:27:44,036 WARNING src.options_filter: MXE: options data unavailable from all sources
2026-10-01 19:27:47,776 WARNING src.options_filter: NCZ: options data unavailable from all sources
2026-10-01 19:27:51,511 WARNING src.options_filter: NFJ: options data unavailable from all sources
2026-10-01 19:27:55,446 WARNING src.options_filter: NIE: options data unavailable from all sources
2026-10-01 19:27:55,650 ERROR yfinance: HTTP Error 404: {"quoteSummary":{"result":null,"error":{"code":"Not Found","description":"Quote not found for symbol: SBSAA"}}}
2026-10-01 19:27:55,819 ERROR yfinance: $SBSAA: No data found, symbol may be delisted
2026-10-01 19:28:00,055 WARNING src.options_filter: SBSAA: options data unavailable from all sources
2026-10-01 19:28:03,802 WARNING src.options_filter: SPPL: options data unavailable from all sources
2026-10-01 19:28:07,536 WARNING src.options_filter: TC: options data unavailable from all sources
2026-10-01 19:28:11,287 WARNING src.options_filter: TRSG: options data unavailable from all sources
2026-10-01 19:28:15,024 WARNING src.options_filter: VCIG: options data unavailable from all sources
2026-10-01 19:28:18,754 WARNING src.options_filter: VWFB: options data unavailable from all sources
2026-10-01 19:28:18,930 ERROR yfinance: $WDSP: No data found, symbol may be delisted
2026-10-01 19:28:23,170 WARNING src.options_filter: WDSP: options data unavailable from all sources
2026-10-01 19:28:26,905 WARNING src.options_filter: AGSS: options data unavailable from all sources
2026-10-01 19:28:30,639 WARNING src.options_filter: ALP: options data unavailable from all sources
2026-10-01 19:28:34,381 WARNING src.options_filter: BABB: options data unavailable from all sources
2026-10-01 19:28:38,115 WARNING src.options_filter: CBIH: options data unavailable from all sources
2026-10-01 19:28:41,853 WARNING src.options_filter: COOT: options data unavailable from all sources
2026-10-01 19:28:45,592 WARNING src.options_filter: CYCA: options data unavailable from all sources
2026-10-01 19:28:49,339 WARNING src.options_filter: MDRX: options data unavailable from all sources
2026-10-01 19:28:53,075 WARNING src.options_filter: QH: options data unavailable from all sources
2026-10-01 19:28:56,807 WARNING src.options_filter: VIVC: options data unavailable from all sources
2026-10-01 19:29:00,542 WARNING src.options_filter: ZEOX: options data unavailable from all sources
2026-10-01 19:29:04,283 WARNING src.options_filter: ZVSA: options data unavailable from all sources
2026-10-01 19:29:04,476 ERROR yfinance: $BFK: No data found, symbol may be delisted
2026-10-01 19:29:08,718 WARNING src.options_filter: BFK: options data unavailable from all sources
2026-10-01 19:29:08,888 ERROR yfinance: $BLE: No data found, symbol may be delisted
2026-10-01 19:29:13,118 WARNING src.options_filter: BLE: options data unavailable from all sources
2026-10-01 19:29:16,857 WARNING src.options_filter: BTT: options data unavailable from all sources
2026-10-01 19:29:20,592 WARNING src.options_filter: JTBK: options data unavailable from all sources
2026-10-01 19:29:24,328 WARNING src.options_filter: MHD: options data unavailable from all sources
2026-10-01 19:29:28,063 WARNING src.options_filter: MIY: options data unavailable from all sources
2026-10-01 19:29:31,793 WARNING src.options_filter: MPA: options data unavailable from all sources
2026-10-01 19:29:31,986 ERROR yfinance: $MQT: No data found, symbol may be delisted
2026-10-01 19:29:36,231 WARNING src.options_filter: MQT: options data unavailable from all sources
2026-10-01 19:29:39,962 WARNING src.options_filter: MUA: options data unavailable from all sources
2026-10-01 19:29:40,153 ERROR yfinance: $MVT: No data found, symbol may be delisted
2026-10-01 19:29:44,391 WARNING src.options_filter: MVT: options data unavailable from all sources
2026-10-01 19:29:48,128 WARNING src.options_filter: MYI: options data unavailable from all sources
2026-10-01 19:29:51,861 WARNING src.options_filter: MYN: options data unavailable from all sources
2026-10-01 19:29:55,599 WARNING src.options_filter: SDHY: options data unavailable from all sources
2026-10-01 19:29:59,333 WARNING src.options_filter: NAMM: options data unavailable from all sources
2026-10-01 19:30:03,283 WARNING src.options_filter: EONR: options data unavailable from all sources
2026-10-01 19:30:07,033 WARNING src.options_filter: SMXT: options data unavailable from all sources
2026-10-01 19:30:10,778 WARNING src.options_filter: ALAR: options data unavailable from all sources
2026-10-01 19:30:14,536 WARNING src.options_filter: CMMB: options data unavailable from all sources
2026-10-01 19:30:18,320 WARNING src.options_filter: BTTC: options data unavailable from all sources
2026-10-01 19:30:22,068 WARNING src.options_filter: VRAX: options data unavailable from all sources
2026-10-01 19:30:25,816 WARNING src.options_filter: IPST: options data unavailable from all sources
2026-10-01 19:30:29,600 WARNING src.options_filter: CHRN: options data unavailable from all sources
2026-10-01 19:30:33,354 WARNING src.options_filter: CURR: options data unavailable from all sources
2026-10-01 19:30:37,093 WARNING src.options_filter: NCPL: options data unavailable from all sources
2026-10-01 19:30:40,857 WARNING src.options_filter: MSS: options data unavailable from all sources
2026-10-01 19:30:44,616 WARNING src.options_filter: FRGT: options data unavailable from all sources
2026-10-01 19:30:48,369 WARNING src.options_filter: VLGEA: options data unavailable from all sources
2026-10-01 19:30:52,103 WARNING src.options_filter: ALPS: options data unavailable from all sources
2026-10-01 19:30:55,840 WARNING src.options_filter: BRLS: options data unavailable from all sources
2026-10-01 19:30:59,577 WARNING src.options_filter: AAME: options data unavailable from all sources
2026-10-01 19:31:03,321 WARNING src.options_filter: ARTW: options data unavailable from all sources
2026-10-01 19:31:07,061 WARNING src.options_filter: SEGG: options data unavailable from all sources
2026-10-01 19:31:10,813 WARNING src.options_filter: GTEN: options data unavailable from all sources
2026-10-01 19:31:14,577 WARNING src.options_filter: TAYD: options data unavailable from all sources
2026-10-01 19:31:18,319 WARNING src.options_filter: SXTC: options data unavailable from all sources
2026-10-01 19:31:18,525 ERROR yfinance: $UNKNOWN: No data found, symbol may be delisted
2026-10-01 19:31:22,798 WARNING src.options_filter: UNKNOWN: options data unavailable from all sources
2026-10-01 19:31:22,890 ERROR yfinance: $UNKNOWN: No data found, symbol may be delisted
2026-10-01 19:31:27,140 WARNING src.options_filter: UNKNOWN: options data unavailable from all sources
2026-10-01 19:31:27,236 ERROR yfinance: $UNKNOWN: No data found, symbol may be delisted
2026-10-01 19:31:31,500 WARNING src.options_filter: UNKNOWN: options data unavailable from all sources
2026-10-01 19:31:31,586 ERROR yfinance: $UNKNOWN: No data found, symbol may be delisted
2026-10-01 19:31:35,826 WARNING src.options_filter: UNKNOWN: options data unavailable from all sources
2026-10-01 19:31:35,930 ERROR yfinance: $UNKNOWN: No data found, symbol may be delisted
2026-10-01 19:31:40,168 WARNING src.options_filter: UNKNOWN: options data unavailable from all sources
2026-10-01 19:31:40,280 ERROR yfinance: $UNKNOWN: No data found, symbol may be delisted
2026-10-01 19:31:44,517 WARNING src.options_filter: UNKNOWN: options data unavailable from all sources
2026-10-01 19:31:44,608 ERROR yfinance: $UNKNOWN: No data found, symbol may be delisted
2026-10-01 19:31:48,852 WARNING src.options_filter: UNKNOWN: options data unavailable from all sources
2026-10-01 19:31:48,954 ERROR yfinance: $UNKNOWN: No data found, symbol may be delisted
2026-10-01 19:31:53,198 WARNING src.options_filter: UNKNOWN: options data unavailable from all sources
2026-10-01 19:31:53,301 ERROR yfinance: $UNKNOWN: No data found, symbol may be delisted
2026-10-01 19:31:57,544 WARNING src.options_filter: UNKNOWN: options data unavailable from all sources
2026-10-01 19:31:57,636 ERROR yfinance: $UNKNOWN: No data found, symbol may be delisted
2026-10-01 19:32:01,872 WARNING src.options_filter: UNKNOWN: options data unavailable from all sources
2026-10-01 19:32:01,968 ERROR yfinance: $UNKNOWN: No data found, symbol may be delisted
2026-10-01 19:32:06,263 WARNING src.options_filter: UNKNOWN: options data unavailable from all sources
2026-10-01 19:32:06,356 ERROR yfinance: $UNKNOWN: No data found, symbol may be delisted
2026-10-01 19:32:10,610 WARNING src.options_filter: UNKNOWN: options data unavailable from all sources
2026-10-01 19:32:10,723 ERROR yfinance: $UNKNOWN: No data found, symbol may be delisted
2026-10-01 19:32:14,961 WARNING src.options_filter: UNKNOWN: options data unavailable from all sources
2026-10-01 19:32:15,062 ERROR yfinance: $UNKNOWN: No data found, symbol may be delisted
2026-10-01 19:32:19,722 WARNING src.options_filter: UNKNOWN: options data unavailable from all sources
2026-10-01 19:32:19,808 ERROR yfinance: $UNKNOWN: No data found, symbol may be delisted
2026-10-01 19:32:24,065 WARNING src.options_filter: UNKNOWN: options data unavailable from all sources
2026-10-01 19:32:24,158 ERROR yfinance: $UNKNOWN: No data found, symbol may be delisted
2026-10-01 19:32:28,412 WARNING src.options_filter: UNKNOWN: options data unavailable from all sources
2026-10-01 19:32:28,670 ERROR yfinance: $NWSLL: No data found, symbol may be delisted
2026-10-01 19:32:32,908 WARNING src.options_filter: NWSLL: options data unavailable from all sources
2026-10-01 19:32:32,997 ERROR yfinance: $UNKNOWN: No data found, symbol may be delisted
2026-10-01 19:32:37,233 WARNING src.options_filter: UNKNOWN: options data unavailable from all sources
2026-10-01 19:32:37,339 ERROR yfinance: $UNKNOWN: No data found, symbol may be delisted
2026-10-01 19:32:41,576 WARNING src.options_filter: UNKNOWN: options data unavailable from all sources
2026-10-01 19:32:41,666 ERROR yfinance: $UNKNOWN: No data found, symbol may be delisted
2026-10-01 19:32:45,897 WARNING src.options_filter: UNKNOWN: options data unavailable from all sources
2026-10-01 19:32:46,060 ERROR yfinance: $UNKNOWN: No data found, symbol may be delisted
2026-10-01 19:32:50,294 WARNING src.options_filter: UNKNOWN: options data unavailable from all sources
2026-10-01 19:32:50,379 ERROR yfinance: $UNKNOWN: No data found, symbol may be delisted
2026-10-01 19:32:54,617 WARNING src.options_filter: UNKNOWN: options data unavailable from all sources
2026-10-01 19:32:54,718 ERROR yfinance: $UNKNOWN: No data found, symbol may be delisted
2026-10-01 19:32:58,957 WARNING src.options_filter: UNKNOWN: options data unavailable from all sources
2026-10-01 19:32:59,054 ERROR yfinance: $UNKNOWN: No data found, symbol may be delisted
2026-10-01 19:33:03,288 WARNING src.options_filter: UNKNOWN: options data unavailable from all sources
2026-10-01 19:33:03,378 ERROR yfinance: $UNKNOWN: No data found, symbol may be delisted
2026-10-01 19:33:07,626 WARNING src.options_filter: UNKNOWN: options data unavailable from all sources
2026-10-01 19:33:07,727 ERROR yfinance: $UNKNOWN: No data found, symbol may be delisted
2026-10-01 19:33:11,963 WARNING src.options_filter: UNKNOWN: options data unavailable from all sources
2026-10-01 19:33:12,051 ERROR yfinance: $UNKNOWN: No data found, symbol may be delisted
2026-10-01 19:33:16,287 WARNING src.options_filter: UNKNOWN: options data unavailable from all sources
2026-10-01 19:33:16,382 ERROR yfinance: $UNKNOWN: No data found, symbol may be delisted
2026-10-01 19:33:20,611 WARNING src.options_filter: UNKNOWN: options data unavailable from all sources
2026-10-01 19:33:20,698 ERROR yfinance: $UNKNOWN: No data found, symbol may be delisted
2026-10-01 19:33:25,001 WARNING src.options_filter: UNKNOWN: options data unavailable from all sources
2026-10-01 19:33:25,136 ERROR yfinance: $UNKNOWN: No data found, symbol may be delisted
2026-10-01 19:33:29,374 WARNING src.options_filter: UNKNOWN: options data unavailable from all sources
2026-10-01 19:33:29,463 ERROR yfinance: $UNKNOWN: No data found, symbol may be delisted
2026-10-01 19:33:33,694 WARNING src.options_filter: UNKNOWN: options data unavailable from all sources
2026-10-01 19:33:33,786 ERROR yfinance: $UNKNOWN: No data found, symbol may be delisted
2026-10-01 19:33:38,019 WARNING src.options_filter: UNKNOWN: options data unavailable from all sources
2026-10-01 19:33:38,108 ERROR yfinance: $UNKNOWN: No data found, symbol may be delisted
2026-10-01 19:33:42,344 WARNING src.options_filter: UNKNOWN: options data unavailable from all sources
2026-10-01 19:33:42,438 ERROR yfinance: $UNKNOWN: No data found, symbol may be delisted
2026-10-01 19:33:46,674 WARNING src.options_filter: UNKNOWN: options data unavailable from all sources
2026-10-01 19:33:46,778 ERROR yfinance: $UNKNOWN: No data found, symbol may be delisted
2026-10-01 19:33:51,030 WARNING src.options_filter: UNKNOWN: options data unavailable from all sources
2026-10-01 19:33:51,136 ERROR yfinance: $UNKNOWN: No data found, symbol may be delisted
2026-10-01 19:33:55,371 WARNING src.options_filter: UNKNOWN: options data unavailable from all sources
2026-10-01 19:33:55,463 ERROR yfinance: $UNKNOWN: No data found, symbol may be delisted
2026-10-01 19:33:59,714 WARNING src.options_filter: UNKNOWN: options data unavailable from all sources
2026-10-01 19:34:03,470 WARNING src.options_filter: CARL: options data unavailable from all sources
2026-10-01 19:34:03,560 ERROR yfinance: $UNKNOWN: No data found, symbol may be delisted
2026-10-01 19:34:07,824 WARNING src.options_filter: UNKNOWN: options data unavailable from all sources
2026-10-01 19:34:07,913 ERROR yfinance: $UNKNOWN: No data found, symbol may be delisted
2026-10-01 19:34:12,168 WARNING src.options_filter: UNKNOWN: options data unavailable from all sources
2026-10-01 19:34:12,255 ERROR yfinance: $UNKNOWN: No data found, symbol may be delisted
2026-10-01 19:34:16,489 WARNING src.options_filter: UNKNOWN: options data unavailable from all sources
2026-10-01 19:34:16,578 ERROR yfinance: $UNKNOWN: No data found, symbol may be delisted
2026-10-01 19:34:20,811 WARNING src.options_filter: UNKNOWN: options data unavailable from all sources
2026-10-01 19:34:20,904 ERROR yfinance: $UNKNOWN: No data found, symbol may be delisted
2026-10-01 19:34:25,137 WARNING src.options_filter: UNKNOWN: options data unavailable from all sources
2026-10-01 19:34:25,239 ERROR yfinance: $UNKNOWN: No data found, symbol may be delisted
2026-10-01 19:34:29,480 WARNING src.options_filter: UNKNOWN: options data unavailable from all sources
2026-10-01 19:34:29,575 ERROR yfinance: $UNKNOWN: No data found, symbol may be delisted
2026-10-01 19:34:33,815 WARNING src.options_filter: UNKNOWN: options data unavailable from all sources
2026-10-01 19:34:33,910 ERROR yfinance: $UNKNOWN: No data found, symbol may be delisted
2026-10-01 19:34:38,178 WARNING src.options_filter: UNKNOWN: options data unavailable from all sources
2026-10-01 19:34:42,119 WARNING src.options_filter: SGP: options data unavailable from all sources
2026-10-01 19:34:42,205 ERROR yfinance: $UNKNOWN: No data found, symbol may be delisted
2026-10-01 19:34:46,446 WARNING src.options_filter: UNKNOWN: options data unavailable from all sources
2026-10-01 19:34:46,538 ERROR yfinance: $UNKNOWN: No data found, symbol may be delisted
2026-10-01 19:34:50,776 WARNING src.options_filter: UNKNOWN: options data unavailable from all sources
2026-10-01 19:34:50,867 ERROR yfinance: $UNKNOWN: No data found, symbol may be delisted
2026-10-01 19:34:55,104 WARNING src.options_filter: UNKNOWN: options data unavailable from all sources
2026-10-01 19:34:55,204 ERROR yfinance: $UNKNOWN: No data found, symbol may be delisted
2026-10-01 19:34:59,467 WARNING src.options_filter: UNKNOWN: options data unavailable from all sources
2026-10-01 19:34:59,566 ERROR yfinance: $UNKNOWN: No data found, symbol may be delisted
2026-10-01 19:35:03,815 WARNING src.options_filter: UNKNOWN: options data unavailable from all sources
2026-10-01 19:35:03,904 ERROR yfinance: $UNKNOWN: No data found, symbol may be delisted
2026-10-01 19:35:08,143 WARNING src.options_filter: UNKNOWN: options data unavailable from all sources
2026-10-01 19:35:08,225 ERROR yfinance: $UNKNOWN: No data found, symbol may be delisted
2026-10-01 19:35:12,463 WARNING src.options_filter: UNKNOWN: options data unavailable from all sources
2026-10-01 19:35:12,561 ERROR yfinance: $UNKNOWN: No data found, symbol may be delisted
2026-10-01 19:35:16,795 WARNING src.options_filter: UNKNOWN: options data unavailable from all sources
2026-10-01 19:35:16,883 ERROR yfinance: $UNKNOWN: No data found, symbol may be delisted
2026-10-01 19:35:21,115 WARNING src.options_filter: UNKNOWN: options data unavailable from all sources
2026-10-01 19:35:21,216 ERROR yfinance: $UNKNOWN: No data found, symbol may be delisted
2026-10-01 19:35:25,452 WARNING src.options_filter: UNKNOWN: options data unavailable from all sources
2026-10-01 19:35:25,534 ERROR yfinance: $UNKNOWN: No data found, symbol may be delisted
2026-10-01 19:35:29,771 WARNING src.options_filter: UNKNOWN: options data unavailable from all sources
2026-10-01 19:35:29,868 ERROR yfinance: $UNKNOWN: No data found, symbol may be delisted
2026-10-01 19:35:34,099 WARNING src.options_filter: UNKNOWN: options data unavailable from all sources
2026-10-01 19:35:34,201 ERROR yfinance: $UNKNOWN: No data found, symbol may be delisted
2026-10-01 19:35:38,637 WARNING src.options_filter: UNKNOWN: options data unavailable from all sources
2026-10-01 19:35:38,749 ERROR yfinance: $UNKNOWN: No data found, symbol may be delisted
2026-10-01 19:35:42,999 WARNING src.options_filter: UNKNOWN: options data unavailable from all sources
2026-10-01 19:35:43,086 ERROR yfinance: $UNKNOWN: No data found, symbol may be delisted
2026-10-01 19:35:47,330 WARNING src.options_filter: UNKNOWN: options data unavailable from all sources
2026-10-01 19:35:47,414 ERROR yfinance: $UNKNOWN: No data found, symbol may be delisted
2026-10-01 19:35:51,645 WARNING src.options_filter: UNKNOWN: options data unavailable from all sources
2026-10-01 19:35:51,750 ERROR yfinance: $UNKNOWN: No data found, symbol may be delisted
2026-10-01 19:35:56,003 WARNING src.options_filter: UNKNOWN: options data unavailable from all sources
2026-10-01 19:35:56,124 ERROR yfinance: $UNKNOWN: No data found, symbol may be delisted
2026-10-01 19:36:00,362 WARNING src.options_filter: UNKNOWN: options data unavailable from all sources
2026-10-01 19:36:00,450 ERROR yfinance: $UNKNOWN: No data found, symbol may be delisted
2026-10-01 19:36:04,696 WARNING src.options_filter: UNKNOWN: options data unavailable from all sources
2026-10-01 19:36:04,792 ERROR yfinance: $UNKNOWN: No data found, symbol may be delisted
2026-10-01 19:36:09,043 WARNING src.options_filter: UNKNOWN: options data unavailable from all sources
2026-10-01 19:36:09,138 ERROR yfinance: $UNKNOWN: No data found, symbol may be delisted
2026-10-01 19:36:13,379 WARNING src.options_filter: UNKNOWN: options data unavailable from all sources
2026-10-01 19:36:17,130 WARNING src.options_filter: CARL: options data unavailable from all sources
2026-10-01 19:36:17,232 ERROR yfinance: $UNKNOWN: No data found, symbol may be delisted
2026-10-01 19:36:21,462 WARNING src.options_filter: UNKNOWN: options data unavailable from all sources
2026-10-01 19:36:21,551 ERROR yfinance: $UNKNOWN: No data found, symbol may be delisted
2026-10-01 19:36:25,788 WARNING src.options_filter: UNKNOWN: options data unavailable from all sources
2026-10-01 19:36:25,880 ERROR yfinance: $UNKNOWN: No data found, symbol may be delisted
2026-10-01 19:36:30,123 WARNING src.options_filter: UNKNOWN: options data unavailable from all sources
2026-10-01 19:36:30,213 ERROR yfinance: $UNKNOWN: No data found, symbol may be delisted
2026-10-01 19:36:34,462 WARNING src.options_filter: UNKNOWN: options data unavailable from all sources
2026-10-01 19:36:34,560 ERROR yfinance: $UNKNOWN: No data found, symbol may be delisted
2026-10-01 19:36:38,795 WARNING src.options_filter: UNKNOWN: options data unavailable from all sources
2026-10-01 19:36:38,882 ERROR yfinance: $UNKNOWN: No data found, symbol may be delisted
2026-10-01 19:36:43,115 WARNING src.options_filter: UNKNOWN: options data unavailable from all sources
2026-10-01 19:36:43,206 ERROR yfinance: $UNKNOWN: No data found, symbol may be delisted
2026-10-01 19:36:47,466 WARNING src.options_filter: UNKNOWN: options data unavailable from all sources
2026-10-01 19:36:47,551 ERROR yfinance: $UNKNOWN: No data found, symbol may be delisted
2026-10-01 19:36:51,783 WARNING src.options_filter: UNKNOWN: options data unavailable from all sources
2026-10-01 19:36:51,878 ERROR yfinance: $UNKNOWN: No data found, symbol may be delisted
2026-10-01 19:36:56,113 WARNING src.options_filter: UNKNOWN: options data unavailable from all sources
2026-10-01 19:36:56,212 ERROR yfinance: $UNKNOWN: No data found, symbol may be delisted
2026-10-01 19:37:00,462 WARNING src.options_filter: UNKNOWN: options data unavailable from all sources
2026-10-01 19:37:00,555 ERROR yfinance: $UNKNOWN: No data found, symbol may be delisted
2026-10-01 19:37:04,997 WARNING src.options_filter: UNKNOWN: options data unavailable from all sources
2026-10-01 19:37:05,137 ERROR yfinance: $UNKNOWN: No data found, symbol may be delisted
2026-10-01 19:37:09,392 WARNING src.options_filter: UNKNOWN: options data unavailable from all sources
2026-10-01 19:37:09,479 ERROR yfinance: $UNKNOWN: No data found, symbol may be delisted
2026-10-01 19:37:13,721 WARNING src.options_filter: UNKNOWN: options data unavailable from all sources
2026-10-01 19:37:17,457 WARNING src.options_filter: VBNB: options data unavailable from all sources
2026-10-01 19:37:17,552 ERROR yfinance: $UNKNOWN: No data found, symbol may be delisted
2026-10-01 19:37:21,808 WARNING src.options_filter: UNKNOWN: options data unavailable from all sources
2026-10-01 19:37:21,904 ERROR yfinance: $UNKNOWN: No data found, symbol may be delisted
2026-10-01 19:37:26,171 WARNING src.options_filter: UNKNOWN: options data unavailable from all sources
2026-10-01 19:37:26,257 ERROR yfinance: $UNKNOWN: No data found, symbol may be delisted
2026-10-01 19:37:30,496 WARNING src.options_filter: UNKNOWN: options data unavailable from all sources
2026-10-01 19:37:30,614 ERROR yfinance: $UNKNOWN: No data found, symbol may be delisted
2026-10-01 19:37:34,854 WARNING src.options_filter: UNKNOWN: options data unavailable from all sources
2026-10-01 19:37:34,940 ERROR yfinance: $UNKNOWN: No data found, symbol may be delisted
2026-10-01 19:37:39,175 WARNING src.options_filter: UNKNOWN: options data unavailable from all sources
2026-10-01 19:37:39,263 ERROR yfinance: $UNKNOWN: No data found, symbol may be delisted
2026-10-01 19:37:43,500 WARNING src.options_filter: UNKNOWN: options data unavailable from all sources
2026-10-01 19:37:43,596 ERROR yfinance: $UNKNOWN: No data found, symbol may be delisted
2026-10-01 19:37:47,844 WARNING src.options_filter: UNKNOWN: options data unavailable from all sources
2026-10-01 19:37:47,844 INFO run_daily: Passed options gate: 23 events
2026-10-01 19:37:47,845 INFO run_daily: Step 7: enriching 23 events
2026-10-01 19:37:55,970 INFO run_daily: Step 8: dedup
2026-10-01 19:37:55,971 INFO run_daily: Step 9: ranking
2026-10-01 19:37:55,971 INFO run_daily: Step 10: writing digest
2026-10-01 19:37:56,008 INFO src.digest_writer: digest written: output/market_radar_2026-10-01.html
2026-10-01 19:37:56,008 INFO run_daily: === Done: output/market_radar_2026-10-01.html ===
