2026-09-17 18:07:52,706 INFO run_daily: === Market Event Radar starting — 2026-09-17 ===
2026-09-17 18:07:52,709 INFO run_daily: Step 1: fetching earnings calendar
2026-09-17 18:08:05,536 INFO src.event_fetcher: nasdaq earnings: 69 entries across 7 days
2026-09-17 18:08:06,761 INFO src.event_fetcher: finnhub earnings: 69 entries
2026-09-17 18:08:06,761 INFO src.event_fetcher: merged earnings universe: 122 unique tickers
2026-09-17 18:08:06,761 INFO run_daily: Step 2: fetching 8-K filings
2026-09-17 18:08:07,801 INFO src.event_fetcher: edgar 8-K filings: 100
2026-09-17 18:08:08,025 INFO run_daily: Step 3: building universe
2026-09-17 18:08:08,025 INFO src.universe: universe: 35 tickers (10 watchlist, 25 discovered)
2026-09-17 18:08:08,025 INFO run_daily: Universe: 35 tickers
2026-09-17 18:08:08,025 INFO run_daily: Step 4: yfinance cross-check for 35 tickers
2026-09-17 18:08:21,035 INFO run_daily: Step 5: building earnings events
2026-09-17 18:08:21,036 INFO src.source_merger: earnings events built: 122
2026-09-17 18:08:21,036 INFO run_daily: Step 5b: building 8-K events
2026-09-17 18:08:21,038 INFO run_daily: Step 6: options filter (222 candidates)
2026-09-17 18:08:24,752 WARNING src.options_filter: AFB: options data unavailable from all sources
2026-09-17 18:08:28,349 WARNING src.options_filter: BTOC: options data unavailable from all sources
2026-09-17 18:08:31,948 WARNING src.options_filter: LGCY: options data unavailable from all sources
2026-09-17 18:08:35,558 WARNING src.options_filter: LVVV: options data unavailable from all sources
2026-09-17 18:08:39,147 WARNING src.options_filter: MITQ: options data unavailable from all sources
2026-09-17 18:08:42,737 WARNING src.options_filter: MTEK: options data unavailable from all sources
2026-09-17 18:08:46,353 WARNING src.options_filter: PCLA: options data unavailable from all sources
2026-09-17 18:08:49,943 WARNING src.options_filter: POCI: options data unavailable from all sources
2026-09-17 18:08:53,523 WARNING src.options_filter: QH: options data unavailable from all sources
2026-09-17 18:08:57,130 WARNING src.options_filter: SOS: options data unavailable from all sources
2026-09-17 18:09:00,721 WARNING src.options_filter: AGSS: options data unavailable from all sources
2026-09-17 18:09:04,319 WARNING src.options_filter: ASTC: options data unavailable from all sources
2026-09-17 18:09:04,658 ERROR yfinance: HTTP Error 404: {"quoteSummary":{"result":null,"error":{"code":"Not Found","description":"Quote not found for symbol: CLRC"}}}
2026-09-17 18:09:04,909 ERROR yfinance: $CLRC: No data found, symbol may be delisted
2026-09-17 18:09:08,999 WARNING src.options_filter: CLRC: options data unavailable from all sources
2026-09-17 18:09:12,588 WARNING src.options_filter: GLNS: options data unavailable from all sources
2026-09-17 18:09:16,206 WARNING src.options_filter: MGLD: options data unavailable from all sources
2026-09-17 18:09:19,794 WARNING src.options_filter: NAII: options data unavailable from all sources
2026-09-17 18:09:23,391 WARNING src.options_filter: PZG: options data unavailable from all sources
2026-09-17 18:09:27,020 WARNING src.options_filter: YDES: options data unavailable from all sources
2026-09-17 18:09:30,619 WARNING src.options_filter: AYTU: options data unavailable from all sources
2026-09-17 18:09:34,484 WARNING src.options_filter: RWWI: options data unavailable from all sources
2026-09-17 18:09:38,078 WARNING src.options_filter: CBIH: options data unavailable from all sources
2026-09-17 18:09:41,673 WARNING src.options_filter: COOT: options data unavailable from all sources
2026-09-17 18:09:45,261 WARNING src.options_filter: HCBC: options data unavailable from all sources
2026-09-17 18:09:48,868 WARNING src.options_filter: HLEO: options data unavailable from all sources
2026-09-17 18:09:52,484 WARNING src.options_filter: INM: options data unavailable from all sources
2026-09-17 18:09:56,077 WARNING src.options_filter: KCRD: options data unavailable from all sources
2026-09-17 18:09:59,693 WARNING src.options_filter: MSS: options data unavailable from all sources
2026-09-17 18:10:03,333 WARNING src.options_filter: NAMI: options data unavailable from all sources
2026-09-17 18:10:06,927 WARNING src.options_filter: NCPL: options data unavailable from all sources
2026-09-17 18:10:10,557 WARNING src.options_filter: PTN: options data unavailable from all sources
2026-09-17 18:10:10,903 ERROR yfinance: HTTP Error 404: {"quoteSummary":{"result":null,"error":{"code":"Not Found","description":"Quote not found for symbol: SBSAA"}}}
2026-09-17 18:10:11,252 ERROR yfinance: $SBSAA: No data found, symbol may be delisted
2026-09-17 18:10:15,375 WARNING src.options_filter: SBSAA: options data unavailable from all sources
2026-09-17 18:10:18,968 WARNING src.options_filter: TDTH: options data unavailable from all sources
2026-09-17 18:10:19,053 ERROR yfinance: $WDSP: possibly delisted; no price data found  (period=1mo)
2026-09-17 18:10:23,205 WARNING src.options_filter: WDSP: options data unavailable from all sources
2026-09-17 18:10:26,843 WARNING src.options_filter: AMEN: options data unavailable from all sources
2026-09-17 18:10:30,478 WARNING src.options_filter: BIOQ: options data unavailable from all sources
2026-09-17 18:10:34,086 WARNING src.options_filter: ESP: options data unavailable from all sources
2026-09-17 18:10:37,687 WARNING src.options_filter: GFLT: options data unavailable from all sources
2026-09-17 18:10:41,289 WARNING src.options_filter: GWOX: options data unavailable from all sources
2026-09-17 18:10:44,886 WARNING src.options_filter: HUHU: options data unavailable from all sources
2026-09-17 18:10:48,475 WARNING src.options_filter: INTE: options data unavailable from all sources
2026-09-17 18:10:52,095 WARNING src.options_filter: ITOX: options data unavailable from all sources
2026-09-17 18:10:55,717 WARNING src.options_filter: JF: options data unavailable from all sources
2026-09-17 18:10:59,373 WARNING src.options_filter: OWPC: options data unavailable from all sources
2026-09-17 18:11:02,959 WARNING src.options_filter: TRT: options data unavailable from all sources
2026-09-17 18:11:06,567 WARNING src.options_filter: IPHA: options data unavailable from all sources
2026-09-17 18:11:10,160 WARNING src.options_filter: IH: options data unavailable from all sources
2026-09-17 18:11:13,816 WARNING src.options_filter: EONR: options data unavailable from all sources
2026-09-17 18:11:17,402 WARNING src.options_filter: CMMB: options data unavailable from all sources
2026-09-17 18:11:21,018 WARNING src.options_filter: ALAR: options data unavailable from all sources
2026-09-17 18:11:24,613 WARNING src.options_filter: SMXT: options data unavailable from all sources
2026-09-17 18:11:28,200 WARNING src.options_filter: BTTC: options data unavailable from all sources
2026-09-17 18:11:31,828 WARNING src.options_filter: SNYR: options data unavailable from all sources
2026-09-17 18:11:35,417 WARNING src.options_filter: IPST: options data unavailable from all sources
2026-09-17 18:11:39,014 WARNING src.options_filter: HTLM: options data unavailable from all sources
2026-09-17 18:11:42,594 WARNING src.options_filter: ZONE: options data unavailable from all sources
2026-09-17 18:11:46,193 WARNING src.options_filter: CHRN: options data unavailable from all sources
2026-09-17 18:11:49,781 WARNING src.options_filter: CURR: options data unavailable from all sources
2026-09-17 18:11:53,391 WARNING src.options_filter: YYAI: options data unavailable from all sources
2026-09-17 18:11:56,986 WARNING src.options_filter: FRGT: options data unavailable from all sources
2026-09-17 18:12:00,571 WARNING src.options_filter: ALPS: options data unavailable from all sources
2026-09-17 18:12:04,166 WARNING src.options_filter: BRLS: options data unavailable from all sources
2026-09-17 18:12:07,767 WARNING src.options_filter: AAME: options data unavailable from all sources
2026-09-17 18:12:11,349 WARNING src.options_filter: SEGG: options data unavailable from all sources
2026-09-17 18:12:14,962 WARNING src.options_filter: BRTX: options data unavailable from all sources
2026-09-17 18:12:18,930 WARNING src.options_filter: SHPH: options data unavailable from all sources
2026-09-17 18:12:22,537 WARNING src.options_filter: GTEN: options data unavailable from all sources
2026-09-17 18:12:26,188 WARNING src.options_filter: RYDE: options data unavailable from all sources
2026-09-17 18:12:29,796 WARNING src.options_filter: AACG: options data unavailable from all sources
2026-09-17 18:12:33,417 WARNING src.options_filter: SJ: options data unavailable from all sources
2026-09-17 18:12:37,049 WARNING src.options_filter: ATCH: options data unavailable from all sources
2026-09-17 18:12:40,666 WARNING src.options_filter: GAUZ: options data unavailable from all sources
2026-09-17 18:12:44,249 WARNING src.options_filter: GURE: options data unavailable from all sources
2026-09-17 18:12:47,838 WARNING src.options_filter: LKSP: options data unavailable from all sources
2026-09-17 18:12:48,111 ERROR yfinance: $UNKNOWN: No data found, symbol may be delisted
2026-09-17 18:12:52,253 WARNING src.options_filter: UNKNOWN: options data unavailable from all sources
2026-09-17 18:12:52,368 ERROR yfinance: $UNKNOWN: No data found, symbol may be delisted
2026-09-17 18:12:56,454 WARNING src.options_filter: UNKNOWN: options data unavailable from all sources
2026-09-17 18:12:56,569 ERROR yfinance: $UNKNOWN: No data found, symbol may be delisted
2026-09-17 18:13:00,692 WARNING src.options_filter: UNKNOWN: options data unavailable from all sources
2026-09-17 18:13:04,334 WARNING src.options_filter: LILAP: options data unavailable from all sources
2026-09-17 18:13:04,501 ERROR yfinance: $UNKNOWN: No data found, symbol may be delisted
2026-09-17 18:13:08,641 WARNING src.options_filter: UNKNOWN: options data unavailable from all sources
2026-09-17 18:13:08,801 ERROR yfinance: $UNKNOWN: No data found, symbol may be delisted
2026-09-17 18:13:12,890 WARNING src.options_filter: UNKNOWN: options data unavailable from all sources
2026-09-17 18:13:13,029 ERROR yfinance: $UNKNOWN: No data found, symbol may be delisted
2026-09-17 18:13:17,160 WARNING src.options_filter: UNKNOWN: options data unavailable from all sources
2026-09-17 18:13:17,314 ERROR yfinance: $UNKNOWN: No data found, symbol may be delisted
2026-09-17 18:13:21,401 WARNING src.options_filter: UNKNOWN: options data unavailable from all sources
2026-09-17 18:13:21,561 ERROR yfinance: $UNKNOWN: No data found, symbol may be delisted
2026-09-17 18:13:25,667 WARNING src.options_filter: UNKNOWN: options data unavailable from all sources
2026-09-17 18:13:26,012 ERROR yfinance: $UNKNOWN: No data found, symbol may be delisted
2026-09-17 18:13:30,119 WARNING src.options_filter: UNKNOWN: options data unavailable from all sources
2026-09-17 18:13:30,353 ERROR yfinance: $UNKNOWN: No data found, symbol may be delisted
2026-09-17 18:13:34,486 WARNING src.options_filter: UNKNOWN: options data unavailable from all sources
2026-09-17 18:13:34,636 ERROR yfinance: $UNKNOWN: No data found, symbol may be delisted
2026-09-17 18:13:38,736 WARNING src.options_filter: UNKNOWN: options data unavailable from all sources
2026-09-17 18:13:38,851 ERROR yfinance: $UNKNOWN: No data found, symbol may be delisted
2026-09-17 18:13:42,984 WARNING src.options_filter: UNKNOWN: options data unavailable from all sources
2026-09-17 18:13:43,617 ERROR yfinance: $UNKNOWN: No data found, symbol may be delisted
2026-09-17 18:13:47,715 WARNING src.options_filter: UNKNOWN: options data unavailable from all sources
2026-09-17 18:13:47,826 ERROR yfinance: $UNKNOWN: No data found, symbol may be delisted
2026-09-17 18:13:51,947 WARNING src.options_filter: UNKNOWN: options data unavailable from all sources
2026-09-17 18:13:52,068 ERROR yfinance: $UNKNOWN: No data found, symbol may be delisted
2026-09-17 18:13:56,157 WARNING src.options_filter: UNKNOWN: options data unavailable from all sources
2026-09-17 18:13:56,306 ERROR yfinance: $UNKNOWN: No data found, symbol may be delisted
2026-09-17 18:14:00,402 WARNING src.options_filter: UNKNOWN: options data unavailable from all sources
2026-09-17 18:14:00,518 ERROR yfinance: $UNKNOWN: No data found, symbol may be delisted
2026-09-17 18:14:04,608 WARNING src.options_filter: UNKNOWN: options data unavailable from all sources
2026-09-17 18:14:05,342 ERROR yfinance: $UNKNOWN: No data found, symbol may be delisted
2026-09-17 18:14:09,431 WARNING src.options_filter: UNKNOWN: options data unavailable from all sources
2026-09-17 18:14:09,556 ERROR yfinance: $UNKNOWN: No data found, symbol may be delisted
2026-09-17 18:14:13,693 WARNING src.options_filter: UNKNOWN: options data unavailable from all sources
2026-09-17 18:14:13,803 ERROR yfinance: $UNKNOWN: No data found, symbol may be delisted
2026-09-17 18:14:17,887 WARNING src.options_filter: UNKNOWN: options data unavailable from all sources
2026-09-17 18:14:18,105 ERROR yfinance: $UNKNOWN: No data found, symbol may be delisted
2026-09-17 18:14:22,224 WARNING src.options_filter: UNKNOWN: options data unavailable from all sources
2026-09-17 18:14:22,401 ERROR yfinance: $UNKNOWN: No data found, symbol may be delisted
2026-09-17 18:14:26,489 WARNING src.options_filter: UNKNOWN: options data unavailable from all sources
2026-09-17 18:14:26,654 ERROR yfinance: $UNKNOWN: No data found, symbol may be delisted
2026-09-17 18:14:30,752 WARNING src.options_filter: UNKNOWN: options data unavailable from all sources
2026-09-17 18:14:30,890 ERROR yfinance: $UNKNOWN: No data found, symbol may be delisted
2026-09-17 18:14:34,979 WARNING src.options_filter: UNKNOWN: options data unavailable from all sources
2026-09-17 18:14:35,132 ERROR yfinance: $UNKNOWN: No data found, symbol may be delisted
2026-09-17 18:14:39,227 WARNING src.options_filter: UNKNOWN: options data unavailable from all sources
2026-09-17 18:14:39,350 ERROR yfinance: $UNKNOWN: No data found, symbol may be delisted
2026-09-17 18:14:43,490 WARNING src.options_filter: UNKNOWN: options data unavailable from all sources
2026-09-17 18:14:43,694 ERROR yfinance: $UNKNOWN: No data found, symbol may be delisted
2026-09-17 18:14:47,814 WARNING src.options_filter: UNKNOWN: options data unavailable from all sources
2026-09-17 18:14:47,922 ERROR yfinance: $UNKNOWN: No data found, symbol may be delisted
2026-09-17 18:14:52,005 WARNING src.options_filter: UNKNOWN: options data unavailable from all sources
2026-09-17 18:14:52,133 ERROR yfinance: $UNKNOWN: No data found, symbol may be delisted
2026-09-17 18:14:56,287 WARNING src.options_filter: UNKNOWN: options data unavailable from all sources
2026-09-17 18:14:56,431 ERROR yfinance: $UNKNOWN: No data found, symbol may be delisted
2026-09-17 18:15:00,520 WARNING src.options_filter: UNKNOWN: options data unavailable from all sources
2026-09-17 18:15:00,657 ERROR yfinance: $UNKNOWN: No data found, symbol may be delisted
2026-09-17 18:15:04,744 WARNING src.options_filter: UNKNOWN: options data unavailable from all sources
2026-09-17 18:15:04,899 ERROR yfinance: $UNKNOWN: No data found, symbol may be delisted
2026-09-17 18:15:09,081 WARNING src.options_filter: UNKNOWN: options data unavailable from all sources
2026-09-17 18:15:09,672 ERROR yfinance: $UNKNOWN: No data found, symbol may be delisted
2026-09-17 18:15:13,819 WARNING src.options_filter: UNKNOWN: options data unavailable from all sources
2026-09-17 18:15:13,972 ERROR yfinance: $UNKNOWN: No data found, symbol may be delisted
2026-09-17 18:15:18,060 WARNING src.options_filter: UNKNOWN: options data unavailable from all sources
2026-09-17 18:15:18,199 ERROR yfinance: $UNKNOWN: No data found, symbol may be delisted
2026-09-17 18:15:22,326 WARNING src.options_filter: UNKNOWN: options data unavailable from all sources
2026-09-17 18:15:22,522 ERROR yfinance: $UNKNOWN: No data found, symbol may be delisted
2026-09-17 18:15:26,692 WARNING src.options_filter: UNKNOWN: options data unavailable from all sources
2026-09-17 18:15:26,800 ERROR yfinance: $UNKNOWN: No data found, symbol may be delisted
2026-09-17 18:15:30,902 WARNING src.options_filter: UNKNOWN: options data unavailable from all sources
2026-09-17 18:15:31,054 ERROR yfinance: $UNKNOWN: No data found, symbol may be delisted
2026-09-17 18:15:35,147 WARNING src.options_filter: UNKNOWN: options data unavailable from all sources
2026-09-17 18:15:35,424 ERROR yfinance: $NWSLL: No data found, symbol may be delisted
2026-09-17 18:15:39,513 WARNING src.options_filter: NWSLL: options data unavailable from all sources
2026-09-17 18:15:39,696 ERROR yfinance: $UNKNOWN: No data found, symbol may be delisted
2026-09-17 18:15:43,789 WARNING src.options_filter: UNKNOWN: options data unavailable from all sources
2026-09-17 18:15:43,974 ERROR yfinance: $UNKNOWN: No data found, symbol may be delisted
2026-09-17 18:15:48,065 WARNING src.options_filter: UNKNOWN: options data unavailable from all sources
2026-09-17 18:15:48,240 ERROR yfinance: $UNKNOWN: No data found, symbol may be delisted
2026-09-17 18:15:52,360 WARNING src.options_filter: UNKNOWN: options data unavailable from all sources
2026-09-17 18:15:52,477 ERROR yfinance: $UNKNOWN: No data found, symbol may be delisted
2026-09-17 18:15:56,576 WARNING src.options_filter: UNKNOWN: options data unavailable from all sources
2026-09-17 18:15:56,787 ERROR yfinance: $UNKNOWN: No data found, symbol may be delisted
2026-09-17 18:16:00,872 WARNING src.options_filter: UNKNOWN: options data unavailable from all sources
2026-09-17 18:16:00,992 ERROR yfinance: $UNKNOWN: No data found, symbol may be delisted
2026-09-17 18:16:05,162 WARNING src.options_filter: UNKNOWN: options data unavailable from all sources
2026-09-17 18:16:05,292 ERROR yfinance: $UNKNOWN: No data found, symbol may be delisted
2026-09-17 18:16:09,392 WARNING src.options_filter: UNKNOWN: options data unavailable from all sources
2026-09-17 18:16:09,521 ERROR yfinance: $NWSLL: No data found, symbol may be delisted
2026-09-17 18:16:13,610 WARNING src.options_filter: NWSLL: options data unavailable from all sources
2026-09-17 18:16:13,766 ERROR yfinance: $UNKNOWN: No data found, symbol may be delisted
2026-09-17 18:16:17,850 WARNING src.options_filter: UNKNOWN: options data unavailable from all sources
2026-09-17 18:16:17,971 ERROR yfinance: $UNKNOWN: No data found, symbol may be delisted
2026-09-17 18:16:22,053 WARNING src.options_filter: UNKNOWN: options data unavailable from all sources
2026-09-17 18:16:22,177 ERROR yfinance: $UNKNOWN: No data found, symbol may be delisted
2026-09-17 18:16:26,266 WARNING src.options_filter: UNKNOWN: options data unavailable from all sources
2026-09-17 18:16:26,418 ERROR yfinance: $UNKNOWN: No data found, symbol may be delisted
2026-09-17 18:16:30,517 WARNING src.options_filter: UNKNOWN: options data unavailable from all sources
2026-09-17 18:16:30,705 ERROR yfinance: $UNKNOWN: No data found, symbol may be delisted
2026-09-17 18:16:34,789 WARNING src.options_filter: UNKNOWN: options data unavailable from all sources
2026-09-17 18:16:34,952 ERROR yfinance: $UNKNOWN: No data found, symbol may be delisted
2026-09-17 18:16:39,084 WARNING src.options_filter: UNKNOWN: options data unavailable from all sources
2026-09-17 18:16:39,254 ERROR yfinance: $UNKNOWN: No data found, symbol may be delisted
2026-09-17 18:16:43,384 WARNING src.options_filter: UNKNOWN: options data unavailable from all sources
2026-09-17 18:16:43,504 ERROR yfinance: $UNKNOWN: No data found, symbol may be delisted
2026-09-17 18:16:47,598 WARNING src.options_filter: UNKNOWN: options data unavailable from all sources
2026-09-17 18:16:47,716 ERROR yfinance: $UNKNOWN: No data found, symbol may be delisted
2026-09-17 18:16:51,796 WARNING src.options_filter: UNKNOWN: options data unavailable from all sources
2026-09-17 18:16:51,936 ERROR yfinance: $UNKNOWN: No data found, symbol may be delisted
2026-09-17 18:16:56,030 WARNING src.options_filter: UNKNOWN: options data unavailable from all sources
2026-09-17 18:16:56,183 ERROR yfinance: $UNKNOWN: No data found, symbol may be delisted
2026-09-17 18:17:00,275 WARNING src.options_filter: UNKNOWN: options data unavailable from all sources
2026-09-17 18:17:00,393 ERROR yfinance: $UNKNOWN: No data found, symbol may be delisted
2026-09-17 18:17:04,512 WARNING src.options_filter: UNKNOWN: options data unavailable from all sources
2026-09-17 18:17:04,624 ERROR yfinance: $UNKNOWN: No data found, symbol may be delisted
2026-09-17 18:17:08,784 WARNING src.options_filter: UNKNOWN: options data unavailable from all sources
2026-09-17 18:17:08,968 ERROR yfinance: $UNKNOWN: No data found, symbol may be delisted
2026-09-17 18:17:13,078 WARNING src.options_filter: UNKNOWN: options data unavailable from all sources
2026-09-17 18:17:16,703 WARNING src.options_filter: CBFV: options data unavailable from all sources
2026-09-17 18:17:16,831 ERROR yfinance: $NWSLL: No data found, symbol may be delisted
2026-09-17 18:17:20,984 WARNING src.options_filter: NWSLL: options data unavailable from all sources
2026-09-17 18:17:21,108 ERROR yfinance: $UNKNOWN: No data found, symbol may be delisted
2026-09-17 18:17:25,208 WARNING src.options_filter: UNKNOWN: options data unavailable from all sources
2026-09-17 18:17:25,330 ERROR yfinance: $UNKNOWN: No data found, symbol may be delisted
2026-09-17 18:17:29,454 WARNING src.options_filter: UNKNOWN: options data unavailable from all sources
2026-09-17 18:17:29,572 ERROR yfinance: $UNKNOWN: No data found, symbol may be delisted
2026-09-17 18:17:33,665 WARNING src.options_filter: UNKNOWN: options data unavailable from all sources
2026-09-17 18:17:33,831 ERROR yfinance: $UNKNOWN: No data found, symbol may be delisted
2026-09-17 18:17:37,921 WARNING src.options_filter: UNKNOWN: options data unavailable from all sources
2026-09-17 18:17:38,048 ERROR yfinance: $UNKNOWN: No data found, symbol may be delisted
2026-09-17 18:17:42,142 WARNING src.options_filter: UNKNOWN: options data unavailable from all sources
2026-09-17 18:17:42,307 ERROR yfinance: $UNKNOWN: No data found, symbol may be delisted
2026-09-17 18:17:46,463 WARNING src.options_filter: UNKNOWN: options data unavailable from all sources
2026-09-17 18:17:46,614 ERROR yfinance: $UNKNOWN: No data found, symbol may be delisted
2026-09-17 18:17:50,745 WARNING src.options_filter: UNKNOWN: options data unavailable from all sources
2026-09-17 18:17:50,925 ERROR yfinance: $UNKNOWN: No data found, symbol may be delisted
2026-09-17 18:17:55,013 WARNING src.options_filter: UNKNOWN: options data unavailable from all sources
2026-09-17 18:17:55,185 ERROR yfinance: $UNKNOWN: No data found, symbol may be delisted
2026-09-17 18:17:59,334 WARNING src.options_filter: UNKNOWN: options data unavailable from all sources
2026-09-17 18:17:59,457 ERROR yfinance: $UNKNOWN: No data found, symbol may be delisted
2026-09-17 18:18:03,545 WARNING src.options_filter: UNKNOWN: options data unavailable from all sources
2026-09-17 18:18:03,671 ERROR yfinance: $UNKNOWN: No data found, symbol may be delisted
2026-09-17 18:18:07,769 WARNING src.options_filter: UNKNOWN: options data unavailable from all sources
2026-09-17 18:18:07,956 ERROR yfinance: $UNKNOWN: No data found, symbol may be delisted
2026-09-17 18:18:12,062 WARNING src.options_filter: UNKNOWN: options data unavailable from all sources
2026-09-17 18:18:12,195 ERROR yfinance: $UNKNOWN: No data found, symbol may be delisted
2026-09-17 18:18:16,332 WARNING src.options_filter: UNKNOWN: options data unavailable from all sources
2026-09-17 18:18:16,477 ERROR yfinance: $UNKNOWN: No data found, symbol may be delisted
2026-09-17 18:18:20,566 WARNING src.options_filter: UNKNOWN: options data unavailable from all sources
2026-09-17 18:18:20,720 ERROR yfinance: $UNKNOWN: No data found, symbol may be delisted
2026-09-17 18:18:24,836 WARNING src.options_filter: UNKNOWN: options data unavailable from all sources
2026-09-17 18:18:25,126 ERROR yfinance: $UNKNOWN: No data found, symbol may be delisted
2026-09-17 18:18:29,228 WARNING src.options_filter: UNKNOWN: options data unavailable from all sources
2026-09-17 18:18:29,386 ERROR yfinance: $UNKNOWN: No data found, symbol may be delisted
2026-09-17 18:18:33,529 WARNING src.options_filter: UNKNOWN: options data unavailable from all sources
2026-09-17 18:18:33,664 ERROR yfinance: $NWSLL: No data found, symbol may be delisted
2026-09-17 18:18:37,774 WARNING src.options_filter: NWSLL: options data unavailable from all sources
2026-09-17 18:18:37,928 ERROR yfinance: $UNKNOWN: No data found, symbol may be delisted
2026-09-17 18:18:42,060 WARNING src.options_filter: UNKNOWN: options data unavailable from all sources
2026-09-17 18:18:42,187 ERROR yfinance: $UNKNOWN: No data found, symbol may be delisted
2026-09-17 18:18:46,283 WARNING src.options_filter: UNKNOWN: options data unavailable from all sources
2026-09-17 18:18:46,283 INFO run_daily: Passed options gate: 32 events
2026-09-17 18:18:46,283 INFO run_daily: Step 7: enriching 32 events
2026-09-17 18:18:57,490 INFO run_daily: Step 8: dedup
2026-09-17 18:18:57,490 INFO run_daily: Step 9: ranking
2026-09-17 18:18:57,491 INFO run_daily: Step 10: writing digest
2026-09-17 18:18:57,527 INFO src.digest_writer: digest written: output/market_radar_2026-09-17.html
2026-09-17 18:18:57,527 INFO run_daily: === Done: output/market_radar_2026-09-17.html ===
