2026-09-16 17:33:10,486 INFO run_daily: === Market Event Radar starting — 2026-09-16 ===
2026-09-16 17:33:10,488 INFO run_daily: Step 1: fetching earnings calendar
2026-09-16 17:33:27,241 INFO src.event_fetcher: nasdaq earnings: 72 entries across 7 days
2026-09-16 17:33:28,434 INFO src.event_fetcher: finnhub earnings: 59 entries
2026-09-16 17:33:28,435 INFO src.event_fetcher: merged earnings universe: 116 unique tickers
2026-09-16 17:33:28,435 INFO run_daily: Step 2: fetching 8-K filings
2026-09-16 17:33:29,613 INFO src.event_fetcher: edgar 8-K filings: 100
2026-09-16 17:33:29,927 INFO run_daily: Step 3: building universe
2026-09-16 17:33:29,928 INFO src.universe: universe: 35 tickers (10 watchlist, 25 discovered)
2026-09-16 17:33:29,928 INFO run_daily: Universe: 35 tickers
2026-09-16 17:33:29,928 INFO run_daily: Step 4: yfinance cross-check for 35 tickers
2026-09-16 17:33:48,507 INFO run_daily: Step 5: building earnings events
2026-09-16 17:33:48,508 INFO src.source_merger: earnings events built: 116
2026-09-16 17:33:48,508 INFO run_daily: Step 5b: building 8-K events
2026-09-16 17:33:48,511 INFO run_daily: Step 6: options filter (216 candidates)
2026-09-16 17:33:52,775 WARNING src.options_filter: AGSS: options data unavailable from all sources
2026-09-16 17:33:56,982 WARNING src.options_filter: ASTC: options data unavailable from all sources
2026-09-16 17:33:57,304 ERROR yfinance: HTTP Error 404: {"quoteSummary":{"result":null,"error":{"code":"Not Found","description":"Quote not found for symbol: CLRC"}}}
2026-09-16 17:33:57,533 ERROR yfinance: $CLRC: No data found, symbol may be delisted
2026-09-16 17:34:01,677 WARNING src.options_filter: CLRC: options data unavailable from all sources
2026-09-16 17:34:11,993 WARNING src.options_filter: GLNS: options data unavailable from all sources
2026-09-16 17:34:19,581 WARNING src.options_filter: MGLD: options data unavailable from all sources
2026-09-16 17:34:23,753 WARNING src.options_filter: NAII: options data unavailable from all sources
2026-09-16 17:34:31,408 WARNING src.options_filter: PZG: options data unavailable from all sources
2026-09-16 17:34:39,356 WARNING src.options_filter: YDES: options data unavailable from all sources
2026-09-16 17:34:43,049 WARNING src.options_filter: RWWI: options data unavailable from all sources
2026-09-16 17:34:55,399 WARNING src.options_filter: CBIH: options data unavailable from all sources
2026-09-16 17:34:59,562 WARNING src.options_filter: COOT: options data unavailable from all sources
2026-09-16 17:35:06,096 WARNING src.options_filter: HCBC: options data unavailable from all sources
2026-09-16 17:35:10,309 WARNING src.options_filter: HLEO: options data unavailable from all sources
2026-09-16 17:35:14,493 WARNING src.options_filter: INM: options data unavailable from all sources
2026-09-16 17:35:18,709 WARNING src.options_filter: KCRD: options data unavailable from all sources
2026-09-16 17:35:22,884 WARNING src.options_filter: MSS: options data unavailable from all sources
2026-09-16 17:35:27,083 WARNING src.options_filter: NAMI: options data unavailable from all sources
2026-09-16 17:35:31,421 WARNING src.options_filter: NCPL: options data unavailable from all sources
2026-09-16 17:35:35,673 WARNING src.options_filter: PTN: options data unavailable from all sources
2026-09-16 17:35:36,041 ERROR yfinance: HTTP Error 404: {"quoteSummary":{"result":null,"error":{"code":"Not Found","description":"Quote not found for symbol: SBSAA"}}}
2026-09-16 17:35:36,281 ERROR yfinance: $SBSAA: No data found, symbol may be delisted
2026-09-16 17:35:40,366 WARNING src.options_filter: SBSAA: options data unavailable from all sources
2026-09-16 17:35:44,589 WARNING src.options_filter: TDTH: options data unavailable from all sources
2026-09-16 17:35:44,676 ERROR yfinance: $WDSP: possibly delisted; no price data found  (period=1mo)
2026-09-16 17:35:48,797 WARNING src.options_filter: WDSP: options data unavailable from all sources
2026-09-16 17:35:53,029 WARNING src.options_filter: AMEN: options data unavailable from all sources
2026-09-16 17:35:57,285 WARNING src.options_filter: BIOQ: options data unavailable from all sources
2026-09-16 17:36:04,991 WARNING src.options_filter: ESP: options data unavailable from all sources
2026-09-16 17:36:09,219 WARNING src.options_filter: GFLT: options data unavailable from all sources
2026-09-16 17:36:13,483 WARNING src.options_filter: GWOX: options data unavailable from all sources
2026-09-16 17:36:17,695 WARNING src.options_filter: HUHU: options data unavailable from all sources
2026-09-16 17:36:21,918 WARNING src.options_filter: INTE: options data unavailable from all sources
2026-09-16 17:36:26,147 WARNING src.options_filter: ITOX: options data unavailable from all sources
2026-09-16 17:36:30,439 WARNING src.options_filter: JF: options data unavailable from all sources
2026-09-16 17:36:34,615 WARNING src.options_filter: OWPC: options data unavailable from all sources
2026-09-16 17:36:41,429 WARNING src.options_filter: TRT: options data unavailable from all sources
2026-09-16 17:36:59,688 ERROR yfinance: $LEN.B: possibly delisted; no price data found  (period=1mo)
2026-09-16 17:37:03,902 WARNING src.options_filter: LEN.B: options data unavailable from all sources
2026-09-16 17:37:22,977 WARNING src.options_filter: RYDE: options data unavailable from all sources
2026-09-16 17:37:27,154 WARNING src.options_filter: SANG: options data unavailable from all sources
2026-09-16 17:37:31,359 WARNING src.options_filter: HERE: options data unavailable from all sources
2026-09-16 17:37:35,595 WARNING src.options_filter: AACG: options data unavailable from all sources
2026-09-16 17:37:39,843 WARNING src.options_filter: DSWL: options data unavailable from all sources
2026-09-16 17:37:44,058 WARNING src.options_filter: YI: options data unavailable from all sources
2026-09-16 17:37:48,296 WARNING src.options_filter: SJ: options data unavailable from all sources
2026-09-16 17:37:52,507 WARNING src.options_filter: ATCH: options data unavailable from all sources
2026-09-16 17:37:56,771 WARNING src.options_filter: GAUZ: options data unavailable from all sources
2026-09-16 17:38:03,608 WARNING src.options_filter: GURE: options data unavailable from all sources
2026-09-16 17:38:07,786 WARNING src.options_filter: LKSP: options data unavailable from all sources
2026-09-16 17:38:17,754 WARNING src.options_filter: IPHA: options data unavailable from all sources
2026-09-16 17:38:27,522 WARNING src.options_filter: IH: options data unavailable from all sources
2026-09-16 17:38:31,760 WARNING src.options_filter: EONR: options data unavailable from all sources
2026-09-16 17:38:35,967 WARNING src.options_filter: CMMB: options data unavailable from all sources
2026-09-16 17:38:40,144 WARNING src.options_filter: ALAR: options data unavailable from all sources
2026-09-16 17:38:44,536 WARNING src.options_filter: SMXT: options data unavailable from all sources
2026-09-16 17:38:48,746 WARNING src.options_filter: BTTC: options data unavailable from all sources
2026-09-16 17:38:55,845 WARNING src.options_filter: IPST: options data unavailable from all sources
2026-09-16 17:39:00,048 WARNING src.options_filter: SNYR: options data unavailable from all sources
2026-09-16 17:39:07,665 WARNING src.options_filter: HTLM: options data unavailable from all sources
2026-09-16 17:39:11,900 WARNING src.options_filter: ZONE: options data unavailable from all sources
2026-09-16 17:39:20,157 WARNING src.options_filter: IHT: options data unavailable from all sources
2026-09-16 17:39:29,375 WARNING src.options_filter: CHRN: options data unavailable from all sources
2026-09-16 17:39:33,572 WARNING src.options_filter: CURR: options data unavailable from all sources
2026-09-16 17:39:43,904 WARNING src.options_filter: YYAI: options data unavailable from all sources
2026-09-16 17:39:48,081 WARNING src.options_filter: FRGT: options data unavailable from all sources
2026-09-16 17:40:01,205 WARNING src.options_filter: ALPS: options data unavailable from all sources
2026-09-16 17:40:05,509 WARNING src.options_filter: BRLS: options data unavailable from all sources
2026-09-16 17:40:09,811 WARNING src.options_filter: AAME: options data unavailable from all sources
2026-09-16 17:40:14,050 WARNING src.options_filter: AYTU: options data unavailable from all sources
2026-09-16 17:40:18,304 WARNING src.options_filter: SEGG: options data unavailable from all sources
2026-09-16 17:40:22,953 WARNING src.options_filter: BRTX: options data unavailable from all sources
2026-09-16 17:40:27,162 WARNING src.options_filter: SHPH: options data unavailable from all sources
2026-09-16 17:40:31,384 WARNING src.options_filter: GTEN: options data unavailable from all sources
2026-09-16 17:40:31,910 ERROR yfinance: $UNKNOWN: No data found, symbol may be delisted
2026-09-16 17:40:36,002 WARNING src.options_filter: UNKNOWN: options data unavailable from all sources
2026-09-16 17:40:36,184 ERROR yfinance: $UNKNOWN: No data found, symbol may be delisted
2026-09-16 17:40:40,284 WARNING src.options_filter: UNKNOWN: options data unavailable from all sources
2026-09-16 17:40:40,438 ERROR yfinance: $UNKNOWN: No data found, symbol may be delisted
2026-09-16 17:40:44,533 WARNING src.options_filter: UNKNOWN: options data unavailable from all sources
2026-09-16 17:40:44,664 ERROR yfinance: $UNKNOWN: No data found, symbol may be delisted
2026-09-16 17:40:48,801 WARNING src.options_filter: UNKNOWN: options data unavailable from all sources
2026-09-16 17:40:49,055 ERROR yfinance: $UNKNOWN: No data found, symbol may be delisted
2026-09-16 17:40:53,218 WARNING src.options_filter: UNKNOWN: options data unavailable from all sources
2026-09-16 17:40:53,337 ERROR yfinance: $UNKNOWN: No data found, symbol may be delisted
2026-09-16 17:40:57,420 WARNING src.options_filter: UNKNOWN: options data unavailable from all sources
2026-09-16 17:40:57,562 ERROR yfinance: $UNKNOWN: No data found, symbol may be delisted
2026-09-16 17:41:01,689 WARNING src.options_filter: UNKNOWN: options data unavailable from all sources
2026-09-16 17:41:02,298 ERROR yfinance: $UNKNOWN: No data found, symbol may be delisted
2026-09-16 17:41:06,501 WARNING src.options_filter: UNKNOWN: options data unavailable from all sources
2026-09-16 17:41:06,651 ERROR yfinance: $UNKNOWN: No data found, symbol may be delisted
2026-09-16 17:41:10,773 WARNING src.options_filter: UNKNOWN: options data unavailable from all sources
2026-09-16 17:41:10,914 ERROR yfinance: $UNKNOWN: No data found, symbol may be delisted
2026-09-16 17:41:15,030 WARNING src.options_filter: UNKNOWN: options data unavailable from all sources
2026-09-16 17:41:15,181 ERROR yfinance: $UNKNOWN: No data found, symbol may be delisted
2026-09-16 17:41:19,271 WARNING src.options_filter: UNKNOWN: options data unavailable from all sources
2026-09-16 17:41:19,439 ERROR yfinance: $UNKNOWN: No data found, symbol may be delisted
2026-09-16 17:41:23,538 WARNING src.options_filter: UNKNOWN: options data unavailable from all sources
2026-09-16 17:41:23,712 ERROR yfinance: $UNKNOWN: No data found, symbol may be delisted
2026-09-16 17:41:27,806 WARNING src.options_filter: UNKNOWN: options data unavailable from all sources
2026-09-16 17:41:32,029 WARNING src.options_filter: LILAP: options data unavailable from all sources
2026-09-16 17:41:32,162 ERROR yfinance: $UNKNOWN: No data found, symbol may be delisted
2026-09-16 17:41:36,290 WARNING src.options_filter: UNKNOWN: options data unavailable from all sources
2026-09-16 17:41:36,411 ERROR yfinance: $UNKNOWN: No data found, symbol may be delisted
2026-09-16 17:41:40,497 WARNING src.options_filter: UNKNOWN: options data unavailable from all sources
2026-09-16 17:41:40,678 ERROR yfinance: $UNKNOWN: No data found, symbol may be delisted
2026-09-16 17:41:44,769 WARNING src.options_filter: UNKNOWN: options data unavailable from all sources
2026-09-16 17:41:47,529 ERROR yfinance: $UNKNOWN: No data found, symbol may be delisted
2026-09-16 17:41:51,623 WARNING src.options_filter: UNKNOWN: options data unavailable from all sources
2026-09-16 17:41:51,771 ERROR yfinance: $UNKNOWN: No data found, symbol may be delisted
2026-09-16 17:41:55,863 WARNING src.options_filter: UNKNOWN: options data unavailable from all sources
2026-09-16 17:41:59,479 WARNING src.options_filter: CURLF: options data unavailable from all sources
2026-09-16 17:41:59,658 ERROR yfinance: $UNKNOWN: No data found, symbol may be delisted
2026-09-16 17:42:03,760 WARNING src.options_filter: UNKNOWN: options data unavailable from all sources
2026-09-16 17:42:03,881 ERROR yfinance: $UNKNOWN: No data found, symbol may be delisted
2026-09-16 17:42:07,967 WARNING src.options_filter: UNKNOWN: options data unavailable from all sources
2026-09-16 17:42:08,106 ERROR yfinance: $UNKNOWN: No data found, symbol may be delisted
2026-09-16 17:42:12,249 WARNING src.options_filter: UNKNOWN: options data unavailable from all sources
2026-09-16 17:42:12,360 ERROR yfinance: $UNKNOWN: No data found, symbol may be delisted
2026-09-16 17:42:16,455 WARNING src.options_filter: UNKNOWN: options data unavailable from all sources
2026-09-16 17:42:16,571 ERROR yfinance: $UNKNOWN: No data found, symbol may be delisted
2026-09-16 17:42:20,678 WARNING src.options_filter: UNKNOWN: options data unavailable from all sources
2026-09-16 17:42:20,851 ERROR yfinance: $UNKNOWN: No data found, symbol may be delisted
2026-09-16 17:42:24,948 WARNING src.options_filter: UNKNOWN: options data unavailable from all sources
2026-09-16 17:42:25,107 ERROR yfinance: $UNKNOWN: No data found, symbol may be delisted
2026-09-16 17:42:29,194 WARNING src.options_filter: UNKNOWN: options data unavailable from all sources
2026-09-16 17:42:29,316 ERROR yfinance: $UNKNOWN: No data found, symbol may be delisted
2026-09-16 17:42:33,396 WARNING src.options_filter: UNKNOWN: options data unavailable from all sources
2026-09-16 17:42:33,531 ERROR yfinance: $UNKNOWN: No data found, symbol may be delisted
2026-09-16 17:42:37,640 WARNING src.options_filter: UNKNOWN: options data unavailable from all sources
2026-09-16 17:42:37,788 ERROR yfinance: $UNKNOWN: No data found, symbol may be delisted
2026-09-16 17:42:41,878 WARNING src.options_filter: UNKNOWN: options data unavailable from all sources
2026-09-16 17:42:42,147 ERROR yfinance: $UNKNOWN: No data found, symbol may be delisted
2026-09-16 17:42:46,234 WARNING src.options_filter: UNKNOWN: options data unavailable from all sources
2026-09-16 17:42:46,348 ERROR yfinance: $UNKNOWN: No data found, symbol may be delisted
2026-09-16 17:42:50,555 WARNING src.options_filter: UNKNOWN: options data unavailable from all sources
2026-09-16 17:42:50,715 ERROR yfinance: $UNKNOWN: No data found, symbol may be delisted
2026-09-16 17:42:54,817 WARNING src.options_filter: UNKNOWN: options data unavailable from all sources
2026-09-16 17:42:54,936 ERROR yfinance: $UNKNOWN: No data found, symbol may be delisted
2026-09-16 17:42:59,071 WARNING src.options_filter: UNKNOWN: options data unavailable from all sources
2026-09-16 17:42:59,198 ERROR yfinance: $UNKNOWN: No data found, symbol may be delisted
2026-09-16 17:43:03,323 WARNING src.options_filter: UNKNOWN: options data unavailable from all sources
2026-09-16 17:43:03,482 ERROR yfinance: $UNKNOWN: No data found, symbol may be delisted
2026-09-16 17:43:07,619 WARNING src.options_filter: UNKNOWN: options data unavailable from all sources
2026-09-16 17:43:07,854 ERROR yfinance: $UNKNOWN: No data found, symbol may be delisted
2026-09-16 17:43:11,984 WARNING src.options_filter: UNKNOWN: options data unavailable from all sources
2026-09-16 17:43:14,899 ERROR yfinance: $UNKNOWN: No data found, symbol may be delisted
2026-09-16 17:43:19,010 WARNING src.options_filter: UNKNOWN: options data unavailable from all sources
2026-09-16 17:43:21,860 ERROR yfinance: $UNKNOWN: No data found, symbol may be delisted
2026-09-16 17:43:25,966 WARNING src.options_filter: UNKNOWN: options data unavailable from all sources
2026-09-16 17:43:26,099 ERROR yfinance: $UNKNOWN: No data found, symbol may be delisted
2026-09-16 17:43:30,199 WARNING src.options_filter: UNKNOWN: options data unavailable from all sources
2026-09-16 17:43:30,377 ERROR yfinance: $UNKNOWN: No data found, symbol may be delisted
2026-09-16 17:43:34,469 WARNING src.options_filter: UNKNOWN: options data unavailable from all sources
2026-09-16 17:43:34,626 ERROR yfinance: $UNKNOWN: No data found, symbol may be delisted
2026-09-16 17:43:38,724 WARNING src.options_filter: UNKNOWN: options data unavailable from all sources
2026-09-16 17:43:38,854 ERROR yfinance: $UNKNOWN: No data found, symbol may be delisted
2026-09-16 17:43:42,958 WARNING src.options_filter: UNKNOWN: options data unavailable from all sources
2026-09-16 17:43:43,081 ERROR yfinance: $UNKNOWN: No data found, symbol may be delisted
2026-09-16 17:43:47,179 WARNING src.options_filter: UNKNOWN: options data unavailable from all sources
2026-09-16 17:43:47,323 ERROR yfinance: $UNKNOWN: No data found, symbol may be delisted
2026-09-16 17:43:51,416 WARNING src.options_filter: UNKNOWN: options data unavailable from all sources
2026-09-16 17:43:51,541 ERROR yfinance: $UNKNOWN: No data found, symbol may be delisted
2026-09-16 17:43:55,637 WARNING src.options_filter: UNKNOWN: options data unavailable from all sources
2026-09-16 17:43:55,801 ERROR yfinance: $UNKNOWN: No data found, symbol may be delisted
2026-09-16 17:43:59,894 WARNING src.options_filter: UNKNOWN: options data unavailable from all sources
2026-09-16 17:44:00,151 ERROR yfinance: $UNKNOWN: No data found, symbol may be delisted
2026-09-16 17:44:04,266 WARNING src.options_filter: UNKNOWN: options data unavailable from all sources
2026-09-16 17:44:07,905 ERROR yfinance: $UNKNOWN: No data found, symbol may be delisted
2026-09-16 17:44:12,014 WARNING src.options_filter: UNKNOWN: options data unavailable from all sources
2026-09-16 17:44:12,187 ERROR yfinance: $UNKNOWN: No data found, symbol may be delisted
2026-09-16 17:44:16,320 WARNING src.options_filter: UNKNOWN: options data unavailable from all sources
2026-09-16 17:44:19,923 WARNING src.options_filter: QVCG: options data unavailable from all sources
2026-09-16 17:44:20,198 ERROR yfinance: $NWSLL: No data found, symbol may be delisted
2026-09-16 17:44:24,299 WARNING src.options_filter: NWSLL: options data unavailable from all sources
2026-09-16 17:44:24,458 ERROR yfinance: $UNKNOWN: No data found, symbol may be delisted
2026-09-16 17:44:28,606 WARNING src.options_filter: UNKNOWN: options data unavailable from all sources
2026-09-16 17:44:28,838 ERROR yfinance: $UNKNOWN: No data found, symbol may be delisted
2026-09-16 17:44:32,930 WARNING src.options_filter: UNKNOWN: options data unavailable from all sources
2026-09-16 17:44:36,541 ERROR yfinance: $UNKNOWN: No data found, symbol may be delisted
2026-09-16 17:44:40,637 WARNING src.options_filter: UNKNOWN: options data unavailable from all sources
2026-09-16 17:44:40,752 ERROR yfinance: $UNKNOWN: No data found, symbol may be delisted
2026-09-16 17:44:44,844 WARNING src.options_filter: UNKNOWN: options data unavailable from all sources
2026-09-16 17:44:45,013 ERROR yfinance: $UNKNOWN: No data found, symbol may be delisted
2026-09-16 17:44:49,110 WARNING src.options_filter: UNKNOWN: options data unavailable from all sources
2026-09-16 17:44:49,273 ERROR yfinance: $UNKNOWN: No data found, symbol may be delisted
2026-09-16 17:44:53,384 WARNING src.options_filter: UNKNOWN: options data unavailable from all sources
2026-09-16 17:44:53,507 ERROR yfinance: $UNKNOWN: No data found, symbol may be delisted
2026-09-16 17:44:57,606 WARNING src.options_filter: UNKNOWN: options data unavailable from all sources
2026-09-16 17:44:57,772 ERROR yfinance: $UNKNOWN: No data found, symbol may be delisted
2026-09-16 17:45:01,879 WARNING src.options_filter: UNKNOWN: options data unavailable from all sources
2026-09-16 17:45:02,029 ERROR yfinance: $UNKNOWN: No data found, symbol may be delisted
2026-09-16 17:45:06,181 WARNING src.options_filter: UNKNOWN: options data unavailable from all sources
2026-09-16 17:45:06,331 ERROR yfinance: $UNKNOWN: No data found, symbol may be delisted
2026-09-16 17:45:10,582 WARNING src.options_filter: UNKNOWN: options data unavailable from all sources
2026-09-16 17:45:10,694 ERROR yfinance: $UNKNOWN: No data found, symbol may be delisted
2026-09-16 17:45:14,806 WARNING src.options_filter: UNKNOWN: options data unavailable from all sources
2026-09-16 17:45:15,097 ERROR yfinance: $UNKNOWN: No data found, symbol may be delisted
2026-09-16 17:45:19,207 WARNING src.options_filter: UNKNOWN: options data unavailable from all sources
2026-09-16 17:45:19,405 ERROR yfinance: $UNKNOWN: No data found, symbol may be delisted
2026-09-16 17:45:23,615 WARNING src.options_filter: UNKNOWN: options data unavailable from all sources
2026-09-16 17:45:23,767 ERROR yfinance: $UNKNOWN: No data found, symbol may be delisted
2026-09-16 17:45:27,868 WARNING src.options_filter: UNKNOWN: options data unavailable from all sources
2026-09-16 17:45:28,007 ERROR yfinance: $UNKNOWN: No data found, symbol may be delisted
2026-09-16 17:45:32,201 WARNING src.options_filter: UNKNOWN: options data unavailable from all sources
2026-09-16 17:45:32,355 ERROR yfinance: $NWSLL: No data found, symbol may be delisted
2026-09-16 17:45:36,469 WARNING src.options_filter: NWSLL: options data unavailable from all sources
2026-09-16 17:45:36,600 ERROR yfinance: $UNKNOWN: No data found, symbol may be delisted
2026-09-16 17:45:40,759 WARNING src.options_filter: UNKNOWN: options data unavailable from all sources
2026-09-16 17:45:40,906 ERROR yfinance: $UNKNOWN: No data found, symbol may be delisted
2026-09-16 17:45:45,005 WARNING src.options_filter: UNKNOWN: options data unavailable from all sources
2026-09-16 17:45:45,152 ERROR yfinance: $UNKNOWN: No data found, symbol may be delisted
2026-09-16 17:45:49,259 WARNING src.options_filter: UNKNOWN: options data unavailable from all sources
2026-09-16 17:45:49,394 ERROR yfinance: $UNKNOWN: No data found, symbol may be delisted
2026-09-16 17:45:53,483 WARNING src.options_filter: UNKNOWN: options data unavailable from all sources
2026-09-16 17:45:53,605 ERROR yfinance: $UNKNOWN: No data found, symbol may be delisted
2026-09-16 17:45:57,688 WARNING src.options_filter: UNKNOWN: options data unavailable from all sources
2026-09-16 17:46:00,608 ERROR yfinance: $UNKNOWN: No data found, symbol may be delisted
2026-09-16 17:46:04,713 WARNING src.options_filter: UNKNOWN: options data unavailable from all sources
2026-09-16 17:46:04,901 ERROR yfinance: $UNKNOWN: No data found, symbol may be delisted
2026-09-16 17:46:09,000 WARNING src.options_filter: UNKNOWN: options data unavailable from all sources
2026-09-16 17:46:09,138 ERROR yfinance: $UNKNOWN: No data found, symbol may be delisted
2026-09-16 17:46:13,262 WARNING src.options_filter: UNKNOWN: options data unavailable from all sources
2026-09-16 17:46:13,433 ERROR yfinance: $UNKNOWN: No data found, symbol may be delisted
2026-09-16 17:46:17,546 WARNING src.options_filter: UNKNOWN: options data unavailable from all sources
2026-09-16 17:46:17,778 ERROR yfinance: $UNKNOWN: No data found, symbol may be delisted
2026-09-16 17:46:21,902 WARNING src.options_filter: UNKNOWN: options data unavailable from all sources
2026-09-16 17:46:22,086 ERROR yfinance: $UNKNOWN: No data found, symbol may be delisted
2026-09-16 17:46:26,196 WARNING src.options_filter: UNKNOWN: options data unavailable from all sources
2026-09-16 17:46:26,320 ERROR yfinance: $UNKNOWN: No data found, symbol may be delisted
2026-09-16 17:46:30,475 WARNING src.options_filter: UNKNOWN: options data unavailable from all sources
2026-09-16 17:46:34,071 WARNING src.options_filter: ASB-PF: options data unavailable from all sources
2026-09-16 17:46:34,196 ERROR yfinance: $UNKNOWN: No data found, symbol may be delisted
2026-09-16 17:46:38,291 WARNING src.options_filter: UNKNOWN: options data unavailable from all sources
2026-09-16 17:46:38,408 ERROR yfinance: $UNKNOWN: No data found, symbol may be delisted
2026-09-16 17:46:42,496 WARNING src.options_filter: UNKNOWN: options data unavailable from all sources
2026-09-16 17:46:42,887 ERROR yfinance: $UNKNOWN: No data found, symbol may be delisted
2026-09-16 17:46:46,973 WARNING src.options_filter: UNKNOWN: options data unavailable from all sources
2026-09-16 17:46:47,110 ERROR yfinance: $UNKNOWN: No data found, symbol may be delisted
2026-09-16 17:46:51,219 WARNING src.options_filter: UNKNOWN: options data unavailable from all sources
2026-09-16 17:46:51,220 INFO run_daily: Passed options gate: 27 events
2026-09-16 17:46:51,220 INFO run_daily: Step 7: enriching 27 events
2026-09-16 17:47:05,855 INFO run_daily: Step 8: dedup
2026-09-16 17:47:05,855 INFO run_daily: Step 9: ranking
2026-09-16 17:47:05,855 INFO run_daily: Step 10: writing digest
2026-09-16 17:47:05,892 INFO src.digest_writer: digest written: output/market_radar_2026-09-16.html
2026-09-16 17:47:05,892 INFO run_daily: === Done: output/market_radar_2026-09-16.html ===
