2026-10-02 19:08:42,523 INFO run_daily: === Market Event Radar starting — 2026-10-02 ===
2026-10-02 19:08:42,525 INFO run_daily: Step 1: fetching earnings calendar
2026-10-02 19:08:52,213 INFO src.event_fetcher: nasdaq earnings: 30 entries across 7 days
2026-10-02 19:08:53,423 INFO src.event_fetcher: finnhub earnings: 83 entries
2026-10-02 19:08:53,423 INFO src.event_fetcher: merged earnings universe: 90 unique tickers
2026-10-02 19:08:53,424 INFO run_daily: Step 2: fetching 8-K filings
2026-10-02 19:08:54,102 INFO src.event_fetcher: edgar 8-K filings: 100
2026-10-02 19:08:54,321 INFO run_daily: Step 3: building universe
2026-10-02 19:08:54,321 INFO src.universe: universe: 35 tickers (10 watchlist, 25 discovered)
2026-10-02 19:08:54,322 INFO run_daily: Universe: 35 tickers
2026-10-02 19:08:54,322 INFO run_daily: Step 4: yfinance cross-check for 35 tickers
2026-10-02 19:09:03,696 ERROR yfinance: HTTP Error 404: {"quoteSummary":{"result":null,"error":{"code":"Not Found","description":"Quote not found for symbol: SBSAA"}}}
2026-10-02 19:09:08,060 INFO run_daily: Step 5: building earnings events
2026-10-02 19:09:08,060 INFO src.source_merger: earnings events built: 90
2026-10-02 19:09:08,060 INFO run_daily: Step 5b: building 8-K events
2026-10-02 19:09:08,062 INFO run_daily: Step 6: options filter (190 candidates)
2026-10-02 19:09:11,983 WARNING src.options_filter: CCEL: options data unavailable from all sources
2026-10-02 19:09:12,324 ERROR yfinance: HTTP Error 404: {"quoteSummary":{"result":null,"error":{"code":"Not Found","description":"Quote not found for symbol: CLSD"}}}
2026-10-02 19:09:12,580 ERROR yfinance: $CLSD: No data found, symbol may be delisted
2026-10-02 19:09:16,892 WARNING src.options_filter: CLSD: options data unavailable from all sources
2026-10-02 19:09:20,656 WARNING src.options_filter: HIFS: options data unavailable from all sources
2026-10-02 19:09:24,417 WARNING src.options_filter: HOVR: options data unavailable from all sources
2026-10-02 19:09:28,221 WARNING src.options_filter: MLGF: options data unavailable from all sources
2026-10-02 19:09:32,169 WARNING src.options_filter: PBNC: options data unavailable from all sources
2026-10-02 19:09:35,942 WARNING src.options_filter: AMBK: options data unavailable from all sources
2026-10-02 19:09:39,699 WARNING src.options_filter: CIBH: options data unavailable from all sources
2026-10-02 19:09:43,501 WARNING src.options_filter: CNBB: options data unavailable from all sources
2026-10-02 19:09:47,259 WARNING src.options_filter: CYDY: options data unavailable from all sources
2026-10-02 19:09:51,021 WARNING src.options_filter: INTG: options data unavailable from all sources
2026-10-02 19:09:54,778 WARNING src.options_filter: KARO: options data unavailable from all sources
2026-10-02 19:09:58,727 WARNING src.options_filter: LOGN: options data unavailable from all sources
2026-10-02 19:10:02,491 WARNING src.options_filter: ODC: options data unavailable from all sources
2026-10-02 19:10:06,301 WARNING src.options_filter: SODI: options data unavailable from all sources
2026-10-02 19:10:10,069 WARNING src.options_filter: BKSC: options data unavailable from all sources
2026-10-02 19:10:10,540 ERROR yfinance: $GLEI: No data found, symbol may be delisted
2026-10-02 19:10:14,793 WARNING src.options_filter: GLEI: options data unavailable from all sources
2026-10-02 19:10:18,621 WARNING src.options_filter: LFS: options data unavailable from all sources
2026-10-02 19:10:22,391 WARNING src.options_filter: WELNF: options data unavailable from all sources
2026-10-02 19:10:26,180 WARNING src.options_filter: ADVB: options data unavailable from all sources
2026-10-02 19:10:29,939 WARNING src.options_filter: ANVI: options data unavailable from all sources
2026-10-02 19:10:33,755 WARNING src.options_filter: AXIL: options data unavailable from all sources
2026-10-02 19:10:37,550 WARNING src.options_filter: FBSI: options data unavailable from all sources
2026-10-02 19:10:41,317 WARNING src.options_filter: NKGN: options data unavailable from all sources
2026-10-02 19:10:45,118 WARNING src.options_filter: NXTT: options data unavailable from all sources
2026-10-02 19:10:48,875 WARNING src.options_filter: AIO: options data unavailable from all sources
2026-10-02 19:10:52,704 WARNING src.options_filter: ATGL: options data unavailable from all sources
2026-10-02 19:10:56,463 WARNING src.options_filter: BRTX: options data unavailable from all sources
2026-10-02 19:11:00,221 WARNING src.options_filter: CYTOF: options data unavailable from all sources
2026-10-02 19:11:03,984 WARNING src.options_filter: EQFN: options data unavailable from all sources
2026-10-02 19:11:07,742 WARNING src.options_filter: FGNV: options data unavailable from all sources
2026-10-02 19:11:11,506 WARNING src.options_filter: HPF: options data unavailable from all sources
2026-10-02 19:11:15,285 WARNING src.options_filter: HTOO: options data unavailable from all sources
2026-10-02 19:11:19,240 WARNING src.options_filter: INTE: options data unavailable from all sources
2026-10-02 19:11:23,039 WARNING src.options_filter: MFON: options data unavailable from all sources
2026-10-02 19:11:26,805 WARNING src.options_filter: MPCB: options data unavailable from all sources
2026-10-02 19:11:30,556 WARNING src.options_filter: MXE: options data unavailable from all sources
2026-10-02 19:11:34,306 WARNING src.options_filter: NCZ: options data unavailable from all sources
2026-10-02 19:11:38,066 WARNING src.options_filter: NFJ: options data unavailable from all sources
2026-10-02 19:11:41,816 WARNING src.options_filter: NIE: options data unavailable from all sources
2026-10-02 19:11:42,210 ERROR yfinance: $SBSAA: No data found, symbol may be delisted
2026-10-02 19:11:46,460 WARNING src.options_filter: SBSAA: options data unavailable from all sources
2026-10-02 19:11:50,265 WARNING src.options_filter: SPPL: options data unavailable from all sources
2026-10-02 19:11:54,015 WARNING src.options_filter: TC: options data unavailable from all sources
2026-10-02 19:11:57,764 WARNING src.options_filter: TRSG: options data unavailable from all sources
2026-10-02 19:12:01,511 WARNING src.options_filter: VCIG: options data unavailable from all sources
2026-10-02 19:12:05,277 WARNING src.options_filter: VWFB: options data unavailable from all sources
2026-10-02 19:12:05,532 ERROR yfinance: $WDSP: No data found, symbol may be delisted
2026-10-02 19:12:09,778 WARNING src.options_filter: WDSP: options data unavailable from all sources
2026-10-02 19:12:13,527 WARNING src.options_filter: AGSS: options data unavailable from all sources
2026-10-02 19:12:17,273 WARNING src.options_filter: ALP: options data unavailable from all sources
2026-10-02 19:12:21,054 WARNING src.options_filter: BABB: options data unavailable from all sources
2026-10-02 19:12:24,837 WARNING src.options_filter: CBIH: options data unavailable from all sources
2026-10-02 19:12:28,591 WARNING src.options_filter: COOT: options data unavailable from all sources
2026-10-02 19:12:32,345 WARNING src.options_filter: CYCA: options data unavailable from all sources
2026-10-02 19:12:36,112 WARNING src.options_filter: MDRX: options data unavailable from all sources
2026-10-02 19:12:39,872 WARNING src.options_filter: QH: options data unavailable from all sources
2026-10-02 19:12:43,620 WARNING src.options_filter: VIVC: options data unavailable from all sources
2026-10-02 19:12:47,373 WARNING src.options_filter: ZEOX: options data unavailable from all sources
2026-10-02 19:12:51,120 WARNING src.options_filter: ZVSA: options data unavailable from all sources
2026-10-02 19:12:54,870 WARNING src.options_filter: NCPL: options data unavailable from all sources
2026-10-02 19:12:58,622 WARNING src.options_filter: MSS: options data unavailable from all sources
2026-10-02 19:13:02,387 WARNING src.options_filter: VLGEA: options data unavailable from all sources
2026-10-02 19:13:06,148 WARNING src.options_filter: ARTW: options data unavailable from all sources
2026-10-02 19:13:09,923 WARNING src.options_filter: TAYD: options data unavailable from all sources
2026-10-02 19:13:13,687 WARNING src.options_filter: CMMB: options data unavailable from all sources
2026-10-02 19:13:13,965 ERROR yfinance: $UNKNOWN: No data found, symbol may be delisted
2026-10-02 19:13:18,235 WARNING src.options_filter: UNKNOWN: options data unavailable from all sources
2026-10-02 19:13:18,417 ERROR yfinance: $UNKNOWN: No data found, symbol may be delisted
2026-10-02 19:13:22,685 WARNING src.options_filter: UNKNOWN: options data unavailable from all sources
2026-10-02 19:13:22,840 ERROR yfinance: $UNKNOWN: No data found, symbol may be delisted
2026-10-02 19:13:27,253 WARNING src.options_filter: UNKNOWN: options data unavailable from all sources
2026-10-02 19:13:27,391 ERROR yfinance: $UNKNOWN: No data found, symbol may be delisted
2026-10-02 19:13:31,638 WARNING src.options_filter: UNKNOWN: options data unavailable from all sources
2026-10-02 19:13:31,770 ERROR yfinance: $UNKNOWN: No data found, symbol may be delisted
2026-10-02 19:13:36,025 WARNING src.options_filter: UNKNOWN: options data unavailable from all sources
2026-10-02 19:13:36,158 ERROR yfinance: $UNKNOWN: No data found, symbol may be delisted
2026-10-02 19:13:40,407 WARNING src.options_filter: UNKNOWN: options data unavailable from all sources
2026-10-02 19:13:40,628 ERROR yfinance: $UNKNOWN: No data found, symbol may be delisted
2026-10-02 19:13:44,885 WARNING src.options_filter: UNKNOWN: options data unavailable from all sources
2026-10-02 19:13:45,066 ERROR yfinance: $UNKNOWN: No data found, symbol may be delisted
2026-10-02 19:13:49,321 WARNING src.options_filter: UNKNOWN: options data unavailable from all sources
2026-10-02 19:13:49,501 ERROR yfinance: $UNKNOWN: No data found, symbol may be delisted
2026-10-02 19:13:53,759 WARNING src.options_filter: UNKNOWN: options data unavailable from all sources
2026-10-02 19:13:54,010 ERROR yfinance: $NWSLL: No data found, symbol may be delisted
2026-10-02 19:13:58,278 WARNING src.options_filter: NWSLL: options data unavailable from all sources
2026-10-02 19:13:58,410 ERROR yfinance: $UNKNOWN: No data found, symbol may be delisted
2026-10-02 19:14:02,669 WARNING src.options_filter: UNKNOWN: options data unavailable from all sources
2026-10-02 19:14:02,819 ERROR yfinance: $UNKNOWN: No data found, symbol may be delisted
2026-10-02 19:14:07,083 WARNING src.options_filter: UNKNOWN: options data unavailable from all sources
2026-10-02 19:14:07,209 ERROR yfinance: $UNKNOWN: No data found, symbol may be delisted
2026-10-02 19:14:11,457 WARNING src.options_filter: UNKNOWN: options data unavailable from all sources
2026-10-02 19:14:11,589 ERROR yfinance: $UNKNOWN: No data found, symbol may be delisted
2026-10-02 19:14:15,839 WARNING src.options_filter: UNKNOWN: options data unavailable from all sources
2026-10-02 19:14:16,015 ERROR yfinance: $UNKNOWN: No data found, symbol may be delisted
2026-10-02 19:14:20,288 WARNING src.options_filter: UNKNOWN: options data unavailable from all sources
2026-10-02 19:14:20,487 ERROR yfinance: $UNKNOWN: No data found, symbol may be delisted
2026-10-02 19:14:24,737 WARNING src.options_filter: UNKNOWN: options data unavailable from all sources
2026-10-02 19:14:24,864 ERROR yfinance: $UNKNOWN: No data found, symbol may be delisted
2026-10-02 19:14:29,120 WARNING src.options_filter: UNKNOWN: options data unavailable from all sources
2026-10-02 19:14:29,300 ERROR yfinance: $UNKNOWN: No data found, symbol may be delisted
2026-10-02 19:14:33,545 WARNING src.options_filter: UNKNOWN: options data unavailable from all sources
2026-10-02 19:14:33,682 ERROR yfinance: $UNKNOWN: No data found, symbol may be delisted
2026-10-02 19:14:37,936 WARNING src.options_filter: UNKNOWN: options data unavailable from all sources
2026-10-02 19:14:38,095 ERROR yfinance: $UNKNOWN: No data found, symbol may be delisted
2026-10-02 19:14:42,346 WARNING src.options_filter: UNKNOWN: options data unavailable from all sources
2026-10-02 19:14:42,475 ERROR yfinance: $UNKNOWN: No data found, symbol may be delisted
2026-10-02 19:14:46,735 WARNING src.options_filter: UNKNOWN: options data unavailable from all sources
2026-10-02 19:14:46,892 ERROR yfinance: $UNKNOWN: No data found, symbol may be delisted
2026-10-02 19:14:51,142 WARNING src.options_filter: UNKNOWN: options data unavailable from all sources
2026-10-02 19:14:51,361 ERROR yfinance: $UNKNOWN: No data found, symbol may be delisted
2026-10-02 19:14:55,611 WARNING src.options_filter: UNKNOWN: options data unavailable from all sources
2026-10-02 19:14:55,740 ERROR yfinance: $UNKNOWN: No data found, symbol may be delisted
2026-10-02 19:14:59,993 WARNING src.options_filter: UNKNOWN: options data unavailable from all sources
2026-10-02 19:15:00,227 ERROR yfinance: $UNKNOWN: No data found, symbol may be delisted
2026-10-02 19:15:04,569 WARNING src.options_filter: UNKNOWN: options data unavailable from all sources
2026-10-02 19:15:04,693 ERROR yfinance: $UNKNOWN: No data found, symbol may be delisted
2026-10-02 19:15:08,956 WARNING src.options_filter: UNKNOWN: options data unavailable from all sources
2026-10-02 19:15:09,135 ERROR yfinance: $UNKNOWN: No data found, symbol may be delisted
2026-10-02 19:15:13,404 WARNING src.options_filter: UNKNOWN: options data unavailable from all sources
2026-10-02 19:15:13,586 ERROR yfinance: $UNKNOWN: No data found, symbol may be delisted
2026-10-02 19:15:17,876 WARNING src.options_filter: UNKNOWN: options data unavailable from all sources
2026-10-02 19:15:21,646 WARNING src.options_filter: CARL: options data unavailable from all sources
2026-10-02 19:15:21,793 ERROR yfinance: $UNKNOWN: No data found, symbol may be delisted
2026-10-02 19:15:26,046 WARNING src.options_filter: UNKNOWN: options data unavailable from all sources
2026-10-02 19:15:26,187 ERROR yfinance: $UNKNOWN: No data found, symbol may be delisted
2026-10-02 19:15:30,488 WARNING src.options_filter: UNKNOWN: options data unavailable from all sources
2026-10-02 19:15:30,668 ERROR yfinance: $UNKNOWN: No data found, symbol may be delisted
2026-10-02 19:15:34,922 WARNING src.options_filter: UNKNOWN: options data unavailable from all sources
2026-10-02 19:15:35,054 ERROR yfinance: $UNKNOWN: No data found, symbol may be delisted
2026-10-02 19:15:39,339 WARNING src.options_filter: UNKNOWN: options data unavailable from all sources
2026-10-02 19:15:39,496 ERROR yfinance: $UNKNOWN: No data found, symbol may be delisted
2026-10-02 19:15:43,766 WARNING src.options_filter: UNKNOWN: options data unavailable from all sources
2026-10-02 19:15:43,920 ERROR yfinance: $UNKNOWN: No data found, symbol may be delisted
2026-10-02 19:15:48,186 WARNING src.options_filter: UNKNOWN: options data unavailable from all sources
2026-10-02 19:15:48,332 ERROR yfinance: $UNKNOWN: No data found, symbol may be delisted
2026-10-02 19:15:52,594 WARNING src.options_filter: UNKNOWN: options data unavailable from all sources
2026-10-02 19:15:52,724 ERROR yfinance: $UNKNOWN: No data found, symbol may be delisted
2026-10-02 19:15:57,144 WARNING src.options_filter: UNKNOWN: options data unavailable from all sources
2026-10-02 19:15:57,401 ERROR yfinance: $UNKNOWN: No data found, symbol may be delisted
2026-10-02 19:16:01,701 WARNING src.options_filter: UNKNOWN: options data unavailable from all sources
2026-10-02 19:16:01,882 ERROR yfinance: $UNKNOWN: No data found, symbol may be delisted
2026-10-02 19:16:06,137 WARNING src.options_filter: UNKNOWN: options data unavailable from all sources
2026-10-02 19:16:06,271 ERROR yfinance: $UNKNOWN: No data found, symbol may be delisted
2026-10-02 19:16:10,538 WARNING src.options_filter: UNKNOWN: options data unavailable from all sources
2026-10-02 19:16:10,720 ERROR yfinance: $UNKNOWN: No data found, symbol may be delisted
2026-10-02 19:16:14,974 WARNING src.options_filter: UNKNOWN: options data unavailable from all sources
2026-10-02 19:16:15,149 ERROR yfinance: $UNKNOWN: No data found, symbol may be delisted
2026-10-02 19:16:19,469 WARNING src.options_filter: UNKNOWN: options data unavailable from all sources
2026-10-02 19:16:23,229 WARNING src.options_filter: SGP: options data unavailable from all sources
2026-10-02 19:16:23,436 ERROR yfinance: $UNKNOWN: No data found, symbol may be delisted
2026-10-02 19:16:27,767 WARNING src.options_filter: UNKNOWN: options data unavailable from all sources
2026-10-02 19:16:27,897 ERROR yfinance: $UNKNOWN: No data found, symbol may be delisted
2026-10-02 19:16:32,261 WARNING src.options_filter: UNKNOWN: options data unavailable from all sources
2026-10-02 19:16:36,015 WARNING src.options_filter: FKYS: options data unavailable from all sources
2026-10-02 19:16:39,776 WARNING src.options_filter: CODI-PA: options data unavailable from all sources
2026-10-02 19:16:39,956 ERROR yfinance: $UNKNOWN: No data found, symbol may be delisted
2026-10-02 19:16:44,202 WARNING src.options_filter: UNKNOWN: options data unavailable from all sources
2026-10-02 19:16:44,377 ERROR yfinance: $UNKNOWN: No data found, symbol may be delisted
2026-10-02 19:16:48,633 WARNING src.options_filter: UNKNOWN: options data unavailable from all sources
2026-10-02 19:16:48,868 ERROR yfinance: $UNKNOWN: No data found, symbol may be delisted
2026-10-02 19:16:53,116 WARNING src.options_filter: UNKNOWN: options data unavailable from all sources
2026-10-02 19:16:53,248 ERROR yfinance: $UNKNOWN: No data found, symbol may be delisted
2026-10-02 19:16:57,527 WARNING src.options_filter: UNKNOWN: options data unavailable from all sources
2026-10-02 19:16:57,659 ERROR yfinance: $UNKNOWN: No data found, symbol may be delisted
2026-10-02 19:17:01,921 WARNING src.options_filter: UNKNOWN: options data unavailable from all sources
2026-10-02 19:17:02,060 ERROR yfinance: $UNKNOWN: No data found, symbol may be delisted
2026-10-02 19:17:06,339 WARNING src.options_filter: UNKNOWN: options data unavailable from all sources
2026-10-02 19:17:06,500 ERROR yfinance: $UNKNOWN: No data found, symbol may be delisted
2026-10-02 19:17:10,782 WARNING src.options_filter: UNKNOWN: options data unavailable from all sources
2026-10-02 19:17:10,957 ERROR yfinance: $UNKNOWN: No data found, symbol may be delisted
2026-10-02 19:17:15,237 WARNING src.options_filter: UNKNOWN: options data unavailable from all sources
2026-10-02 19:17:15,407 ERROR yfinance: $UNKNOWN: No data found, symbol may be delisted
2026-10-02 19:17:19,654 WARNING src.options_filter: UNKNOWN: options data unavailable from all sources
2026-10-02 19:17:19,830 ERROR yfinance: $UNKNOWN: No data found, symbol may be delisted
2026-10-02 19:17:24,077 WARNING src.options_filter: UNKNOWN: options data unavailable from all sources
2026-10-02 19:17:24,307 ERROR yfinance: $UNKNOWN: No data found, symbol may be delisted
2026-10-02 19:17:28,563 WARNING src.options_filter: UNKNOWN: options data unavailable from all sources
2026-10-02 19:17:28,696 ERROR yfinance: $UNKNOWN: No data found, symbol may be delisted
2026-10-02 19:17:32,993 WARNING src.options_filter: UNKNOWN: options data unavailable from all sources
2026-10-02 19:17:33,178 ERROR yfinance: $UNKNOWN: No data found, symbol may be delisted
2026-10-02 19:17:37,423 WARNING src.options_filter: UNKNOWN: options data unavailable from all sources
2026-10-02 19:17:37,609 ERROR yfinance: $UNKNOWN: No data found, symbol may be delisted
2026-10-02 19:17:41,864 WARNING src.options_filter: UNKNOWN: options data unavailable from all sources
2026-10-02 19:17:42,044 ERROR yfinance: $UNKNOWN: No data found, symbol may be delisted
2026-10-02 19:17:46,288 WARNING src.options_filter: UNKNOWN: options data unavailable from all sources
2026-10-02 19:17:46,507 ERROR yfinance: $UNKNOWN: No data found, symbol may be delisted
2026-10-02 19:17:50,836 WARNING src.options_filter: UNKNOWN: options data unavailable from all sources
2026-10-02 19:17:51,022 ERROR yfinance: $UNKNOWN: No data found, symbol may be delisted
2026-10-02 19:17:55,274 WARNING src.options_filter: UNKNOWN: options data unavailable from all sources
2026-10-02 19:17:55,406 ERROR yfinance: $UNKNOWN: No data found, symbol may be delisted
2026-10-02 19:17:59,660 WARNING src.options_filter: UNKNOWN: options data unavailable from all sources
2026-10-02 19:17:59,836 ERROR yfinance: $UNKNOWN: No data found, symbol may be delisted
2026-10-02 19:18:04,088 WARNING src.options_filter: UNKNOWN: options data unavailable from all sources
2026-10-02 19:18:04,317 ERROR yfinance: $UNKNOWN: No data found, symbol may be delisted
2026-10-02 19:18:08,565 WARNING src.options_filter: UNKNOWN: options data unavailable from all sources
2026-10-02 19:18:12,319 WARNING src.options_filter: CARL: options data unavailable from all sources
2026-10-02 19:18:12,453 ERROR yfinance: $UNKNOWN: No data found, symbol may be delisted
2026-10-02 19:18:16,699 WARNING src.options_filter: UNKNOWN: options data unavailable from all sources
2026-10-02 19:18:16,875 ERROR yfinance: $UNKNOWN: No data found, symbol may be delisted
2026-10-02 19:18:21,302 WARNING src.options_filter: UNKNOWN: options data unavailable from all sources
2026-10-02 19:18:21,478 ERROR yfinance: $UNKNOWN: No data found, symbol may be delisted
2026-10-02 19:18:25,747 WARNING src.options_filter: UNKNOWN: options data unavailable from all sources
2026-10-02 19:18:25,872 ERROR yfinance: $UNKNOWN: No data found, symbol may be delisted
2026-10-02 19:18:30,180 WARNING src.options_filter: UNKNOWN: options data unavailable from all sources
2026-10-02 19:18:30,359 ERROR yfinance: $UNKNOWN: No data found, symbol may be delisted
2026-10-02 19:18:34,681 WARNING src.options_filter: UNKNOWN: options data unavailable from all sources
2026-10-02 19:18:34,872 ERROR yfinance: $UNKNOWN: No data found, symbol may be delisted
2026-10-02 19:18:39,132 WARNING src.options_filter: UNKNOWN: options data unavailable from all sources
2026-10-02 19:18:39,312 ERROR yfinance: $UNKNOWN: No data found, symbol may be delisted
2026-10-02 19:18:43,565 WARNING src.options_filter: UNKNOWN: options data unavailable from all sources
2026-10-02 19:18:43,708 ERROR yfinance: $UNKNOWN: No data found, symbol may be delisted
2026-10-02 19:18:47,961 WARNING src.options_filter: UNKNOWN: options data unavailable from all sources
2026-10-02 19:18:48,102 ERROR yfinance: $UNKNOWN: No data found, symbol may be delisted
2026-10-02 19:18:52,359 WARNING src.options_filter: UNKNOWN: options data unavailable from all sources
2026-10-02 19:18:52,489 ERROR yfinance: $UNKNOWN: No data found, symbol may be delisted
2026-10-02 19:18:56,745 WARNING src.options_filter: UNKNOWN: options data unavailable from all sources
2026-10-02 19:18:56,888 ERROR yfinance: $UNKNOWN: No data found, symbol may be delisted
2026-10-02 19:19:01,166 WARNING src.options_filter: UNKNOWN: options data unavailable from all sources
2026-10-02 19:19:01,308 ERROR yfinance: $UNKNOWN: No data found, symbol may be delisted
2026-10-02 19:19:05,598 WARNING src.options_filter: UNKNOWN: options data unavailable from all sources
2026-10-02 19:19:05,833 ERROR yfinance: $UNKNOWN: No data found, symbol may be delisted
2026-10-02 19:19:10,185 WARNING src.options_filter: UNKNOWN: options data unavailable from all sources
2026-10-02 19:19:10,332 ERROR yfinance: $UNKNOWN: No data found, symbol may be delisted
2026-10-02 19:19:14,634 WARNING src.options_filter: UNKNOWN: options data unavailable from all sources
2026-10-02 19:19:14,778 ERROR yfinance: $UNKNOWN: No data found, symbol may be delisted
2026-10-02 19:19:19,054 WARNING src.options_filter: UNKNOWN: options data unavailable from all sources
2026-10-02 19:19:19,189 ERROR yfinance: $UNKNOWN: No data found, symbol may be delisted
2026-10-02 19:19:23,450 WARNING src.options_filter: UNKNOWN: options data unavailable from all sources
2026-10-02 19:19:23,707 ERROR yfinance: $UNKNOWN: No data found, symbol may be delisted
2026-10-02 19:19:27,960 WARNING src.options_filter: UNKNOWN: options data unavailable from all sources
2026-10-02 19:19:28,096 ERROR yfinance: $UNKNOWN: No data found, symbol may be delisted
2026-10-02 19:19:32,350 WARNING src.options_filter: UNKNOWN: options data unavailable from all sources
2026-10-02 19:19:32,530 ERROR yfinance: $UNKNOWN: No data found, symbol may be delisted
2026-10-02 19:19:36,783 WARNING src.options_filter: UNKNOWN: options data unavailable from all sources
2026-10-02 19:19:36,944 ERROR yfinance: $UNKNOWN: No data found, symbol may be delisted
2026-10-02 19:19:41,291 WARNING src.options_filter: UNKNOWN: options data unavailable from all sources
2026-10-02 19:19:41,481 ERROR yfinance: $UNKNOWN: No data found, symbol may be delisted
2026-10-02 19:19:45,806 WARNING src.options_filter: UNKNOWN: options data unavailable from all sources
2026-10-02 19:19:45,806 INFO run_daily: Passed options gate: 20 events
2026-10-02 19:19:45,806 INFO run_daily: Step 7: enriching 20 events
2026-10-02 19:19:53,887 INFO run_daily: Step 8: dedup
2026-10-02 19:19:53,887 INFO run_daily: Step 9: ranking
2026-10-02 19:19:53,887 INFO run_daily: Step 10: writing digest
2026-10-02 19:19:53,914 INFO src.digest_writer: digest written: output/market_radar_2026-10-02.html
2026-10-02 19:19:53,914 INFO run_daily: === Done: output/market_radar_2026-10-02.html ===
